Archive member included because of file (symbol)

C:\Users\S-SPACE\Desktop\Pratik\FreeRTOS\FreeRTOS_SC_v3.5\FSW_FreeRTOS\CORTEX_SmartFusion2_M2S050_SoftConsole\RTOSDemo_Hardware_Platform\Debug\libRTOSDemo_Hardware_Platform.a(mss_uart.o)
                              ./stream/stream.o (g_mss_uart0)
C:\Users\S-SPACE\Desktop\Pratik\FreeRTOS\FreeRTOS_SC_v3.5\FSW_FreeRTOS\CORTEX_SmartFusion2_M2S050_SoftConsole\RTOSDemo_Hardware_Platform\Debug\libRTOSDemo_Hardware_Platform.a(core_i2c.o)
                              ./pilot/init.o (I2C_init)
C:\Users\S-SPACE\Desktop\Pratik\FreeRTOS\FreeRTOS_SC_v3.5\FSW_FreeRTOS\CORTEX_SmartFusion2_M2S050_SoftConsole\RTOSDemo_Hardware_Platform\Debug\libRTOSDemo_Hardware_Platform.a(i2c_interrupt.o)
                              C:\Users\S-SPACE\Desktop\Pratik\FreeRTOS\FreeRTOS_SC_v3.5\FSW_FreeRTOS\CORTEX_SmartFusion2_M2S050_SoftConsole\RTOSDemo_Hardware_Platform\Debug\libRTOSDemo_Hardware_Platform.a(core_i2c.o) (I2C_enable_irq)
C:\Users\S-SPACE\Desktop\Pratik\FreeRTOS\FreeRTOS_SC_v3.5\FSW_FreeRTOS\CORTEX_SmartFusion2_M2S050_SoftConsole\RTOSDemo_Hardware_Platform\Debug\libRTOSDemo_Hardware_Platform.a(system_m2sxxx.o)
                              ./RunTimeStatsTimer.o (SystemCoreClock)
C:\Users\S-SPACE\Desktop\Pratik\FreeRTOS\FreeRTOS_SC_v3.5\FSW_FreeRTOS\CORTEX_SmartFusion2_M2S050_SoftConsole\RTOSDemo_Hardware_Platform\Debug\libRTOSDemo_Hardware_Platform.a(hal.o)
                              C:\Users\S-SPACE\Desktop\Pratik\FreeRTOS\FreeRTOS_SC_v3.5\FSW_FreeRTOS\CORTEX_SmartFusion2_M2S050_SoftConsole\RTOSDemo_Hardware_Platform\Debug\libRTOSDemo_Hardware_Platform.a(core_i2c.o) (HAL_disable_interrupts)
C:\Users\S-SPACE\Desktop\Pratik\FreeRTOS\FreeRTOS_SC_v3.5\FSW_FreeRTOS\CORTEX_SmartFusion2_M2S050_SoftConsole\RTOSDemo_Hardware_Platform\Debug\libRTOSDemo_Hardware_Platform.a(hw_reg_access.o)
                              C:\Users\S-SPACE\Desktop\Pratik\FreeRTOS\FreeRTOS_SC_v3.5\FSW_FreeRTOS\CORTEX_SmartFusion2_M2S050_SoftConsole\RTOSDemo_Hardware_Platform\Debug\libRTOSDemo_Hardware_Platform.a(core_i2c.o) (HW_set_8bit_reg)
c:/program files (x86)/microsemi/softconsole v3.4/sourcery-g++/bin/../lib/gcc/arm-none-eabi/4.4.1/../../../../arm-none-eabi/lib/thumb2\libc.a(lib_a-errno.o)
                              C:/Users/S-SPACE/Desktop/Pratik/FreeRTOS/FreeRTOS_SC_v3.5/FSW_FreeRTOS/CORTEX_SmartFusion2_M2S050_SoftConsole/RTOSDemo_Hardware_Platform/Debug/CMSIS/startup_gcc/newlib_stubs.o (__errno)
c:/program files (x86)/microsemi/softconsole v3.4/sourcery-g++/bin/../lib/gcc/arm-none-eabi/4.4.1/../../../../arm-none-eabi/lib/thumb2\libc.a(lib_a-impure.o)
                              c:/program files (x86)/microsemi/softconsole v3.4/sourcery-g++/bin/../lib/gcc/arm-none-eabi/4.4.1/../../../../arm-none-eabi/lib/thumb2\libc.a(lib_a-errno.o) (_impure_ptr)
c:/program files (x86)/microsemi/softconsole v3.4/sourcery-g++/bin/../lib/gcc/arm-none-eabi/4.4.1/../../../../arm-none-eabi/lib/thumb2\libc.a(lib_a-init.o)
                              C:/Users/S-SPACE/Desktop/Pratik/FreeRTOS/FreeRTOS_SC_v3.5/FSW_FreeRTOS/CORTEX_SmartFusion2_M2S050_SoftConsole/RTOSDemo_Hardware_Platform/Debug/CMSIS/startup_gcc/startup_m2sxxx.o (__libc_init_array)
c:/program files (x86)/microsemi/softconsole v3.4/sourcery-g++/bin/../lib/gcc/arm-none-eabi/4.4.1/../../../../arm-none-eabi/lib/thumb2\libc.a(lib_a-memcpy.o)
                              ./FreeRTOS-Source/queue.o (memcpy)
c:/program files (x86)/microsemi/softconsole v3.4/sourcery-g++/bin/../lib/gcc/arm-none-eabi/4.4.1/../../../../arm-none-eabi/lib/thumb2\libc.a(lib_a-memset.o)
                              ./FreeRTOS-Source/tasks.o (memset)
c:/program files (x86)/microsemi/softconsole v3.4/sourcery-g++/bin/../lib/gcc/arm-none-eabi/4.4.1/../../../../arm-none-eabi/lib/thumb2\libc.a(lib_a-strcpy.o)
                              ./FreeRTOS-Source/tasks.o (strcpy)
c:/program files (x86)/microsemi/softconsole v3.4/sourcery-g++/bin/../lib/gcc/arm-none-eabi/4.4.1/../../../../arm-none-eabi/lib/thumb2\libc.a(lib_a-strlen.o)
                              ./FreeRTOS-Source/tasks.o (strlen)

Allocating common symbols
Common symbol       size              file

pkt_stream          0x24              ./stream/stream.o
acc                 0x6               ./pilot/read.o
pkt_timer           0x8               ./stream/stream.o
data_pld            0x32              ./main.o
command_cnt         0x2               ./Demo_Tasks/demo_tasks.o
g_core_i2c2         0x6c              ./main.o
uart0_irq_rx_buffer
                    0x3               ./main.o
g_core_i2c0         0x6c              ./pilot/peripherals.o
Store_PKT_Queue     0x4               ./Demo_Tasks/demo_tasks.o
g_core_i2c1         0x6c              ./pilot/peripherals.o
rx_cmd              0x4               ./stream/stream.o
feed_tlm_task       0x4               ./Demo_Tasks/demo_tasks.o
get_pld_pkt_handle  0x4               ./Demo_Tasks/demo_tasks.o
tlm_sender_handle   0x4               ./Demo_Tasks/demo_tasks.o
[...]
Memory Configuration

Name             Origin             Length             Attributes
ram              0x20000000         0x00010000         xrw
*default*        0x00000000         0xffffffff

Linker script and memory map

LOAD c:/program files (x86)/microsemi/softconsole v3.4/sourcery-g++/bin/../lib/gcc/arm-none-eabi/4.4.1/thumb2/crti.o
LOAD c:/program files (x86)/microsemi/softconsole v3.4/sourcery-g++/bin/../lib/gcc/arm-none-eabi/4.4.1/thumb2/crtbegin.o
LOAD ./RunTimeStatsTimer.o
LOAD ./main.o
LOAD ./printf-stdarg.o
LOAD ./stream/stream.o
LOAD ./pilot/get_data.o
LOAD ./pilot/init.o
LOAD ./pilot/peripherals.o
LOAD ./pilot/pilot.o
LOAD ./pilot/pslv_interface.o
LOAD ./pilot/read.o
LOAD ./pilot/write.o
LOAD ./osal/osal.o
LOAD ./cmds/cmd.o
LOAD ./FreeRTOS-Source/list.o
LOAD ./FreeRTOS-Source/queue.o
LOAD ./FreeRTOS-Source/tasks.o
LOAD ./FreeRTOS-Source/timers.o
LOAD ./FreeRTOS-Source/portable/MemMang/heap_4.o
LOAD ./FreeRTOS-Source/portable/GCC/ARM_CM3/port.o
LOAD ./Demo_Tasks/demo_tasks.o
LOAD ./Blinky-Demo/main_blinky.o
LOAD C:/Users/S-SPACE/Desktop/Pratik/FreeRTOS/FreeRTOS_SC_v3.5/FSW_FreeRTOS/CORTEX_SmartFusion2_M2S050_SoftConsole/RTOSDemo_Hardware_Platform/Debug/CMSIS/startup_gcc/startup_m2sxxx.o
LOAD C:/Users/S-SPACE/Desktop/Pratik/FreeRTOS/FreeRTOS_SC_v3.5/FSW_FreeRTOS/CORTEX_SmartFusion2_M2S050_SoftConsole/RTOSDemo_Hardware_Platform/Debug/CMSIS/startup_gcc/newlib_stubs.o
LOAD C:\Users\S-SPACE\Desktop\Pratik\FreeRTOS\FreeRTOS_SC_v3.5\FSW_FreeRTOS\CORTEX_SmartFusion2_M2S050_SoftConsole\RTOSDemo_Hardware_Platform\Debug\libRTOSDemo_Hardware_Platform.a
START GROUP
LOAD c:/program files (x86)/microsemi/softconsole v3.4/sourcery-g++/bin/../lib/gcc/arm-none-eabi/4.4.1/thumb2\libgcc.a
LOAD c:/program files (x86)/microsemi/softconsole v3.4/sourcery-g++/bin/../lib/gcc/arm-none-eabi/4.4.1/../../../../arm-none-eabi/lib/thumb2\libc.a
END GROUP
LOAD c:/program files (x86)/microsemi/softconsole v3.4/sourcery-g++/bin/../lib/gcc/arm-none-eabi/4.4.1/thumb2/crtend.o
LOAD c:/program files (x86)/microsemi/softconsole v3.4/sourcery-g++/bin/../lib/gcc/arm-none-eabi/4.4.1/thumb2/crtn.o
START GROUP
LOAD c:/program files (x86)/microsemi/softconsole v3.4/sourcery-g++/bin/../lib/gcc/arm-none-eabi/4.4.1/../../../../arm-none-eabi/lib/thumb2\libc.a
LOAD c:/program files (x86)/microsemi/softconsole v3.4/sourcery-g++/bin/../lib/gcc/arm-none-eabi/4.4.1/thumb2\libgcc.a
LOAD c:/program files (x86)/microsemi/softconsole v3.4/sourcery-g++/bin/../lib/gcc/arm-none-eabi/4.4.1/../../../../arm-none-eabi/lib/thumb2\libm.a
END GROUP
                0x00000000                __DYNAMIC = 0x0
                0x20000000                RAM_START_ADDRESS = 0x20000000
                0x00010000                RAM_SIZE = 0x10000
                0x00000400                MAIN_STACK_SIZE = 0x400
                0x00000000                PROCESS_STACK_SIZE = 0x0
                0x20010000                PROVIDE (__main_stack_start, (RAM_START_ADDRESS + RAM_SIZE))
                0x2000fc00                PROVIDE (__process_stack_start, (__main_stack_start - MAIN_STACK_SIZE))
                0x20010000                PROVIDE (_estack, __main_stack_start)
                0x00000000                PROVIDE (__mirrored_nvm, 0x0)

.text           0x20000000     0x7880
 CREATE_OBJECT_SYMBOLS
                0x20000000                __text_load = LOADADDR (.text)
                0x20000000                __text_start = .
                0x20000000                __vector_table_vma_base_address = .
 *(.isr_vector)
 .isr_vector    0x20000000      0x2f0 C:/Users/S-SPACE/Desktop/Pratik/FreeRTOS/FreeRTOS_SC_v3.5/FSW_FreeRTOS/CORTEX_SmartFusion2_M2S050_SoftConsole/RTOSDemo_Hardware_Platform/Debug/CMSIS/startup_gcc/startup_m2sxxx.o
                0x20000000                g_pfnVectors
                0x20000188                Reset_Handler
                0x200001f8                NMI_Handler
                0x200001fa                HardFault_Handler
                0x200001fc                MemManage_Handler
                0x200001fe                BusFault_Handler
                0x20000200                UsageFault_Handler
                0x20000204                DebugMon_Handler
                0x2000020a                WdogWakeup_IRQHandler
                0x2000020c                RTC_Wakeup_IRQHandler
                0x2000020e                SPI0_IRQHandler
                0x20000210                SPI1_IRQHandler
                0x20000212                I2C0_IRQHandler
                0x20000214                I2C0_SMBAlert_IRQHandler
                0x20000216                I2C0_SMBus_IRQHandler
                0x20000218                I2C1_IRQHandler
                0x2000021a                I2C1_SMBAlert_IRQHandler
                0x2000021c                I2C1_SMBus_IRQHandler
                0x20000222                EthernetMAC_IRQHandler
                0x20000224                DMA_IRQHandler
                0x20000226                Timer1_IRQHandler
                0x20000228                Timer2_IRQHandler
                0x2000022a                CAN_IRQHandler
                0x2000022c                ENVM0_IRQHandler
                0x2000022e                ENVM1_IRQHandler
                0x20000230                ComBlk_IRQHandler
                0x20000232                USB_IRQHandler
                0x20000234                USB_DMA_IRQHandler
                0x20000236                PLL_Lock_IRQHandler
                0x20000238                PLL_LockLost_IRQHandler
                0x2000023a                CommSwitchError_IRQHandler
                0x2000023c                CacheError_IRQHandler
                0x2000023e                DDR_IRQHandler
                0x20000240                HPDMA_Complete_IRQHandler
                0x20000242                HPDMA_Error_IRQHandler
                0x20000244                ECC_Error_IRQHandler
                0x20000246                MDDR_IOCalib_IRQHandler
                0x20000248                FAB_PLL_Lock_IRQHandler
                0x2000024a                FAB_PLL_LockLost_IRQHandler
                0x2000024c                FIC64_IRQHandler
                0x2000025a                FabricIrq6_IRQHandler
                0x2000025c                FabricIrq7_IRQHandler
                0x2000025e                FabricIrq8_IRQHandler
                0x20000260                FabricIrq9_IRQHandler
                0x20000262                FabricIrq10_IRQHandler
                0x20000264                FabricIrq11_IRQHandler
                0x20000266                FabricIrq12_IRQHandler
                0x20000268                FabricIrq13_IRQHandler
                0x2000026a                FabricIrq14_IRQHandler
                0x2000026c                FabricIrq15_IRQHandler
                0x2000026e                GPIO0_IRQHandler
                0x20000270                GPIO1_IRQHandler
                0x20000272                GPIO2_IRQHandler
                0x20000274                GPIO3_IRQHandler
                0x20000276                GPIO4_IRQHandler
                0x20000278                GPIO5_IRQHandler
                0x2000027a                GPIO6_IRQHandler
                0x2000027c                GPIO7_IRQHandler
                0x2000027e                GPIO8_IRQHandler
                0x20000280                GPIO9_IRQHandler
                0x20000282                GPIO10_IRQHandler
                0x20000284                GPIO11_IRQHandler
                0x20000286                GPIO12_IRQHandler
                0x20000288                GPIO13_IRQHandler
                0x2000028a                GPIO14_IRQHandler
                0x2000028c                GPIO15_IRQHandler
                0x2000028e                GPIO16_IRQHandler
                0x20000290                GPIO17_IRQHandler
                0x20000292                GPIO18_IRQHandler
                0x20000294                GPIO19_IRQHandler
                0x20000296                GPIO20_IRQHandler
                0x20000298                GPIO21_IRQHandler
                0x2000029a                GPIO22_IRQHandler
                0x2000029c                GPIO23_IRQHandler
                0x2000029e                GPIO24_IRQHandler
                0x200002a0                GPIO25_IRQHandler
                0x200002a2                GPIO26_IRQHandler
                0x200002a4                GPIO27_IRQHandler
                0x200002a6                GPIO28_IRQHandler
                0x200002a8                GPIO29_IRQHandler
                0x200002aa                GPIO30_IRQHandler
                0x200002ac                GPIO31_IRQHandler
                0x200002ae                mscc_post_hw_cfg_init
 *(.text .text.* .gnu.linkonce.t.*)
 .text          0x200002f0       0x30 c:/program files (x86)/microsemi/softconsole v3.4/sourcery-g++/bin/../lib/gcc/arm-none-eabi/4.4.1/thumb2/crtbegin.o
 .text.vConfigureTimerForRunTimeStats
                0x20000320       0x48 ./RunTimeStatsTimer.o
                0x20000320                vConfigureTimerForRunTimeStats
 .text.ulGetRunTimeCounterValue
                0x20000368       0xa4 ./RunTimeStatsTimer.o
                0x20000368                ulGetRunTimeCounterValue
 .text.main     0x2000040c       0x10 ./main.o
                0x2000040c                main
 .text.vApplicationMallocFailedHook
                0x2000041c       0x1c ./main.o
                0x2000041c                vApplicationMallocFailedHook
 .text.vApplicationIdleHook
                0x20000438        0xc ./main.o
                0x20000438                vApplicationIdleHook
 .text.vApplicationStackOverflowHook
                0x20000444       0x20 ./main.o
                0x20000444                vApplicationStackOverflowHook
 .text.set_pktRate
                0x20000464       0x50 ./stream/stream.o
                0x20000464                set_pktRate
 .text.get_IMU_acc
                0x200004b4      0x32c ./pilot/get_data.o
                0x200004b4                get_IMU_acc
 .text.get_IMU_gyro
                0x200007e0      0x2e4 ./pilot/get_data.o
                0x200007e0                get_IMU_gyro
 .text.get_IMU_temp
                0x20000ac4       0xc0 ./pilot/get_data.o
                0x20000ac4                get_IMU_temp
 .text.vc_write
                0x20000b84       0xa8 ./pilot/get_data.o
                0x20000b84                vc_write
 .text.vc_read  0x20000c2c       0xa8 ./pilot/get_data.o
                0x20000c2c                vc_read
 .text.vc_read_reg
                0x20000cd4       0x58 ./pilot/get_data.o
                0x20000cd4                vc_read_reg
 .text.read_bus_voltage
                0x20000d2c       0xbc ./pilot/get_data.o
                0x20000d2c                read_bus_voltage
 .text.read_shunt_voltage
                0x20000de8       0xc0 ./pilot/get_data.o
                0x20000de8                read_shunt_voltage
 .text.get_ADC_value
                0x20000ea8       0xa0 ./pilot/get_data.o
                0x20000ea8                get_ADC_value
 .text.init     0x20000f48       0x9c ./pilot/init.o
                0x20000f48                init
 .text.xMsToTicks
                0x20000fe4       0x30 ./osal/osal.o
                0x20000fe4                xMsToTicks
 .text.cmd_valid
                0x20001014       0x18 ./cmds/cmd.o
                0x20001014                cmd_valid
 .text.chk_s_cmd
                0x2000102c       0x98 ./cmds/cmd.o
                0x2000102c                chk_s_cmd
 .text.add_cmd  0x200010c4       0xbc ./cmds/cmd.o
                0x200010c4                add_cmd
 .text.vcmd_callback
                0x20001180       0x68 ./cmds/cmd.o
                0x20001180                vcmd_callback
 .text.cmd_engine
                0x200011e8      0x124 ./cmds/cmd.o
                0x200011e8                cmd_engine
 .text.cmd_noop
                0x2000130c       0x14 ./cmds/cmd.o
                0x2000130c                cmd_noop
 .text.set_pkt_rate
                0x20001320       0x90 ./cmds/cmd.o
                0x20001320                set_pkt_rate
 .text.cmd_sc_reset
                0x200013b0       0x20 ./cmds/cmd.o
                0x200013b0                cmd_sc_reset
 .text.vListInitialise
                0x200013d0       0x48 ./FreeRTOS-Source/list.o
                0x200013d0                vListInitialise
 .text.vListInitialiseItem
                0x20001418       0x1c ./FreeRTOS-Source/list.o
                0x20001418                vListInitialiseItem
 .text.vListInsertEnd
                0x20001434       0x48 ./FreeRTOS-Source/list.o
                0x20001434                vListInsertEnd
 .text.vListInsert
                0x2000147c       0x74 ./FreeRTOS-Source/list.o
                0x2000147c                vListInsert
 .text.uxListRemove
                0x200014f0       0x58 ./FreeRTOS-Source/list.o
                0x200014f0                uxListRemove
 .text.xQueueGenericReset
                0x20001548       0xec ./FreeRTOS-Source/queue.o
                0x20001548                xQueueGenericReset
 .text.xQueueGenericCreate
                0x20001634       0x7c ./FreeRTOS-Source/queue.o
                0x20001634                xQueueGenericCreate
 .text.prvInitialiseNewQueue
                0x200016b0       0x48 ./FreeRTOS-Source/queue.o
 .text.prvInitialiseMutex
                0x200016f8       0x40 ./FreeRTOS-Source/queue.o
 .text.xQueueCreateMutex
                0x20001738       0x38 ./FreeRTOS-Source/queue.o
                0x20001738                xQueueCreateMutex
 .text.xQueueGenericSend
                0x20001770      0x230 ./FreeRTOS-Source/queue.o
                0x20001770                xQueueGenericSend
 .text.xQueueGenericSendFromISR
                0x200019a0      0x144 ./FreeRTOS-Source/queue.o
                0x200019a0                xQueueGenericSendFromISR
 .text.xQueueGenericReceive
                0x20001ae4      0x268 ./FreeRTOS-Source/queue.o
                0x20001ae4                xQueueGenericReceive
 .text.prvCopyDataToQueue
                0x20001d4c       0xf0 ./FreeRTOS-Source/queue.o
 .text.prvCopyDataFromQueue
                0x20001e3c       0x50 ./FreeRTOS-Source/queue.o
 .text.prvUnlockQueue
                0x20001e8c       0xac ./FreeRTOS-Source/queue.o
 .text.prvIsQueueEmpty
                0x20001f38       0x34 ./FreeRTOS-Source/queue.o
 .text.prvIsQueueFull
                0x20001f6c       0x38 ./FreeRTOS-Source/queue.o
 .text.vQueueWaitForMessageRestricted
                0x20001fa4       0x74 ./FreeRTOS-Source/queue.o
                0x20001fa4                vQueueWaitForMessageRestricted
 .text.xTaskCreate
                0x20002018       0x94 ./FreeRTOS-Source/tasks.o
                0x20002018                xTaskCreate
 .text.prvInitialiseNewTask
                0x200020ac      0x12c ./FreeRTOS-Source/tasks.o
 .text.prvAddNewTaskToReadyList
                0x200021d8      0x13c ./FreeRTOS-Source/tasks.o
 .text.uxTaskPriorityGet
                0x20002314       0x38 ./FreeRTOS-Source/tasks.o
                0x20002314                uxTaskPriorityGet
 .text.vTaskPrioritySet
                0x2000234c      0x1c0 ./FreeRTOS-Source/tasks.o
                0x2000234c                vTaskPrioritySet
 .text.vTaskStartScheduler
                0x2000250c       0xb4 ./FreeRTOS-Source/tasks.o
                0x2000250c                vTaskStartScheduler
 .text.vTaskSuspendAll
                0x200025c0       0x24 ./FreeRTOS-Source/tasks.o
                0x200025c0                vTaskSuspendAll
 .text.xTaskResumeAll
                0x200025e4      0x1a0 ./FreeRTOS-Source/tasks.o
                0x200025e4                xTaskResumeAll
 .text.xTaskGetTickCount
                0x20002784       0x20 ./FreeRTOS-Source/tasks.o
                0x20002784                xTaskGetTickCount
 .text.xTaskIncrementTick
                0x200027a4      0x210 ./FreeRTOS-Source/tasks.o
                0x200027a4                xTaskIncrementTick
 .text.vTaskSwitchContext
                0x200029b4      0x1a8 ./FreeRTOS-Source/tasks.o
                0x200029b4                vTaskSwitchContext
 .text.vTaskPlaceOnEventList
                0x20002b5c       0x4c ./FreeRTOS-Source/tasks.o
                0x20002b5c                vTaskPlaceOnEventList
 .text.vTaskPlaceOnEventListRestricted
                0x20002ba8       0x58 ./FreeRTOS-Source/tasks.o
                0x20002ba8                vTaskPlaceOnEventListRestricted
 .text.xTaskRemoveFromEventList
                0x20002c00       0xf0 ./FreeRTOS-Source/tasks.o
                0x20002c00                xTaskRemoveFromEventList
 .text.vTaskSetTimeOutState
                0x20002cf0       0x48 ./FreeRTOS-Source/tasks.o
                0x20002cf0                vTaskSetTimeOutState
 .text.xTaskCheckForTimeOut
                0x20002d38       0xd0 ./FreeRTOS-Source/tasks.o
                0x20002d38                xTaskCheckForTimeOut
 .text.vTaskMissedYield
                0x20002e08       0x18 ./FreeRTOS-Source/tasks.o
                0x20002e08                vTaskMissedYield
 .text.prvIdleTask
                0x20002e20       0x38 ./FreeRTOS-Source/tasks.o
 .text.prvInitialiseTaskLists
                0x20002e58       0xa4 ./FreeRTOS-Source/tasks.o
 .text.prvCheckTasksWaitingTermination
                0x20002efc       0x98 ./FreeRTOS-Source/tasks.o
 .text.prvDeleteTCB
                0x20002f94       0x20 ./FreeRTOS-Source/tasks.o
 .text.prvResetNextTaskUnblockTime
                0x20002fb4       0x5c ./FreeRTOS-Source/tasks.o
 .text.xTaskGetSchedulerState
                0x20003010       0x48 ./FreeRTOS-Source/tasks.o
                0x20003010                xTaskGetSchedulerState
 .text.vTaskPriorityInherit
                0x20003058      0x14c ./FreeRTOS-Source/tasks.o
                0x20003058                vTaskPriorityInherit
 .text.xTaskPriorityDisinherit
                0x200031a4      0x14c ./FreeRTOS-Source/tasks.o
                0x200031a4                xTaskPriorityDisinherit
 .text.pvTaskIncrementMutexHeldCount
                0x200032f0       0x38 ./FreeRTOS-Source/tasks.o
                0x200032f0                pvTaskIncrementMutexHeldCount
 .text.ulTaskNotifyTake
                0x20003328       0xc0 ./FreeRTOS-Source/tasks.o
                0x20003328                ulTaskNotifyTake
 .text.xTaskNotifyWait
                0x200033e8       0xf0 ./FreeRTOS-Source/tasks.o
                0x200033e8                xTaskNotifyWait
 .text.vTaskNotifyGiveFromISR
                0x200034d8      0x14c ./FreeRTOS-Source/tasks.o
                0x200034d8                vTaskNotifyGiveFromISR
 .text.prvAddCurrentTaskToDelayedList
                0x20003624      0x110 ./FreeRTOS-Source/tasks.o
 .text.xTimerCreateTimerTask
                0x20003734       0x74 ./FreeRTOS-Source/timers.o
                0x20003734                xTimerCreateTimerTask
 .text.xTimerCreate
                0x200037a8       0x40 ./FreeRTOS-Source/timers.o
                0x200037a8                xTimerCreate
 .text.prvInitialiseNewTimer
                0x200037e8       0x64 ./FreeRTOS-Source/timers.o
 .text.xTimerGenericCommand
                0x2000384c       0xcc ./FreeRTOS-Source/timers.o
                0x2000384c                xTimerGenericCommand
 .text.prvProcessExpiredTimer
                0x20003918       0x8c ./FreeRTOS-Source/timers.o
 .text.prvTimerTask
                0x200039a4       0x28 ./FreeRTOS-Source/timers.o
 .text.prvProcessTimerOrBlockTask
                0x200039cc       0xac ./FreeRTOS-Source/timers.o
 .text.prvGetNextExpireTime
                0x20003a78       0x50 ./FreeRTOS-Source/timers.o
 .text.prvSampleTimeNow
                0x20003ac8       0x50 ./FreeRTOS-Source/timers.o
 .text.prvInsertTimerInActiveList
                0x20003b18       0x98 ./FreeRTOS-Source/timers.o
 .text.prvProcessReceivedCommands
                0x20003bb0      0x184 ./FreeRTOS-Source/timers.o
 .text.prvSwitchTimerLists
                0x20003d34       0xf4 ./FreeRTOS-Source/timers.o
 .text.prvCheckForValidListAndQueue
                0x20003e28       0x74 ./FreeRTOS-Source/timers.o
 .text.pvTimerGetTimerID
                0x20003e9c       0x40 ./FreeRTOS-Source/timers.o
                0x20003e9c                pvTimerGetTimerID
 .text.pvPortMalloc
                0x20003edc      0x1f8 ./FreeRTOS-Source/portable/MemMang/heap_4.o
                0x20003edc                pvPortMalloc
 .text.vPortFree
                0x200040d4       0xd8 ./FreeRTOS-Source/portable/MemMang/heap_4.o
                0x200040d4                vPortFree
 .text.prvHeapInit
                0x200041ac      0x104 ./FreeRTOS-Source/portable/MemMang/heap_4.o
 .text.prvInsertBlockIntoFreeList
                0x200042b0       0xbc ./FreeRTOS-Source/portable/MemMang/heap_4.o
 .text.pxPortInitialiseStack
                0x2000436c       0x68 ./FreeRTOS-Source/portable/GCC/ARM_CM3/port.o
                0x2000436c                pxPortInitialiseStack
 .text.prvTaskExitError
                0x200043d4       0x40 ./FreeRTOS-Source/portable/GCC/ARM_CM3/port.o
 *fill*         0x20004414        0xc 00
 .text.SVC_Handler
                0x20004420       0x30 ./FreeRTOS-Source/portable/GCC/ARM_CM3/port.o
                0x20004420                SVC_Handler
 .text.prvPortStartFirstTask
                0x20004450       0x20 ./FreeRTOS-Source/portable/GCC/ARM_CM3/port.o
 .text.xPortStartScheduler
                0x20004470      0x10c ./FreeRTOS-Source/portable/GCC/ARM_CM3/port.o
                0x20004470                xPortStartScheduler
 .text.vPortEnterCritical
                0x2000457c       0x70 ./FreeRTOS-Source/portable/GCC/ARM_CM3/port.o
                0x2000457c                vPortEnterCritical
 .text.vPortExitCritical
                0x200045ec       0x64 ./FreeRTOS-Source/portable/GCC/ARM_CM3/port.o
                0x200045ec                vPortExitCritical
 .text.PendSV_Handler
                0x20004650       0x50 ./FreeRTOS-Source/portable/GCC/ARM_CM3/port.o
                0x20004650                PendSV_Handler
 .text.SysTick_Handler
                0x200046a0       0x44 ./FreeRTOS-Source/portable/GCC/ARM_CM3/port.o
                0x200046a0                SysTick_Handler
 .text.vPortSetupTimerInterrupt
                0x200046e4       0x40 ./FreeRTOS-Source/portable/GCC/ARM_CM3/port.o
                0x200046e4                vPortSetupTimerInterrupt
 .text.vPortValidateInterruptPriority
                0x20004724       0x84 ./FreeRTOS-Source/portable/GCC/ARM_CM3/port.o
                0x20004724                vPortValidateInterruptPriority
 .text.NVIC_EnableIRQ
                0x200047a8       0x38 ./Demo_Tasks/demo_tasks.o
 .text.NVIC_SetPriority
                0x200047e0       0x5c ./Demo_Tasks/demo_tasks.o
 .text.get_hk_data
                0x2000483c      0x404 ./Demo_Tasks/demo_tasks.o
                0x2000483c                get_hk_data
 .text.get_pld_data
                0x20004c40       0xcc ./Demo_Tasks/demo_tasks.o
                0x20004c40                get_pld_data
 .text.vGetPktStruct
                0x20004d0c       0x88 ./Demo_Tasks/demo_tasks.o
                0x20004d0c                vGetPktStruct
 .text.vtlm_task
                0x20004d94      0x224 ./Demo_Tasks/demo_tasks.o
                0x20004d94                vtlm_task
 .text.vtlm_sender
                0x20004fb8       0x44 ./Demo_Tasks/demo_tasks.o
                0x20004fb8                vtlm_sender
 .text.irq_tsk_func
                0x20004ffc       0x94 ./Demo_Tasks/demo_tasks.o
                0x20004ffc                irq_tsk_func
 .text.uart0_rx_handler
                0x20005090       0x68 ./Demo_Tasks/demo_tasks.o
                0x20005090                uart0_rx_handler
 .text.demo_tasks
                0x200050f8      0x36c ./Demo_Tasks/demo_tasks.o
                0x200050f8                demo_tasks
 .text.FabricIrq0_IRQHandler
                0x20005464       0x14 ./Demo_Tasks/demo_tasks.o
                0x20005464                FabricIrq0_IRQHandler
 .text.FabricIrq1_IRQHandler
                0x20005478       0x14 ./Demo_Tasks/demo_tasks.o
                0x20005478                FabricIrq1_IRQHandler
 .text.FabricIrq2_IRQHandler
                0x2000548c       0x14 ./Demo_Tasks/demo_tasks.o
                0x2000548c                FabricIrq2_IRQHandler
 .text.FabricIrq3_IRQHandler
                0x200054a0       0x14 ./Demo_Tasks/demo_tasks.o
                0x200054a0                FabricIrq3_IRQHandler
 .text.FabricIrq4_IRQHandler
                0x200054b4       0x14 ./Demo_Tasks/demo_tasks.o
                0x200054b4                FabricIrq4_IRQHandler
 .text.FabricIrq5_IRQHandler
                0x200054c8       0x14 ./Demo_Tasks/demo_tasks.o
                0x200054c8                FabricIrq5_IRQHandler
 .text.NVIC_EnableIRQ
                0x200054dc       0x38 C:\Users\S-SPACE\Desktop\Pratik\FreeRTOS\FreeRTOS_SC_v3.5\FSW_FreeRTOS\CORTEX_SmartFusion2_M2S050_SoftConsole\RTOSDemo_Hardware_Platform\Debug\libRTOSDemo_Hardware_Platform.a(mss_uart.o)
 .text.NVIC_ClearPendingIRQ
                0x20005514       0x3c C:\Users\S-SPACE\Desktop\Pratik\FreeRTOS\FreeRTOS_SC_v3.5\FSW_FreeRTOS\CORTEX_SmartFusion2_M2S050_SoftConsole\RTOSDemo_Hardware_Platform\Debug\libRTOSDemo_Hardware_Platform.a(mss_uart.o)
 .text.set_bit_reg8
                0x20005550       0x40 C:\Users\S-SPACE\Desktop\Pratik\FreeRTOS\FreeRTOS_SC_v3.5\FSW_FreeRTOS\CORTEX_SmartFusion2_M2S050_SoftConsole\RTOSDemo_Hardware_Platform\Debug\libRTOSDemo_Hardware_Platform.a(mss_uart.o)
 .text.clear_bit_reg8
                0x20005590       0x40 C:\Users\S-SPACE\Desktop\Pratik\FreeRTOS\FreeRTOS_SC_v3.5\FSW_FreeRTOS\CORTEX_SmartFusion2_M2S050_SoftConsole\RTOSDemo_Hardware_Platform\Debug\libRTOSDemo_Hardware_Platform.a(mss_uart.o)
 .text.read_bit_reg8
                0x200055d0       0x40 C:\Users\S-SPACE\Desktop\Pratik\FreeRTOS\FreeRTOS_SC_v3.5\FSW_FreeRTOS\CORTEX_SmartFusion2_M2S050_SoftConsole\RTOSDemo_Hardware_Platform\Debug\libRTOSDemo_Hardware_Platform.a(mss_uart.o)
 .text.MSS_UART_init
                0x20005610       0x84 C:\Users\S-SPACE\Desktop\Pratik\FreeRTOS\FreeRTOS_SC_v3.5\FSW_FreeRTOS\CORTEX_SmartFusion2_M2S050_SoftConsole\RTOSDemo_Hardware_Platform\Debug\libRTOSDemo_Hardware_Platform.a(mss_uart.o)
                0x20005610                MSS_UART_init
 .text.MSS_UART_polled_tx
                0x20005694       0xe4 C:\Users\S-SPACE\Desktop\Pratik\FreeRTOS\FreeRTOS_SC_v3.5\FSW_FreeRTOS\CORTEX_SmartFusion2_M2S050_SoftConsole\RTOSDemo_Hardware_Platform\Debug\libRTOSDemo_Hardware_Platform.a(mss_uart.o)
                0x20005694                MSS_UART_polled_tx
 .text.MSS_UART_get_rx
                0x20005778       0xdc C:\Users\S-SPACE\Desktop\Pratik\FreeRTOS\FreeRTOS_SC_v3.5\FSW_FreeRTOS\CORTEX_SmartFusion2_M2S050_SoftConsole\RTOSDemo_Hardware_Platform\Debug\libRTOSDemo_Hardware_Platform.a(mss_uart.o)
                0x20005778                MSS_UART_get_rx
 .text.MSS_UART_set_rx_handler
                0x20005854       0xc0 C:\Users\S-SPACE\Desktop\Pratik\FreeRTOS\FreeRTOS_SC_v3.5\FSW_FreeRTOS\CORTEX_SmartFusion2_M2S050_SoftConsole\RTOSDemo_Hardware_Platform\Debug\libRTOSDemo_Hardware_Platform.a(mss_uart.o)
                0x20005854                MSS_UART_set_rx_handler
 .text.UART0_IRQHandler
                0x20005914       0x24 C:\Users\S-SPACE\Desktop\Pratik\FreeRTOS\FreeRTOS_SC_v3.5\FSW_FreeRTOS\CORTEX_SmartFusion2_M2S050_SoftConsole\RTOSDemo_Hardware_Platform\Debug\libRTOSDemo_Hardware_Platform.a(mss_uart.o)
                0x20005914                UART0_IRQHandler
 .text.UART1_IRQHandler
                0x20005938       0x24 C:\Users\S-SPACE\Desktop\Pratik\FreeRTOS\FreeRTOS_SC_v3.5\FSW_FreeRTOS\CORTEX_SmartFusion2_M2S050_SoftConsole\RTOSDemo_Hardware_Platform\Debug\libRTOSDemo_Hardware_Platform.a(mss_uart.o)
                0x20005938                UART1_IRQHandler
 .text.config_baud_divisors
                0x2000595c      0x198 C:\Users\S-SPACE\Desktop\Pratik\FreeRTOS\FreeRTOS_SC_v3.5\FSW_FreeRTOS\CORTEX_SmartFusion2_M2S050_SoftConsole\RTOSDemo_Hardware_Platform\Debug\libRTOSDemo_Hardware_Platform.a(mss_uart.o)
 .text.global_init
                0x20005af4      0x26c C:\Users\S-SPACE\Desktop\Pratik\FreeRTOS\FreeRTOS_SC_v3.5\FSW_FreeRTOS\CORTEX_SmartFusion2_M2S050_SoftConsole\RTOSDemo_Hardware_Platform\Debug\libRTOSDemo_Hardware_Platform.a(mss_uart.o)
 .text.MSS_UART_isr
                0x20005d60      0x22c C:\Users\S-SPACE\Desktop\Pratik\FreeRTOS\FreeRTOS_SC_v3.5\FSW_FreeRTOS\CORTEX_SmartFusion2_M2S050_SoftConsole\RTOSDemo_Hardware_Platform\Debug\libRTOSDemo_Hardware_Platform.a(mss_uart.o)
 .text.default_tx_handler
                0x20005f8c      0x10c C:\Users\S-SPACE\Desktop\Pratik\FreeRTOS\FreeRTOS_SC_v3.5\FSW_FreeRTOS\CORTEX_SmartFusion2_M2S050_SoftConsole\RTOSDemo_Hardware_Platform\Debug\libRTOSDemo_Hardware_Platform.a(mss_uart.o)
 .text.I2C_init
                0x20006098       0xec C:\Users\S-SPACE\Desktop\Pratik\FreeRTOS\FreeRTOS_SC_v3.5\FSW_FreeRTOS\CORTEX_SmartFusion2_M2S050_SoftConsole\RTOSDemo_Hardware_Platform\Debug\libRTOSDemo_Hardware_Platform.a(core_i2c.o)
                0x20006098                I2C_init
 .text.I2C_write
                0x20006184       0xe4 C:\Users\S-SPACE\Desktop\Pratik\FreeRTOS\FreeRTOS_SC_v3.5\FSW_FreeRTOS\CORTEX_SmartFusion2_M2S050_SoftConsole\RTOSDemo_Hardware_Platform\Debug\libRTOSDemo_Hardware_Platform.a(core_i2c.o)
                0x20006184                I2C_write
 .text.I2C_read
                0x20006268       0xe4 C:\Users\S-SPACE\Desktop\Pratik\FreeRTOS\FreeRTOS_SC_v3.5\FSW_FreeRTOS\CORTEX_SmartFusion2_M2S050_SoftConsole\RTOSDemo_Hardware_Platform\Debug\libRTOSDemo_Hardware_Platform.a(core_i2c.o)
                0x20006268                I2C_read
 .text.I2C_write_read
                0x2000634c      0x130 C:\Users\S-SPACE\Desktop\Pratik\FreeRTOS\FreeRTOS_SC_v3.5\FSW_FreeRTOS\CORTEX_SmartFusion2_M2S050_SoftConsole\RTOSDemo_Hardware_Platform\Debug\libRTOSDemo_Hardware_Platform.a(core_i2c.o)
                0x2000634c                I2C_write_read
 .text.I2C_wait_complete
                0x2000647c       0x38 C:\Users\S-SPACE\Desktop\Pratik\FreeRTOS\FreeRTOS_SC_v3.5\FSW_FreeRTOS\CORTEX_SmartFusion2_M2S050_SoftConsole\RTOSDemo_Hardware_Platform\Debug\libRTOSDemo_Hardware_Platform.a(core_i2c.o)
                0x2000647c                I2C_wait_complete
 .text.enable_slave_if_required
                0x200064b4       0x30 C:\Users\S-SPACE\Desktop\Pratik\FreeRTOS\FreeRTOS_SC_v3.5\FSW_FreeRTOS\CORTEX_SmartFusion2_M2S050_SoftConsole\RTOSDemo_Hardware_Platform\Debug\libRTOSDemo_Hardware_Platform.a(core_i2c.o)
 .text.I2C_isr  0x200064e4      0xa94 C:\Users\S-SPACE\Desktop\Pratik\FreeRTOS\FreeRTOS_SC_v3.5\FSW_FreeRTOS\CORTEX_SmartFusion2_M2S050_SoftConsole\RTOSDemo_Hardware_Platform\Debug\libRTOSDemo_Hardware_Platform.a(core_i2c.o)
                0x200064e4                I2C_isr
 .text.NVIC_EnableIRQ
                0x20006f78       0x38 C:\Users\S-SPACE\Desktop\Pratik\FreeRTOS\FreeRTOS_SC_v3.5\FSW_FreeRTOS\CORTEX_SmartFusion2_M2S050_SoftConsole\RTOSDemo_Hardware_Platform\Debug\libRTOSDemo_Hardware_Platform.a(i2c_interrupt.o)
 .text.NVIC_DisableIRQ
                0x20006fb0       0x3c C:\Users\S-SPACE\Desktop\Pratik\FreeRTOS\FreeRTOS_SC_v3.5\FSW_FreeRTOS\CORTEX_SmartFusion2_M2S050_SoftConsole\RTOSDemo_Hardware_Platform\Debug\libRTOSDemo_Hardware_Platform.a(i2c_interrupt.o)
 .text.I2C_enable_irq
                0x20006fec       0x94 C:\Users\S-SPACE\Desktop\Pratik\FreeRTOS\FreeRTOS_SC_v3.5\FSW_FreeRTOS\CORTEX_SmartFusion2_M2S050_SoftConsole\RTOSDemo_Hardware_Platform\Debug\libRTOSDemo_Hardware_Platform.a(i2c_interrupt.o)
                0x20006fec                I2C_enable_irq
 .text.I2C_disable_irq
                0x20007080       0x94 C:\Users\S-SPACE\Desktop\Pratik\FreeRTOS\FreeRTOS_SC_v3.5\FSW_FreeRTOS\CORTEX_SmartFusion2_M2S050_SoftConsole\RTOSDemo_Hardware_Platform\Debug\libRTOSDemo_Hardware_Platform.a(i2c_interrupt.o)
                0x20007080                I2C_disable_irq
 .text.SystemInit
                0x20007114       0x2c C:\Users\S-SPACE\Desktop\Pratik\FreeRTOS\FreeRTOS_SC_v3.5\FSW_FreeRTOS\CORTEX_SmartFusion2_M2S050_SoftConsole\RTOSDemo_Hardware_Platform\Debug\libRTOSDemo_Hardware_Platform.a(system_m2sxxx.o)
                0x20007114                SystemInit
 .text.SystemCoreClockUpdate
                0x20007140      0x14c C:\Users\S-SPACE\Desktop\Pratik\FreeRTOS\FreeRTOS_SC_v3.5\FSW_FreeRTOS\CORTEX_SmartFusion2_M2S050_SoftConsole\RTOSDemo_Hardware_Platform\Debug\libRTOSDemo_Hardware_Platform.a(system_m2sxxx.o)
                0x20007140                SystemCoreClockUpdate
 .text.get_rcosc_25_50mhz_frequency
                0x2000728c       0x44 C:\Users\S-SPACE\Desktop\Pratik\FreeRTOS\FreeRTOS_SC_v3.5\FSW_FreeRTOS\CORTEX_SmartFusion2_M2S050_SoftConsole\RTOSDemo_Hardware_Platform\Debug\libRTOSDemo_Hardware_Platform.a(system_m2sxxx.o)
 .text.set_clock_frequency_globals
                0x200072d0       0x6c C:\Users\S-SPACE\Desktop\Pratik\FreeRTOS\FreeRTOS_SC_v3.5\FSW_FreeRTOS\CORTEX_SmartFusion2_M2S050_SoftConsole\RTOSDemo_Hardware_Platform\Debug\libRTOSDemo_Hardware_Platform.a(system_m2sxxx.o)
 .text.get_silicon_revision
                0x2000733c       0x50 C:\Users\S-SPACE\Desktop\Pratik\FreeRTOS\FreeRTOS_SC_v3.5\FSW_FreeRTOS\CORTEX_SmartFusion2_M2S050_SoftConsole\RTOSDemo_Hardware_Platform\Debug\libRTOSDemo_Hardware_Platform.a(system_m2sxxx.o)
 .text.silicon_workarounds
                0x2000738c       0x20 C:\Users\S-SPACE\Desktop\Pratik\FreeRTOS\FreeRTOS_SC_v3.5\FSW_FreeRTOS\CORTEX_SmartFusion2_M2S050_SoftConsole\RTOSDemo_Hardware_Platform\Debug\libRTOSDemo_Hardware_Platform.a(system_m2sxxx.o)
 .text.m2s050_rev_a_workarounds
                0x200073ac       0x44 C:\Users\S-SPACE\Desktop\Pratik\FreeRTOS\FreeRTOS_SC_v3.5\FSW_FreeRTOS\CORTEX_SmartFusion2_M2S050_SoftConsole\RTOSDemo_Hardware_Platform\Debug\libRTOSDemo_Hardware_Platform.a(system_m2sxxx.o)
 .text.complete_clock_config
                0x200073f0       0x90 C:\Users\S-SPACE\Desktop\Pratik\FreeRTOS\FreeRTOS_SC_v3.5\FSW_FreeRTOS\CORTEX_SmartFusion2_M2S050_SoftConsole\RTOSDemo_Hardware_Platform\Debug\libRTOSDemo_Hardware_Platform.a(system_m2sxxx.o)
 .text          0x20007480        0xe C:\Users\S-SPACE\Desktop\Pratik\FreeRTOS\FreeRTOS_SC_v3.5\FSW_FreeRTOS\CORTEX_SmartFusion2_M2S050_SoftConsole\RTOSDemo_Hardware_Platform\Debug\libRTOSDemo_Hardware_Platform.a(hal.o)
                0x20007480                HAL_disable_interrupts
                0x20007488                HAL_restore_interrupts
 .text          0x2000748e       0x90 C:\Users\S-SPACE\Desktop\Pratik\FreeRTOS\FreeRTOS_SC_v3.5\FSW_FreeRTOS\CORTEX_SmartFusion2_M2S050_SoftConsole\RTOSDemo_Hardware_Platform\Debug\libRTOSDemo_Hardware_Platform.a(hw_reg_access.o)
                0x2000748e                HW_set_32bit_reg
                0x20007492                HW_get_32bit_reg
                0x20007496                HW_set_32bit_reg_field
                0x200074b2                HW_get_32bit_reg_field
                0x200074be                HW_set_16bit_reg
                0x200074c2                HW_get_16bit_reg
                0x200074c6                HW_set_16bit_reg_field
                0x200074e2                HW_get_16bit_reg_field
                0x200074ee                HW_set_8bit_reg
                0x200074f2                HW_get_8bit_reg
                0x200074f6                HW_set_8bit_reg_field
                0x20007512                HW_get_8bit_reg_field
 *fill*         0x2000751e        0x2 00
 .text          0x20007520       0x50 c:/program files (x86)/microsemi/softconsole v3.4/sourcery-g++/bin/../lib/gcc/arm-none-eabi/4.4.1/../../../../arm-none-eabi/lib/thumb2\libc.a(lib_a-init.o)
                0x20007520                __libc_init_array
 .text          0x20007570      0x190 c:/program files (x86)/microsemi/softconsole v3.4/sourcery-g++/bin/../lib/gcc/arm-none-eabi/4.4.1/../../../../arm-none-eabi/lib/thumb2\libc.a(lib_a-memcpy.o)
                0x20007570                memcpy
 .text          0x20007700       0xd4 c:/program files (x86)/microsemi/softconsole v3.4/sourcery-g++/bin/../lib/gcc/arm-none-eabi/4.4.1/../../../../arm-none-eabi/lib/thumb2\libc.a(lib_a-memset.o)
                0x20007700                memset
 *(.plt)
 *(.gnu.warning)
 *(.glue_7t)
 .glue_7t       0x00000000        0x0 linker stubs
 *(.glue_7)
 .glue_7        0x00000000        0x0 linker stubs
 *(.vfp11_veneer)
 .vfp11_veneer  0x00000000        0x0 linker stubs
                0x200077d4                . = ALIGN (0x4)
 *crtbegin.o(.ctors)
 *(EXCLUDE_FILE(*crtend.o) .ctors)
 *(SORT(.ctors.*))
 *crtend.o(.ctors)
 *crtbegin.o(.dtors)
 *(EXCLUDE_FILE(*crtend.o) .dtors)
 *(SORT(.dtors.*))
 *crtend.o(.dtors)
 *(.rodata .rodata.* .gnu.linkonce.r.*)
 .rodata.C.48.4660
                0x200077d4        0x4 ./pilot/get_data.o
 .rodata.C.40.4595
                0x200077d8        0x4 ./pilot/get_data.o
 .rodata        0x200077dc        0xc ./cmds/cmd.o
 .rodata        0x200077e8       0x30 ./FreeRTOS-Source/tasks.o
 .rodata        0x20007818        0x8 ./FreeRTOS-Source/timers.o
 .rodata.xHeapStructSize
                0x20007820        0x4 ./FreeRTOS-Source/portable/MemMang/heap_4.o
 .rodata.pcInterruptPriorityRegisters
                0x20007824        0x4 ./FreeRTOS-Source/portable/GCC/ARM_CM3/port.o
 .rodata        0x20007828       0x24 ./Demo_Tasks/demo_tasks.o
 .rodata.C.138.6388
                0x2000784c        0x4 ./Demo_Tasks/demo_tasks.o
 .rodata.C.139.6389
                0x20007850        0x4 ./Demo_Tasks/demo_tasks.o
 .rodata.C.140.6390
                0x20007854        0x4 ./Demo_Tasks/demo_tasks.o
 .rodata.C.18.3459
                0x20007858        0x8 C:\Users\S-SPACE\Desktop\Pratik\FreeRTOS\FreeRTOS_SC_v3.5\FSW_FreeRTOS\CORTEX_SmartFusion2_M2S050_SoftConsole\RTOSDemo_Hardware_Platform\Debug\libRTOSDemo_Hardware_Platform.a(system_m2sxxx.o)
 *(.ARM.extab* .gnu.linkonce.armextab.*)
 *(.gcc_except_table)
 *(.eh_frame_hdr)
 *(.eh_frame)
 *(.init)
 .init          0x20007860        0x4 c:/program files (x86)/microsemi/softconsole v3.4/sourcery-g++/bin/../lib/gcc/arm-none-eabi/4.4.1/thumb2/crti.o
                0x20007860                _init
 .init          0x20007864        0x8 c:/program files (x86)/microsemi/softconsole v3.4/sourcery-g++/bin/../lib/gcc/arm-none-eabi/4.4.1/thumb2/crtn.o
 *(.fini)
 .fini          0x2000786c        0x4 c:/program files (x86)/microsemi/softconsole v3.4/sourcery-g++/bin/../lib/gcc/arm-none-eabi/4.4.1/thumb2/crti.o
                0x2000786c                _fini
 .fini          0x20007870        0x8 c:/program files (x86)/microsemi/softconsole v3.4/sourcery-g++/bin/../lib/gcc/arm-none-eabi/4.4.1/thumb2/crtn.o
                0x20007878                PROVIDE (__preinit_array_start, .)
 *(.preinit_array)
                0x20007878                PROVIDE (__preinit_array_end, .)
                0x20007878                PROVIDE (__init_array_start, .)
 *(SORT(.init_array.*))
 *(.init_array)
 .init_array    0x20007878        0x4 c:/program files (x86)/microsemi/softconsole v3.4/sourcery-g++/bin/../lib/gcc/arm-none-eabi/4.4.1/thumb2/crtbegin.o
                0x2000787c                PROVIDE (__init_array_end, .)
                0x2000787c                PROVIDE (__fini_array_start, .)
 *(.fini_array)
 .fini_array    0x2000787c        0x4 c:/program files (x86)/microsemi/softconsole v3.4/sourcery-g++/bin/../lib/gcc/arm-none-eabi/4.4.1/thumb2/crtbegin.o
 *(SORT(.fini_array.*))
                0x20007880                PROVIDE (__fini_array_end, .)
                0x20007880                __exidx_start = .

.v4_bx          0x20007880        0x0
 .v4_bx         0x00000000        0x0 linker stubs

.ARM.exidx
 *(.ARM.exidx* .gnu.linkonce.armexidx.*)
                0x20007880                __exidx_end = .
                0x20007880                _etext = .
                0x20007880                PROVIDE (__text_end, .)

.data           0x20007880       0x60
                0x20007880                __data_load = LOADADDR (.data)
                0x20007880                _sidata = LOADADDR (.data)
                0x20007880                __data_start = .
                0x20007880                _sdata = .
 *(.jcr)
 .jcr           0x20007880        0x0 c:/program files (x86)/microsemi/softconsole v3.4/sourcery-g++/bin/../lib/gcc/arm-none-eabi/4.4.1/thumb2/crtbegin.o
 .jcr           0x20007880        0x4 c:/program files (x86)/microsemi/softconsole v3.4/sourcery-g++/bin/../lib/gcc/arm-none-eabi/4.4.1/thumb2/crtend.o
 *(.got.plt)
 *(.got)
 *(.shdata)
 *(.data .data.* .gnu.linkonce.d.*)
 .data.uxCriticalNesting
                0x20007884        0x4 ./FreeRTOS-Source/portable/GCC/ARM_CM3/port.o
 .data.imu_struct
                0x20007888       0x20 ./Demo_Tasks/demo_tasks.o
 .data.vc_struct
                0x200078a8       0x1c ./Demo_Tasks/demo_tasks.o
 .data.SystemCoreClock
                0x200078c4        0x4 C:\Users\S-SPACE\Desktop\Pratik\FreeRTOS\FreeRTOS_SC_v3.5\FSW_FreeRTOS\CORTEX_SmartFusion2_M2S050_SoftConsole\RTOSDemo_Hardware_Platform\Debug\libRTOSDemo_Hardware_Platform.a(system_m2sxxx.o)
                0x200078c4                SystemCoreClock
 .data.g_FrequencyPCLK0
                0x200078c8        0x4 C:\Users\S-SPACE\Desktop\Pratik\FreeRTOS\FreeRTOS_SC_v3.5\FSW_FreeRTOS\CORTEX_SmartFusion2_M2S050_SoftConsole\RTOSDemo_Hardware_Platform\Debug\libRTOSDemo_Hardware_Platform.a(system_m2sxxx.o)
                0x200078c8                g_FrequencyPCLK0
 .data.g_FrequencyPCLK1
                0x200078cc        0x4 C:\Users\S-SPACE\Desktop\Pratik\FreeRTOS\FreeRTOS_SC_v3.5\FSW_FreeRTOS\CORTEX_SmartFusion2_M2S050_SoftConsole\RTOSDemo_Hardware_Platform\Debug\libRTOSDemo_Hardware_Platform.a(system_m2sxxx.o)
                0x200078cc                g_FrequencyPCLK1
 .data.g_FrequencyPCLK2
                0x200078d0        0x4 C:\Users\S-SPACE\Desktop\Pratik\FreeRTOS\FreeRTOS_SC_v3.5\FSW_FreeRTOS\CORTEX_SmartFusion2_M2S050_SoftConsole\RTOSDemo_Hardware_Platform\Debug\libRTOSDemo_Hardware_Platform.a(system_m2sxxx.o)
                0x200078d0                g_FrequencyPCLK2
 .data.g_FrequencyFIC0
                0x200078d4        0x4 C:\Users\S-SPACE\Desktop\Pratik\FreeRTOS\FreeRTOS_SC_v3.5\FSW_FreeRTOS\CORTEX_SmartFusion2_M2S050_SoftConsole\RTOSDemo_Hardware_Platform\Debug\libRTOSDemo_Hardware_Platform.a(system_m2sxxx.o)
                0x200078d4                g_FrequencyFIC0
 .data.g_FrequencyFIC1
                0x200078d8        0x4 C:\Users\S-SPACE\Desktop\Pratik\FreeRTOS\FreeRTOS_SC_v3.5\FSW_FreeRTOS\CORTEX_SmartFusion2_M2S050_SoftConsole\RTOSDemo_Hardware_Platform\Debug\libRTOSDemo_Hardware_Platform.a(system_m2sxxx.o)
                0x200078d8                g_FrequencyFIC1
 .data.g_FrequencyFIC64
                0x200078dc        0x4 C:\Users\S-SPACE\Desktop\Pratik\FreeRTOS\FreeRTOS_SC_v3.5\FSW_FreeRTOS\CORTEX_SmartFusion2_M2S050_SoftConsole\RTOSDemo_Hardware_Platform\Debug\libRTOSDemo_Hardware_Platform.a(system_m2sxxx.o)
                0x200078dc                g_FrequencyFIC64
                0x200078e0                . = ALIGN (0x4)
                0x200078e0                _edata = .

.bss            0x200078e0     0x6b50
                0x200078e0                __bss_start__ = .
                0x200078e0                _sbss = .
 *(.shbss)
 *(.bss .bss.* .gnu.linkonce.b.*)
 .bss           0x200078e0        0x1 c:/program files (x86)/microsemi/softconsole v3.4/sourcery-g++/bin/../lib/gcc/arm-none-eabi/4.4.1/thumb2/crtbegin.o
 *fill*         0x200078e1        0x3 00
 .bss.ulLastCounterValue.1425
                0x200078e4        0x4 ./RunTimeStatsTimer.o
 .bss.ulOverflows.1426
                0x200078e8        0x4 ./RunTimeStatsTimer.o
 .bss.pxCurrentTCB
                0x200078ec        0x4 ./FreeRTOS-Source/tasks.o
                0x200078ec                pxCurrentTCB
 .bss.pxReadyTasksLists
                0x200078f0       0x64 ./FreeRTOS-Source/tasks.o
 .bss.xDelayedTaskList1
                0x20007954       0x14 ./FreeRTOS-Source/tasks.o
 .bss.xDelayedTaskList2
                0x20007968       0x14 ./FreeRTOS-Source/tasks.o
 .bss.pxDelayedTaskList
                0x2000797c        0x4 ./FreeRTOS-Source/tasks.o
 .bss.pxOverflowDelayedTaskList
                0x20007980        0x4 ./FreeRTOS-Source/tasks.o
 .bss.xPendingReadyList
                0x20007984       0x14 ./FreeRTOS-Source/tasks.o
 .bss.xTasksWaitingTermination
                0x20007998       0x14 ./FreeRTOS-Source/tasks.o
 .bss.uxDeletedTasksWaitingCleanUp
                0x200079ac        0x4 ./FreeRTOS-Source/tasks.o
 .bss.xSuspendedTaskList
                0x200079b0       0x14 ./FreeRTOS-Source/tasks.o
 .bss.uxCurrentNumberOfTasks
                0x200079c4        0x4 ./FreeRTOS-Source/tasks.o
 .bss.xTickCount
                0x200079c8        0x4 ./FreeRTOS-Source/tasks.o
 .bss.uxTopReadyPriority
                0x200079cc        0x4 ./FreeRTOS-Source/tasks.o
 .bss.xSchedulerRunning
                0x200079d0        0x4 ./FreeRTOS-Source/tasks.o
 .bss.uxPendedTicks
                0x200079d4        0x4 ./FreeRTOS-Source/tasks.o
 .bss.xYieldPending
                0x200079d8        0x4 ./FreeRTOS-Source/tasks.o
 .bss.xNumOfOverflows
                0x200079dc        0x4 ./FreeRTOS-Source/tasks.o
 .bss.uxTaskNumber
                0x200079e0        0x4 ./FreeRTOS-Source/tasks.o
 .bss.xNextTaskUnblockTime
                0x200079e4        0x4 ./FreeRTOS-Source/tasks.o
 .bss.xIdleTaskHandle
                0x200079e8        0x4 ./FreeRTOS-Source/tasks.o
 .bss.uxSchedulerSuspended
                0x200079ec        0x4 ./FreeRTOS-Source/tasks.o
 .bss.ulTaskSwitchedInTime
                0x200079f0        0x4 ./FreeRTOS-Source/tasks.o
 .bss.ulTotalRunTime
                0x200079f4        0x4 ./FreeRTOS-Source/tasks.o
 .bss.xActiveTimerList1
                0x200079f8       0x14 ./FreeRTOS-Source/timers.o
 .bss.xActiveTimerList2
                0x20007a0c       0x14 ./FreeRTOS-Source/timers.o
 .bss.pxCurrentTimerList
                0x20007a20        0x4 ./FreeRTOS-Source/timers.o
 .bss.pxOverflowTimerList
                0x20007a24        0x4 ./FreeRTOS-Source/timers.o
 .bss.xTimerQueue
                0x20007a28        0x4 ./FreeRTOS-Source/timers.o
 .bss.xTimerTaskHandle
                0x20007a2c        0x4 ./FreeRTOS-Source/timers.o
 .bss.xLastTime.2561
                0x20007a30        0x4 ./FreeRTOS-Source/timers.o
 .bss.ucHeap    0x20007a34     0x61a8 ./FreeRTOS-Source/portable/MemMang/heap_4.o
 .bss.xStart    0x2000dbdc        0x8 ./FreeRTOS-Source/portable/MemMang/heap_4.o
 .bss.pxEnd     0x2000dbe4        0x4 ./FreeRTOS-Source/portable/MemMang/heap_4.o
 .bss.xFreeBytesRemaining
                0x2000dbe8        0x4 ./FreeRTOS-Source/portable/MemMang/heap_4.o
 .bss.xMinimumEverFreeBytesRemaining
                0x2000dbec        0x4 ./FreeRTOS-Source/portable/MemMang/heap_4.o
 .bss.xBlockAllocatedBit
                0x2000dbf0        0x4 ./FreeRTOS-Source/portable/MemMang/heap_4.o
 .bss.ucMaxSysCallPriority
                0x2000dbf4        0x1 ./FreeRTOS-Source/portable/GCC/ARM_CM3/port.o
 *fill*         0x2000dbf5        0x3 00
 .bss.ulMaxPRIGROUPValue
                0x2000dbf8        0x4 ./FreeRTOS-Source/portable/GCC/ARM_CM3/port.o
 .bss.uart_irq  0x2000dbfc        0x4 ./Demo_Tasks/demo_tasks.o
                0x2000dbfc                uart_irq
 *(COMMON)
 COMMON         0x2000dc00      0x4e1 ./main.o
                0x2000dc00                data_pld
                0x2000dc34                g_core_i2c2
                0x2000dca0                uart0_irq_rx_buffer
                0x2000dca4                argu
                0x2000dcc0                c
                0x2000dcdc                uart1_irq_size
                0x2000dce0                data
                0x2000dee0                device_param
                0x2000dfe0                device
                0x2000e0e0                command_index
 *fill*         0x2000e0e1        0x3 00
 COMMON         0x2000e0e4       0x34 ./stream/stream.o
                0x2000e0e4                pkt_stream
                0x2000e108                pkt_timer
                0x2000e110                rx_cmd
                0x2000e114                cmd_timer
 COMMON         0x2000e118        0xb ./pilot/get_data.o
                0x2000e118                init_command
                0x2000e11c                read
                0x2000e11e                bvol
                0x2000e120                count
                0x2000e121                config_reg
                0x2000e122                status
 *fill*         0x2000e123        0x1 00
 COMMON         0x2000e124      0x224 ./pilot/peripherals.o
                0x2000e124                g_core_i2c0
                0x2000e190                g_core_i2c1
                0x2000e1fc                g_core_i2c5
                0x2000e268                g_core_i2c3
                0x2000e2d4                sd_timer
                0x2000e2d8                core_i2c_status
                0x2000e2dc                g_core_i2c4
 COMMON         0x2000e348       0x1c ./cmds/cmd.o
                0x2000e348                cmd_list
                0x2000e360                cmd
 COMMON         0x2000e364       0x48 ./Demo_Tasks/demo_tasks.o
                0x2000e364                command_cnt
                0x2000e368                Store_PKT_Queue
                0x2000e36c                feed_tlm_task
                0x2000e370                get_pld_pkt_handle
                0x2000e374                tlm_sender_handle
                0x2000e378                hk_pkt
                0x2000e37c                tlm_tsk_handle
                0x2000e380                feed_cmd_tsk
                0x2000e384                feed_tlm_sender
                0x2000e388                xMutex
                0x2000e38c                feed_get_hk_data
                0x2000e390                hk_task_feed
                0x2000e394                get_hk_pkt_handle
                0x2000e398                feed_get_payload_data
                0x2000e39c                Data_PKT_Queue
                0x2000e3a0                pld_pkt
                0x2000e3a4                command_reject_cnt
                0x2000e3a8                cmd_tsk
 COMMON         0x2000e3ac       0x80 C:\Users\S-SPACE\Desktop\Pratik\FreeRTOS\FreeRTOS_SC_v3.5\FSW_FreeRTOS\CORTEX_SmartFusion2_M2S050_SoftConsole\RTOSDemo_Hardware_Platform\Debug\libRTOSDemo_Hardware_Platform.a(mss_uart.o)
                0x2000e3ac                g_mss_uart1
                0x2000e3ec                g_mss_uart0
                0x2000e430                . = ALIGN (0x8)
 *fill*         0x2000e42c        0x4 00
                0x2000e430                __bss_end__ = .
                0x2000e430                _end = .
                0x2000e430                __end = _end
                0x2000e430                _ebss = .
                0x2000e430                PROVIDE (end, .)

.stack          0x2000e430      0x400
                0x2000e430                . = ALIGN (0x4)
                0x2000e430                . = (. + PROCESS_STACK_SIZE)
                0x2000e430                . = ALIGN (0x4)
                0x2000e830                . = (. + MAIN_STACK_SIZE)
 *fill*         0x2000e430      0x400 00
                0x2000e830                . = ALIGN (0x4)

.stab
 *(.stab)

.stabstr
 *(.stabstr)

.debug
 *(.debug)

.line
 *(.line)

.debug_srcinfo
 *(.debug_srcinfo)

.debug_sfnames
 *(.debug_sfnames)

.comment        0x00000000      0x45e
 .comment       0x00000000       0x2b ./RunTimeStatsTimer.o
 .comment       0x0000002b       0x2b ./main.o
 .comment       0x00000056       0x2b ./printf-stdarg.o
 .comment       0x00000081       0x2b ./stream/stream.o
 .comment       0x000000ac       0x2b ./pilot/get_data.o
 .comment       0x000000d7       0x2b ./pilot/init.o
 .comment       0x00000102       0x2b ./pilot/peripherals.o
 .comment       0x0000012d       0x2b ./pilot/pilot.o
 .comment       0x00000158       0x2b ./pilot/pslv_interface.o
 .comment       0x00000183       0x2b ./pilot/read.o
 .comment       0x000001ae       0x2b ./pilot/write.o
 .comment       0x000001d9       0x2b ./osal/osal.o
 .comment       0x00000204       0x2b ./cmds/cmd.o
 .comment       0x0000022f       0x2b ./FreeRTOS-Source/list.o
 .comment       0x0000025a       0x2b ./FreeRTOS-Source/queue.o
 .comment       0x00000285       0x2b ./FreeRTOS-Source/tasks.o
 .comment       0x000002b0       0x2b ./FreeRTOS-Source/timers.o
 .comment       0x000002db       0x2b ./FreeRTOS-Source/portable/MemMang/heap_4.o
 .comment       0x00000306       0x2b ./FreeRTOS-Source/portable/GCC/ARM_CM3/port.o
 .comment       0x00000331       0x2b ./Demo_Tasks/demo_tasks.o
 .comment       0x0000035c       0x2b ./Blinky-Demo/main_blinky.o
 .comment       0x00000387       0x2b C:/Users/S-SPACE/Desktop/Pratik/FreeRTOS/FreeRTOS_SC_v3.5/FSW_FreeRTOS/CORTEX_SmartFusion2_M2S050_SoftConsole/RTOSDemo_Hardware_Platform/Debug/CMSIS/startup_gcc/newlib_stubs.o
 .comment       0x000003b2       0x2b C:\Users\S-SPACE\Desktop\Pratik\FreeRTOS\FreeRTOS_SC_v3.5\FSW_FreeRTOS\CORTEX_SmartFusion2_M2S050_SoftConsole\RTOSDemo_Hardware_Platform\Debug\libRTOSDemo_Hardware_Platform.a(mss_uart.o)
 .comment       0x000003dd       0x2b C:\Users\S-SPACE\Desktop\Pratik\FreeRTOS\FreeRTOS_SC_v3.5\FSW_FreeRTOS\CORTEX_SmartFusion2_M2S050_SoftConsole\RTOSDemo_Hardware_Platform\Debug\libRTOSDemo_Hardware_Platform.a(core_i2c.o)
 .comment       0x00000408       0x2b C:\Users\S-SPACE\Desktop\Pratik\FreeRTOS\FreeRTOS_SC_v3.5\FSW_FreeRTOS\CORTEX_SmartFusion2_M2S050_SoftConsole\RTOSDemo_Hardware_Platform\Debug\libRTOSDemo_Hardware_Platform.a(i2c_interrupt.o)
 .comment       0x00000433       0x2b C:\Users\S-SPACE\Desktop\Pratik\FreeRTOS\FreeRTOS_SC_v3.5\FSW_FreeRTOS\CORTEX_SmartFusion2_M2S050_SoftConsole\RTOSDemo_Hardware_Platform\Debug\libRTOSDemo_Hardware_Platform.a(system_m2sxxx.o)

.debug_aranges  0x00000000      0xbf8
 *(.debug_aranges)
 .debug_aranges
                0x00000000       0x28 ./RunTimeStatsTimer.o
 .debug_aranges
                0x00000028       0x48 ./main.o
 .debug_aranges
                0x00000070       0x58 ./printf-stdarg.o
 .debug_aranges
                0x000000c8       0x28 ./stream/stream.o
 .debug_aranges
                0x000000f0       0x70 ./pilot/get_data.o
 .debug_aranges
                0x00000160       0x20 ./pilot/init.o
 .debug_aranges
                0x00000180       0x20 ./pilot/read.o
 .debug_aranges
                0x000001a0       0x20 ./pilot/write.o
 .debug_aranges
                0x000001c0       0x28 ./osal/osal.o
 .debug_aranges
                0x000001e8       0x58 ./cmds/cmd.o
 .debug_aranges
                0x00000240       0x40 ./FreeRTOS-Source/list.o
 .debug_aranges
                0x00000280      0x100 ./FreeRTOS-Source/queue.o
 .debug_aranges
                0x00000380      0x1f0 ./FreeRTOS-Source/tasks.o
 .debug_aranges
                0x00000570       0xc8 ./FreeRTOS-Source/timers.o
 .debug_aranges
                0x00000638       0x50 ./FreeRTOS-Source/portable/MemMang/heap_4.o
 .debug_aranges
                0x00000688       0x78 ./FreeRTOS-Source/portable/GCC/ARM_CM3/port.o
 .debug_aranges
                0x00000700       0xb0 ./Demo_Tasks/demo_tasks.o
 .debug_aranges
                0x000007b0       0x30 ./Blinky-Demo/main_blinky.o
 .debug_aranges
                0x000007e0       0xa8 C:/Users/S-SPACE/Desktop/Pratik/FreeRTOS/FreeRTOS_SC_v3.5/FSW_FreeRTOS/CORTEX_SmartFusion2_M2S050_SoftConsole/RTOSDemo_Hardware_Platform/Debug/CMSIS/startup_gcc/newlib_stubs.o
 .debug_aranges
                0x00000888      0x1d0 C:\Users\S-SPACE\Desktop\Pratik\FreeRTOS\FreeRTOS_SC_v3.5\FSW_FreeRTOS\CORTEX_SmartFusion2_M2S050_SoftConsole\RTOSDemo_Hardware_Platform\Debug\libRTOSDemo_Hardware_Platform.a(mss_uart.o)
 .debug_aranges
                0x00000a58      0x110 C:\Users\S-SPACE\Desktop\Pratik\FreeRTOS\FreeRTOS_SC_v3.5\FSW_FreeRTOS\CORTEX_SmartFusion2_M2S050_SoftConsole\RTOSDemo_Hardware_Platform\Debug\libRTOSDemo_Hardware_Platform.a(core_i2c.o)
 .debug_aranges
                0x00000b68       0x38 C:\Users\S-SPACE\Desktop\Pratik\FreeRTOS\FreeRTOS_SC_v3.5\FSW_FreeRTOS\CORTEX_SmartFusion2_M2S050_SoftConsole\RTOSDemo_Hardware_Platform\Debug\libRTOSDemo_Hardware_Platform.a(i2c_interrupt.o)
 .debug_aranges
                0x00000ba0       0x58 C:\Users\S-SPACE\Desktop\Pratik\FreeRTOS\FreeRTOS_SC_v3.5\FSW_FreeRTOS\CORTEX_SmartFusion2_M2S050_SoftConsole\RTOSDemo_Hardware_Platform\Debug\libRTOSDemo_Hardware_Platform.a(system_m2sxxx.o)

.debug_pubnames
                0x00000000     0x1ea5
 *(.debug_pubnames)
 .debug_pubnames
                0x00000000       0x52 ./RunTimeStatsTimer.o
 .debug_pubnames
                0x00000052      0x11e ./main.o
 .debug_pubnames
                0x00000170       0x40 ./printf-stdarg.o
 .debug_pubnames
                0x000001b0       0xf3 ./stream/stream.o
 .debug_pubnames
                0x000002a3      0x10f ./pilot/get_data.o
 .debug_pubnames
                0x000003b2       0x1b ./pilot/init.o
 .debug_pubnames
                0x000003cd       0x93 ./pilot/peripherals.o
 .debug_pubnames
                0x00000460       0xb9 ./pilot/read.o
 .debug_pubnames
                0x00000519       0x24 ./pilot/write.o
 .debug_pubnames
                0x0000053d       0x31 ./osal/osal.o
 .debug_pubnames
                0x0000056e      0x154 ./cmds/cmd.o
 .debug_pubnames
                0x000006c2       0x72 ./FreeRTOS-Source/list.o
 .debug_pubnames
                0x00000734      0x256 ./FreeRTOS-Source/queue.o
 .debug_pubnames
                0x0000098a      0x487 ./FreeRTOS-Source/tasks.o
 .debug_pubnames
                0x00000e11      0x138 ./FreeRTOS-Source/timers.o
 .debug_pubnames
                0x00000f49       0x88 ./FreeRTOS-Source/portable/MemMang/heap_4.o
 .debug_pubnames
                0x00000fd1       0xfe ./FreeRTOS-Source/portable/GCC/ARM_CM3/port.o
 .debug_pubnames
                0x000010cf      0x3fd ./Demo_Tasks/demo_tasks.o
 .debug_pubnames
                0x000014cc       0x22 ./Blinky-Demo/main_blinky.o
 .debug_pubnames
                0x000014ee       0xeb C:/Users/S-SPACE/Desktop/Pratik/FreeRTOS/FreeRTOS_SC_v3.5/FSW_FreeRTOS/CORTEX_SmartFusion2_M2S050_SoftConsole/RTOSDemo_Hardware_Platform/Debug/CMSIS/startup_gcc/newlib_stubs.o
 .debug_pubnames
                0x000015d9      0x50f C:\Users\S-SPACE\Desktop\Pratik\FreeRTOS\FreeRTOS_SC_v3.5\FSW_FreeRTOS\CORTEX_SmartFusion2_M2S050_SoftConsole\RTOSDemo_Hardware_Platform\Debug\libRTOSDemo_Hardware_Platform.a(mss_uart.o)
 .debug_pubnames
                0x00001ae8      0x2b9 C:\Users\S-SPACE\Desktop\Pratik\FreeRTOS\FreeRTOS_SC_v3.5\FSW_FreeRTOS\CORTEX_SmartFusion2_M2S050_SoftConsole\RTOSDemo_Hardware_Platform\Debug\libRTOSDemo_Hardware_Platform.a(core_i2c.o)
 .debug_pubnames
                0x00001da1       0x39 C:\Users\S-SPACE\Desktop\Pratik\FreeRTOS\FreeRTOS_SC_v3.5\FSW_FreeRTOS\CORTEX_SmartFusion2_M2S050_SoftConsole\RTOSDemo_Hardware_Platform\Debug\libRTOSDemo_Hardware_Platform.a(i2c_interrupt.o)
 .debug_pubnames
                0x00001dda       0xcb C:\Users\S-SPACE\Desktop\Pratik\FreeRTOS\FreeRTOS_SC_v3.5\FSW_FreeRTOS\CORTEX_SmartFusion2_M2S050_SoftConsole\RTOSDemo_Hardware_Platform\Debug\libRTOSDemo_Hardware_Platform.a(system_m2sxxx.o)

.debug_info     0x00000000     0xf07c
 *(.debug_info .gnu.linkonce.wi.*)
 .debug_info    0x00000000       0xf2 ./RunTimeStatsTimer.o
 .debug_info    0x000000f2      0x565 ./main.o
 .debug_info    0x00000657      0x424 ./printf-stdarg.o
 .debug_info    0x00000a7b      0xc5e ./stream/stream.o
 .debug_info    0x000016d9      0x8c5 ./pilot/get_data.o
 .debug_info    0x00001f9e      0x658 ./pilot/init.o
 .debug_info    0x000025f6      0x3f8 ./pilot/peripherals.o
 .debug_info    0x000029ee       0x29 ./pilot/pilot.o
 .debug_info    0x00002a17       0x29 ./pilot/pslv_interface.o
 .debug_info    0x00002a40      0x755 ./pilot/read.o
 .debug_info    0x00003195      0x634 ./pilot/write.o
 .debug_info    0x000037c9       0xfd ./osal/osal.o
 .debug_info    0x000038c6      0x73d ./cmds/cmd.o
 .debug_info    0x00004003      0x2c0 ./FreeRTOS-Source/list.o
 .debug_info    0x000042c3     0x135d ./FreeRTOS-Source/queue.o
 .debug_info    0x00005620     0x2038 ./FreeRTOS-Source/tasks.o
 .debug_info    0x00007658      0xd8a ./FreeRTOS-Source/timers.o
 .debug_info    0x000083e2      0x3d8 ./FreeRTOS-Source/portable/MemMang/heap_4.o
 .debug_info    0x000087ba      0x4af ./FreeRTOS-Source/portable/GCC/ARM_CM3/port.o
 .debug_info    0x00008c69     0x1c21 ./Demo_Tasks/demo_tasks.o
 .debug_info    0x0000a88a      0x1a1 ./Blinky-Demo/main_blinky.o
 .debug_info    0x0000aa2b      0x6c3 C:/Users/S-SPACE/Desktop/Pratik/FreeRTOS/FreeRTOS_SC_v3.5/FSW_FreeRTOS/CORTEX_SmartFusion2_M2S050_SoftConsole/RTOSDemo_Hardware_Platform/Debug/CMSIS/startup_gcc/newlib_stubs.o
 .debug_info    0x0000b0ee     0x1ed4 C:\Users\S-SPACE\Desktop\Pratik\FreeRTOS\FreeRTOS_SC_v3.5\FSW_FreeRTOS\CORTEX_SmartFusion2_M2S050_SoftConsole\RTOSDemo_Hardware_Platform\Debug\libRTOSDemo_Hardware_Platform.a(mss_uart.o)
 .debug_info    0x0000cfc2      0xd0c C:\Users\S-SPACE\Desktop\Pratik\FreeRTOS\FreeRTOS_SC_v3.5\FSW_FreeRTOS\CORTEX_SmartFusion2_M2S050_SoftConsole\RTOSDemo_Hardware_Platform\Debug\libRTOSDemo_Hardware_Platform.a(core_i2c.o)
 .debug_info    0x0000dcce      0x7ce C:\Users\S-SPACE\Desktop\Pratik\FreeRTOS\FreeRTOS_SC_v3.5\FSW_FreeRTOS\CORTEX_SmartFusion2_M2S050_SoftConsole\RTOSDemo_Hardware_Platform\Debug\libRTOSDemo_Hardware_Platform.a(i2c_interrupt.o)
 .debug_info    0x0000e49c      0xbe0 C:\Users\S-SPACE\Desktop\Pratik\FreeRTOS\FreeRTOS_SC_v3.5\FSW_FreeRTOS\CORTEX_SmartFusion2_M2S050_SoftConsole\RTOSDemo_Hardware_Platform\Debug\libRTOSDemo_Hardware_Platform.a(system_m2sxxx.o)

.debug_abbrev   0x00000000     0x2533
 *(.debug_abbrev)
 .debug_abbrev  0x00000000       0x92 ./RunTimeStatsTimer.o
 .debug_abbrev  0x00000092      0x1b8 ./main.o
 .debug_abbrev  0x0000024a      0x147 ./printf-stdarg.o
 .debug_abbrev  0x00000391      0x1d4 ./stream/stream.o
 .debug_abbrev  0x00000565      0x197 ./pilot/get_data.o
 .debug_abbrev  0x000006fc      0x197 ./pilot/init.o
 .debug_abbrev  0x00000893      0x104 ./pilot/peripherals.o
 .debug_abbrev  0x00000997       0x16 ./pilot/pilot.o
 .debug_abbrev  0x000009ad       0x16 ./pilot/pslv_interface.o
 .debug_abbrev  0x000009c3      0x1a8 ./pilot/read.o
 .debug_abbrev  0x00000b6b      0x172 ./pilot/write.o
 .debug_abbrev  0x00000cdd       0x90 ./osal/osal.o
 .debug_abbrev  0x00000d6d      0x1da ./cmds/cmd.o
 .debug_abbrev  0x00000f47       0xc5 ./FreeRTOS-Source/list.o
 .debug_abbrev  0x0000100c      0x1d2 ./FreeRTOS-Source/queue.o
 .debug_abbrev  0x000011de      0x252 ./FreeRTOS-Source/tasks.o
 .debug_abbrev  0x00001430      0x1a9 ./FreeRTOS-Source/timers.o
 .debug_abbrev  0x000015d9      0x1b7 ./FreeRTOS-Source/portable/MemMang/heap_4.o
 .debug_abbrev  0x00001790      0x1f7 ./FreeRTOS-Source/portable/GCC/ARM_CM3/port.o
 .debug_abbrev  0x00001987      0x2ae ./Demo_Tasks/demo_tasks.o
 .debug_abbrev  0x00001c35       0xd9 ./Blinky-Demo/main_blinky.o
 .debug_abbrev  0x00001d0e      0x158 C:/Users/S-SPACE/Desktop/Pratik/FreeRTOS/FreeRTOS_SC_v3.5/FSW_FreeRTOS/CORTEX_SmartFusion2_M2S050_SoftConsole/RTOSDemo_Hardware_Platform/Debug/CMSIS/startup_gcc/newlib_stubs.o
 .debug_abbrev  0x00001e66      0x280 C:\Users\S-SPACE\Desktop\Pratik\FreeRTOS\FreeRTOS_SC_v3.5\FSW_FreeRTOS\CORTEX_SmartFusion2_M2S050_SoftConsole\RTOSDemo_Hardware_Platform\Debug\libRTOSDemo_Hardware_Platform.a(mss_uart.o)
 .debug_abbrev  0x000020e6      0x185 C:\Users\S-SPACE\Desktop\Pratik\FreeRTOS\FreeRTOS_SC_v3.5\FSW_FreeRTOS\CORTEX_SmartFusion2_M2S050_SoftConsole\RTOSDemo_Hardware_Platform\Debug\libRTOSDemo_Hardware_Platform.a(core_i2c.o)
 .debug_abbrev  0x0000226b      0x169 C:\Users\S-SPACE\Desktop\Pratik\FreeRTOS\FreeRTOS_SC_v3.5\FSW_FreeRTOS\CORTEX_SmartFusion2_M2S050_SoftConsole\RTOSDemo_Hardware_Platform\Debug\libRTOSDemo_Hardware_Platform.a(i2c_interrupt.o)
 .debug_abbrev  0x000023d4      0x15f C:\Users\S-SPACE\Desktop\Pratik\FreeRTOS\FreeRTOS_SC_v3.5\FSW_FreeRTOS\CORTEX_SmartFusion2_M2S050_SoftConsole\RTOSDemo_Hardware_Platform\Debug\libRTOSDemo_Hardware_Platform.a(system_m2sxxx.o)

.debug_line     0x00000000    0x1210d
 *(.debug_line)
 .debug_line    0x00000000      0x389 ./RunTimeStatsTimer.o
 .debug_line    0x00000389     0x1643 ./main.o
 .debug_line    0x000019cc      0x45f ./printf-stdarg.o
 .debug_line    0x00001e2b     0x1708 ./stream/stream.o
 .debug_line    0x00003533     0x1324 ./pilot/get_data.o
 .debug_line    0x00004857     0x11e1 ./pilot/init.o
 .debug_line    0x00005a38     0x11aa ./pilot/peripherals.o
 .debug_line    0x00006be2       0x31 ./pilot/pilot.o
 .debug_line    0x00006c13       0x3a ./pilot/pslv_interface.o
 .debug_line    0x00006c4d     0x161e ./pilot/read.o
 .debug_line    0x0000826b     0x11e1 ./pilot/write.o
 .debug_line    0x0000944c      0x420 ./osal/osal.o
 .debug_line    0x0000986c     0x1786 ./cmds/cmd.o
 .debug_line    0x0000aff2      0x589 ./FreeRTOS-Source/list.o
 .debug_line    0x0000b57b      0xac2 ./FreeRTOS-Source/queue.o
 .debug_line    0x0000c03d      0xf40 ./FreeRTOS-Source/tasks.o
 .debug_line    0x0000cf7d      0x848 ./FreeRTOS-Source/timers.o
 .debug_line    0x0000d7c5      0x639 ./FreeRTOS-Source/portable/MemMang/heap_4.o
 .debug_line    0x0000ddfe      0x500 ./FreeRTOS-Source/portable/GCC/ARM_CM3/port.o
 .debug_line    0x0000e2fe     0x1a4e ./Demo_Tasks/demo_tasks.o
 .debug_line    0x0000fd4c      0x5b2 ./Blinky-Demo/main_blinky.o
 .debug_line    0x000102fe      0x4aa C:/Users/S-SPACE/Desktop/Pratik/FreeRTOS/FreeRTOS_SC_v3.5/FSW_FreeRTOS/CORTEX_SmartFusion2_M2S050_SoftConsole/RTOSDemo_Hardware_Platform/Debug/CMSIS/startup_gcc/newlib_stubs.o
 .debug_line    0x000107a8      0x8f8 C:\Users\S-SPACE\Desktop\Pratik\FreeRTOS\FreeRTOS_SC_v3.5\FSW_FreeRTOS\CORTEX_SmartFusion2_M2S050_SoftConsole\RTOSDemo_Hardware_Platform\Debug\libRTOSDemo_Hardware_Platform.a(mss_uart.o)
 .debug_line    0x000110a0      0x8bd C:\Users\S-SPACE\Desktop\Pratik\FreeRTOS\FreeRTOS_SC_v3.5\FSW_FreeRTOS\CORTEX_SmartFusion2_M2S050_SoftConsole\RTOSDemo_Hardware_Platform\Debug\libRTOSDemo_Hardware_Platform.a(core_i2c.o)
 .debug_line    0x0001195d      0x56f C:\Users\S-SPACE\Desktop\Pratik\FreeRTOS\FreeRTOS_SC_v3.5\FSW_FreeRTOS\CORTEX_SmartFusion2_M2S050_SoftConsole\RTOSDemo_Hardware_Platform\Debug\libRTOSDemo_Hardware_Platform.a(i2c_interrupt.o)
 .debug_line    0x00011ecc      0x241 C:\Users\S-SPACE\Desktop\Pratik\FreeRTOS\FreeRTOS_SC_v3.5\FSW_FreeRTOS\CORTEX_SmartFusion2_M2S050_SoftConsole\RTOSDemo_Hardware_Platform\Debug\libRTOSDemo_Hardware_Platform.a(system_m2sxxx.o)

.debug_frame    0x00000000     0x27b0
 *(.debug_frame)
 .debug_frame   0x00000000       0x44 ./RunTimeStatsTimer.o
 .debug_frame   0x00000044       0xac ./main.o
 .debug_frame   0x000000f0      0x134 ./printf-stdarg.o
 .debug_frame   0x00000224       0x4c ./stream/stream.o
 .debug_frame   0x00000270      0x170 ./pilot/get_data.o
 .debug_frame   0x000003e0       0x30 ./pilot/init.o
 .debug_frame   0x00000410       0x30 ./pilot/read.o
 .debug_frame   0x00000440       0x30 ./pilot/write.o
 .debug_frame   0x00000470       0x4c ./osal/osal.o
 .debug_frame   0x000004bc       0xf8 ./cmds/cmd.o
 .debug_frame   0x000005b4       0x9c ./FreeRTOS-Source/list.o
 .debug_frame   0x00000650      0x398 ./FreeRTOS-Source/queue.o
 .debug_frame   0x000009e8      0x724 ./FreeRTOS-Source/tasks.o
 .debug_frame   0x0000110c      0x2b8 ./FreeRTOS-Source/timers.o
 .debug_frame   0x000013c4       0xd0 ./FreeRTOS-Source/portable/MemMang/heap_4.o
 .debug_frame   0x00001494      0x140 ./FreeRTOS-Source/portable/GCC/ARM_CM3/port.o
 .debug_frame   0x000015d4      0x254 ./Demo_Tasks/demo_tasks.o
 .debug_frame   0x00001828       0x70 ./Blinky-Demo/main_blinky.o
 .debug_frame   0x00001898      0x21c C:/Users/S-SPACE/Desktop/Pratik/FreeRTOS/FreeRTOS_SC_v3.5/FSW_FreeRTOS/CORTEX_SmartFusion2_M2S050_SoftConsole/RTOSDemo_Hardware_Platform/Debug/CMSIS/startup_gcc/newlib_stubs.o
 .debug_frame   0x00001ab4      0x6b4 C:\Users\S-SPACE\Desktop\Pratik\FreeRTOS\FreeRTOS_SC_v3.5\FSW_FreeRTOS\CORTEX_SmartFusion2_M2S050_SoftConsole\RTOSDemo_Hardware_Platform\Debug\libRTOSDemo_Hardware_Platform.a(mss_uart.o)
 .debug_frame   0x00002168      0x3e4 C:\Users\S-SPACE\Desktop\Pratik\FreeRTOS\FreeRTOS_SC_v3.5\FSW_FreeRTOS\CORTEX_SmartFusion2_M2S050_SoftConsole\RTOSDemo_Hardware_Platform\Debug\libRTOSDemo_Hardware_Platform.a(core_i2c.o)
 .debug_frame   0x0000254c       0x88 C:\Users\S-SPACE\Desktop\Pratik\FreeRTOS\FreeRTOS_SC_v3.5\FSW_FreeRTOS\CORTEX_SmartFusion2_M2S050_SoftConsole\RTOSDemo_Hardware_Platform\Debug\libRTOSDemo_Hardware_Platform.a(i2c_interrupt.o)
 .debug_frame   0x000025d4       0xf4 C:\Users\S-SPACE\Desktop\Pratik\FreeRTOS\FreeRTOS_SC_v3.5\FSW_FreeRTOS\CORTEX_SmartFusion2_M2S050_SoftConsole\RTOSDemo_Hardware_Platform\Debug\libRTOSDemo_Hardware_Platform.a(system_m2sxxx.o)
 .debug_frame   0x000026c8       0x20 c:/program files (x86)/microsemi/softconsole v3.4/sourcery-g++/bin/../lib/gcc/arm-none-eabi/4.4.1/../../../../arm-none-eabi/lib/thumb2\libc.a(lib_a-errno.o)
 .debug_frame   0x000026e8       0x2c c:/program files (x86)/microsemi/softconsole v3.4/sourcery-g++/bin/../lib/gcc/arm-none-eabi/4.4.1/../../../../arm-none-eabi/lib/thumb2\libc.a(lib_a-init.o)
 .debug_frame   0x00002714       0x34 c:/program files (x86)/microsemi/softconsole v3.4/sourcery-g++/bin/../lib/gcc/arm-none-eabi/4.4.1/../../../../arm-none-eabi/lib/thumb2\libc.a(lib_a-memcpy.o)
 .debug_frame   0x00002748       0x28 c:/program files (x86)/microsemi/softconsole v3.4/sourcery-g++/bin/../lib/gcc/arm-none-eabi/4.4.1/../../../../arm-none-eabi/lib/thumb2\libc.a(lib_a-memset.o)
 .debug_frame   0x00002770       0x20 c:/program files (x86)/microsemi/softconsole v3.4/sourcery-g++/bin/../lib/gcc/arm-none-eabi/4.4.1/../../../../arm-none-eabi/lib/thumb2\libc.a(lib_a-strcpy.o)
 .debug_frame   0x00002790       0x20 c:/program files (x86)/microsemi/softconsole v3.4/sourcery-g++/bin/../lib/gcc/arm-none-eabi/4.4.1/../../../../arm-none-eabi/lib/thumb2\libc.a(lib_a-strlen.o)

.debug_str      0x00000000     0x4bfd
 *(.debug_str)
 .debug_str     0x00000000      0x16b ./RunTimeStatsTimer.o
                                0x19f (size before relaxing)
 .debug_str     0x0000016b      0x386 ./main.o
                                0x509 (size before relaxing)
 .debug_str     0x000004f1       0x8c ./printf-stdarg.o
                                0x1c0 (size before relaxing)
 .debug_str     0x0000057d      0x729 ./stream/stream.o
                                0xc05 (size before relaxing)
 .debug_str     0x00000ca6      0x1df ./pilot/get_data.o
                                0x60e (size before relaxing)
 .debug_str     0x00000e85      0x1dd ./pilot/init.o
                                0x689 (size before relaxing)
 .debug_str     0x00001062       0x73 ./pilot/peripherals.o
                                0x479 (size before relaxing)
 .debug_str     0x000010d5       0x11 ./pilot/pilot.o
                                 0x9a (size before relaxing)
 .debug_str     0x000010e6       0x1a ./pilot/pslv_interface.o
                                 0xa3 (size before relaxing)
 .debug_str     0x00001100       0x1d ./pilot/read.o
                                0x6e9 (size before relaxing)
 .debug_str     0x0000111d       0x1f ./pilot/write.o
                                0x69a (size before relaxing)
 .debug_str     0x0000113c       0x46 ./osal/osal.o
                                0x16a (size before relaxing)
 .debug_str     0x00001182       0x8b ./cmds/cmd.o
                                0x54c (size before relaxing)
 .debug_str     0x0000120d      0x143 ./FreeRTOS-Source/list.o
                                0x274 (size before relaxing)
 .debug_str     0x00001350      0x51f ./FreeRTOS-Source/queue.o
                                0x75c (size before relaxing)
 .debug_str     0x0000186f      0xc52 ./FreeRTOS-Source/tasks.o
                                0xfa3 (size before relaxing)
 .debug_str     0x000024c1      0x4df ./FreeRTOS-Source/timers.o
                                0x768 (size before relaxing)
 .debug_str     0x000029a0      0x1d7 ./FreeRTOS-Source/portable/MemMang/heap_4.o
                                0x334 (size before relaxing)
 .debug_str     0x00002b77      0x1e0 ./FreeRTOS-Source/portable/GCC/ARM_CM3/port.o
                                0x39d (size before relaxing)
 .debug_str     0x00002d57      0x4e4 ./Demo_Tasks/demo_tasks.o
                               0x145f (size before relaxing)
 .debug_str     0x0000323b       0x7a ./Blinky-Demo/main_blinky.o
                                0x1e1 (size before relaxing)
 .debug_str     0x000032b5      0x271 C:/Users/S-SPACE/Desktop/Pratik/FreeRTOS/FreeRTOS_SC_v3.5/FSW_FreeRTOS/CORTEX_SmartFusion2_M2S050_SoftConsole/RTOSDemo_Hardware_Platform/Debug/CMSIS/startup_gcc/newlib_stubs.o
                                0x34f (size before relaxing)
 .debug_str     0x00003526     0x107a C:\Users\S-SPACE\Desktop\Pratik\FreeRTOS\FreeRTOS_SC_v3.5\FSW_FreeRTOS\CORTEX_SmartFusion2_M2S050_SoftConsole\RTOSDemo_Hardware_Platform\Debug\libRTOSDemo_Hardware_Platform.a(mss_uart.o)
                               0x19c8 (size before relaxing)
 .debug_str     0x000045a0      0x477 C:\Users\S-SPACE\Desktop\Pratik\FreeRTOS\FreeRTOS_SC_v3.5\FSW_FreeRTOS\CORTEX_SmartFusion2_M2S050_SoftConsole\RTOSDemo_Hardware_Platform\Debug\libRTOSDemo_Hardware_Platform.a(core_i2c.o)
                                0x96d (size before relaxing)
 .debug_str     0x00004a17       0x42 C:\Users\S-SPACE\Desktop\Pratik\FreeRTOS\FreeRTOS_SC_v3.5\FSW_FreeRTOS\CORTEX_SmartFusion2_M2S050_SoftConsole\RTOSDemo_Hardware_Platform\Debug\libRTOSDemo_Hardware_Platform.a(i2c_interrupt.o)
                                0x9ef (size before relaxing)
 .debug_str     0x00004a59      0x1a4 C:\Users\S-SPACE\Desktop\Pratik\FreeRTOS\FreeRTOS_SC_v3.5\FSW_FreeRTOS\CORTEX_SmartFusion2_M2S050_SoftConsole\RTOSDemo_Hardware_Platform\Debug\libRTOSDemo_Hardware_Platform.a(system_m2sxxx.o)
                                0xa63 (size before relaxing)

.debug_loc      0x00000000     0x41c6
 *(.debug_loc)
 .debug_loc     0x00000000       0x62 ./RunTimeStatsTimer.o
 .debug_loc     0x00000062      0x11a ./main.o
 .debug_loc     0x0000017c      0x1df ./printf-stdarg.o
 .debug_loc     0x0000035b       0x6e ./stream/stream.o
 .debug_loc     0x000003c9      0x261 ./pilot/get_data.o
 .debug_loc     0x0000062a       0x37 ./pilot/init.o
 .debug_loc     0x00000661       0x37 ./pilot/read.o
 .debug_loc     0x00000698       0x37 ./pilot/write.o
 .debug_loc     0x000006cf       0x6e ./osal/osal.o
 .debug_loc     0x0000073d      0x1ac ./cmds/cmd.o
 .debug_loc     0x000008e9      0x113 ./FreeRTOS-Source/list.o
 .debug_loc     0x000009fc      0x645 ./FreeRTOS-Source/queue.o
 .debug_loc     0x00001041      0xc7f ./FreeRTOS-Source/tasks.o
 .debug_loc     0x00001cc0      0x4af ./FreeRTOS-Source/timers.o
 .debug_loc     0x0000216f      0x15d ./FreeRTOS-Source/portable/MemMang/heap_4.o
 .debug_loc     0x000022cc      0x1e3 ./FreeRTOS-Source/portable/GCC/ARM_CM3/port.o
 .debug_loc     0x000024af      0x3ce ./Demo_Tasks/demo_tasks.o
 .debug_loc     0x0000287d       0xa5 ./Blinky-Demo/main_blinky.o
 .debug_loc     0x00002922      0x3c6 C:/Users/S-SPACE/Desktop/Pratik/FreeRTOS/FreeRTOS_SC_v3.5/FSW_FreeRTOS/CORTEX_SmartFusion2_M2S050_SoftConsole/RTOSDemo_Hardware_Platform/Debug/CMSIS/startup_gcc/newlib_stubs.o
 .debug_loc     0x00002ce8      0xbb9 C:\Users\S-SPACE\Desktop\Pratik\FreeRTOS\FreeRTOS_SC_v3.5\FSW_FreeRTOS\CORTEX_SmartFusion2_M2S050_SoftConsole\RTOSDemo_Hardware_Platform\Debug\libRTOSDemo_Hardware_Platform.a(mss_uart.o)
 .debug_loc     0x000038a1      0x6a9 C:\Users\S-SPACE\Desktop\Pratik\FreeRTOS\FreeRTOS_SC_v3.5\FSW_FreeRTOS\CORTEX_SmartFusion2_M2S050_SoftConsole\RTOSDemo_Hardware_Platform\Debug\libRTOSDemo_Hardware_Platform.a(core_i2c.o)
 .debug_loc     0x00003f4a       0xdc C:\Users\S-SPACE\Desktop\Pratik\FreeRTOS\FreeRTOS_SC_v3.5\FSW_FreeRTOS\CORTEX_SmartFusion2_M2S050_SoftConsole\RTOSDemo_Hardware_Platform\Debug\libRTOSDemo_Hardware_Platform.a(i2c_interrupt.o)
 .debug_loc     0x00004026      0x1a0 C:\Users\S-SPACE\Desktop\Pratik\FreeRTOS\FreeRTOS_SC_v3.5\FSW_FreeRTOS\CORTEX_SmartFusion2_M2S050_SoftConsole\RTOSDemo_Hardware_Platform\Debug\libRTOSDemo_Hardware_Platform.a(system_m2sxxx.o)

.debug_macinfo  0x00000000    0xcd5ef
 *(.debug_macinfo)
 .debug_macinfo
                0x00000000     0x4745 ./RunTimeStatsTimer.o
 .debug_macinfo
                0x00004745     0xed8a ./main.o
 .debug_macinfo
                0x000134cf     0x46e7 ./printf-stdarg.o
 .debug_macinfo
                0x00017bb6     0xd2a1 ./stream/stream.o
 .debug_macinfo
                0x00024e57     0x8d51 ./pilot/get_data.o
 .debug_macinfo
                0x0002dba8     0x8d66 ./pilot/init.o
 .debug_macinfo
                0x0003690e     0x8bf7 ./pilot/peripherals.o
 .debug_macinfo
                0x0003f505      0xc81 ./pilot/pilot.o
 .debug_macinfo
                0x00040186      0xc81 ./pilot/pslv_interface.o
 .debug_macinfo
                0x00040e07     0xca31 ./pilot/read.o
 .debug_macinfo
                0x0004d838     0x8c4f ./pilot/write.o
 .debug_macinfo
                0x00056487     0x5348 ./osal/osal.o
 .debug_macinfo
                0x0005b7cf     0xd292 ./cmds/cmd.o
 .debug_macinfo
                0x00068a61     0x699e ./FreeRTOS-Source/list.o
 .debug_macinfo
                0x0006f3ff     0x7af7 ./FreeRTOS-Source/queue.o
 .debug_macinfo
                0x00076ef6     0x8e0f ./FreeRTOS-Source/tasks.o
 .debug_macinfo
                0x0007fd05     0x8022 ./FreeRTOS-Source/timers.o
 .debug_macinfo
                0x00087d27     0x703b ./FreeRTOS-Source/portable/MemMang/heap_4.o
 .debug_macinfo
                0x0008ed62     0x589b ./FreeRTOS-Source/portable/GCC/ARM_CM3/port.o
 .debug_macinfo
                0x000945fd    0x107dd ./Demo_Tasks/demo_tasks.o
 .debug_macinfo
                0x000a4dda     0x8a73 ./Blinky-Demo/main_blinky.o
 .debug_macinfo
                0x000ad84d     0x4bf0 C:/Users/S-SPACE/Desktop/Pratik/FreeRTOS/FreeRTOS_SC_v3.5/FSW_FreeRTOS/CORTEX_SmartFusion2_M2S050_SoftConsole/RTOSDemo_Hardware_Platform/Debug/CMSIS/startup_gcc/newlib_stubs.o
 .debug_macinfo
                0x000b243d     0x80de C:\Users\S-SPACE\Desktop\Pratik\FreeRTOS\FreeRTOS_SC_v3.5\FSW_FreeRTOS\CORTEX_SmartFusion2_M2S050_SoftConsole\RTOSDemo_Hardware_Platform\Debug\libRTOSDemo_Hardware_Platform.a(mss_uart.o)
 .debug_macinfo
                0x000ba51b     0x44f1 C:\Users\S-SPACE\Desktop\Pratik\FreeRTOS\FreeRTOS_SC_v3.5\FSW_FreeRTOS\CORTEX_SmartFusion2_M2S050_SoftConsole\RTOSDemo_Hardware_Platform\Debug\libRTOSDemo_Hardware_Platform.a(core_i2c.o)
 .debug_macinfo
                0x000bea0c     0x7939 C:\Users\S-SPACE\Desktop\Pratik\FreeRTOS\FreeRTOS_SC_v3.5\FSW_FreeRTOS\CORTEX_SmartFusion2_M2S050_SoftConsole\RTOSDemo_Hardware_Platform\Debug\libRTOSDemo_Hardware_Platform.a(i2c_interrupt.o)
 .debug_macinfo
                0x000c6345     0x72aa C:\Users\S-SPACE\Desktop\Pratik\FreeRTOS\FreeRTOS_SC_v3.5\FSW_FreeRTOS\CORTEX_SmartFusion2_M2S050_SoftConsole\RTOSDemo_Hardware_Platform\Debug\libRTOSDemo_Hardware_Platform.a(system_m2sxxx.o)

.debug_weaknames
 *(.debug_weaknames)

.debug_funcnames
 *(.debug_funcnames)

.debug_typenames
 *(.debug_typenames)

.debug_varnames
 *(.debug_varnames)

.note.gnu.arm.ident
 *(.note.gnu.arm.ident)

.ARM.attributes
                0x00000000       0x25
 *(.ARM.attributes)
 .ARM.attributes
                0x00000000       0x19 c:/program files (x86)/microsemi/softconsole v3.4/sourcery-g++/bin/../lib/gcc/arm-none-eabi/4.4.1/thumb2/crti.o
 .ARM.attributes
                0x00000019       0x29 c:/program files (x86)/microsemi/softconsole v3.4/sourcery-g++/bin/../lib/gcc/arm-none-eabi/4.4.1/thumb2/crtbegin.o
 .ARM.attributes
                0x00000042       0x31 ./RunTimeStatsTimer.o
 .ARM.attributes
                0x00000073       0x31 ./main.o
 .ARM.attributes
                0x000000a4       0x31 ./printf-stdarg.o
 .ARM.attributes
                0x000000d5       0x31 ./stream/stream.o
 .ARM.attributes
                0x00000106       0x31 ./pilot/get_data.o
 .ARM.attributes
                0x00000137       0x31 ./pilot/init.o
 .ARM.attributes
                0x00000168       0x31 ./pilot/peripherals.o
 .ARM.attributes
                0x00000199       0x31 ./pilot/pilot.o
 .ARM.attributes
                0x000001ca       0x31 ./pilot/pslv_interface.o
 .ARM.attributes
                0x000001fb       0x31 ./pilot/read.o
 .ARM.attributes
                0x0000022c       0x31 ./pilot/write.o
 .ARM.attributes
                0x0000025d       0x31 ./osal/osal.o
 .ARM.attributes
                0x0000028e       0x31 ./cmds/cmd.o
 .ARM.attributes
                0x000002bf       0x31 ./FreeRTOS-Source/list.o
 .ARM.attributes
                0x000002f0       0x31 ./FreeRTOS-Source/queue.o
 .ARM.attributes
                0x00000321       0x31 ./FreeRTOS-Source/tasks.o
 .ARM.attributes
                0x00000352       0x31 ./FreeRTOS-Source/timers.o
 .ARM.attributes
                0x00000383       0x31 ./FreeRTOS-Source/portable/MemMang/heap_4.o
 .ARM.attributes
                0x000003b4       0x31 ./FreeRTOS-Source/portable/GCC/ARM_CM3/port.o
 .ARM.attributes
                0x000003e5       0x31 ./Demo_Tasks/demo_tasks.o
 .ARM.attributes
                0x00000416       0x31 ./Blinky-Demo/main_blinky.o
 .ARM.attributes
                0x00000447       0x21 C:/Users/S-SPACE/Desktop/Pratik/FreeRTOS/FreeRTOS_SC_v3.5/FSW_FreeRTOS/CORTEX_SmartFusion2_M2S050_SoftConsole/RTOSDemo_Hardware_Platform/Debug/CMSIS/startup_gcc/startup_m2sxxx.o
 .ARM.attributes
                0x00000468       0x31 C:/Users/S-SPACE/Desktop/Pratik/FreeRTOS/FreeRTOS_SC_v3.5/FSW_FreeRTOS/CORTEX_SmartFusion2_M2S050_SoftConsole/RTOSDemo_Hardware_Platform/Debug/CMSIS/startup_gcc/newlib_stubs.o
 .ARM.attributes
                0x00000499       0x31 C:\Users\S-SPACE\Desktop\Pratik\FreeRTOS\FreeRTOS_SC_v3.5\FSW_FreeRTOS\CORTEX_SmartFusion2_M2S050_SoftConsole\RTOSDemo_Hardware_Platform\Debug\libRTOSDemo_Hardware_Platform.a(mss_uart.o)
 .ARM.attributes
                0x000004ca       0x31 C:\Users\S-SPACE\Desktop\Pratik\FreeRTOS\FreeRTOS_SC_v3.5\FSW_FreeRTOS\CORTEX_SmartFusion2_M2S050_SoftConsole\RTOSDemo_Hardware_Platform\Debug\libRTOSDemo_Hardware_Platform.a(core_i2c.o)
 .ARM.attributes
                0x000004fb       0x31 C:\Users\S-SPACE\Desktop\Pratik\FreeRTOS\FreeRTOS_SC_v3.5\FSW_FreeRTOS\CORTEX_SmartFusion2_M2S050_SoftConsole\RTOSDemo_Hardware_Platform\Debug\libRTOSDemo_Hardware_Platform.a(i2c_interrupt.o)
 .ARM.attributes
                0x0000052c       0x31 C:\Users\S-SPACE\Desktop\Pratik\FreeRTOS\FreeRTOS_SC_v3.5\FSW_FreeRTOS\CORTEX_SmartFusion2_M2S050_SoftConsole\RTOSDemo_Hardware_Platform\Debug\libRTOSDemo_Hardware_Platform.a(system_m2sxxx.o)
 .ARM.attributes
                0x0000055d       0x21 C:\Users\S-SPACE\Desktop\Pratik\FreeRTOS\FreeRTOS_SC_v3.5\FSW_FreeRTOS\CORTEX_SmartFusion2_M2S050_SoftConsole\RTOSDemo_Hardware_Platform\Debug\libRTOSDemo_Hardware_Platform.a(hal.o)
 .ARM.attributes
                0x0000057e       0x21 C:\Users\S-SPACE\Desktop\Pratik\FreeRTOS\FreeRTOS_SC_v3.5\FSW_FreeRTOS\CORTEX_SmartFusion2_M2S050_SoftConsole\RTOSDemo_Hardware_Platform\Debug\libRTOSDemo_Hardware_Platform.a(hw_reg_access.o)
 .ARM.attributes
                0x0000059f       0x29 c:/program files (x86)/microsemi/softconsole v3.4/sourcery-g++/bin/../lib/gcc/arm-none-eabi/4.4.1/../../../../arm-none-eabi/lib/thumb2\libc.a(lib_a-errno.o)
 .ARM.attributes
                0x000005c8       0x29 c:/program files (x86)/microsemi/softconsole v3.4/sourcery-g++/bin/../lib/gcc/arm-none-eabi/4.4.1/../../../../arm-none-eabi/lib/thumb2\libc.a(lib_a-impure.o)
 .ARM.attributes
                0x000005f1       0x29 c:/program files (x86)/microsemi/softconsole v3.4/sourcery-g++/bin/../lib/gcc/arm-none-eabi/4.4.1/../../../../arm-none-eabi/lib/thumb2\libc.a(lib_a-init.o)
 .ARM.attributes
                0x0000061a       0x29 c:/program files (x86)/microsemi/softconsole v3.4/sourcery-g++/bin/../lib/gcc/arm-none-eabi/4.4.1/../../../../arm-none-eabi/lib/thumb2\libc.a(lib_a-memcpy.o)
 .ARM.attributes
                0x00000643       0x29 c:/program files (x86)/microsemi/softconsole v3.4/sourcery-g++/bin/../lib/gcc/arm-none-eabi/4.4.1/../../../../arm-none-eabi/lib/thumb2\libc.a(lib_a-memset.o)
 .ARM.attributes
                0x0000066c       0x29 c:/program files (x86)/microsemi/softconsole v3.4/sourcery-g++/bin/../lib/gcc/arm-none-eabi/4.4.1/../../../../arm-none-eabi/lib/thumb2\libc.a(lib_a-strcpy.o)
 .ARM.attributes
                0x00000695       0x29 c:/program files (x86)/microsemi/softconsole v3.4/sourcery-g++/bin/../lib/gcc/arm-none-eabi/4.4.1/../../../../arm-none-eabi/lib/thumb2\libc.a(lib_a-strlen.o)
 .ARM.attributes
                0x000006be       0x29 c:/program files (x86)/microsemi/softconsole v3.4/sourcery-g++/bin/../lib/gcc/arm-none-eabi/4.4.1/thumb2/crtend.o
 .ARM.attributes
                0x000006e7       0x19 c:/program files (x86)/microsemi/softconsole v3.4/sourcery-g++/bin/../lib/gcc/arm-none-eabi/4.4.1/thumb2/crtn.o

/DISCARD/
 *(.note.GNU-stack)
 *(.isr_vector)
OUTPUT(RTOSDemo elf32-littlearm)

.debug_ranges   0x00000000      0xb70
 .debug_ranges  0x00000000       0x20 ./RunTimeStatsTimer.o
 .debug_ranges  0x00000020       0x40 ./main.o
 .debug_ranges  0x00000060       0x50 ./printf-stdarg.o
 .debug_ranges  0x000000b0       0x20 ./stream/stream.o
 .debug_ranges  0x000000d0       0x68 ./pilot/get_data.o
 .debug_ranges  0x00000138       0x18 ./pilot/init.o
 .debug_ranges  0x00000150       0x18 ./pilot/read.o
 .debug_ranges  0x00000168       0x18 ./pilot/write.o
 .debug_ranges  0x00000180       0x20 ./osal/osal.o
 .debug_ranges  0x000001a0       0x50 ./cmds/cmd.o
 .debug_ranges  0x000001f0       0x38 ./FreeRTOS-Source/list.o
 .debug_ranges  0x00000228       0xf8 ./FreeRTOS-Source/queue.o
 .debug_ranges  0x00000320      0x200 ./FreeRTOS-Source/tasks.o
 .debug_ranges  0x00000520       0xc0 ./FreeRTOS-Source/timers.o
 .debug_ranges  0x000005e0       0x48 ./FreeRTOS-Source/portable/MemMang/heap_4.o
 .debug_ranges  0x00000628       0x70 ./FreeRTOS-Source/portable/GCC/ARM_CM3/port.o
 .debug_ranges  0x00000698       0xa8 ./Demo_Tasks/demo_tasks.o
 .debug_ranges  0x00000740       0x28 ./Blinky-Demo/main_blinky.o
 .debug_ranges  0x00000768       0xa0 C:/Users/S-SPACE/Desktop/Pratik/FreeRTOS/FreeRTOS_SC_v3.5/FSW_FreeRTOS/CORTEX_SmartFusion2_M2S050_SoftConsole/RTOSDemo_Hardware_Platform/Debug/CMSIS/startup_gcc/newlib_stubs.o
 .debug_ranges  0x00000808      0x1c8 C:\Users\S-SPACE\Desktop\Pratik\FreeRTOS\FreeRTOS_SC_v3.5\FSW_FreeRTOS\CORTEX_SmartFusion2_M2S050_SoftConsole\RTOSDemo_Hardware_Platform\Debug\libRTOSDemo_Hardware_Platform.a(mss_uart.o)
 .debug_ranges  0x000009d0      0x120 C:\Users\S-SPACE\Desktop\Pratik\FreeRTOS\FreeRTOS_SC_v3.5\FSW_FreeRTOS\CORTEX_SmartFusion2_M2S050_SoftConsole\RTOSDemo_Hardware_Platform\Debug\libRTOSDemo_Hardware_Platform.a(core_i2c.o)
 .debug_ranges  0x00000af0       0x30 C:\Users\S-SPACE\Desktop\Pratik\FreeRTOS\FreeRTOS_SC_v3.5\FSW_FreeRTOS\CORTEX_SmartFusion2_M2S050_SoftConsole\RTOSDemo_Hardware_Platform\Debug\libRTOSDemo_Hardware_Platform.a(i2c_interrupt.o)
 .debug_ranges  0x00000b20       0x50 C:\Users\S-SPACE\Desktop\Pratik\FreeRTOS\FreeRTOS_SC_v3.5\FSW_FreeRTOS\CORTEX_SmartFusion2_M2S050_SoftConsole\RTOSDemo_Hardware_Platform\Debug\libRTOSDemo_Hardware_Platform.a(system_m2sxxx.o)
