Archive member included because of file (symbol)

C:\Users\S-SPACE\Desktop\Pratik\FreeRTOS\FreeRTOS_SC_v3.5\CORTEX_SmartFusion2_M2S050_SoftConsole\RTOSDemo_Hardware_Platform\Debug\libRTOSDemo_Hardware_Platform.a(mss_uart.o)
                              ./Demo/demo.o (g_mss_uart0)
C:\Users\S-SPACE\Desktop\Pratik\FreeRTOS\FreeRTOS_SC_v3.5\CORTEX_SmartFusion2_M2S050_SoftConsole\RTOSDemo_Hardware_Platform\Debug\libRTOSDemo_Hardware_Platform.a(core_i2c.o)
                              ./pilot/init.o (I2C_init)
C:\Users\S-SPACE\Desktop\Pratik\FreeRTOS\FreeRTOS_SC_v3.5\CORTEX_SmartFusion2_M2S050_SoftConsole\RTOSDemo_Hardware_Platform\Debug\libRTOSDemo_Hardware_Platform.a(i2c_interrupt.o)
                              C:\Users\S-SPACE\Desktop\Pratik\FreeRTOS\FreeRTOS_SC_v3.5\CORTEX_SmartFusion2_M2S050_SoftConsole\RTOSDemo_Hardware_Platform\Debug\libRTOSDemo_Hardware_Platform.a(core_i2c.o) (I2C_enable_irq)
C:\Users\S-SPACE\Desktop\Pratik\FreeRTOS\FreeRTOS_SC_v3.5\CORTEX_SmartFusion2_M2S050_SoftConsole\RTOSDemo_Hardware_Platform\Debug\libRTOSDemo_Hardware_Platform.a(system_m2sxxx.o)
                              ./RunTimeStatsTimer.o (SystemCoreClock)
C:\Users\S-SPACE\Desktop\Pratik\FreeRTOS\FreeRTOS_SC_v3.5\CORTEX_SmartFusion2_M2S050_SoftConsole\RTOSDemo_Hardware_Platform\Debug\libRTOSDemo_Hardware_Platform.a(hal.o)
                              C:\Users\S-SPACE\Desktop\Pratik\FreeRTOS\FreeRTOS_SC_v3.5\CORTEX_SmartFusion2_M2S050_SoftConsole\RTOSDemo_Hardware_Platform\Debug\libRTOSDemo_Hardware_Platform.a(core_i2c.o) (HAL_disable_interrupts)
C:\Users\S-SPACE\Desktop\Pratik\FreeRTOS\FreeRTOS_SC_v3.5\CORTEX_SmartFusion2_M2S050_SoftConsole\RTOSDemo_Hardware_Platform\Debug\libRTOSDemo_Hardware_Platform.a(hw_reg_access.o)
                              C:\Users\S-SPACE\Desktop\Pratik\FreeRTOS\FreeRTOS_SC_v3.5\CORTEX_SmartFusion2_M2S050_SoftConsole\RTOSDemo_Hardware_Platform\Debug\libRTOSDemo_Hardware_Platform.a(core_i2c.o) (HW_set_8bit_reg)
c:/program files (x86)/microsemi/softconsole v3.4/sourcery-g++/bin/../lib/gcc/arm-none-eabi/4.4.1/../../../../arm-none-eabi/lib/thumb2\libc.a(lib_a-errno.o)
                              C:/Users/S-SPACE/Desktop/Pratik/FreeRTOS/FreeRTOS_SC_v3.5/CORTEX_SmartFusion2_M2S050_SoftConsole/RTOSDemo_Hardware_Platform/Debug/CMSIS/startup_gcc/newlib_stubs.o (__errno)
c:/program files (x86)/microsemi/softconsole v3.4/sourcery-g++/bin/../lib/gcc/arm-none-eabi/4.4.1/../../../../arm-none-eabi/lib/thumb2\libc.a(lib_a-impure.o)
                              c:/program files (x86)/microsemi/softconsole v3.4/sourcery-g++/bin/../lib/gcc/arm-none-eabi/4.4.1/../../../../arm-none-eabi/lib/thumb2\libc.a(lib_a-errno.o) (_impure_ptr)
c:/program files (x86)/microsemi/softconsole v3.4/sourcery-g++/bin/../lib/gcc/arm-none-eabi/4.4.1/../../../../arm-none-eabi/lib/thumb2\libc.a(lib_a-init.o)
                              C:/Users/S-SPACE/Desktop/Pratik/FreeRTOS/FreeRTOS_SC_v3.5/CORTEX_SmartFusion2_M2S050_SoftConsole/RTOSDemo_Hardware_Platform/Debug/CMSIS/startup_gcc/startup_m2sxxx.o (__libc_init_array)
c:/program files (x86)/microsemi/softconsole v3.4/sourcery-g++/bin/../lib/gcc/arm-none-eabi/4.4.1/../../../../arm-none-eabi/lib/thumb2\libc.a(lib_a-memcpy.o)
                              ./FreeRTOS-Source/queue.o (memcpy)
c:/program files (x86)/microsemi/softconsole v3.4/sourcery-g++/bin/../lib/gcc/arm-none-eabi/4.4.1/../../../../arm-none-eabi/lib/thumb2\libc.a(lib_a-memset.o)
                              ./FreeRTOS-Source/tasks.o (memset)
c:/program files (x86)/microsemi/softconsole v3.4/sourcery-g++/bin/../lib/gcc/arm-none-eabi/4.4.1/../../../../arm-none-eabi/lib/thumb2\libc.a(lib_a-strcpy.o)
                              ./FreeRTOS-Source/tasks.o (strcpy)
c:/program files (x86)/microsemi/softconsole v3.4/sourcery-g++/bin/../lib/gcc/arm-none-eabi/4.4.1/../../../../arm-none-eabi/lib/thumb2\libc.a(lib_a-strlen.o)
                              ./FreeRTOS-Source/tasks.o (strlen)

Allocating common symbols
Common symbol       size              file

acc                 0x6               ./pilot/read.o
pkt_timer           0x10              ./Demo/demo.o
data_pld            0x32              ./main.o
command_cnt         0x2               ./Demo/demo.o
g_core_i2c2         0x6c              ./main.o
uart0_irq_rx_buffer
                    0x3               ./main.o
g_core_i2c0         0x6c              ./pilot/peripherals.o
g_core_i2c1         0x6c              ./pilot/peripherals.o
feed_tlm_task       0x4               ./Demo/demo.o
get_pld_pkt_handle  0x4               ./Demo/demo.o
tlm_sender_handle   0x4               ./Demo/demo.o
hk_pkt              0x4               ./Demo/demo.o
tlm_tsk_handle      0x4               ./Demo/demo.o
argu                0x19              ./main.o
feed_tlm_sender     0x4               ./Demo/demo.o
g_core_i2c5         0x6c              ./pilot/peripherals.o
init_command        0x2               ./pilot/get_data.o
xMutex              0x4               ./Demo/demo.o
[...]
Memory Configuration

Name             Origin             Length             Attributes
ram              0x20000000         0x00010000         xrw
*default*        0x00000000         0xffffffff

Linker script and memory map

LOAD c:/program files (x86)/microsemi/softconsole v3.4/sourcery-g++/bin/../lib/gcc/arm-none-eabi/4.4.1/thumb2/crti.o
LOAD c:/program files (x86)/microsemi/softconsole v3.4/sourcery-g++/bin/../lib/gcc/arm-none-eabi/4.4.1/thumb2/crtbegin.o
LOAD ./RunTimeStatsTimer.o
LOAD ./main.o
LOAD ./printf-stdarg.o
LOAD ./pilot/get_data.o
LOAD ./pilot/init.o
LOAD ./pilot/peripherals.o
LOAD ./pilot/pilot.o
LOAD ./pilot/pslv_interface.o
LOAD ./pilot/read.o
LOAD ./pilot/write.o
LOAD ./osal/osal.o
LOAD ./FreeRTOS-Source/list.o
LOAD ./FreeRTOS-Source/queue.o
LOAD ./FreeRTOS-Source/tasks.o
LOAD ./FreeRTOS-Source/timers.o
LOAD ./FreeRTOS-Source/portable/MemMang/heap_4.o
LOAD ./FreeRTOS-Source/portable/GCC/ARM_CM3/port.o
LOAD ./Demo/demo.o
LOAD ./Blinky-Demo/main_blinky.o
LOAD C:/Users/S-SPACE/Desktop/Pratik/FreeRTOS/FreeRTOS_SC_v3.5/CORTEX_SmartFusion2_M2S050_SoftConsole/RTOSDemo_Hardware_Platform/Debug/CMSIS/startup_gcc/startup_m2sxxx.o
LOAD C:/Users/S-SPACE/Desktop/Pratik/FreeRTOS/FreeRTOS_SC_v3.5/CORTEX_SmartFusion2_M2S050_SoftConsole/RTOSDemo_Hardware_Platform/Debug/CMSIS/startup_gcc/newlib_stubs.o
LOAD C:\Users\S-SPACE\Desktop\Pratik\FreeRTOS\FreeRTOS_SC_v3.5\CORTEX_SmartFusion2_M2S050_SoftConsole\RTOSDemo_Hardware_Platform\Debug\libRTOSDemo_Hardware_Platform.a
START GROUP
LOAD c:/program files (x86)/microsemi/softconsole v3.4/sourcery-g++/bin/../lib/gcc/arm-none-eabi/4.4.1/thumb2\libgcc.a
LOAD c:/program files (x86)/microsemi/softconsole v3.4/sourcery-g++/bin/../lib/gcc/arm-none-eabi/4.4.1/../../../../arm-none-eabi/lib/thumb2\libc.a
END GROUP
LOAD c:/program files (x86)/microsemi/softconsole v3.4/sourcery-g++/bin/../lib/gcc/arm-none-eabi/4.4.1/thumb2/crtend.o
LOAD c:/program files (x86)/microsemi/softconsole v3.4/sourcery-g++/bin/../lib/gcc/arm-none-eabi/4.4.1/thumb2/crtn.o
START GROUP
LOAD c:/program files (x86)/microsemi/softconsole v3.4/sourcery-g++/bin/../lib/gcc/arm-none-eabi/4.4.1/../../../../arm-none-eabi/lib/thumb2\libc.a
LOAD c:/program files (x86)/microsemi/softconsole v3.4/sourcery-g++/bin/../lib/gcc/arm-none-eabi/4.4.1/thumb2\libgcc.a
LOAD c:/program files (x86)/microsemi/softconsole v3.4/sourcery-g++/bin/../lib/gcc/arm-none-eabi/4.4.1/../../../../arm-none-eabi/lib/thumb2\libm.a
END GROUP
                0x00000000                __DYNAMIC = 0x0
                0x20000000                RAM_START_ADDRESS = 0x20000000
                0x00010000                RAM_SIZE = 0x10000
                0x00000400                MAIN_STACK_SIZE = 0x400
                0x00000000                PROCESS_STACK_SIZE = 0x0
                0x20010000                PROVIDE (__main_stack_start, (RAM_START_ADDRESS + RAM_SIZE))
                0x2000fc00                PROVIDE (__process_stack_start, (__main_stack_start - MAIN_STACK_SIZE))
                0x20010000                PROVIDE (_estack, __main_stack_start)
                0x00000000                PROVIDE (__mirrored_nvm, 0x0)

.text           0x20000000     0x6cc0
 CREATE_OBJECT_SYMBOLS
                0x20000000                __text_load = LOADADDR (.text)
                0x20000000                __text_start = .
                0x20000000                __vector_table_vma_base_address = .
 *(.isr_vector)
 .isr_vector    0x20000000      0x2f0 C:/Users/S-SPACE/Desktop/Pratik/FreeRTOS/FreeRTOS_SC_v3.5/CORTEX_SmartFusion2_M2S050_SoftConsole/RTOSDemo_Hardware_Platform/Debug/CMSIS/startup_gcc/startup_m2sxxx.o
                0x20000000                g_pfnVectors
                0x20000188                Reset_Handler
                0x200001f8                NMI_Handler
                0x200001fa                HardFault_Handler
                0x200001fc                MemManage_Handler
                0x200001fe                BusFault_Handler
                0x20000200                UsageFault_Handler
                0x20000204                DebugMon_Handler
                0x2000020a                WdogWakeup_IRQHandler
                0x2000020c                RTC_Wakeup_IRQHandler
                0x2000020e                SPI0_IRQHandler
                0x20000210                SPI1_IRQHandler
                0x20000212                I2C0_IRQHandler
                0x20000214                I2C0_SMBAlert_IRQHandler
                0x20000216                I2C0_SMBus_IRQHandler
                0x20000218                I2C1_IRQHandler
                0x2000021a                I2C1_SMBAlert_IRQHandler
                0x2000021c                I2C1_SMBus_IRQHandler
                0x20000222                EthernetMAC_IRQHandler
                0x20000224                DMA_IRQHandler
                0x20000226                Timer1_IRQHandler
                0x20000228                Timer2_IRQHandler
                0x2000022a                CAN_IRQHandler
                0x2000022c                ENVM0_IRQHandler
                0x2000022e                ENVM1_IRQHandler
                0x20000230                ComBlk_IRQHandler
                0x20000232                USB_IRQHandler
                0x20000234                USB_DMA_IRQHandler
                0x20000236                PLL_Lock_IRQHandler
                0x20000238                PLL_LockLost_IRQHandler
                0x2000023a                CommSwitchError_IRQHandler
                0x2000023c                CacheError_IRQHandler
                0x2000023e                DDR_IRQHandler
                0x20000240                HPDMA_Complete_IRQHandler
                0x20000242                HPDMA_Error_IRQHandler
                0x20000244                ECC_Error_IRQHandler
                0x20000246                MDDR_IOCalib_IRQHandler
                0x20000248                FAB_PLL_Lock_IRQHandler
                0x2000024a                FAB_PLL_LockLost_IRQHandler
                0x2000024c                FIC64_IRQHandler
                0x2000025a                FabricIrq6_IRQHandler
                0x2000025c                FabricIrq7_IRQHandler
                0x2000025e                FabricIrq8_IRQHandler
                0x20000260                FabricIrq9_IRQHandler
                0x20000262                FabricIrq10_IRQHandler
                0x20000264                FabricIrq11_IRQHandler
                0x20000266                FabricIrq12_IRQHandler
                0x20000268                FabricIrq13_IRQHandler
                0x2000026a                FabricIrq14_IRQHandler
                0x2000026c                FabricIrq15_IRQHandler
                0x2000026e                GPIO0_IRQHandler
                0x20000270                GPIO1_IRQHandler
                0x20000272                GPIO2_IRQHandler
                0x20000274                GPIO3_IRQHandler
                0x20000276                GPIO4_IRQHandler
                0x20000278                GPIO5_IRQHandler
                0x2000027a                GPIO6_IRQHandler
                0x2000027c                GPIO7_IRQHandler
                0x2000027e                GPIO8_IRQHandler
                0x20000280                GPIO9_IRQHandler
                0x20000282                GPIO10_IRQHandler
                0x20000284                GPIO11_IRQHandler
                0x20000286                GPIO12_IRQHandler
                0x20000288                GPIO13_IRQHandler
                0x2000028a                GPIO14_IRQHandler
                0x2000028c                GPIO15_IRQHandler
                0x2000028e                GPIO16_IRQHandler
                0x20000290                GPIO17_IRQHandler
                0x20000292                GPIO18_IRQHandler
                0x20000294                GPIO19_IRQHandler
                0x20000296                GPIO20_IRQHandler
                0x20000298                GPIO21_IRQHandler
                0x2000029a                GPIO22_IRQHandler
                0x2000029c                GPIO23_IRQHandler
                0x2000029e                GPIO24_IRQHandler
                0x200002a0                GPIO25_IRQHandler
                0x200002a2                GPIO26_IRQHandler
                0x200002a4                GPIO27_IRQHandler
                0x200002a6                GPIO28_IRQHandler
                0x200002a8                GPIO29_IRQHandler
                0x200002aa                GPIO30_IRQHandler
                0x200002ac                GPIO31_IRQHandler
                0x200002ae                mscc_post_hw_cfg_init
 *(.text .text.* .gnu.linkonce.t.*)
 .text          0x200002f0       0x30 c:/program files (x86)/microsemi/softconsole v3.4/sourcery-g++/bin/../lib/gcc/arm-none-eabi/4.4.1/thumb2/crtbegin.o
 .text.vConfigureTimerForRunTimeStats
                0x20000320       0x48 ./RunTimeStatsTimer.o
                0x20000320                vConfigureTimerForRunTimeStats
 .text.ulGetRunTimeCounterValue
                0x20000368       0xa4 ./RunTimeStatsTimer.o
                0x20000368                ulGetRunTimeCounterValue
 .text.main     0x2000040c       0x10 ./main.o
                0x2000040c                main
 .text.vApplicationMallocFailedHook
                0x2000041c       0x1c ./main.o
                0x2000041c                vApplicationMallocFailedHook
 .text.vApplicationIdleHook
                0x20000438        0xc ./main.o
                0x20000438                vApplicationIdleHook
 .text.vApplicationStackOverflowHook
                0x20000444       0x20 ./main.o
                0x20000444                vApplicationStackOverflowHook
 .text.get_IMU_acc
                0x20000464      0x32c ./pilot/get_data.o
                0x20000464                get_IMU_acc
 .text.get_IMU_gyro
                0x20000790      0x2e4 ./pilot/get_data.o
                0x20000790                get_IMU_gyro
 .text.get_IMU_temp
                0x20000a74       0xc0 ./pilot/get_data.o
                0x20000a74                get_IMU_temp
 .text.vc_write
                0x20000b34       0xa8 ./pilot/get_data.o
                0x20000b34                vc_write
 .text.vc_read  0x20000bdc       0xa8 ./pilot/get_data.o
                0x20000bdc                vc_read
 .text.vc_read_reg
                0x20000c84       0x58 ./pilot/get_data.o
                0x20000c84                vc_read_reg
 .text.read_bus_voltage
                0x20000cdc       0xbc ./pilot/get_data.o
                0x20000cdc                read_bus_voltage
 .text.read_shunt_voltage
                0x20000d98       0xc0 ./pilot/get_data.o
                0x20000d98                read_shunt_voltage
 .text.get_ADC_value
                0x20000e58       0xa0 ./pilot/get_data.o
                0x20000e58                get_ADC_value
 .text.init     0x20000ef8       0x9c ./pilot/init.o
                0x20000ef8                init
 .text.vListInitialise
                0x20000f94       0x48 ./FreeRTOS-Source/list.o
                0x20000f94                vListInitialise
 .text.vListInitialiseItem
                0x20000fdc       0x1c ./FreeRTOS-Source/list.o
                0x20000fdc                vListInitialiseItem
 .text.vListInsertEnd
                0x20000ff8       0x48 ./FreeRTOS-Source/list.o
                0x20000ff8                vListInsertEnd
 .text.vListInsert
                0x20001040       0x74 ./FreeRTOS-Source/list.o
                0x20001040                vListInsert
 .text.uxListRemove
                0x200010b4       0x58 ./FreeRTOS-Source/list.o
                0x200010b4                uxListRemove
 .text.xQueueGenericReset
                0x2000110c       0xec ./FreeRTOS-Source/queue.o
                0x2000110c                xQueueGenericReset
 .text.xQueueGenericCreate
                0x200011f8       0x7c ./FreeRTOS-Source/queue.o
                0x200011f8                xQueueGenericCreate
 .text.prvInitialiseNewQueue
                0x20001274       0x48 ./FreeRTOS-Source/queue.o
 .text.prvInitialiseMutex
                0x200012bc       0x40 ./FreeRTOS-Source/queue.o
 .text.xQueueCreateMutex
                0x200012fc       0x38 ./FreeRTOS-Source/queue.o
                0x200012fc                xQueueCreateMutex
 .text.xQueueGenericSend
                0x20001334      0x230 ./FreeRTOS-Source/queue.o
                0x20001334                xQueueGenericSend
 .text.xQueueGenericSendFromISR
                0x20001564      0x144 ./FreeRTOS-Source/queue.o
                0x20001564                xQueueGenericSendFromISR
 .text.xQueueGenericReceive
                0x200016a8      0x268 ./FreeRTOS-Source/queue.o
                0x200016a8                xQueueGenericReceive
 .text.prvCopyDataToQueue
                0x20001910       0xf0 ./FreeRTOS-Source/queue.o
 .text.prvCopyDataFromQueue
                0x20001a00       0x50 ./FreeRTOS-Source/queue.o
 .text.prvUnlockQueue
                0x20001a50       0xac ./FreeRTOS-Source/queue.o
 .text.prvIsQueueEmpty
                0x20001afc       0x34 ./FreeRTOS-Source/queue.o
 .text.prvIsQueueFull
                0x20001b30       0x38 ./FreeRTOS-Source/queue.o
 .text.vQueueWaitForMessageRestricted
                0x20001b68       0x74 ./FreeRTOS-Source/queue.o
                0x20001b68                vQueueWaitForMessageRestricted
 .text.xTaskCreate
                0x20001bdc       0x94 ./FreeRTOS-Source/tasks.o
                0x20001bdc                xTaskCreate
 .text.prvInitialiseNewTask
                0x20001c70      0x12c ./FreeRTOS-Source/tasks.o
 .text.prvAddNewTaskToReadyList
                0x20001d9c      0x13c ./FreeRTOS-Source/tasks.o
 .text.vTaskStartScheduler
                0x20001ed8       0xb4 ./FreeRTOS-Source/tasks.o
                0x20001ed8                vTaskStartScheduler
 .text.vTaskSuspendAll
                0x20001f8c       0x24 ./FreeRTOS-Source/tasks.o
                0x20001f8c                vTaskSuspendAll
 .text.xTaskResumeAll
                0x20001fb0      0x1a0 ./FreeRTOS-Source/tasks.o
                0x20001fb0                xTaskResumeAll
 .text.xTaskGetTickCount
                0x20002150       0x20 ./FreeRTOS-Source/tasks.o
                0x20002150                xTaskGetTickCount
 .text.xTaskIncrementTick
                0x20002170      0x210 ./FreeRTOS-Source/tasks.o
                0x20002170                xTaskIncrementTick
 .text.vTaskSwitchContext
                0x20002380      0x1a8 ./FreeRTOS-Source/tasks.o
                0x20002380                vTaskSwitchContext
 .text.vTaskPlaceOnEventList
                0x20002528       0x4c ./FreeRTOS-Source/tasks.o
                0x20002528                vTaskPlaceOnEventList
 .text.vTaskPlaceOnEventListRestricted
                0x20002574       0x58 ./FreeRTOS-Source/tasks.o
                0x20002574                vTaskPlaceOnEventListRestricted
 .text.xTaskRemoveFromEventList
                0x200025cc       0xf0 ./FreeRTOS-Source/tasks.o
                0x200025cc                xTaskRemoveFromEventList
 .text.vTaskSetTimeOutState
                0x200026bc       0x48 ./FreeRTOS-Source/tasks.o
                0x200026bc                vTaskSetTimeOutState
 .text.xTaskCheckForTimeOut
                0x20002704       0xd0 ./FreeRTOS-Source/tasks.o
                0x20002704                xTaskCheckForTimeOut
 .text.vTaskMissedYield
                0x200027d4       0x18 ./FreeRTOS-Source/tasks.o
                0x200027d4                vTaskMissedYield
 .text.prvIdleTask
                0x200027ec       0x38 ./FreeRTOS-Source/tasks.o
 .text.prvInitialiseTaskLists
                0x20002824       0xa4 ./FreeRTOS-Source/tasks.o
 .text.prvCheckTasksWaitingTermination
                0x200028c8       0x98 ./FreeRTOS-Source/tasks.o
 .text.prvDeleteTCB
                0x20002960       0x20 ./FreeRTOS-Source/tasks.o
 .text.prvResetNextTaskUnblockTime
                0x20002980       0x5c ./FreeRTOS-Source/tasks.o
 .text.xTaskGetSchedulerState
                0x200029dc       0x48 ./FreeRTOS-Source/tasks.o
                0x200029dc                xTaskGetSchedulerState
 .text.vTaskPriorityInherit
                0x20002a24      0x14c ./FreeRTOS-Source/tasks.o
                0x20002a24                vTaskPriorityInherit
 .text.xTaskPriorityDisinherit
                0x20002b70      0x14c ./FreeRTOS-Source/tasks.o
                0x20002b70                xTaskPriorityDisinherit
 .text.pvTaskIncrementMutexHeldCount
                0x20002cbc       0x38 ./FreeRTOS-Source/tasks.o
                0x20002cbc                pvTaskIncrementMutexHeldCount
 .text.prvAddCurrentTaskToDelayedList
                0x20002cf4      0x110 ./FreeRTOS-Source/tasks.o
 .text.xTimerCreateTimerTask
                0x20002e04       0x74 ./FreeRTOS-Source/timers.o
                0x20002e04                xTimerCreateTimerTask
 .text.xTimerCreate
                0x20002e78       0x40 ./FreeRTOS-Source/timers.o
                0x20002e78                xTimerCreate
 .text.prvInitialiseNewTimer
                0x20002eb8       0x64 ./FreeRTOS-Source/timers.o
 .text.xTimerGenericCommand
                0x20002f1c       0xcc ./FreeRTOS-Source/timers.o
                0x20002f1c                xTimerGenericCommand
 .text.prvProcessExpiredTimer
                0x20002fe8       0x8c ./FreeRTOS-Source/timers.o
 .text.prvTimerTask
                0x20003074       0x28 ./FreeRTOS-Source/timers.o
 .text.prvProcessTimerOrBlockTask
                0x2000309c       0xac ./FreeRTOS-Source/timers.o
 .text.prvGetNextExpireTime
                0x20003148       0x50 ./FreeRTOS-Source/timers.o
 .text.prvSampleTimeNow
                0x20003198       0x50 ./FreeRTOS-Source/timers.o
 .text.prvInsertTimerInActiveList
                0x200031e8       0x98 ./FreeRTOS-Source/timers.o
 .text.prvProcessReceivedCommands
                0x20003280      0x184 ./FreeRTOS-Source/timers.o
 .text.prvSwitchTimerLists
                0x20003404       0xf4 ./FreeRTOS-Source/timers.o
 .text.prvCheckForValidListAndQueue
                0x200034f8       0x74 ./FreeRTOS-Source/timers.o
 .text.pvPortMalloc
                0x2000356c      0x1f8 ./FreeRTOS-Source/portable/MemMang/heap_4.o
                0x2000356c                pvPortMalloc
 .text.vPortFree
                0x20003764       0xd8 ./FreeRTOS-Source/portable/MemMang/heap_4.o
                0x20003764                vPortFree
 .text.prvHeapInit
                0x2000383c      0x104 ./FreeRTOS-Source/portable/MemMang/heap_4.o
 .text.prvInsertBlockIntoFreeList
                0x20003940       0xbc ./FreeRTOS-Source/portable/MemMang/heap_4.o
 .text.pxPortInitialiseStack
                0x200039fc       0x68 ./FreeRTOS-Source/portable/GCC/ARM_CM3/port.o
                0x200039fc                pxPortInitialiseStack
 .text.prvTaskExitError
                0x20003a64       0x40 ./FreeRTOS-Source/portable/GCC/ARM_CM3/port.o
 *fill*         0x20003aa4        0xc 00
 .text.SVC_Handler
                0x20003ab0       0x30 ./FreeRTOS-Source/portable/GCC/ARM_CM3/port.o
                0x20003ab0                SVC_Handler
 .text.prvPortStartFirstTask
                0x20003ae0       0x20 ./FreeRTOS-Source/portable/GCC/ARM_CM3/port.o
 .text.xPortStartScheduler
                0x20003b00      0x10c ./FreeRTOS-Source/portable/GCC/ARM_CM3/port.o
                0x20003b00                xPortStartScheduler
 .text.vPortEnterCritical
                0x20003c0c       0x70 ./FreeRTOS-Source/portable/GCC/ARM_CM3/port.o
                0x20003c0c                vPortEnterCritical
 .text.vPortExitCritical
                0x20003c7c       0x64 ./FreeRTOS-Source/portable/GCC/ARM_CM3/port.o
                0x20003c7c                vPortExitCritical
 .text.PendSV_Handler
                0x20003ce0       0x50 ./FreeRTOS-Source/portable/GCC/ARM_CM3/port.o
                0x20003ce0                PendSV_Handler
 .text.SysTick_Handler
                0x20003d30       0x44 ./FreeRTOS-Source/portable/GCC/ARM_CM3/port.o
                0x20003d30                SysTick_Handler
 .text.vPortSetupTimerInterrupt
                0x20003d74       0x40 ./FreeRTOS-Source/portable/GCC/ARM_CM3/port.o
                0x20003d74                vPortSetupTimerInterrupt
 .text.vPortValidateInterruptPriority
                0x20003db4       0x84 ./FreeRTOS-Source/portable/GCC/ARM_CM3/port.o
                0x20003db4                vPortValidateInterruptPriority
 .text.vhk_callback
                0x20003e38      0x394 ./Demo/demo.o
                0x20003e38                vhk_callback
 .text.vpld_callback
                0x200041cc       0xa0 ./Demo/demo.o
                0x200041cc                vpld_callback
 .text.vtlm_task
                0x2000426c      0x228 ./Demo/demo.o
                0x2000426c                vtlm_task
 .text.vtlm_sender
                0x20004494       0x68 ./Demo/demo.o
                0x20004494                vtlm_sender
 .text.uart0_rx_handler
                0x200044fc      0x15c ./Demo/demo.o
                0x200044fc                uart0_rx_handler
 .text.demo     0x20004658      0x250 ./Demo/demo.o
                0x20004658                demo
 .text.FabricIrq0_IRQHandler
                0x200048a8       0x14 ./Demo/demo.o
                0x200048a8                FabricIrq0_IRQHandler
 .text.FabricIrq1_IRQHandler
                0x200048bc       0x14 ./Demo/demo.o
                0x200048bc                FabricIrq1_IRQHandler
 .text.FabricIrq2_IRQHandler
                0x200048d0       0x14 ./Demo/demo.o
                0x200048d0                FabricIrq2_IRQHandler
 .text.FabricIrq3_IRQHandler
                0x200048e4       0x14 ./Demo/demo.o
                0x200048e4                FabricIrq3_IRQHandler
 .text.FabricIrq4_IRQHandler
                0x200048f8       0x14 ./Demo/demo.o
                0x200048f8                FabricIrq4_IRQHandler
 .text.FabricIrq5_IRQHandler
                0x2000490c       0x14 ./Demo/demo.o
                0x2000490c                FabricIrq5_IRQHandler
 .text.NVIC_EnableIRQ
                0x20004920       0x38 C:\Users\S-SPACE\Desktop\Pratik\FreeRTOS\FreeRTOS_SC_v3.5\CORTEX_SmartFusion2_M2S050_SoftConsole\RTOSDemo_Hardware_Platform\Debug\libRTOSDemo_Hardware_Platform.a(mss_uart.o)
 .text.NVIC_ClearPendingIRQ
                0x20004958       0x3c C:\Users\S-SPACE\Desktop\Pratik\FreeRTOS\FreeRTOS_SC_v3.5\CORTEX_SmartFusion2_M2S050_SoftConsole\RTOSDemo_Hardware_Platform\Debug\libRTOSDemo_Hardware_Platform.a(mss_uart.o)
 .text.set_bit_reg8
                0x20004994       0x40 C:\Users\S-SPACE\Desktop\Pratik\FreeRTOS\FreeRTOS_SC_v3.5\CORTEX_SmartFusion2_M2S050_SoftConsole\RTOSDemo_Hardware_Platform\Debug\libRTOSDemo_Hardware_Platform.a(mss_uart.o)
 .text.clear_bit_reg8
                0x200049d4       0x40 C:\Users\S-SPACE\Desktop\Pratik\FreeRTOS\FreeRTOS_SC_v3.5\CORTEX_SmartFusion2_M2S050_SoftConsole\RTOSDemo_Hardware_Platform\Debug\libRTOSDemo_Hardware_Platform.a(mss_uart.o)
 .text.read_bit_reg8
                0x20004a14       0x40 C:\Users\S-SPACE\Desktop\Pratik\FreeRTOS\FreeRTOS_SC_v3.5\CORTEX_SmartFusion2_M2S050_SoftConsole\RTOSDemo_Hardware_Platform\Debug\libRTOSDemo_Hardware_Platform.a(mss_uart.o)
 .text.MSS_UART_init
                0x20004a54       0x84 C:\Users\S-SPACE\Desktop\Pratik\FreeRTOS\FreeRTOS_SC_v3.5\CORTEX_SmartFusion2_M2S050_SoftConsole\RTOSDemo_Hardware_Platform\Debug\libRTOSDemo_Hardware_Platform.a(mss_uart.o)
                0x20004a54                MSS_UART_init
 .text.MSS_UART_polled_tx
                0x20004ad8       0xe4 C:\Users\S-SPACE\Desktop\Pratik\FreeRTOS\FreeRTOS_SC_v3.5\CORTEX_SmartFusion2_M2S050_SoftConsole\RTOSDemo_Hardware_Platform\Debug\libRTOSDemo_Hardware_Platform.a(mss_uart.o)
                0x20004ad8                MSS_UART_polled_tx
 .text.MSS_UART_get_rx
                0x20004bbc       0xdc C:\Users\S-SPACE\Desktop\Pratik\FreeRTOS\FreeRTOS_SC_v3.5\CORTEX_SmartFusion2_M2S050_SoftConsole\RTOSDemo_Hardware_Platform\Debug\libRTOSDemo_Hardware_Platform.a(mss_uart.o)
                0x20004bbc                MSS_UART_get_rx
 .text.MSS_UART_set_rx_handler
                0x20004c98       0xc0 C:\Users\S-SPACE\Desktop\Pratik\FreeRTOS\FreeRTOS_SC_v3.5\CORTEX_SmartFusion2_M2S050_SoftConsole\RTOSDemo_Hardware_Platform\Debug\libRTOSDemo_Hardware_Platform.a(mss_uart.o)
                0x20004c98                MSS_UART_set_rx_handler
 .text.UART0_IRQHandler
                0x20004d58       0x24 C:\Users\S-SPACE\Desktop\Pratik\FreeRTOS\FreeRTOS_SC_v3.5\CORTEX_SmartFusion2_M2S050_SoftConsole\RTOSDemo_Hardware_Platform\Debug\libRTOSDemo_Hardware_Platform.a(mss_uart.o)
                0x20004d58                UART0_IRQHandler
 .text.UART1_IRQHandler
                0x20004d7c       0x24 C:\Users\S-SPACE\Desktop\Pratik\FreeRTOS\FreeRTOS_SC_v3.5\CORTEX_SmartFusion2_M2S050_SoftConsole\RTOSDemo_Hardware_Platform\Debug\libRTOSDemo_Hardware_Platform.a(mss_uart.o)
                0x20004d7c                UART1_IRQHandler
 .text.config_baud_divisors
                0x20004da0      0x198 C:\Users\S-SPACE\Desktop\Pratik\FreeRTOS\FreeRTOS_SC_v3.5\CORTEX_SmartFusion2_M2S050_SoftConsole\RTOSDemo_Hardware_Platform\Debug\libRTOSDemo_Hardware_Platform.a(mss_uart.o)
 .text.global_init
                0x20004f38      0x26c C:\Users\S-SPACE\Desktop\Pratik\FreeRTOS\FreeRTOS_SC_v3.5\CORTEX_SmartFusion2_M2S050_SoftConsole\RTOSDemo_Hardware_Platform\Debug\libRTOSDemo_Hardware_Platform.a(mss_uart.o)
 .text.MSS_UART_isr
                0x200051a4      0x22c C:\Users\S-SPACE\Desktop\Pratik\FreeRTOS\FreeRTOS_SC_v3.5\CORTEX_SmartFusion2_M2S050_SoftConsole\RTOSDemo_Hardware_Platform\Debug\libRTOSDemo_Hardware_Platform.a(mss_uart.o)
 .text.default_tx_handler
                0x200053d0      0x10c C:\Users\S-SPACE\Desktop\Pratik\FreeRTOS\FreeRTOS_SC_v3.5\CORTEX_SmartFusion2_M2S050_SoftConsole\RTOSDemo_Hardware_Platform\Debug\libRTOSDemo_Hardware_Platform.a(mss_uart.o)
 .text.I2C_init
                0x200054dc       0xec C:\Users\S-SPACE\Desktop\Pratik\FreeRTOS\FreeRTOS_SC_v3.5\CORTEX_SmartFusion2_M2S050_SoftConsole\RTOSDemo_Hardware_Platform\Debug\libRTOSDemo_Hardware_Platform.a(core_i2c.o)
                0x200054dc                I2C_init
 .text.I2C_write
                0x200055c8       0xe4 C:\Users\S-SPACE\Desktop\Pratik\FreeRTOS\FreeRTOS_SC_v3.5\CORTEX_SmartFusion2_M2S050_SoftConsole\RTOSDemo_Hardware_Platform\Debug\libRTOSDemo_Hardware_Platform.a(core_i2c.o)
                0x200055c8                I2C_write
 .text.I2C_read
                0x200056ac       0xe4 C:\Users\S-SPACE\Desktop\Pratik\FreeRTOS\FreeRTOS_SC_v3.5\CORTEX_SmartFusion2_M2S050_SoftConsole\RTOSDemo_Hardware_Platform\Debug\libRTOSDemo_Hardware_Platform.a(core_i2c.o)
                0x200056ac                I2C_read
 .text.I2C_write_read
                0x20005790      0x130 C:\Users\S-SPACE\Desktop\Pratik\FreeRTOS\FreeRTOS_SC_v3.5\CORTEX_SmartFusion2_M2S050_SoftConsole\RTOSDemo_Hardware_Platform\Debug\libRTOSDemo_Hardware_Platform.a(core_i2c.o)
                0x20005790                I2C_write_read
 .text.I2C_wait_complete
                0x200058c0       0x38 C:\Users\S-SPACE\Desktop\Pratik\FreeRTOS\FreeRTOS_SC_v3.5\CORTEX_SmartFusion2_M2S050_SoftConsole\RTOSDemo_Hardware_Platform\Debug\libRTOSDemo_Hardware_Platform.a(core_i2c.o)
                0x200058c0                I2C_wait_complete
 .text.enable_slave_if_required
                0x200058f8       0x30 C:\Users\S-SPACE\Desktop\Pratik\FreeRTOS\FreeRTOS_SC_v3.5\CORTEX_SmartFusion2_M2S050_SoftConsole\RTOSDemo_Hardware_Platform\Debug\libRTOSDemo_Hardware_Platform.a(core_i2c.o)
 .text.I2C_isr  0x20005928      0xa94 C:\Users\S-SPACE\Desktop\Pratik\FreeRTOS\FreeRTOS_SC_v3.5\CORTEX_SmartFusion2_M2S050_SoftConsole\RTOSDemo_Hardware_Platform\Debug\libRTOSDemo_Hardware_Platform.a(core_i2c.o)
                0x20005928                I2C_isr
 .text.NVIC_EnableIRQ
                0x200063bc       0x38 C:\Users\S-SPACE\Desktop\Pratik\FreeRTOS\FreeRTOS_SC_v3.5\CORTEX_SmartFusion2_M2S050_SoftConsole\RTOSDemo_Hardware_Platform\Debug\libRTOSDemo_Hardware_Platform.a(i2c_interrupt.o)
 .text.NVIC_DisableIRQ
                0x200063f4       0x3c C:\Users\S-SPACE\Desktop\Pratik\FreeRTOS\FreeRTOS_SC_v3.5\CORTEX_SmartFusion2_M2S050_SoftConsole\RTOSDemo_Hardware_Platform\Debug\libRTOSDemo_Hardware_Platform.a(i2c_interrupt.o)
 .text.I2C_enable_irq
                0x20006430       0x94 C:\Users\S-SPACE\Desktop\Pratik\FreeRTOS\FreeRTOS_SC_v3.5\CORTEX_SmartFusion2_M2S050_SoftConsole\RTOSDemo_Hardware_Platform\Debug\libRTOSDemo_Hardware_Platform.a(i2c_interrupt.o)
                0x20006430                I2C_enable_irq
 .text.I2C_disable_irq
                0x200064c4       0x94 C:\Users\S-SPACE\Desktop\Pratik\FreeRTOS\FreeRTOS_SC_v3.5\CORTEX_SmartFusion2_M2S050_SoftConsole\RTOSDemo_Hardware_Platform\Debug\libRTOSDemo_Hardware_Platform.a(i2c_interrupt.o)
                0x200064c4                I2C_disable_irq
 .text.SystemInit
                0x20006558       0x2c C:\Users\S-SPACE\Desktop\Pratik\FreeRTOS\FreeRTOS_SC_v3.5\CORTEX_SmartFusion2_M2S050_SoftConsole\RTOSDemo_Hardware_Platform\Debug\libRTOSDemo_Hardware_Platform.a(system_m2sxxx.o)
                0x20006558                SystemInit
 .text.SystemCoreClockUpdate
                0x20006584      0x14c C:\Users\S-SPACE\Desktop\Pratik\FreeRTOS\FreeRTOS_SC_v3.5\CORTEX_SmartFusion2_M2S050_SoftConsole\RTOSDemo_Hardware_Platform\Debug\libRTOSDemo_Hardware_Platform.a(system_m2sxxx.o)
                0x20006584                SystemCoreClockUpdate
 .text.get_rcosc_25_50mhz_frequency
                0x200066d0       0x44 C:\Users\S-SPACE\Desktop\Pratik\FreeRTOS\FreeRTOS_SC_v3.5\CORTEX_SmartFusion2_M2S050_SoftConsole\RTOSDemo_Hardware_Platform\Debug\libRTOSDemo_Hardware_Platform.a(system_m2sxxx.o)
 .text.set_clock_frequency_globals
                0x20006714       0x6c C:\Users\S-SPACE\Desktop\Pratik\FreeRTOS\FreeRTOS_SC_v3.5\CORTEX_SmartFusion2_M2S050_SoftConsole\RTOSDemo_Hardware_Platform\Debug\libRTOSDemo_Hardware_Platform.a(system_m2sxxx.o)
 .text.get_silicon_revision
                0x20006780       0x50 C:\Users\S-SPACE\Desktop\Pratik\FreeRTOS\FreeRTOS_SC_v3.5\CORTEX_SmartFusion2_M2S050_SoftConsole\RTOSDemo_Hardware_Platform\Debug\libRTOSDemo_Hardware_Platform.a(system_m2sxxx.o)
 .text.silicon_workarounds
                0x200067d0       0x20 C:\Users\S-SPACE\Desktop\Pratik\FreeRTOS\FreeRTOS_SC_v3.5\CORTEX_SmartFusion2_M2S050_SoftConsole\RTOSDemo_Hardware_Platform\Debug\libRTOSDemo_Hardware_Platform.a(system_m2sxxx.o)
 .text.m2s050_rev_a_workarounds
                0x200067f0       0x44 C:\Users\S-SPACE\Desktop\Pratik\FreeRTOS\FreeRTOS_SC_v3.5\CORTEX_SmartFusion2_M2S050_SoftConsole\RTOSDemo_Hardware_Platform\Debug\libRTOSDemo_Hardware_Platform.a(system_m2sxxx.o)
 .text.complete_clock_config
                0x20006834       0x90 C:\Users\S-SPACE\Desktop\Pratik\FreeRTOS\FreeRTOS_SC_v3.5\CORTEX_SmartFusion2_M2S050_SoftConsole\RTOSDemo_Hardware_Platform\Debug\libRTOSDemo_Hardware_Platform.a(system_m2sxxx.o)
 .text          0x200068c4        0xe C:\Users\S-SPACE\Desktop\Pratik\FreeRTOS\FreeRTOS_SC_v3.5\CORTEX_SmartFusion2_M2S050_SoftConsole\RTOSDemo_Hardware_Platform\Debug\libRTOSDemo_Hardware_Platform.a(hal.o)
                0x200068c4                HAL_disable_interrupts
                0x200068cc                HAL_restore_interrupts
 .text          0x200068d2       0x90 C:\Users\S-SPACE\Desktop\Pratik\FreeRTOS\FreeRTOS_SC_v3.5\CORTEX_SmartFusion2_M2S050_SoftConsole\RTOSDemo_Hardware_Platform\Debug\libRTOSDemo_Hardware_Platform.a(hw_reg_access.o)
                0x200068d2                HW_set_32bit_reg
                0x200068d6                HW_get_32bit_reg
                0x200068da                HW_set_32bit_reg_field
                0x200068f6                HW_get_32bit_reg_field
                0x20006902                HW_set_16bit_reg
                0x20006906                HW_get_16bit_reg
                0x2000690a                HW_set_16bit_reg_field
                0x20006926                HW_get_16bit_reg_field
                0x20006932                HW_set_8bit_reg
                0x20006936                HW_get_8bit_reg
                0x2000693a                HW_set_8bit_reg_field
                0x20006956                HW_get_8bit_reg_field
 *fill*         0x20006962        0x2 00
 .text          0x20006964       0x50 c:/program files (x86)/microsemi/softconsole v3.4/sourcery-g++/bin/../lib/gcc/arm-none-eabi/4.4.1/../../../../arm-none-eabi/lib/thumb2\libc.a(lib_a-init.o)
                0x20006964                __libc_init_array
 .text          0x200069b4      0x190 c:/program files (x86)/microsemi/softconsole v3.4/sourcery-g++/bin/../lib/gcc/arm-none-eabi/4.4.1/../../../../arm-none-eabi/lib/thumb2\libc.a(lib_a-memcpy.o)
                0x200069b4                memcpy
 .text          0x20006b44       0xd4 c:/program files (x86)/microsemi/softconsole v3.4/sourcery-g++/bin/../lib/gcc/arm-none-eabi/4.4.1/../../../../arm-none-eabi/lib/thumb2\libc.a(lib_a-memset.o)
                0x20006b44                memset
 *(.plt)
 *(.gnu.warning)
 *(.glue_7t)
 .glue_7t       0x00000000        0x0 linker stubs
 *(.glue_7)
 .glue_7        0x00000000        0x0 linker stubs
 *(.vfp11_veneer)
 .vfp11_veneer  0x00000000        0x0 linker stubs
                0x20006c18                . = ALIGN (0x4)
 *crtbegin.o(.ctors)
 *(EXCLUDE_FILE(*crtend.o) .ctors)
 *(SORT(.ctors.*))
 *crtend.o(.ctors)
 *crtbegin.o(.dtors)
 *(EXCLUDE_FILE(*crtend.o) .dtors)
 *(SORT(.dtors.*))
 *crtend.o(.dtors)
 *(.rodata .rodata.* .gnu.linkonce.r.*)
 .rodata.C.48.4660
                0x20006c18        0x4 ./pilot/get_data.o
 .rodata.C.40.4595
                0x20006c1c        0x4 ./pilot/get_data.o
 .rodata        0x20006c20       0x30 ./FreeRTOS-Source/tasks.o
 .rodata        0x20006c50        0x8 ./FreeRTOS-Source/timers.o
 .rodata.xHeapStructSize
                0x20006c58        0x4 ./FreeRTOS-Source/portable/MemMang/heap_4.o
 .rodata.pcInterruptPriorityRegisters
                0x20006c5c        0x4 ./FreeRTOS-Source/portable/GCC/ARM_CM3/port.o
 .rodata        0x20006c60       0x38 ./Demo/demo.o
 .rodata.C.18.3459
                0x20006c98        0x8 C:\Users\S-SPACE\Desktop\Pratik\FreeRTOS\FreeRTOS_SC_v3.5\CORTEX_SmartFusion2_M2S050_SoftConsole\RTOSDemo_Hardware_Platform\Debug\libRTOSDemo_Hardware_Platform.a(system_m2sxxx.o)
 *(.ARM.extab* .gnu.linkonce.armextab.*)
 *(.gcc_except_table)
 *(.eh_frame_hdr)
 *(.eh_frame)
 *(.init)
 .init          0x20006ca0        0x4 c:/program files (x86)/microsemi/softconsole v3.4/sourcery-g++/bin/../lib/gcc/arm-none-eabi/4.4.1/thumb2/crti.o
                0x20006ca0                _init
 .init          0x20006ca4        0x8 c:/program files (x86)/microsemi/softconsole v3.4/sourcery-g++/bin/../lib/gcc/arm-none-eabi/4.4.1/thumb2/crtn.o
 *(.fini)
 .fini          0x20006cac        0x4 c:/program files (x86)/microsemi/softconsole v3.4/sourcery-g++/bin/../lib/gcc/arm-none-eabi/4.4.1/thumb2/crti.o
                0x20006cac                _fini
 .fini          0x20006cb0        0x8 c:/program files (x86)/microsemi/softconsole v3.4/sourcery-g++/bin/../lib/gcc/arm-none-eabi/4.4.1/thumb2/crtn.o
                0x20006cb8                PROVIDE (__preinit_array_start, .)
 *(.preinit_array)
                0x20006cb8                PROVIDE (__preinit_array_end, .)
                0x20006cb8                PROVIDE (__init_array_start, .)
 *(SORT(.init_array.*))
 *(.init_array)
 .init_array    0x20006cb8        0x4 c:/program files (x86)/microsemi/softconsole v3.4/sourcery-g++/bin/../lib/gcc/arm-none-eabi/4.4.1/thumb2/crtbegin.o
                0x20006cbc                PROVIDE (__init_array_end, .)
                0x20006cbc                PROVIDE (__fini_array_start, .)
 *(.fini_array)
 .fini_array    0x20006cbc        0x4 c:/program files (x86)/microsemi/softconsole v3.4/sourcery-g++/bin/../lib/gcc/arm-none-eabi/4.4.1/thumb2/crtbegin.o
 *(SORT(.fini_array.*))
                0x20006cc0                PROVIDE (__fini_array_end, .)
                0x20006cc0                __exidx_start = .

.v4_bx          0x20006cc0        0x0
 .v4_bx         0x00000000        0x0 linker stubs

.ARM.exidx
 *(.ARM.exidx* .gnu.linkonce.armexidx.*)
                0x20006cc0                __exidx_end = .
                0x20006cc0                _etext = .
                0x20006cc0                PROVIDE (__text_end, .)

.data           0x20006cc0       0x60
                0x20006cc0                __data_load = LOADADDR (.data)
                0x20006cc0                _sidata = LOADADDR (.data)
                0x20006cc0                __data_start = .
                0x20006cc0                _sdata = .
 *(.jcr)
 .jcr           0x20006cc0        0x0 c:/program files (x86)/microsemi/softconsole v3.4/sourcery-g++/bin/../lib/gcc/arm-none-eabi/4.4.1/thumb2/crtbegin.o
 .jcr           0x20006cc0        0x4 c:/program files (x86)/microsemi/softconsole v3.4/sourcery-g++/bin/../lib/gcc/arm-none-eabi/4.4.1/thumb2/crtend.o
 *(.got.plt)
 *(.got)
 *(.shdata)
 *(.data .data.* .gnu.linkonce.d.*)
 .data.uxCriticalNesting
                0x20006cc4        0x4 ./FreeRTOS-Source/portable/GCC/ARM_CM3/port.o
 .data.imu_struct
                0x20006cc8       0x20 ./Demo/demo.o
 .data.vc_struct
                0x20006ce8       0x1c ./Demo/demo.o
 .data.SystemCoreClock
                0x20006d04        0x4 C:\Users\S-SPACE\Desktop\Pratik\FreeRTOS\FreeRTOS_SC_v3.5\CORTEX_SmartFusion2_M2S050_SoftConsole\RTOSDemo_Hardware_Platform\Debug\libRTOSDemo_Hardware_Platform.a(system_m2sxxx.o)
                0x20006d04                SystemCoreClock
 .data.g_FrequencyPCLK0
                0x20006d08        0x4 C:\Users\S-SPACE\Desktop\Pratik\FreeRTOS\FreeRTOS_SC_v3.5\CORTEX_SmartFusion2_M2S050_SoftConsole\RTOSDemo_Hardware_Platform\Debug\libRTOSDemo_Hardware_Platform.a(system_m2sxxx.o)
                0x20006d08                g_FrequencyPCLK0
 .data.g_FrequencyPCLK1
                0x20006d0c        0x4 C:\Users\S-SPACE\Desktop\Pratik\FreeRTOS\FreeRTOS_SC_v3.5\CORTEX_SmartFusion2_M2S050_SoftConsole\RTOSDemo_Hardware_Platform\Debug\libRTOSDemo_Hardware_Platform.a(system_m2sxxx.o)
                0x20006d0c                g_FrequencyPCLK1
 .data.g_FrequencyPCLK2
                0x20006d10        0x4 C:\Users\S-SPACE\Desktop\Pratik\FreeRTOS\FreeRTOS_SC_v3.5\CORTEX_SmartFusion2_M2S050_SoftConsole\RTOSDemo_Hardware_Platform\Debug\libRTOSDemo_Hardware_Platform.a(system_m2sxxx.o)
                0x20006d10                g_FrequencyPCLK2
 .data.g_FrequencyFIC0
                0x20006d14        0x4 C:\Users\S-SPACE\Desktop\Pratik\FreeRTOS\FreeRTOS_SC_v3.5\CORTEX_SmartFusion2_M2S050_SoftConsole\RTOSDemo_Hardware_Platform\Debug\libRTOSDemo_Hardware_Platform.a(system_m2sxxx.o)
                0x20006d14                g_FrequencyFIC0
 .data.g_FrequencyFIC1
                0x20006d18        0x4 C:\Users\S-SPACE\Desktop\Pratik\FreeRTOS\FreeRTOS_SC_v3.5\CORTEX_SmartFusion2_M2S050_SoftConsole\RTOSDemo_Hardware_Platform\Debug\libRTOSDemo_Hardware_Platform.a(system_m2sxxx.o)
                0x20006d18                g_FrequencyFIC1
 .data.g_FrequencyFIC64
                0x20006d1c        0x4 C:\Users\S-SPACE\Desktop\Pratik\FreeRTOS\FreeRTOS_SC_v3.5\CORTEX_SmartFusion2_M2S050_SoftConsole\RTOSDemo_Hardware_Platform\Debug\libRTOSDemo_Hardware_Platform.a(system_m2sxxx.o)
                0x20006d1c                g_FrequencyFIC64
                0x20006d20                . = ALIGN (0x4)
                0x20006d20                _edata = .

.bss            0x20006d20     0x6b00
                0x20006d20                __bss_start__ = .
                0x20006d20                _sbss = .
 *(.shbss)
 *(.bss .bss.* .gnu.linkonce.b.*)
 .bss           0x20006d20        0x1 c:/program files (x86)/microsemi/softconsole v3.4/sourcery-g++/bin/../lib/gcc/arm-none-eabi/4.4.1/thumb2/crtbegin.o
 *fill*         0x20006d21        0x3 00
 .bss.ulLastCounterValue.1425
                0x20006d24        0x4 ./RunTimeStatsTimer.o
 .bss.ulOverflows.1426
                0x20006d28        0x4 ./RunTimeStatsTimer.o
 .bss.pxCurrentTCB
                0x20006d2c        0x4 ./FreeRTOS-Source/tasks.o
                0x20006d2c                pxCurrentTCB
 .bss.pxReadyTasksLists
                0x20006d30       0x64 ./FreeRTOS-Source/tasks.o
 .bss.xDelayedTaskList1
                0x20006d94       0x14 ./FreeRTOS-Source/tasks.o
 .bss.xDelayedTaskList2
                0x20006da8       0x14 ./FreeRTOS-Source/tasks.o
 .bss.pxDelayedTaskList
                0x20006dbc        0x4 ./FreeRTOS-Source/tasks.o
 .bss.pxOverflowDelayedTaskList
                0x20006dc0        0x4 ./FreeRTOS-Source/tasks.o
 .bss.xPendingReadyList
                0x20006dc4       0x14 ./FreeRTOS-Source/tasks.o
 .bss.xTasksWaitingTermination
                0x20006dd8       0x14 ./FreeRTOS-Source/tasks.o
 .bss.uxDeletedTasksWaitingCleanUp
                0x20006dec        0x4 ./FreeRTOS-Source/tasks.o
 .bss.xSuspendedTaskList
                0x20006df0       0x14 ./FreeRTOS-Source/tasks.o
 .bss.uxCurrentNumberOfTasks
                0x20006e04        0x4 ./FreeRTOS-Source/tasks.o
 .bss.xTickCount
                0x20006e08        0x4 ./FreeRTOS-Source/tasks.o
 .bss.uxTopReadyPriority
                0x20006e0c        0x4 ./FreeRTOS-Source/tasks.o
 .bss.xSchedulerRunning
                0x20006e10        0x4 ./FreeRTOS-Source/tasks.o
 .bss.uxPendedTicks
                0x20006e14        0x4 ./FreeRTOS-Source/tasks.o
 .bss.xYieldPending
                0x20006e18        0x4 ./FreeRTOS-Source/tasks.o
 .bss.xNumOfOverflows
                0x20006e1c        0x4 ./FreeRTOS-Source/tasks.o
 .bss.uxTaskNumber
                0x20006e20        0x4 ./FreeRTOS-Source/tasks.o
 .bss.xNextTaskUnblockTime
                0x20006e24        0x4 ./FreeRTOS-Source/tasks.o
 .bss.xIdleTaskHandle
                0x20006e28        0x4 ./FreeRTOS-Source/tasks.o
 .bss.uxSchedulerSuspended
                0x20006e2c        0x4 ./FreeRTOS-Source/tasks.o
 .bss.ulTaskSwitchedInTime
                0x20006e30        0x4 ./FreeRTOS-Source/tasks.o
 .bss.ulTotalRunTime
                0x20006e34        0x4 ./FreeRTOS-Source/tasks.o
 .bss.xActiveTimerList1
                0x20006e38       0x14 ./FreeRTOS-Source/timers.o
 .bss.xActiveTimerList2
                0x20006e4c       0x14 ./FreeRTOS-Source/timers.o
 .bss.pxCurrentTimerList
                0x20006e60        0x4 ./FreeRTOS-Source/timers.o
 .bss.pxOverflowTimerList
                0x20006e64        0x4 ./FreeRTOS-Source/timers.o
 .bss.xTimerQueue
                0x20006e68        0x4 ./FreeRTOS-Source/timers.o
 .bss.xTimerTaskHandle
                0x20006e6c        0x4 ./FreeRTOS-Source/timers.o
 .bss.xLastTime.2561
                0x20006e70        0x4 ./FreeRTOS-Source/timers.o
 .bss.ucHeap    0x20006e74     0x61a8 ./FreeRTOS-Source/portable/MemMang/heap_4.o
 .bss.xStart    0x2000d01c        0x8 ./FreeRTOS-Source/portable/MemMang/heap_4.o
 .bss.pxEnd     0x2000d024        0x4 ./FreeRTOS-Source/portable/MemMang/heap_4.o
 .bss.xFreeBytesRemaining
                0x2000d028        0x4 ./FreeRTOS-Source/portable/MemMang/heap_4.o
 .bss.xMinimumEverFreeBytesRemaining
                0x2000d02c        0x4 ./FreeRTOS-Source/portable/MemMang/heap_4.o
 .bss.xBlockAllocatedBit
                0x2000d030        0x4 ./FreeRTOS-Source/portable/MemMang/heap_4.o
 .bss.ucMaxSysCallPriority
                0x2000d034        0x1 ./FreeRTOS-Source/portable/GCC/ARM_CM3/port.o
 *fill*         0x2000d035        0x3 00
 .bss.ulMaxPRIGROUPValue
                0x2000d038        0x4 ./FreeRTOS-Source/portable/GCC/ARM_CM3/port.o
 *(COMMON)
 COMMON         0x2000d03c      0x4e1 ./main.o
                0x2000d03c                data_pld
                0x2000d070                g_core_i2c2
                0x2000d0dc                uart0_irq_rx_buffer
                0x2000d0e0                argu
                0x2000d0fc                c
                0x2000d118                uart1_irq_size
                0x2000d11c                data
                0x2000d31c                device_param
                0x2000d41c                device
                0x2000d51c                command_index
 *fill*         0x2000d51d        0x3 00
 COMMON         0x2000d520        0xb ./pilot/get_data.o
                0x2000d520                init_command
                0x2000d524                read
                0x2000d526                bvol
                0x2000d528                count
                0x2000d529                config_reg
                0x2000d52a                status
 *fill*         0x2000d52b        0x1 00
 COMMON         0x2000d52c      0x224 ./pilot/peripherals.o
                0x2000d52c                g_core_i2c0
                0x2000d598                g_core_i2c1
                0x2000d604                g_core_i2c5
                0x2000d670                g_core_i2c3
                0x2000d6dc                sd_timer
                0x2000d6e0                core_i2c_status
                0x2000d6e4                g_core_i2c4
 COMMON         0x2000d750       0x4c ./Demo/demo.o
                0x2000d750                pkt_timer
                0x2000d760                command_cnt
                0x2000d764                feed_tlm_task
                0x2000d768                get_pld_pkt_handle
                0x2000d76c                tlm_sender_handle
                0x2000d770                hk_pkt
                0x2000d774                tlm_tsk_handle
                0x2000d778                feed_tlm_sender
                0x2000d77c                xMutex
                0x2000d780                Data_HK_Queue
                0x2000d784                feed_get_hk_data
                0x2000d788                hk_task_feed
                0x2000d78c                get_hk_pkt_handle
                0x2000d790                Data_PLD_Queue
                0x2000d794                feed_get_payload_data
                0x2000d798                pld_pkt
 COMMON         0x2000d79c       0x80 C:\Users\S-SPACE\Desktop\Pratik\FreeRTOS\FreeRTOS_SC_v3.5\CORTEX_SmartFusion2_M2S050_SoftConsole\RTOSDemo_Hardware_Platform\Debug\libRTOSDemo_Hardware_Platform.a(mss_uart.o)
                0x2000d79c                g_mss_uart1
                0x2000d7dc                g_mss_uart0
                0x2000d820                . = ALIGN (0x8)
 *fill*         0x2000d81c        0x4 00
                0x2000d820                __bss_end__ = .
                0x2000d820                _end = .
                0x2000d820                __end = _end
                0x2000d820                _ebss = .
                0x2000d820                PROVIDE (end, .)

.stack          0x2000d820      0x400
                0x2000d820                . = ALIGN (0x4)
                0x2000d820                . = (. + PROCESS_STACK_SIZE)
                0x2000d820                . = ALIGN (0x4)
                0x2000dc20                . = (. + MAIN_STACK_SIZE)
 *fill*         0x2000d820      0x400 00
                0x2000dc20                . = ALIGN (0x4)

.stab
 *(.stab)

.stabstr
 *(.stabstr)

.debug
 *(.debug)

.line
 *(.line)

.debug_srcinfo
 *(.debug_srcinfo)

.debug_sfnames
 *(.debug_sfnames)

.comment        0x00000000      0x408
 .comment       0x00000000       0x2b ./RunTimeStatsTimer.o
 .comment       0x0000002b       0x2b ./main.o
 .comment       0x00000056       0x2b ./printf-stdarg.o
 .comment       0x00000081       0x2b ./pilot/get_data.o
 .comment       0x000000ac       0x2b ./pilot/init.o
 .comment       0x000000d7       0x2b ./pilot/peripherals.o
 .comment       0x00000102       0x2b ./pilot/pilot.o
 .comment       0x0000012d       0x2b ./pilot/pslv_interface.o
 .comment       0x00000158       0x2b ./pilot/read.o
 .comment       0x00000183       0x2b ./pilot/write.o
 .comment       0x000001ae       0x2b ./osal/osal.o
 .comment       0x000001d9       0x2b ./FreeRTOS-Source/list.o
 .comment       0x00000204       0x2b ./FreeRTOS-Source/queue.o
 .comment       0x0000022f       0x2b ./FreeRTOS-Source/tasks.o
 .comment       0x0000025a       0x2b ./FreeRTOS-Source/timers.o
 .comment       0x00000285       0x2b ./FreeRTOS-Source/portable/MemMang/heap_4.o
 .comment       0x000002b0       0x2b ./FreeRTOS-Source/portable/GCC/ARM_CM3/port.o
 .comment       0x000002db       0x2b ./Demo/demo.o
 .comment       0x00000306       0x2b ./Blinky-Demo/main_blinky.o
 .comment       0x00000331       0x2b C:/Users/S-SPACE/Desktop/Pratik/FreeRTOS/FreeRTOS_SC_v3.5/CORTEX_SmartFusion2_M2S050_SoftConsole/RTOSDemo_Hardware_Platform/Debug/CMSIS/startup_gcc/newlib_stubs.o
 .comment       0x0000035c       0x2b C:\Users\S-SPACE\Desktop\Pratik\FreeRTOS\FreeRTOS_SC_v3.5\CORTEX_SmartFusion2_M2S050_SoftConsole\RTOSDemo_Hardware_Platform\Debug\libRTOSDemo_Hardware_Platform.a(mss_uart.o)
 .comment       0x00000387       0x2b C:\Users\S-SPACE\Desktop\Pratik\FreeRTOS\FreeRTOS_SC_v3.5\CORTEX_SmartFusion2_M2S050_SoftConsole\RTOSDemo_Hardware_Platform\Debug\libRTOSDemo_Hardware_Platform.a(core_i2c.o)
 .comment       0x000003b2       0x2b C:\Users\S-SPACE\Desktop\Pratik\FreeRTOS\FreeRTOS_SC_v3.5\CORTEX_SmartFusion2_M2S050_SoftConsole\RTOSDemo_Hardware_Platform\Debug\libRTOSDemo_Hardware_Platform.a(i2c_interrupt.o)
 .comment       0x000003dd       0x2b C:\Users\S-SPACE\Desktop\Pratik\FreeRTOS\FreeRTOS_SC_v3.5\CORTEX_SmartFusion2_M2S050_SoftConsole\RTOSDemo_Hardware_Platform\Debug\libRTOSDemo_Hardware_Platform.a(system_m2sxxx.o)

.debug_aranges  0x00000000      0xb50
 *(.debug_aranges)
 .debug_aranges
                0x00000000       0x28 ./RunTimeStatsTimer.o
 .debug_aranges
                0x00000028       0x48 ./main.o
 .debug_aranges
                0x00000070       0x58 ./printf-stdarg.o
 .debug_aranges
                0x000000c8       0x70 ./pilot/get_data.o
 .debug_aranges
                0x00000138       0x20 ./pilot/init.o
 .debug_aranges
                0x00000158       0x20 ./pilot/read.o
 .debug_aranges
                0x00000178       0x20 ./pilot/write.o
 .debug_aranges
                0x00000198       0x20 ./osal/osal.o
 .debug_aranges
                0x000001b8       0x40 ./FreeRTOS-Source/list.o
 .debug_aranges
                0x000001f8      0x100 ./FreeRTOS-Source/queue.o
 .debug_aranges
                0x000002f8      0x1f0 ./FreeRTOS-Source/tasks.o
 .debug_aranges
                0x000004e8       0xc8 ./FreeRTOS-Source/timers.o
 .debug_aranges
                0x000005b0       0x50 ./FreeRTOS-Source/portable/MemMang/heap_4.o
 .debug_aranges
                0x00000600       0x78 ./FreeRTOS-Source/portable/GCC/ARM_CM3/port.o
 .debug_aranges
                0x00000678       0x90 ./Demo/demo.o
 .debug_aranges
                0x00000708       0x30 ./Blinky-Demo/main_blinky.o
 .debug_aranges
                0x00000738       0xa8 C:/Users/S-SPACE/Desktop/Pratik/FreeRTOS/FreeRTOS_SC_v3.5/CORTEX_SmartFusion2_M2S050_SoftConsole/RTOSDemo_Hardware_Platform/Debug/CMSIS/startup_gcc/newlib_stubs.o
 .debug_aranges
                0x000007e0      0x1d0 C:\Users\S-SPACE\Desktop\Pratik\FreeRTOS\FreeRTOS_SC_v3.5\CORTEX_SmartFusion2_M2S050_SoftConsole\RTOSDemo_Hardware_Platform\Debug\libRTOSDemo_Hardware_Platform.a(mss_uart.o)
 .debug_aranges
                0x000009b0      0x110 C:\Users\S-SPACE\Desktop\Pratik\FreeRTOS\FreeRTOS_SC_v3.5\CORTEX_SmartFusion2_M2S050_SoftConsole\RTOSDemo_Hardware_Platform\Debug\libRTOSDemo_Hardware_Platform.a(core_i2c.o)
 .debug_aranges
                0x00000ac0       0x38 C:\Users\S-SPACE\Desktop\Pratik\FreeRTOS\FreeRTOS_SC_v3.5\CORTEX_SmartFusion2_M2S050_SoftConsole\RTOSDemo_Hardware_Platform\Debug\libRTOSDemo_Hardware_Platform.a(i2c_interrupt.o)
 .debug_aranges
                0x00000af8       0x58 C:\Users\S-SPACE\Desktop\Pratik\FreeRTOS\FreeRTOS_SC_v3.5\CORTEX_SmartFusion2_M2S050_SoftConsole\RTOSDemo_Hardware_Platform\Debug\libRTOSDemo_Hardware_Platform.a(system_m2sxxx.o)

.debug_pubnames
                0x00000000     0x1bca
 *(.debug_pubnames)
 .debug_pubnames
                0x00000000       0x52 ./RunTimeStatsTimer.o
 .debug_pubnames
                0x00000052      0x11e ./main.o
 .debug_pubnames
                0x00000170       0x40 ./printf-stdarg.o
 .debug_pubnames
                0x000001b0      0x10f ./pilot/get_data.o
 .debug_pubnames
                0x000002bf       0x1b ./pilot/init.o
 .debug_pubnames
                0x000002da       0x93 ./pilot/peripherals.o
 .debug_pubnames
                0x0000036d       0xb9 ./pilot/read.o
 .debug_pubnames
                0x00000426       0x24 ./pilot/write.o
 .debug_pubnames
                0x0000044a       0x22 ./osal/osal.o
 .debug_pubnames
                0x0000046c       0x72 ./FreeRTOS-Source/list.o
 .debug_pubnames
                0x000004de      0x256 ./FreeRTOS-Source/queue.o
 .debug_pubnames
                0x00000734      0x487 ./FreeRTOS-Source/tasks.o
 .debug_pubnames
                0x00000bbb      0x138 ./FreeRTOS-Source/timers.o
 .debug_pubnames
                0x00000cf3       0x88 ./FreeRTOS-Source/portable/MemMang/heap_4.o
 .debug_pubnames
                0x00000d7b       0xfe ./FreeRTOS-Source/portable/GCC/ARM_CM3/port.o
 .debug_pubnames
                0x00000e79      0x378 ./Demo/demo.o
 .debug_pubnames
                0x000011f1       0x22 ./Blinky-Demo/main_blinky.o
 .debug_pubnames
                0x00001213       0xeb C:/Users/S-SPACE/Desktop/Pratik/FreeRTOS/FreeRTOS_SC_v3.5/CORTEX_SmartFusion2_M2S050_SoftConsole/RTOSDemo_Hardware_Platform/Debug/CMSIS/startup_gcc/newlib_stubs.o
 .debug_pubnames
                0x000012fe      0x50f C:\Users\S-SPACE\Desktop\Pratik\FreeRTOS\FreeRTOS_SC_v3.5\CORTEX_SmartFusion2_M2S050_SoftConsole\RTOSDemo_Hardware_Platform\Debug\libRTOSDemo_Hardware_Platform.a(mss_uart.o)
 .debug_pubnames
                0x0000180d      0x2b9 C:\Users\S-SPACE\Desktop\Pratik\FreeRTOS\FreeRTOS_SC_v3.5\CORTEX_SmartFusion2_M2S050_SoftConsole\RTOSDemo_Hardware_Platform\Debug\libRTOSDemo_Hardware_Platform.a(core_i2c.o)
 .debug_pubnames
                0x00001ac6       0x39 C:\Users\S-SPACE\Desktop\Pratik\FreeRTOS\FreeRTOS_SC_v3.5\CORTEX_SmartFusion2_M2S050_SoftConsole\RTOSDemo_Hardware_Platform\Debug\libRTOSDemo_Hardware_Platform.a(i2c_interrupt.o)
 .debug_pubnames
                0x00001aff       0xcb C:\Users\S-SPACE\Desktop\Pratik\FreeRTOS\FreeRTOS_SC_v3.5\CORTEX_SmartFusion2_M2S050_SoftConsole\RTOSDemo_Hardware_Platform\Debug\libRTOSDemo_Hardware_Platform.a(system_m2sxxx.o)

.debug_info     0x00000000     0xd625
 *(.debug_info .gnu.linkonce.wi.*)
 .debug_info    0x00000000       0xf2 ./RunTimeStatsTimer.o
 .debug_info    0x000000f2      0x565 ./main.o
 .debug_info    0x00000657      0x424 ./printf-stdarg.o
 .debug_info    0x00000a7b      0x8c5 ./pilot/get_data.o
 .debug_info    0x00001340      0x658 ./pilot/init.o
 .debug_info    0x00001998      0x3f8 ./pilot/peripherals.o
 .debug_info    0x00001d90       0x29 ./pilot/pilot.o
 .debug_info    0x00001db9       0x29 ./pilot/pslv_interface.o
 .debug_info    0x00001de2      0x755 ./pilot/read.o
 .debug_info    0x00002537      0x634 ./pilot/write.o
 .debug_info    0x00002b6b       0xd1 ./osal/osal.o
 .debug_info    0x00002c3c      0x2c0 ./FreeRTOS-Source/list.o
 .debug_info    0x00002efc     0x135d ./FreeRTOS-Source/queue.o
 .debug_info    0x00004259     0x2038 ./FreeRTOS-Source/tasks.o
 .debug_info    0x00006291      0xd8a ./FreeRTOS-Source/timers.o
 .debug_info    0x0000701b      0x3d8 ./FreeRTOS-Source/portable/MemMang/heap_4.o
 .debug_info    0x000073f3      0x4af ./FreeRTOS-Source/portable/GCC/ARM_CM3/port.o
 .debug_info    0x000078a2     0x1591 ./Demo/demo.o
 .debug_info    0x00008e33      0x1a1 ./Blinky-Demo/main_blinky.o
 .debug_info    0x00008fd4      0x6c3 C:/Users/S-SPACE/Desktop/Pratik/FreeRTOS/FreeRTOS_SC_v3.5/CORTEX_SmartFusion2_M2S050_SoftConsole/RTOSDemo_Hardware_Platform/Debug/CMSIS/startup_gcc/newlib_stubs.o
 .debug_info    0x00009697     0x1ed4 C:\Users\S-SPACE\Desktop\Pratik\FreeRTOS\FreeRTOS_SC_v3.5\CORTEX_SmartFusion2_M2S050_SoftConsole\RTOSDemo_Hardware_Platform\Debug\libRTOSDemo_Hardware_Platform.a(mss_uart.o)
 .debug_info    0x0000b56b      0xd0c C:\Users\S-SPACE\Desktop\Pratik\FreeRTOS\FreeRTOS_SC_v3.5\CORTEX_SmartFusion2_M2S050_SoftConsole\RTOSDemo_Hardware_Platform\Debug\libRTOSDemo_Hardware_Platform.a(core_i2c.o)
 .debug_info    0x0000c277      0x7ce C:\Users\S-SPACE\Desktop\Pratik\FreeRTOS\FreeRTOS_SC_v3.5\CORTEX_SmartFusion2_M2S050_SoftConsole\RTOSDemo_Hardware_Platform\Debug\libRTOSDemo_Hardware_Platform.a(i2c_interrupt.o)
 .debug_info    0x0000ca45      0xbe0 C:\Users\S-SPACE\Desktop\Pratik\FreeRTOS\FreeRTOS_SC_v3.5\CORTEX_SmartFusion2_M2S050_SoftConsole\RTOSDemo_Hardware_Platform\Debug\libRTOSDemo_Hardware_Platform.a(system_m2sxxx.o)

.debug_abbrev   0x00000000     0x2130
 *(.debug_abbrev)
 .debug_abbrev  0x00000000       0x92 ./RunTimeStatsTimer.o
 .debug_abbrev  0x00000092      0x1b8 ./main.o
 .debug_abbrev  0x0000024a      0x147 ./printf-stdarg.o
 .debug_abbrev  0x00000391      0x197 ./pilot/get_data.o
 .debug_abbrev  0x00000528      0x197 ./pilot/init.o
 .debug_abbrev  0x000006bf      0x104 ./pilot/peripherals.o
 .debug_abbrev  0x000007c3       0x16 ./pilot/pilot.o
 .debug_abbrev  0x000007d9       0x16 ./pilot/pslv_interface.o
 .debug_abbrev  0x000007ef      0x1a8 ./pilot/read.o
 .debug_abbrev  0x00000997      0x172 ./pilot/write.o
 .debug_abbrev  0x00000b09       0x77 ./osal/osal.o
 .debug_abbrev  0x00000b80       0xc5 ./FreeRTOS-Source/list.o
 .debug_abbrev  0x00000c45      0x1d2 ./FreeRTOS-Source/queue.o
 .debug_abbrev  0x00000e17      0x252 ./FreeRTOS-Source/tasks.o
 .debug_abbrev  0x00001069      0x1a9 ./FreeRTOS-Source/timers.o
 .debug_abbrev  0x00001212      0x1b7 ./FreeRTOS-Source/portable/MemMang/heap_4.o
 .debug_abbrev  0x000013c9      0x1f7 ./FreeRTOS-Source/portable/GCC/ARM_CM3/port.o
 .debug_abbrev  0x000015c0      0x272 ./Demo/demo.o
 .debug_abbrev  0x00001832       0xd9 ./Blinky-Demo/main_blinky.o
 .debug_abbrev  0x0000190b      0x158 C:/Users/S-SPACE/Desktop/Pratik/FreeRTOS/FreeRTOS_SC_v3.5/CORTEX_SmartFusion2_M2S050_SoftConsole/RTOSDemo_Hardware_Platform/Debug/CMSIS/startup_gcc/newlib_stubs.o
 .debug_abbrev  0x00001a63      0x280 C:\Users\S-SPACE\Desktop\Pratik\FreeRTOS\FreeRTOS_SC_v3.5\CORTEX_SmartFusion2_M2S050_SoftConsole\RTOSDemo_Hardware_Platform\Debug\libRTOSDemo_Hardware_Platform.a(mss_uart.o)
 .debug_abbrev  0x00001ce3      0x185 C:\Users\S-SPACE\Desktop\Pratik\FreeRTOS\FreeRTOS_SC_v3.5\CORTEX_SmartFusion2_M2S050_SoftConsole\RTOSDemo_Hardware_Platform\Debug\libRTOSDemo_Hardware_Platform.a(core_i2c.o)
 .debug_abbrev  0x00001e68      0x169 C:\Users\S-SPACE\Desktop\Pratik\FreeRTOS\FreeRTOS_SC_v3.5\CORTEX_SmartFusion2_M2S050_SoftConsole\RTOSDemo_Hardware_Platform\Debug\libRTOSDemo_Hardware_Platform.a(i2c_interrupt.o)
 .debug_abbrev  0x00001fd1      0x15f C:\Users\S-SPACE\Desktop\Pratik\FreeRTOS\FreeRTOS_SC_v3.5\CORTEX_SmartFusion2_M2S050_SoftConsole\RTOSDemo_Hardware_Platform\Debug\libRTOSDemo_Hardware_Platform.a(system_m2sxxx.o)

.debug_line     0x00000000     0xe5b9
 *(.debug_line)
 .debug_line    0x00000000      0x362 ./RunTimeStatsTimer.o
 .debug_line    0x00000362     0x14e5 ./main.o
 .debug_line    0x00001847      0x438 ./printf-stdarg.o
 .debug_line    0x00001c7f     0x1206 ./pilot/get_data.o
 .debug_line    0x00002e85     0x10c3 ./pilot/init.o
 .debug_line    0x00003f48     0x108c ./pilot/peripherals.o
 .debug_line    0x00004fd4       0x31 ./pilot/pilot.o
 .debug_line    0x00005005       0x3a ./pilot/pslv_interface.o
 .debug_line    0x0000503f     0x14b2 ./pilot/read.o
 .debug_line    0x000064f1     0x10c3 ./pilot/write.o
 .debug_line    0x000075b4      0x3db ./osal/osal.o
 .debug_line    0x0000798f      0x562 ./FreeRTOS-Source/list.o
 .debug_line    0x00007ef1      0xa9b ./FreeRTOS-Source/queue.o
 .debug_line    0x0000898c      0xf19 ./FreeRTOS-Source/tasks.o
 .debug_line    0x000098a5      0x821 ./FreeRTOS-Source/timers.o
 .debug_line    0x0000a0c6      0x612 ./FreeRTOS-Source/portable/MemMang/heap_4.o
 .debug_line    0x0000a6d8      0x4d9 ./FreeRTOS-Source/portable/GCC/ARM_CM3/port.o
 .debug_line    0x0000abb1     0x16c9 ./Demo/demo.o
 .debug_line    0x0000c27a      0x58b ./Blinky-Demo/main_blinky.o
 .debug_line    0x0000c805      0x4aa C:/Users/S-SPACE/Desktop/Pratik/FreeRTOS/FreeRTOS_SC_v3.5/CORTEX_SmartFusion2_M2S050_SoftConsole/RTOSDemo_Hardware_Platform/Debug/CMSIS/startup_gcc/newlib_stubs.o
 .debug_line    0x0000ccaf      0x8f8 C:\Users\S-SPACE\Desktop\Pratik\FreeRTOS\FreeRTOS_SC_v3.5\CORTEX_SmartFusion2_M2S050_SoftConsole\RTOSDemo_Hardware_Platform\Debug\libRTOSDemo_Hardware_Platform.a(mss_uart.o)
 .debug_line    0x0000d5a7      0x896 C:\Users\S-SPACE\Desktop\Pratik\FreeRTOS\FreeRTOS_SC_v3.5\CORTEX_SmartFusion2_M2S050_SoftConsole\RTOSDemo_Hardware_Platform\Debug\libRTOSDemo_Hardware_Platform.a(core_i2c.o)
 .debug_line    0x0000de3d      0x53b C:\Users\S-SPACE\Desktop\Pratik\FreeRTOS\FreeRTOS_SC_v3.5\CORTEX_SmartFusion2_M2S050_SoftConsole\RTOSDemo_Hardware_Platform\Debug\libRTOSDemo_Hardware_Platform.a(i2c_interrupt.o)
 .debug_line    0x0000e378      0x241 C:\Users\S-SPACE\Desktop\Pratik\FreeRTOS\FreeRTOS_SC_v3.5\CORTEX_SmartFusion2_M2S050_SoftConsole\RTOSDemo_Hardware_Platform\Debug\libRTOSDemo_Hardware_Platform.a(system_m2sxxx.o)

.debug_frame    0x00000000     0x25d4
 *(.debug_frame)
 .debug_frame   0x00000000       0x44 ./RunTimeStatsTimer.o
 .debug_frame   0x00000044       0xac ./main.o
 .debug_frame   0x000000f0      0x134 ./printf-stdarg.o
 .debug_frame   0x00000224      0x170 ./pilot/get_data.o
 .debug_frame   0x00000394       0x30 ./pilot/init.o
 .debug_frame   0x000003c4       0x30 ./pilot/read.o
 .debug_frame   0x000003f4       0x30 ./pilot/write.o
 .debug_frame   0x00000424       0x30 ./osal/osal.o
 .debug_frame   0x00000454       0x9c ./FreeRTOS-Source/list.o
 .debug_frame   0x000004f0      0x398 ./FreeRTOS-Source/queue.o
 .debug_frame   0x00000888      0x724 ./FreeRTOS-Source/tasks.o
 .debug_frame   0x00000fac      0x2b8 ./FreeRTOS-Source/timers.o
 .debug_frame   0x00001264       0xd0 ./FreeRTOS-Source/portable/MemMang/heap_4.o
 .debug_frame   0x00001334      0x140 ./FreeRTOS-Source/portable/GCC/ARM_CM3/port.o
 .debug_frame   0x00001474      0x1d8 ./Demo/demo.o
 .debug_frame   0x0000164c       0x70 ./Blinky-Demo/main_blinky.o
 .debug_frame   0x000016bc      0x21c C:/Users/S-SPACE/Desktop/Pratik/FreeRTOS/FreeRTOS_SC_v3.5/CORTEX_SmartFusion2_M2S050_SoftConsole/RTOSDemo_Hardware_Platform/Debug/CMSIS/startup_gcc/newlib_stubs.o
 .debug_frame   0x000018d8      0x6b4 C:\Users\S-SPACE\Desktop\Pratik\FreeRTOS\FreeRTOS_SC_v3.5\CORTEX_SmartFusion2_M2S050_SoftConsole\RTOSDemo_Hardware_Platform\Debug\libRTOSDemo_Hardware_Platform.a(mss_uart.o)
 .debug_frame   0x00001f8c      0x3e4 C:\Users\S-SPACE\Desktop\Pratik\FreeRTOS\FreeRTOS_SC_v3.5\CORTEX_SmartFusion2_M2S050_SoftConsole\RTOSDemo_Hardware_Platform\Debug\libRTOSDemo_Hardware_Platform.a(core_i2c.o)
 .debug_frame   0x00002370       0x88 C:\Users\S-SPACE\Desktop\Pratik\FreeRTOS\FreeRTOS_SC_v3.5\CORTEX_SmartFusion2_M2S050_SoftConsole\RTOSDemo_Hardware_Platform\Debug\libRTOSDemo_Hardware_Platform.a(i2c_interrupt.o)
 .debug_frame   0x000023f8       0xf4 C:\Users\S-SPACE\Desktop\Pratik\FreeRTOS\FreeRTOS_SC_v3.5\CORTEX_SmartFusion2_M2S050_SoftConsole\RTOSDemo_Hardware_Platform\Debug\libRTOSDemo_Hardware_Platform.a(system_m2sxxx.o)
 .debug_frame   0x000024ec       0x20 c:/program files (x86)/microsemi/softconsole v3.4/sourcery-g++/bin/../lib/gcc/arm-none-eabi/4.4.1/../../../../arm-none-eabi/lib/thumb2\libc.a(lib_a-errno.o)
 .debug_frame   0x0000250c       0x2c c:/program files (x86)/microsemi/softconsole v3.4/sourcery-g++/bin/../lib/gcc/arm-none-eabi/4.4.1/../../../../arm-none-eabi/lib/thumb2\libc.a(lib_a-init.o)
 .debug_frame   0x00002538       0x34 c:/program files (x86)/microsemi/softconsole v3.4/sourcery-g++/bin/../lib/gcc/arm-none-eabi/4.4.1/../../../../arm-none-eabi/lib/thumb2\libc.a(lib_a-memcpy.o)
 .debug_frame   0x0000256c       0x28 c:/program files (x86)/microsemi/softconsole v3.4/sourcery-g++/bin/../lib/gcc/arm-none-eabi/4.4.1/../../../../arm-none-eabi/lib/thumb2\libc.a(lib_a-memset.o)
 .debug_frame   0x00002594       0x20 c:/program files (x86)/microsemi/softconsole v3.4/sourcery-g++/bin/../lib/gcc/arm-none-eabi/4.4.1/../../../../arm-none-eabi/lib/thumb2\libc.a(lib_a-strcpy.o)
 .debug_frame   0x000025b4       0x20 c:/program files (x86)/microsemi/softconsole v3.4/sourcery-g++/bin/../lib/gcc/arm-none-eabi/4.4.1/../../../../arm-none-eabi/lib/thumb2\libc.a(lib_a-strlen.o)

.debug_str      0x00000000     0x49e5
 *(.debug_str)
 .debug_str     0x00000000      0x15e ./RunTimeStatsTimer.o
                                0x192 (size before relaxing)
 .debug_str     0x0000015e      0x386 ./main.o
                                0x4fc (size before relaxing)
 .debug_str     0x000004e4       0x8c ./printf-stdarg.o
                                0x1b3 (size before relaxing)
 .debug_str     0x00000570      0x1df ./pilot/get_data.o
                                0x601 (size before relaxing)
 .debug_str     0x0000074f      0x1dd ./pilot/init.o
                                0x67c (size before relaxing)
 .debug_str     0x0000092c       0x73 ./pilot/peripherals.o
                                0x46c (size before relaxing)
 .debug_str     0x0000099f       0x11 ./pilot/pilot.o
                                 0x8d (size before relaxing)
 .debug_str     0x000009b0       0x1a ./pilot/pslv_interface.o
                                 0x96 (size before relaxing)
 .debug_str     0x000009ca       0x1d ./pilot/read.o
                                0x6dc (size before relaxing)
 .debug_str     0x000009e7       0x1f ./pilot/write.o
                                0x68d (size before relaxing)
 .debug_str     0x00000a06       0x3b ./osal/osal.o
                                0x152 (size before relaxing)
 .debug_str     0x00000a41      0x143 ./FreeRTOS-Source/list.o
                                0x267 (size before relaxing)
 .debug_str     0x00000b84      0x51f ./FreeRTOS-Source/queue.o
                                0x74f (size before relaxing)
 .debug_str     0x000010a3      0xc52 ./FreeRTOS-Source/tasks.o
                                0xf96 (size before relaxing)
 .debug_str     0x00001cf5      0x4ed ./FreeRTOS-Source/timers.o
                                0x75b (size before relaxing)
 .debug_str     0x000021e2      0x1d7 ./FreeRTOS-Source/portable/MemMang/heap_4.o
                                0x327 (size before relaxing)
 .debug_str     0x000023b9      0x1e0 ./FreeRTOS-Source/portable/GCC/ARM_CM3/port.o
                                0x390 (size before relaxing)
 .debug_str     0x00002599      0x986 ./Demo/demo.o
                               0x118b (size before relaxing)
 .debug_str     0x00002f1f       0x7a ./Blinky-Demo/main_blinky.o
                                0x1d4 (size before relaxing)
 .debug_str     0x00002f99      0x269 C:/Users/S-SPACE/Desktop/Pratik/FreeRTOS/FreeRTOS_SC_v3.5/CORTEX_SmartFusion2_M2S050_SoftConsole/RTOSDemo_Hardware_Platform/Debug/CMSIS/startup_gcc/newlib_stubs.o
                                0x342 (size before relaxing)
 .debug_str     0x00003202     0x113b C:\Users\S-SPACE\Desktop\Pratik\FreeRTOS\FreeRTOS_SC_v3.5\CORTEX_SmartFusion2_M2S050_SoftConsole\RTOSDemo_Hardware_Platform\Debug\libRTOSDemo_Hardware_Platform.a(mss_uart.o)
                               0x19bb (size before relaxing)
 .debug_str     0x0000433d      0x477 C:\Users\S-SPACE\Desktop\Pratik\FreeRTOS\FreeRTOS_SC_v3.5\CORTEX_SmartFusion2_M2S050_SoftConsole\RTOSDemo_Hardware_Platform\Debug\libRTOSDemo_Hardware_Platform.a(core_i2c.o)
                                0x960 (size before relaxing)
 .debug_str     0x000047b4       0x42 C:\Users\S-SPACE\Desktop\Pratik\FreeRTOS\FreeRTOS_SC_v3.5\CORTEX_SmartFusion2_M2S050_SoftConsole\RTOSDemo_Hardware_Platform\Debug\libRTOSDemo_Hardware_Platform.a(i2c_interrupt.o)
                                0x9e2 (size before relaxing)
 .debug_str     0x000047f6      0x1ef C:\Users\S-SPACE\Desktop\Pratik\FreeRTOS\FreeRTOS_SC_v3.5\CORTEX_SmartFusion2_M2S050_SoftConsole\RTOSDemo_Hardware_Platform\Debug\libRTOSDemo_Hardware_Platform.a(system_m2sxxx.o)
                                0xa56 (size before relaxing)

.debug_loc      0x00000000     0x3e98
 *(.debug_loc)
 .debug_loc     0x00000000       0x62 ./RunTimeStatsTimer.o
 .debug_loc     0x00000062      0x11a ./main.o
 .debug_loc     0x0000017c      0x1df ./printf-stdarg.o
 .debug_loc     0x0000035b      0x261 ./pilot/get_data.o
 .debug_loc     0x000005bc       0x37 ./pilot/init.o
 .debug_loc     0x000005f3       0x37 ./pilot/read.o
 .debug_loc     0x0000062a       0x37 ./pilot/write.o
 .debug_loc     0x00000661       0x37 ./osal/osal.o
 .debug_loc     0x00000698      0x113 ./FreeRTOS-Source/list.o
 .debug_loc     0x000007ab      0x645 ./FreeRTOS-Source/queue.o
 .debug_loc     0x00000df0      0xc7f ./FreeRTOS-Source/tasks.o
 .debug_loc     0x00001a6f      0x4af ./FreeRTOS-Source/timers.o
 .debug_loc     0x00001f1e      0x15d ./FreeRTOS-Source/portable/MemMang/heap_4.o
 .debug_loc     0x0000207b      0x1e3 ./FreeRTOS-Source/portable/GCC/ARM_CM3/port.o
 .debug_loc     0x0000225e      0x2f1 ./Demo/demo.o
 .debug_loc     0x0000254f       0xa5 ./Blinky-Demo/main_blinky.o
 .debug_loc     0x000025f4      0x3c6 C:/Users/S-SPACE/Desktop/Pratik/FreeRTOS/FreeRTOS_SC_v3.5/CORTEX_SmartFusion2_M2S050_SoftConsole/RTOSDemo_Hardware_Platform/Debug/CMSIS/startup_gcc/newlib_stubs.o
 .debug_loc     0x000029ba      0xbb9 C:\Users\S-SPACE\Desktop\Pratik\FreeRTOS\FreeRTOS_SC_v3.5\CORTEX_SmartFusion2_M2S050_SoftConsole\RTOSDemo_Hardware_Platform\Debug\libRTOSDemo_Hardware_Platform.a(mss_uart.o)
 .debug_loc     0x00003573      0x6a9 C:\Users\S-SPACE\Desktop\Pratik\FreeRTOS\FreeRTOS_SC_v3.5\CORTEX_SmartFusion2_M2S050_SoftConsole\RTOSDemo_Hardware_Platform\Debug\libRTOSDemo_Hardware_Platform.a(core_i2c.o)
 .debug_loc     0x00003c1c       0xdc C:\Users\S-SPACE\Desktop\Pratik\FreeRTOS\FreeRTOS_SC_v3.5\CORTEX_SmartFusion2_M2S050_SoftConsole\RTOSDemo_Hardware_Platform\Debug\libRTOSDemo_Hardware_Platform.a(i2c_interrupt.o)
 .debug_loc     0x00003cf8      0x1a0 C:\Users\S-SPACE\Desktop\Pratik\FreeRTOS\FreeRTOS_SC_v3.5\CORTEX_SmartFusion2_M2S050_SoftConsole\RTOSDemo_Hardware_Platform\Debug\libRTOSDemo_Hardware_Platform.a(system_m2sxxx.o)

.debug_macinfo  0x00000000    0xb3025
 *(.debug_macinfo)
 .debug_macinfo
                0x00000000     0x4745 ./RunTimeStatsTimer.o
 .debug_macinfo
                0x00004745     0xed8a ./main.o
 .debug_macinfo
                0x000134cf     0x46e7 ./printf-stdarg.o
 .debug_macinfo
                0x00017bb6     0x8d51 ./pilot/get_data.o
 .debug_macinfo
                0x00020907     0x8d66 ./pilot/init.o
 .debug_macinfo
                0x0002966d     0x8bf7 ./pilot/peripherals.o
 .debug_macinfo
                0x00032264      0xc81 ./pilot/pilot.o
 .debug_macinfo
                0x00032ee5      0xc81 ./pilot/pslv_interface.o
 .debug_macinfo
                0x00033b66     0xca31 ./pilot/read.o
 .debug_macinfo
                0x00040597     0x8c4f ./pilot/write.o
 .debug_macinfo
                0x000491e6     0x5348 ./osal/osal.o
 .debug_macinfo
                0x0004e52e     0x699e ./FreeRTOS-Source/list.o
 .debug_macinfo
                0x00054ecc     0x7af7 ./FreeRTOS-Source/queue.o
 .debug_macinfo
                0x0005c9c3     0x8e0f ./FreeRTOS-Source/tasks.o
 .debug_macinfo
                0x000657d2     0x8022 ./FreeRTOS-Source/timers.o
 .debug_macinfo
                0x0006d7f4     0x703b ./FreeRTOS-Source/portable/MemMang/heap_4.o
 .debug_macinfo
                0x0007482f     0x589b ./FreeRTOS-Source/portable/GCC/ARM_CM3/port.o
 .debug_macinfo
                0x0007a0ca    0x10746 ./Demo/demo.o
 .debug_macinfo
                0x0008a810     0x8a73 ./Blinky-Demo/main_blinky.o
 .debug_macinfo
                0x00093283     0x4bf0 C:/Users/S-SPACE/Desktop/Pratik/FreeRTOS/FreeRTOS_SC_v3.5/CORTEX_SmartFusion2_M2S050_SoftConsole/RTOSDemo_Hardware_Platform/Debug/CMSIS/startup_gcc/newlib_stubs.o
 .debug_macinfo
                0x00097e73     0x80de C:\Users\S-SPACE\Desktop\Pratik\FreeRTOS\FreeRTOS_SC_v3.5\CORTEX_SmartFusion2_M2S050_SoftConsole\RTOSDemo_Hardware_Platform\Debug\libRTOSDemo_Hardware_Platform.a(mss_uart.o)
 .debug_macinfo
                0x0009ff51     0x44f1 C:\Users\S-SPACE\Desktop\Pratik\FreeRTOS\FreeRTOS_SC_v3.5\CORTEX_SmartFusion2_M2S050_SoftConsole\RTOSDemo_Hardware_Platform\Debug\libRTOSDemo_Hardware_Platform.a(core_i2c.o)
 .debug_macinfo
                0x000a4442     0x7939 C:\Users\S-SPACE\Desktop\Pratik\FreeRTOS\FreeRTOS_SC_v3.5\CORTEX_SmartFusion2_M2S050_SoftConsole\RTOSDemo_Hardware_Platform\Debug\libRTOSDemo_Hardware_Platform.a(i2c_interrupt.o)
 .debug_macinfo
                0x000abd7b     0x72aa C:\Users\S-SPACE\Desktop\Pratik\FreeRTOS\FreeRTOS_SC_v3.5\CORTEX_SmartFusion2_M2S050_SoftConsole\RTOSDemo_Hardware_Platform\Debug\libRTOSDemo_Hardware_Platform.a(system_m2sxxx.o)

.debug_weaknames
 *(.debug_weaknames)

.debug_funcnames
 *(.debug_funcnames)

.debug_typenames
 *(.debug_typenames)

.debug_varnames
 *(.debug_varnames)

.note.gnu.arm.ident
 *(.note.gnu.arm.ident)

.ARM.attributes
                0x00000000       0x25
 *(.ARM.attributes)
 .ARM.attributes
                0x00000000       0x19 c:/program files (x86)/microsemi/softconsole v3.4/sourcery-g++/bin/../lib/gcc/arm-none-eabi/4.4.1/thumb2/crti.o
 .ARM.attributes
                0x00000019       0x29 c:/program files (x86)/microsemi/softconsole v3.4/sourcery-g++/bin/../lib/gcc/arm-none-eabi/4.4.1/thumb2/crtbegin.o
 .ARM.attributes
                0x00000042       0x31 ./RunTimeStatsTimer.o
 .ARM.attributes
                0x00000073       0x31 ./main.o
 .ARM.attributes
                0x000000a4       0x31 ./printf-stdarg.o
 .ARM.attributes
                0x000000d5       0x31 ./pilot/get_data.o
 .ARM.attributes
                0x00000106       0x31 ./pilot/init.o
 .ARM.attributes
                0x00000137       0x31 ./pilot/peripherals.o
 .ARM.attributes
                0x00000168       0x31 ./pilot/pilot.o
 .ARM.attributes
                0x00000199       0x31 ./pilot/pslv_interface.o
 .ARM.attributes
                0x000001ca       0x31 ./pilot/read.o
 .ARM.attributes
                0x000001fb       0x31 ./pilot/write.o
 .ARM.attributes
                0x0000022c       0x31 ./osal/osal.o
 .ARM.attributes
                0x0000025d       0x31 ./FreeRTOS-Source/list.o
 .ARM.attributes
                0x0000028e       0x31 ./FreeRTOS-Source/queue.o
 .ARM.attributes
                0x000002bf       0x31 ./FreeRTOS-Source/tasks.o
 .ARM.attributes
                0x000002f0       0x31 ./FreeRTOS-Source/timers.o
 .ARM.attributes
                0x00000321       0x31 ./FreeRTOS-Source/portable/MemMang/heap_4.o
 .ARM.attributes
                0x00000352       0x31 ./FreeRTOS-Source/portable/GCC/ARM_CM3/port.o
 .ARM.attributes
                0x00000383       0x31 ./Demo/demo.o
 .ARM.attributes
                0x000003b4       0x31 ./Blinky-Demo/main_blinky.o
 .ARM.attributes
                0x000003e5       0x21 C:/Users/S-SPACE/Desktop/Pratik/FreeRTOS/FreeRTOS_SC_v3.5/CORTEX_SmartFusion2_M2S050_SoftConsole/RTOSDemo_Hardware_Platform/Debug/CMSIS/startup_gcc/startup_m2sxxx.o
 .ARM.attributes
                0x00000406       0x31 C:/Users/S-SPACE/Desktop/Pratik/FreeRTOS/FreeRTOS_SC_v3.5/CORTEX_SmartFusion2_M2S050_SoftConsole/RTOSDemo_Hardware_Platform/Debug/CMSIS/startup_gcc/newlib_stubs.o
 .ARM.attributes
                0x00000437       0x31 C:\Users\S-SPACE\Desktop\Pratik\FreeRTOS\FreeRTOS_SC_v3.5\CORTEX_SmartFusion2_M2S050_SoftConsole\RTOSDemo_Hardware_Platform\Debug\libRTOSDemo_Hardware_Platform.a(mss_uart.o)
 .ARM.attributes
                0x00000468       0x31 C:\Users\S-SPACE\Desktop\Pratik\FreeRTOS\FreeRTOS_SC_v3.5\CORTEX_SmartFusion2_M2S050_SoftConsole\RTOSDemo_Hardware_Platform\Debug\libRTOSDemo_Hardware_Platform.a(core_i2c.o)
 .ARM.attributes
                0x00000499       0x31 C:\Users\S-SPACE\Desktop\Pratik\FreeRTOS\FreeRTOS_SC_v3.5\CORTEX_SmartFusion2_M2S050_SoftConsole\RTOSDemo_Hardware_Platform\Debug\libRTOSDemo_Hardware_Platform.a(i2c_interrupt.o)
 .ARM.attributes
                0x000004ca       0x31 C:\Users\S-SPACE\Desktop\Pratik\FreeRTOS\FreeRTOS_SC_v3.5\CORTEX_SmartFusion2_M2S050_SoftConsole\RTOSDemo_Hardware_Platform\Debug\libRTOSDemo_Hardware_Platform.a(system_m2sxxx.o)
 .ARM.attributes
                0x000004fb       0x21 C:\Users\S-SPACE\Desktop\Pratik\FreeRTOS\FreeRTOS_SC_v3.5\CORTEX_SmartFusion2_M2S050_SoftConsole\RTOSDemo_Hardware_Platform\Debug\libRTOSDemo_Hardware_Platform.a(hal.o)
 .ARM.attributes
                0x0000051c       0x21 C:\Users\S-SPACE\Desktop\Pratik\FreeRTOS\FreeRTOS_SC_v3.5\CORTEX_SmartFusion2_M2S050_SoftConsole\RTOSDemo_Hardware_Platform\Debug\libRTOSDemo_Hardware_Platform.a(hw_reg_access.o)
 .ARM.attributes
                0x0000053d       0x29 c:/program files (x86)/microsemi/softconsole v3.4/sourcery-g++/bin/../lib/gcc/arm-none-eabi/4.4.1/../../../../arm-none-eabi/lib/thumb2\libc.a(lib_a-errno.o)
 .ARM.attributes
                0x00000566       0x29 c:/program files (x86)/microsemi/softconsole v3.4/sourcery-g++/bin/../lib/gcc/arm-none-eabi/4.4.1/../../../../arm-none-eabi/lib/thumb2\libc.a(lib_a-impure.o)
 .ARM.attributes
                0x0000058f       0x29 c:/program files (x86)/microsemi/softconsole v3.4/sourcery-g++/bin/../lib/gcc/arm-none-eabi/4.4.1/../../../../arm-none-eabi/lib/thumb2\libc.a(lib_a-init.o)
 .ARM.attributes
                0x000005b8       0x29 c:/program files (x86)/microsemi/softconsole v3.4/sourcery-g++/bin/../lib/gcc/arm-none-eabi/4.4.1/../../../../arm-none-eabi/lib/thumb2\libc.a(lib_a-memcpy.o)
 .ARM.attributes
                0x000005e1       0x29 c:/program files (x86)/microsemi/softconsole v3.4/sourcery-g++/bin/../lib/gcc/arm-none-eabi/4.4.1/../../../../arm-none-eabi/lib/thumb2\libc.a(lib_a-memset.o)
 .ARM.attributes
                0x0000060a       0x29 c:/program files (x86)/microsemi/softconsole v3.4/sourcery-g++/bin/../lib/gcc/arm-none-eabi/4.4.1/../../../../arm-none-eabi/lib/thumb2\libc.a(lib_a-strcpy.o)
 .ARM.attributes
                0x00000633       0x29 c:/program files (x86)/microsemi/softconsole v3.4/sourcery-g++/bin/../lib/gcc/arm-none-eabi/4.4.1/../../../../arm-none-eabi/lib/thumb2\libc.a(lib_a-strlen.o)
 .ARM.attributes
                0x0000065c       0x29 c:/program files (x86)/microsemi/softconsole v3.4/sourcery-g++/bin/../lib/gcc/arm-none-eabi/4.4.1/thumb2/crtend.o
 .ARM.attributes
                0x00000685       0x19 c:/program files (x86)/microsemi/softconsole v3.4/sourcery-g++/bin/../lib/gcc/arm-none-eabi/4.4.1/thumb2/crtn.o

/DISCARD/
 *(.note.GNU-stack)
 *(.isr_vector)
OUTPUT(RTOSDemo elf32-littlearm)

.debug_ranges   0x00000000      0xad8
 .debug_ranges  0x00000000       0x20 ./RunTimeStatsTimer.o
 .debug_ranges  0x00000020       0x40 ./main.o
 .debug_ranges  0x00000060       0x50 ./printf-stdarg.o
 .debug_ranges  0x000000b0       0x68 ./pilot/get_data.o
 .debug_ranges  0x00000118       0x18 ./pilot/init.o
 .debug_ranges  0x00000130       0x18 ./pilot/read.o
 .debug_ranges  0x00000148       0x18 ./pilot/write.o
 .debug_ranges  0x00000160       0x18 ./osal/osal.o
 .debug_ranges  0x00000178       0x38 ./FreeRTOS-Source/list.o
 .debug_ranges  0x000001b0       0xf8 ./FreeRTOS-Source/queue.o
 .debug_ranges  0x000002a8      0x200 ./FreeRTOS-Source/tasks.o
 .debug_ranges  0x000004a8       0xc0 ./FreeRTOS-Source/timers.o
 .debug_ranges  0x00000568       0x48 ./FreeRTOS-Source/portable/MemMang/heap_4.o
 .debug_ranges  0x000005b0       0x70 ./FreeRTOS-Source/portable/GCC/ARM_CM3/port.o
 .debug_ranges  0x00000620       0x88 ./Demo/demo.o
 .debug_ranges  0x000006a8       0x28 ./Blinky-Demo/main_blinky.o
 .debug_ranges  0x000006d0       0xa0 C:/Users/S-SPACE/Desktop/Pratik/FreeRTOS/FreeRTOS_SC_v3.5/CORTEX_SmartFusion2_M2S050_SoftConsole/RTOSDemo_Hardware_Platform/Debug/CMSIS/startup_gcc/newlib_stubs.o
 .debug_ranges  0x00000770      0x1c8 C:\Users\S-SPACE\Desktop\Pratik\FreeRTOS\FreeRTOS_SC_v3.5\CORTEX_SmartFusion2_M2S050_SoftConsole\RTOSDemo_Hardware_Platform\Debug\libRTOSDemo_Hardware_Platform.a(mss_uart.o)
 .debug_ranges  0x00000938      0x120 C:\Users\S-SPACE\Desktop\Pratik\FreeRTOS\FreeRTOS_SC_v3.5\CORTEX_SmartFusion2_M2S050_SoftConsole\RTOSDemo_Hardware_Platform\Debug\libRTOSDemo_Hardware_Platform.a(core_i2c.o)
 .debug_ranges  0x00000a58       0x30 C:\Users\S-SPACE\Desktop\Pratik\FreeRTOS\FreeRTOS_SC_v3.5\CORTEX_SmartFusion2_M2S050_SoftConsole\RTOSDemo_Hardware_Platform\Debug\libRTOSDemo_Hardware_Platform.a(i2c_interrupt.o)
 .debug_ranges  0x00000a88       0x50 C:\Users\S-SPACE\Desktop\Pratik\FreeRTOS\FreeRTOS_SC_v3.5\CORTEX_SmartFusion2_M2S050_SoftConsole\RTOSDemo_Hardware_Platform\Debug\libRTOSDemo_Hardware_Platform.a(system_m2sxxx.o)
