Archive member included because of file (symbol)

C:\Users\S-SPACE\Desktop\Pratik\FreeRTOS\FreeRTOS_SC_v3.5\FSW_FreeRTOS\CORTEX_SmartFusion2_M2S050_SoftConsole\RTOSDemo_Hardware_Platform\Debug\libRTOSDemo_Hardware_Platform.a(mss_uart.o)
                              ./Demo_Tasks/demo_tasks.o (g_mss_uart0)
C:\Users\S-SPACE\Desktop\Pratik\FreeRTOS\FreeRTOS_SC_v3.5\FSW_FreeRTOS\CORTEX_SmartFusion2_M2S050_SoftConsole\RTOSDemo_Hardware_Platform\Debug\libRTOSDemo_Hardware_Platform.a(core_i2c.o)
                              ./pilot/init.o (I2C_init)
C:\Users\S-SPACE\Desktop\Pratik\FreeRTOS\FreeRTOS_SC_v3.5\FSW_FreeRTOS\CORTEX_SmartFusion2_M2S050_SoftConsole\RTOSDemo_Hardware_Platform\Debug\libRTOSDemo_Hardware_Platform.a(i2c_interrupt.o)
                              C:\Users\S-SPACE\Desktop\Pratik\FreeRTOS\FreeRTOS_SC_v3.5\FSW_FreeRTOS\CORTEX_SmartFusion2_M2S050_SoftConsole\RTOSDemo_Hardware_Platform\Debug\libRTOSDemo_Hardware_Platform.a(core_i2c.o) (I2C_enable_irq)
C:\Users\S-SPACE\Desktop\Pratik\FreeRTOS\FreeRTOS_SC_v3.5\FSW_FreeRTOS\CORTEX_SmartFusion2_M2S050_SoftConsole\RTOSDemo_Hardware_Platform\Debug\libRTOSDemo_Hardware_Platform.a(system_m2sxxx.o)
                              ./RunTimeStatsTimer.o (SystemCoreClock)
C:\Users\S-SPACE\Desktop\Pratik\FreeRTOS\FreeRTOS_SC_v3.5\FSW_FreeRTOS\CORTEX_SmartFusion2_M2S050_SoftConsole\RTOSDemo_Hardware_Platform\Debug\libRTOSDemo_Hardware_Platform.a(hal.o)
                              C:\Users\S-SPACE\Desktop\Pratik\FreeRTOS\FreeRTOS_SC_v3.5\FSW_FreeRTOS\CORTEX_SmartFusion2_M2S050_SoftConsole\RTOSDemo_Hardware_Platform\Debug\libRTOSDemo_Hardware_Platform.a(core_i2c.o) (HAL_disable_interrupts)
C:\Users\S-SPACE\Desktop\Pratik\FreeRTOS\FreeRTOS_SC_v3.5\FSW_FreeRTOS\CORTEX_SmartFusion2_M2S050_SoftConsole\RTOSDemo_Hardware_Platform\Debug\libRTOSDemo_Hardware_Platform.a(hw_reg_access.o)
                              C:\Users\S-SPACE\Desktop\Pratik\FreeRTOS\FreeRTOS_SC_v3.5\FSW_FreeRTOS\CORTEX_SmartFusion2_M2S050_SoftConsole\RTOSDemo_Hardware_Platform\Debug\libRTOSDemo_Hardware_Platform.a(core_i2c.o) (HW_set_8bit_reg)
c:/program files (x86)/microsemi/softconsole v3.4/sourcery-g++/bin/../lib/gcc/arm-none-eabi/4.4.1/../../../../arm-none-eabi/lib/thumb2\libc.a(lib_a-errno.o)
                              C:/Users/S-SPACE/Desktop/Pratik/FreeRTOS/FreeRTOS_SC_v3.5/FSW_FreeRTOS/CORTEX_SmartFusion2_M2S050_SoftConsole/RTOSDemo_Hardware_Platform/Debug/CMSIS/startup_gcc/newlib_stubs.o (__errno)
c:/program files (x86)/microsemi/softconsole v3.4/sourcery-g++/bin/../lib/gcc/arm-none-eabi/4.4.1/../../../../arm-none-eabi/lib/thumb2\libc.a(lib_a-impure.o)
                              c:/program files (x86)/microsemi/softconsole v3.4/sourcery-g++/bin/../lib/gcc/arm-none-eabi/4.4.1/../../../../arm-none-eabi/lib/thumb2\libc.a(lib_a-errno.o) (_impure_ptr)
c:/program files (x86)/microsemi/softconsole v3.4/sourcery-g++/bin/../lib/gcc/arm-none-eabi/4.4.1/../../../../arm-none-eabi/lib/thumb2\libc.a(lib_a-init.o)
                              C:/Users/S-SPACE/Desktop/Pratik/FreeRTOS/FreeRTOS_SC_v3.5/FSW_FreeRTOS/CORTEX_SmartFusion2_M2S050_SoftConsole/RTOSDemo_Hardware_Platform/Debug/CMSIS/startup_gcc/startup_m2sxxx.o (__libc_init_array)
c:/program files (x86)/microsemi/softconsole v3.4/sourcery-g++/bin/../lib/gcc/arm-none-eabi/4.4.1/../../../../arm-none-eabi/lib/thumb2\libc.a(lib_a-memcpy.o)
                              ./FreeRTOS-Source/queue.o (memcpy)
c:/program files (x86)/microsemi/softconsole v3.4/sourcery-g++/bin/../lib/gcc/arm-none-eabi/4.4.1/../../../../arm-none-eabi/lib/thumb2\libc.a(lib_a-memset.o)
                              ./FreeRTOS-Source/tasks.o (memset)
c:/program files (x86)/microsemi/softconsole v3.4/sourcery-g++/bin/../lib/gcc/arm-none-eabi/4.4.1/../../../../arm-none-eabi/lib/thumb2\libc.a(lib_a-strcpy.o)
                              ./FreeRTOS-Source/tasks.o (strcpy)
c:/program files (x86)/microsemi/softconsole v3.4/sourcery-g++/bin/../lib/gcc/arm-none-eabi/4.4.1/../../../../arm-none-eabi/lib/thumb2\libc.a(lib_a-strlen.o)
                              ./FreeRTOS-Source/tasks.o (strlen)

Allocating common symbols
Common symbol       size              file

acc                 0x6               ./pilot/read.o
pkt_timer           0xc               ./Demo_Tasks/demo_tasks.o
data_pld            0x32              ./main.o
command_cnt         0x2               ./Demo_Tasks/demo_tasks.o
g_core_i2c2         0x6c              ./main.o
uart0_irq_rx_buffer
                    0x3               ./main.o
g_core_i2c0         0x6c              ./pilot/peripherals.o
g_core_i2c1         0x6c              ./pilot/peripherals.o
feed_tlm_task       0x4               ./Demo_Tasks/demo_tasks.o
get_pld_pkt_handle  0x4               ./Demo_Tasks/demo_tasks.o
tlm_sender_handle   0x4               ./Demo_Tasks/demo_tasks.o
hk_pkt              0x4               ./Demo_Tasks/demo_tasks.o
tlm_tsk_handle      0x4               ./Demo_Tasks/demo_tasks.o
argu                0x19              ./main.o
[...]
Memory Configuration

Name             Origin             Length             Attributes
ram              0x20000000         0x00010000         xrw
*default*        0x00000000         0xffffffff

Linker script and memory map

LOAD c:/program files (x86)/microsemi/softconsole v3.4/sourcery-g++/bin/../lib/gcc/arm-none-eabi/4.4.1/thumb2/crti.o
LOAD c:/program files (x86)/microsemi/softconsole v3.4/sourcery-g++/bin/../lib/gcc/arm-none-eabi/4.4.1/thumb2/crtbegin.o
LOAD ./RunTimeStatsTimer.o
LOAD ./main.o
LOAD ./printf-stdarg.o
LOAD ./pilot/get_data.o
LOAD ./pilot/init.o
LOAD ./pilot/peripherals.o
LOAD ./pilot/pilot.o
LOAD ./pilot/pslv_interface.o
LOAD ./pilot/read.o
LOAD ./pilot/write.o
LOAD ./osal/osal.o
LOAD ./cmds/cmd.o
LOAD ./FreeRTOS-Source/list.o
LOAD ./FreeRTOS-Source/queue.o
LOAD ./FreeRTOS-Source/tasks.o
LOAD ./FreeRTOS-Source/timers.o
LOAD ./FreeRTOS-Source/portable/MemMang/heap_4.o
LOAD ./FreeRTOS-Source/portable/GCC/ARM_CM3/port.o
LOAD ./Demo_Tasks/demo_tasks.o
LOAD ./Blinky-Demo/main_blinky.o
LOAD C:/Users/S-SPACE/Desktop/Pratik/FreeRTOS/FreeRTOS_SC_v3.5/FSW_FreeRTOS/CORTEX_SmartFusion2_M2S050_SoftConsole/RTOSDemo_Hardware_Platform/Debug/CMSIS/startup_gcc/startup_m2sxxx.o
LOAD C:/Users/S-SPACE/Desktop/Pratik/FreeRTOS/FreeRTOS_SC_v3.5/FSW_FreeRTOS/CORTEX_SmartFusion2_M2S050_SoftConsole/RTOSDemo_Hardware_Platform/Debug/CMSIS/startup_gcc/newlib_stubs.o
LOAD C:\Users\S-SPACE\Desktop\Pratik\FreeRTOS\FreeRTOS_SC_v3.5\FSW_FreeRTOS\CORTEX_SmartFusion2_M2S050_SoftConsole\RTOSDemo_Hardware_Platform\Debug\libRTOSDemo_Hardware_Platform.a
START GROUP
LOAD c:/program files (x86)/microsemi/softconsole v3.4/sourcery-g++/bin/../lib/gcc/arm-none-eabi/4.4.1/thumb2\libgcc.a
LOAD c:/program files (x86)/microsemi/softconsole v3.4/sourcery-g++/bin/../lib/gcc/arm-none-eabi/4.4.1/../../../../arm-none-eabi/lib/thumb2\libc.a
END GROUP
LOAD c:/program files (x86)/microsemi/softconsole v3.4/sourcery-g++/bin/../lib/gcc/arm-none-eabi/4.4.1/thumb2/crtend.o
LOAD c:/program files (x86)/microsemi/softconsole v3.4/sourcery-g++/bin/../lib/gcc/arm-none-eabi/4.4.1/thumb2/crtn.o
START GROUP
LOAD c:/program files (x86)/microsemi/softconsole v3.4/sourcery-g++/bin/../lib/gcc/arm-none-eabi/4.4.1/../../../../arm-none-eabi/lib/thumb2\libc.a
LOAD c:/program files (x86)/microsemi/softconsole v3.4/sourcery-g++/bin/../lib/gcc/arm-none-eabi/4.4.1/thumb2\libgcc.a
LOAD c:/program files (x86)/microsemi/softconsole v3.4/sourcery-g++/bin/../lib/gcc/arm-none-eabi/4.4.1/../../../../arm-none-eabi/lib/thumb2\libm.a
END GROUP
                0x00000000                __DYNAMIC = 0x0
                0x20000000                RAM_START_ADDRESS = 0x20000000
                0x00010000                RAM_SIZE = 0x10000
                0x00000400                MAIN_STACK_SIZE = 0x400
                0x00000000                PROCESS_STACK_SIZE = 0x0
                0x20010000                PROVIDE (__main_stack_start, (RAM_START_ADDRESS + RAM_SIZE))
                0x2000fc00                PROVIDE (__process_stack_start, (__main_stack_start - MAIN_STACK_SIZE))
                0x20010000                PROVIDE (_estack, __main_stack_start)
                0x00000000                PROVIDE (__mirrored_nvm, 0x0)

.text           0x20000000     0x768c
 CREATE_OBJECT_SYMBOLS
                0x20000000                __text_load = LOADADDR (.text)
                0x20000000                __text_start = .
                0x20000000                __vector_table_vma_base_address = .
 *(.isr_vector)
 .isr_vector    0x20000000      0x2f0 C:/Users/S-SPACE/Desktop/Pratik/FreeRTOS/FreeRTOS_SC_v3.5/FSW_FreeRTOS/CORTEX_SmartFusion2_M2S050_SoftConsole/RTOSDemo_Hardware_Platform/Debug/CMSIS/startup_gcc/startup_m2sxxx.o
                0x20000000                g_pfnVectors
                0x20000188                Reset_Handler
                0x200001f8                NMI_Handler
                0x200001fa                HardFault_Handler
                0x200001fc                MemManage_Handler
                0x200001fe                BusFault_Handler
                0x20000200                UsageFault_Handler
                0x20000204                DebugMon_Handler
                0x2000020a                WdogWakeup_IRQHandler
                0x2000020c                RTC_Wakeup_IRQHandler
                0x2000020e                SPI0_IRQHandler
                0x20000210                SPI1_IRQHandler
                0x20000212                I2C0_IRQHandler
                0x20000214                I2C0_SMBAlert_IRQHandler
                0x20000216                I2C0_SMBus_IRQHandler
                0x20000218                I2C1_IRQHandler
                0x2000021a                I2C1_SMBAlert_IRQHandler
                0x2000021c                I2C1_SMBus_IRQHandler
                0x20000222                EthernetMAC_IRQHandler
                0x20000224                DMA_IRQHandler
                0x20000226                Timer1_IRQHandler
                0x20000228                Timer2_IRQHandler
                0x2000022a                CAN_IRQHandler
                0x2000022c                ENVM0_IRQHandler
                0x2000022e                ENVM1_IRQHandler
                0x20000230                ComBlk_IRQHandler
                0x20000232                USB_IRQHandler
                0x20000234                USB_DMA_IRQHandler
                0x20000236                PLL_Lock_IRQHandler
                0x20000238                PLL_LockLost_IRQHandler
                0x2000023a                CommSwitchError_IRQHandler
                0x2000023c                CacheError_IRQHandler
                0x2000023e                DDR_IRQHandler
                0x20000240                HPDMA_Complete_IRQHandler
                0x20000242                HPDMA_Error_IRQHandler
                0x20000244                ECC_Error_IRQHandler
                0x20000246                MDDR_IOCalib_IRQHandler
                0x20000248                FAB_PLL_Lock_IRQHandler
                0x2000024a                FAB_PLL_LockLost_IRQHandler
                0x2000024c                FIC64_IRQHandler
                0x2000025a                FabricIrq6_IRQHandler
                0x2000025c                FabricIrq7_IRQHandler
                0x2000025e                FabricIrq8_IRQHandler
                0x20000260                FabricIrq9_IRQHandler
                0x20000262                FabricIrq10_IRQHandler
                0x20000264                FabricIrq11_IRQHandler
                0x20000266                FabricIrq12_IRQHandler
                0x20000268                FabricIrq13_IRQHandler
                0x2000026a                FabricIrq14_IRQHandler
                0x2000026c                FabricIrq15_IRQHandler
                0x2000026e                GPIO0_IRQHandler
                0x20000270                GPIO1_IRQHandler
                0x20000272                GPIO2_IRQHandler
                0x20000274                GPIO3_IRQHandler
                0x20000276                GPIO4_IRQHandler
                0x20000278                GPIO5_IRQHandler
                0x2000027a                GPIO6_IRQHandler
                0x2000027c                GPIO7_IRQHandler
                0x2000027e                GPIO8_IRQHandler
                0x20000280                GPIO9_IRQHandler
                0x20000282                GPIO10_IRQHandler
                0x20000284                GPIO11_IRQHandler
                0x20000286                GPIO12_IRQHandler
                0x20000288                GPIO13_IRQHandler
                0x2000028a                GPIO14_IRQHandler
                0x2000028c                GPIO15_IRQHandler
                0x2000028e                GPIO16_IRQHandler
                0x20000290                GPIO17_IRQHandler
                0x20000292                GPIO18_IRQHandler
                0x20000294                GPIO19_IRQHandler
                0x20000296                GPIO20_IRQHandler
                0x20000298                GPIO21_IRQHandler
                0x2000029a                GPIO22_IRQHandler
                0x2000029c                GPIO23_IRQHandler
                0x2000029e                GPIO24_IRQHandler
                0x200002a0                GPIO25_IRQHandler
                0x200002a2                GPIO26_IRQHandler
                0x200002a4                GPIO27_IRQHandler
                0x200002a6                GPIO28_IRQHandler
                0x200002a8                GPIO29_IRQHandler
                0x200002aa                GPIO30_IRQHandler
                0x200002ac                GPIO31_IRQHandler
                0x200002ae                mscc_post_hw_cfg_init
 *(.text .text.* .gnu.linkonce.t.*)
 .text          0x200002f0       0x30 c:/program files (x86)/microsemi/softconsole v3.4/sourcery-g++/bin/../lib/gcc/arm-none-eabi/4.4.1/thumb2/crtbegin.o
 .text.vConfigureTimerForRunTimeStats
                0x20000320       0x48 ./RunTimeStatsTimer.o
                0x20000320                vConfigureTimerForRunTimeStats
 .text.ulGetRunTimeCounterValue
                0x20000368       0xa4 ./RunTimeStatsTimer.o
                0x20000368                ulGetRunTimeCounterValue
 .text.main     0x2000040c       0x10 ./main.o
                0x2000040c                main
 .text.vApplicationMallocFailedHook
                0x2000041c       0x1c ./main.o
                0x2000041c                vApplicationMallocFailedHook
 .text.vApplicationIdleHook
                0x20000438        0xc ./main.o
                0x20000438                vApplicationIdleHook
 .text.vApplicationStackOverflowHook
                0x20000444       0x20 ./main.o
                0x20000444                vApplicationStackOverflowHook
 .text.get_IMU_acc
                0x20000464      0x32c ./pilot/get_data.o
                0x20000464                get_IMU_acc
 .text.get_IMU_gyro
                0x20000790      0x2e4 ./pilot/get_data.o
                0x20000790                get_IMU_gyro
 .text.get_IMU_temp
                0x20000a74       0xc0 ./pilot/get_data.o
                0x20000a74                get_IMU_temp
 .text.vc_write
                0x20000b34       0xa8 ./pilot/get_data.o
                0x20000b34                vc_write
 .text.vc_read  0x20000bdc       0xa8 ./pilot/get_data.o
                0x20000bdc                vc_read
 .text.vc_read_reg
                0x20000c84       0x58 ./pilot/get_data.o
                0x20000c84                vc_read_reg
 .text.read_bus_voltage
                0x20000cdc       0xbc ./pilot/get_data.o
                0x20000cdc                read_bus_voltage
 .text.read_shunt_voltage
                0x20000d98       0xc0 ./pilot/get_data.o
                0x20000d98                read_shunt_voltage
 .text.get_ADC_value
                0x20000e58       0xa0 ./pilot/get_data.o
                0x20000e58                get_ADC_value
 .text.init     0x20000ef8       0x9c ./pilot/init.o
                0x20000ef8                init
 .text.cmd_valid
                0x20000f94       0x18 ./cmds/cmd.o
                0x20000f94                cmd_valid
 .text.chk_s_cmd
                0x20000fac       0x98 ./cmds/cmd.o
                0x20000fac                chk_s_cmd
 .text.add_cmd  0x20001044       0xa8 ./cmds/cmd.o
                0x20001044                add_cmd
 .text.vcmd_callback
                0x200010ec        0xc ./cmds/cmd.o
                0x200010ec                vcmd_callback
 .text.cmd_engine
                0x200010f8      0x124 ./cmds/cmd.o
                0x200010f8                cmd_engine
 .text.cmd_noop
                0x2000121c       0x1c ./cmds/cmd.o
                0x2000121c                cmd_noop
 .text.vListInitialise
                0x20001238       0x48 ./FreeRTOS-Source/list.o
                0x20001238                vListInitialise
 .text.vListInitialiseItem
                0x20001280       0x1c ./FreeRTOS-Source/list.o
                0x20001280                vListInitialiseItem
 .text.vListInsertEnd
                0x2000129c       0x48 ./FreeRTOS-Source/list.o
                0x2000129c                vListInsertEnd
 .text.vListInsert
                0x200012e4       0x74 ./FreeRTOS-Source/list.o
                0x200012e4                vListInsert
 .text.uxListRemove
                0x20001358       0x58 ./FreeRTOS-Source/list.o
                0x20001358                uxListRemove
 .text.xQueueGenericReset
                0x200013b0       0xec ./FreeRTOS-Source/queue.o
                0x200013b0                xQueueGenericReset
 .text.xQueueGenericCreate
                0x2000149c       0x7c ./FreeRTOS-Source/queue.o
                0x2000149c                xQueueGenericCreate
 .text.prvInitialiseNewQueue
                0x20001518       0x48 ./FreeRTOS-Source/queue.o
 .text.prvInitialiseMutex
                0x20001560       0x40 ./FreeRTOS-Source/queue.o
 .text.xQueueCreateMutex
                0x200015a0       0x38 ./FreeRTOS-Source/queue.o
                0x200015a0                xQueueCreateMutex
 .text.xQueueGenericSend
                0x200015d8      0x230 ./FreeRTOS-Source/queue.o
                0x200015d8                xQueueGenericSend
 .text.xQueueGenericSendFromISR
                0x20001808      0x144 ./FreeRTOS-Source/queue.o
                0x20001808                xQueueGenericSendFromISR
 .text.xQueueGenericReceive
                0x2000194c      0x268 ./FreeRTOS-Source/queue.o
                0x2000194c                xQueueGenericReceive
 .text.prvCopyDataToQueue
                0x20001bb4       0xf0 ./FreeRTOS-Source/queue.o
 .text.prvCopyDataFromQueue
                0x20001ca4       0x50 ./FreeRTOS-Source/queue.o
 .text.prvUnlockQueue
                0x20001cf4       0xac ./FreeRTOS-Source/queue.o
 .text.prvIsQueueEmpty
                0x20001da0       0x34 ./FreeRTOS-Source/queue.o
 .text.prvIsQueueFull
                0x20001dd4       0x38 ./FreeRTOS-Source/queue.o
 .text.vQueueWaitForMessageRestricted
                0x20001e0c       0x74 ./FreeRTOS-Source/queue.o
                0x20001e0c                vQueueWaitForMessageRestricted
 .text.xTaskCreate
                0x20001e80       0x94 ./FreeRTOS-Source/tasks.o
                0x20001e80                xTaskCreate
 .text.prvInitialiseNewTask
                0x20001f14      0x12c ./FreeRTOS-Source/tasks.o
 .text.prvAddNewTaskToReadyList
                0x20002040      0x13c ./FreeRTOS-Source/tasks.o
 .text.uxTaskPriorityGet
                0x2000217c       0x38 ./FreeRTOS-Source/tasks.o
                0x2000217c                uxTaskPriorityGet
 .text.vTaskPrioritySet
                0x200021b4      0x1c0 ./FreeRTOS-Source/tasks.o
                0x200021b4                vTaskPrioritySet
 .text.vTaskStartScheduler
                0x20002374       0xb4 ./FreeRTOS-Source/tasks.o
                0x20002374                vTaskStartScheduler
 .text.vTaskSuspendAll
                0x20002428       0x24 ./FreeRTOS-Source/tasks.o
                0x20002428                vTaskSuspendAll
 .text.xTaskResumeAll
                0x2000244c      0x1a0 ./FreeRTOS-Source/tasks.o
                0x2000244c                xTaskResumeAll
 .text.xTaskGetTickCount
                0x200025ec       0x20 ./FreeRTOS-Source/tasks.o
                0x200025ec                xTaskGetTickCount
 .text.xTaskIncrementTick
                0x2000260c      0x210 ./FreeRTOS-Source/tasks.o
                0x2000260c                xTaskIncrementTick
 .text.vTaskSwitchContext
                0x2000281c      0x1a8 ./FreeRTOS-Source/tasks.o
                0x2000281c                vTaskSwitchContext
 .text.vTaskPlaceOnEventList
                0x200029c4       0x4c ./FreeRTOS-Source/tasks.o
                0x200029c4                vTaskPlaceOnEventList
 .text.vTaskPlaceOnEventListRestricted
                0x20002a10       0x58 ./FreeRTOS-Source/tasks.o
                0x20002a10                vTaskPlaceOnEventListRestricted
 .text.xTaskRemoveFromEventList
                0x20002a68       0xf0 ./FreeRTOS-Source/tasks.o
                0x20002a68                xTaskRemoveFromEventList
 .text.vTaskSetTimeOutState
                0x20002b58       0x48 ./FreeRTOS-Source/tasks.o
                0x20002b58                vTaskSetTimeOutState
 .text.xTaskCheckForTimeOut
                0x20002ba0       0xd0 ./FreeRTOS-Source/tasks.o
                0x20002ba0                xTaskCheckForTimeOut
 .text.vTaskMissedYield
                0x20002c70       0x18 ./FreeRTOS-Source/tasks.o
                0x20002c70                vTaskMissedYield
 .text.prvIdleTask
                0x20002c88       0x38 ./FreeRTOS-Source/tasks.o
 .text.prvInitialiseTaskLists
                0x20002cc0       0xa4 ./FreeRTOS-Source/tasks.o
 .text.prvCheckTasksWaitingTermination
                0x20002d64       0x98 ./FreeRTOS-Source/tasks.o
 .text.prvDeleteTCB
                0x20002dfc       0x20 ./FreeRTOS-Source/tasks.o
 .text.prvResetNextTaskUnblockTime
                0x20002e1c       0x5c ./FreeRTOS-Source/tasks.o
 .text.xTaskGetSchedulerState
                0x20002e78       0x48 ./FreeRTOS-Source/tasks.o
                0x20002e78                xTaskGetSchedulerState
 .text.vTaskPriorityInherit
                0x20002ec0      0x14c ./FreeRTOS-Source/tasks.o
                0x20002ec0                vTaskPriorityInherit
 .text.xTaskPriorityDisinherit
                0x2000300c      0x14c ./FreeRTOS-Source/tasks.o
                0x2000300c                xTaskPriorityDisinherit
 .text.pvTaskIncrementMutexHeldCount
                0x20003158       0x38 ./FreeRTOS-Source/tasks.o
                0x20003158                pvTaskIncrementMutexHeldCount
 .text.ulTaskNotifyTake
                0x20003190       0xc0 ./FreeRTOS-Source/tasks.o
                0x20003190                ulTaskNotifyTake
 .text.xTaskNotifyWait
                0x20003250       0xf0 ./FreeRTOS-Source/tasks.o
                0x20003250                xTaskNotifyWait
 .text.vTaskNotifyGiveFromISR
                0x20003340      0x14c ./FreeRTOS-Source/tasks.o
                0x20003340                vTaskNotifyGiveFromISR
 .text.prvAddCurrentTaskToDelayedList
                0x2000348c      0x110 ./FreeRTOS-Source/tasks.o
 .text.xTimerCreateTimerTask
                0x2000359c       0x74 ./FreeRTOS-Source/timers.o
                0x2000359c                xTimerCreateTimerTask
 .text.xTimerCreate
                0x20003610       0x40 ./FreeRTOS-Source/timers.o
                0x20003610                xTimerCreate
 .text.prvInitialiseNewTimer
                0x20003650       0x64 ./FreeRTOS-Source/timers.o
 .text.xTimerGenericCommand
                0x200036b4       0xcc ./FreeRTOS-Source/timers.o
                0x200036b4                xTimerGenericCommand
 .text.prvProcessExpiredTimer
                0x20003780       0x8c ./FreeRTOS-Source/timers.o
 .text.prvTimerTask
                0x2000380c       0x28 ./FreeRTOS-Source/timers.o
 .text.prvProcessTimerOrBlockTask
                0x20003834       0xac ./FreeRTOS-Source/timers.o
 .text.prvGetNextExpireTime
                0x200038e0       0x50 ./FreeRTOS-Source/timers.o
 .text.prvSampleTimeNow
                0x20003930       0x50 ./FreeRTOS-Source/timers.o
 .text.prvInsertTimerInActiveList
                0x20003980       0x98 ./FreeRTOS-Source/timers.o
 .text.prvProcessReceivedCommands
                0x20003a18      0x184 ./FreeRTOS-Source/timers.o
 .text.prvSwitchTimerLists
                0x20003b9c       0xf4 ./FreeRTOS-Source/timers.o
 .text.prvCheckForValidListAndQueue
                0x20003c90       0x74 ./FreeRTOS-Source/timers.o
 .text.pvPortMalloc
                0x20003d04      0x1f8 ./FreeRTOS-Source/portable/MemMang/heap_4.o
                0x20003d04                pvPortMalloc
 .text.vPortFree
                0x20003efc       0xd8 ./FreeRTOS-Source/portable/MemMang/heap_4.o
                0x20003efc                vPortFree
 .text.prvHeapInit
                0x20003fd4      0x104 ./FreeRTOS-Source/portable/MemMang/heap_4.o
 .text.prvInsertBlockIntoFreeList
                0x200040d8       0xbc ./FreeRTOS-Source/portable/MemMang/heap_4.o
 .text.pxPortInitialiseStack
                0x20004194       0x68 ./FreeRTOS-Source/portable/GCC/ARM_CM3/port.o
                0x20004194                pxPortInitialiseStack
 .text.prvTaskExitError
                0x200041fc       0x40 ./FreeRTOS-Source/portable/GCC/ARM_CM3/port.o
 *fill*         0x2000423c        0x4 00
 .text.SVC_Handler
                0x20004240       0x30 ./FreeRTOS-Source/portable/GCC/ARM_CM3/port.o
                0x20004240                SVC_Handler
 .text.prvPortStartFirstTask
                0x20004270       0x20 ./FreeRTOS-Source/portable/GCC/ARM_CM3/port.o
 .text.xPortStartScheduler
                0x20004290      0x10c ./FreeRTOS-Source/portable/GCC/ARM_CM3/port.o
                0x20004290                xPortStartScheduler
 .text.vPortEnterCritical
                0x2000439c       0x70 ./FreeRTOS-Source/portable/GCC/ARM_CM3/port.o
                0x2000439c                vPortEnterCritical
 .text.vPortExitCritical
                0x2000440c       0x64 ./FreeRTOS-Source/portable/GCC/ARM_CM3/port.o
                0x2000440c                vPortExitCritical
 .text.PendSV_Handler
                0x20004470       0x50 ./FreeRTOS-Source/portable/GCC/ARM_CM3/port.o
                0x20004470                PendSV_Handler
 .text.SysTick_Handler
                0x200044c0       0x44 ./FreeRTOS-Source/portable/GCC/ARM_CM3/port.o
                0x200044c0                SysTick_Handler
 .text.vPortSetupTimerInterrupt
                0x20004504       0x40 ./FreeRTOS-Source/portable/GCC/ARM_CM3/port.o
                0x20004504                vPortSetupTimerInterrupt
 .text.vPortValidateInterruptPriority
                0x20004544       0x84 ./FreeRTOS-Source/portable/GCC/ARM_CM3/port.o
                0x20004544                vPortValidateInterruptPriority
 .text.NVIC_EnableIRQ
                0x200045c8       0x38 ./Demo_Tasks/demo_tasks.o
 .text.NVIC_SetPriority
                0x20004600       0x5c ./Demo_Tasks/demo_tasks.o
 .text.get_hk_data
                0x2000465c      0x408 ./Demo_Tasks/demo_tasks.o
                0x2000465c                get_hk_data
 .text.get_pld_data
                0x20004a64       0xcc ./Demo_Tasks/demo_tasks.o
                0x20004a64                get_pld_data
 .text.vGetPktStruct
                0x20004b30       0x9c ./Demo_Tasks/demo_tasks.o
                0x20004b30                vGetPktStruct
 .text.vtlm_task
                0x20004bcc      0x230 ./Demo_Tasks/demo_tasks.o
                0x20004bcc                vtlm_task
 .text.vtlm_sender
                0x20004dfc       0x98 ./Demo_Tasks/demo_tasks.o
                0x20004dfc                vtlm_sender
 .text.irq_tsk_func
                0x20004e94       0x7c ./Demo_Tasks/demo_tasks.o
                0x20004e94                irq_tsk_func
 .text.uart0_rx_handler
                0x20004f10       0x68 ./Demo_Tasks/demo_tasks.o
                0x20004f10                uart0_rx_handler
 .text.demo_tasks
                0x20004f78      0x2e4 ./Demo_Tasks/demo_tasks.o
                0x20004f78                demo_tasks
 .text.FabricIrq0_IRQHandler
                0x2000525c       0x14 ./Demo_Tasks/demo_tasks.o
                0x2000525c                FabricIrq0_IRQHandler
 .text.FabricIrq1_IRQHandler
                0x20005270       0x14 ./Demo_Tasks/demo_tasks.o
                0x20005270                FabricIrq1_IRQHandler
 .text.FabricIrq2_IRQHandler
                0x20005284       0x14 ./Demo_Tasks/demo_tasks.o
                0x20005284                FabricIrq2_IRQHandler
 .text.FabricIrq3_IRQHandler
                0x20005298       0x14 ./Demo_Tasks/demo_tasks.o
                0x20005298                FabricIrq3_IRQHandler
 .text.FabricIrq4_IRQHandler
                0x200052ac       0x14 ./Demo_Tasks/demo_tasks.o
                0x200052ac                FabricIrq4_IRQHandler
 .text.FabricIrq5_IRQHandler
                0x200052c0       0x14 ./Demo_Tasks/demo_tasks.o
                0x200052c0                FabricIrq5_IRQHandler
 .text.NVIC_EnableIRQ
                0x200052d4       0x38 C:\Users\S-SPACE\Desktop\Pratik\FreeRTOS\FreeRTOS_SC_v3.5\FSW_FreeRTOS\CORTEX_SmartFusion2_M2S050_SoftConsole\RTOSDemo_Hardware_Platform\Debug\libRTOSDemo_Hardware_Platform.a(mss_uart.o)
 .text.NVIC_ClearPendingIRQ
                0x2000530c       0x3c C:\Users\S-SPACE\Desktop\Pratik\FreeRTOS\FreeRTOS_SC_v3.5\FSW_FreeRTOS\CORTEX_SmartFusion2_M2S050_SoftConsole\RTOSDemo_Hardware_Platform\Debug\libRTOSDemo_Hardware_Platform.a(mss_uart.o)
 .text.set_bit_reg8
                0x20005348       0x40 C:\Users\S-SPACE\Desktop\Pratik\FreeRTOS\FreeRTOS_SC_v3.5\FSW_FreeRTOS\CORTEX_SmartFusion2_M2S050_SoftConsole\RTOSDemo_Hardware_Platform\Debug\libRTOSDemo_Hardware_Platform.a(mss_uart.o)
 .text.clear_bit_reg8
                0x20005388       0x40 C:\Users\S-SPACE\Desktop\Pratik\FreeRTOS\FreeRTOS_SC_v3.5\FSW_FreeRTOS\CORTEX_SmartFusion2_M2S050_SoftConsole\RTOSDemo_Hardware_Platform\Debug\libRTOSDemo_Hardware_Platform.a(mss_uart.o)
 .text.read_bit_reg8
                0x200053c8       0x40 C:\Users\S-SPACE\Desktop\Pratik\FreeRTOS\FreeRTOS_SC_v3.5\FSW_FreeRTOS\CORTEX_SmartFusion2_M2S050_SoftConsole\RTOSDemo_Hardware_Platform\Debug\libRTOSDemo_Hardware_Platform.a(mss_uart.o)
 .text.MSS_UART_init
                0x20005408       0x84 C:\Users\S-SPACE\Desktop\Pratik\FreeRTOS\FreeRTOS_SC_v3.5\FSW_FreeRTOS\CORTEX_SmartFusion2_M2S050_SoftConsole\RTOSDemo_Hardware_Platform\Debug\libRTOSDemo_Hardware_Platform.a(mss_uart.o)
                0x20005408                MSS_UART_init
 .text.MSS_UART_polled_tx
                0x2000548c       0xe4 C:\Users\S-SPACE\Desktop\Pratik\FreeRTOS\FreeRTOS_SC_v3.5\FSW_FreeRTOS\CORTEX_SmartFusion2_M2S050_SoftConsole\RTOSDemo_Hardware_Platform\Debug\libRTOSDemo_Hardware_Platform.a(mss_uart.o)
                0x2000548c                MSS_UART_polled_tx
 .text.MSS_UART_get_rx
                0x20005570       0xdc C:\Users\S-SPACE\Desktop\Pratik\FreeRTOS\FreeRTOS_SC_v3.5\FSW_FreeRTOS\CORTEX_SmartFusion2_M2S050_SoftConsole\RTOSDemo_Hardware_Platform\Debug\libRTOSDemo_Hardware_Platform.a(mss_uart.o)
                0x20005570                MSS_UART_get_rx
 .text.MSS_UART_set_rx_handler
                0x2000564c       0xc0 C:\Users\S-SPACE\Desktop\Pratik\FreeRTOS\FreeRTOS_SC_v3.5\FSW_FreeRTOS\CORTEX_SmartFusion2_M2S050_SoftConsole\RTOSDemo_Hardware_Platform\Debug\libRTOSDemo_Hardware_Platform.a(mss_uart.o)
                0x2000564c                MSS_UART_set_rx_handler
 .text.UART0_IRQHandler
                0x2000570c       0x24 C:\Users\S-SPACE\Desktop\Pratik\FreeRTOS\FreeRTOS_SC_v3.5\FSW_FreeRTOS\CORTEX_SmartFusion2_M2S050_SoftConsole\RTOSDemo_Hardware_Platform\Debug\libRTOSDemo_Hardware_Platform.a(mss_uart.o)
                0x2000570c                UART0_IRQHandler
 .text.UART1_IRQHandler
                0x20005730       0x24 C:\Users\S-SPACE\Desktop\Pratik\FreeRTOS\FreeRTOS_SC_v3.5\FSW_FreeRTOS\CORTEX_SmartFusion2_M2S050_SoftConsole\RTOSDemo_Hardware_Platform\Debug\libRTOSDemo_Hardware_Platform.a(mss_uart.o)
                0x20005730                UART1_IRQHandler
 .text.config_baud_divisors
                0x20005754      0x198 C:\Users\S-SPACE\Desktop\Pratik\FreeRTOS\FreeRTOS_SC_v3.5\FSW_FreeRTOS\CORTEX_SmartFusion2_M2S050_SoftConsole\RTOSDemo_Hardware_Platform\Debug\libRTOSDemo_Hardware_Platform.a(mss_uart.o)
 .text.global_init
                0x200058ec      0x26c C:\Users\S-SPACE\Desktop\Pratik\FreeRTOS\FreeRTOS_SC_v3.5\FSW_FreeRTOS\CORTEX_SmartFusion2_M2S050_SoftConsole\RTOSDemo_Hardware_Platform\Debug\libRTOSDemo_Hardware_Platform.a(mss_uart.o)
 .text.MSS_UART_isr
                0x20005b58      0x22c C:\Users\S-SPACE\Desktop\Pratik\FreeRTOS\FreeRTOS_SC_v3.5\FSW_FreeRTOS\CORTEX_SmartFusion2_M2S050_SoftConsole\RTOSDemo_Hardware_Platform\Debug\libRTOSDemo_Hardware_Platform.a(mss_uart.o)
 .text.default_tx_handler
                0x20005d84      0x10c C:\Users\S-SPACE\Desktop\Pratik\FreeRTOS\FreeRTOS_SC_v3.5\FSW_FreeRTOS\CORTEX_SmartFusion2_M2S050_SoftConsole\RTOSDemo_Hardware_Platform\Debug\libRTOSDemo_Hardware_Platform.a(mss_uart.o)
 .text.I2C_init
                0x20005e90       0xec C:\Users\S-SPACE\Desktop\Pratik\FreeRTOS\FreeRTOS_SC_v3.5\FSW_FreeRTOS\CORTEX_SmartFusion2_M2S050_SoftConsole\RTOSDemo_Hardware_Platform\Debug\libRTOSDemo_Hardware_Platform.a(core_i2c.o)
                0x20005e90                I2C_init
 .text.I2C_write
                0x20005f7c       0xe4 C:\Users\S-SPACE\Desktop\Pratik\FreeRTOS\FreeRTOS_SC_v3.5\FSW_FreeRTOS\CORTEX_SmartFusion2_M2S050_SoftConsole\RTOSDemo_Hardware_Platform\Debug\libRTOSDemo_Hardware_Platform.a(core_i2c.o)
                0x20005f7c                I2C_write
 .text.I2C_read
                0x20006060       0xe4 C:\Users\S-SPACE\Desktop\Pratik\FreeRTOS\FreeRTOS_SC_v3.5\FSW_FreeRTOS\CORTEX_SmartFusion2_M2S050_SoftConsole\RTOSDemo_Hardware_Platform\Debug\libRTOSDemo_Hardware_Platform.a(core_i2c.o)
                0x20006060                I2C_read
 .text.I2C_write_read
                0x20006144      0x130 C:\Users\S-SPACE\Desktop\Pratik\FreeRTOS\FreeRTOS_SC_v3.5\FSW_FreeRTOS\CORTEX_SmartFusion2_M2S050_SoftConsole\RTOSDemo_Hardware_Platform\Debug\libRTOSDemo_Hardware_Platform.a(core_i2c.o)
                0x20006144                I2C_write_read
 .text.I2C_wait_complete
                0x20006274       0x38 C:\Users\S-SPACE\Desktop\Pratik\FreeRTOS\FreeRTOS_SC_v3.5\FSW_FreeRTOS\CORTEX_SmartFusion2_M2S050_SoftConsole\RTOSDemo_Hardware_Platform\Debug\libRTOSDemo_Hardware_Platform.a(core_i2c.o)
                0x20006274                I2C_wait_complete
 .text.enable_slave_if_required
                0x200062ac       0x30 C:\Users\S-SPACE\Desktop\Pratik\FreeRTOS\FreeRTOS_SC_v3.5\FSW_FreeRTOS\CORTEX_SmartFusion2_M2S050_SoftConsole\RTOSDemo_Hardware_Platform\Debug\libRTOSDemo_Hardware_Platform.a(core_i2c.o)
 .text.I2C_isr  0x200062dc      0xa94 C:\Users\S-SPACE\Desktop\Pratik\FreeRTOS\FreeRTOS_SC_v3.5\FSW_FreeRTOS\CORTEX_SmartFusion2_M2S050_SoftConsole\RTOSDemo_Hardware_Platform\Debug\libRTOSDemo_Hardware_Platform.a(core_i2c.o)
                0x200062dc                I2C_isr
 .text.NVIC_EnableIRQ
                0x20006d70       0x38 C:\Users\S-SPACE\Desktop\Pratik\FreeRTOS\FreeRTOS_SC_v3.5\FSW_FreeRTOS\CORTEX_SmartFusion2_M2S050_SoftConsole\RTOSDemo_Hardware_Platform\Debug\libRTOSDemo_Hardware_Platform.a(i2c_interrupt.o)
 .text.NVIC_DisableIRQ
                0x20006da8       0x3c C:\Users\S-SPACE\Desktop\Pratik\FreeRTOS\FreeRTOS_SC_v3.5\FSW_FreeRTOS\CORTEX_SmartFusion2_M2S050_SoftConsole\RTOSDemo_Hardware_Platform\Debug\libRTOSDemo_Hardware_Platform.a(i2c_interrupt.o)
 .text.I2C_enable_irq
                0x20006de4       0x94 C:\Users\S-SPACE\Desktop\Pratik\FreeRTOS\FreeRTOS_SC_v3.5\FSW_FreeRTOS\CORTEX_SmartFusion2_M2S050_SoftConsole\RTOSDemo_Hardware_Platform\Debug\libRTOSDemo_Hardware_Platform.a(i2c_interrupt.o)
                0x20006de4                I2C_enable_irq
 .text.I2C_disable_irq
                0x20006e78       0x94 C:\Users\S-SPACE\Desktop\Pratik\FreeRTOS\FreeRTOS_SC_v3.5\FSW_FreeRTOS\CORTEX_SmartFusion2_M2S050_SoftConsole\RTOSDemo_Hardware_Platform\Debug\libRTOSDemo_Hardware_Platform.a(i2c_interrupt.o)
                0x20006e78                I2C_disable_irq
 .text.SystemInit
                0x20006f0c       0x2c C:\Users\S-SPACE\Desktop\Pratik\FreeRTOS\FreeRTOS_SC_v3.5\FSW_FreeRTOS\CORTEX_SmartFusion2_M2S050_SoftConsole\RTOSDemo_Hardware_Platform\Debug\libRTOSDemo_Hardware_Platform.a(system_m2sxxx.o)
                0x20006f0c                SystemInit
 .text.SystemCoreClockUpdate
                0x20006f38      0x14c C:\Users\S-SPACE\Desktop\Pratik\FreeRTOS\FreeRTOS_SC_v3.5\FSW_FreeRTOS\CORTEX_SmartFusion2_M2S050_SoftConsole\RTOSDemo_Hardware_Platform\Debug\libRTOSDemo_Hardware_Platform.a(system_m2sxxx.o)
                0x20006f38                SystemCoreClockUpdate
 .text.get_rcosc_25_50mhz_frequency
                0x20007084       0x44 C:\Users\S-SPACE\Desktop\Pratik\FreeRTOS\FreeRTOS_SC_v3.5\FSW_FreeRTOS\CORTEX_SmartFusion2_M2S050_SoftConsole\RTOSDemo_Hardware_Platform\Debug\libRTOSDemo_Hardware_Platform.a(system_m2sxxx.o)
 .text.set_clock_frequency_globals
                0x200070c8       0x6c C:\Users\S-SPACE\Desktop\Pratik\FreeRTOS\FreeRTOS_SC_v3.5\FSW_FreeRTOS\CORTEX_SmartFusion2_M2S050_SoftConsole\RTOSDemo_Hardware_Platform\Debug\libRTOSDemo_Hardware_Platform.a(system_m2sxxx.o)
 .text.get_silicon_revision
                0x20007134       0x50 C:\Users\S-SPACE\Desktop\Pratik\FreeRTOS\FreeRTOS_SC_v3.5\FSW_FreeRTOS\CORTEX_SmartFusion2_M2S050_SoftConsole\RTOSDemo_Hardware_Platform\Debug\libRTOSDemo_Hardware_Platform.a(system_m2sxxx.o)
 .text.silicon_workarounds
                0x20007184       0x20 C:\Users\S-SPACE\Desktop\Pratik\FreeRTOS\FreeRTOS_SC_v3.5\FSW_FreeRTOS\CORTEX_SmartFusion2_M2S050_SoftConsole\RTOSDemo_Hardware_Platform\Debug\libRTOSDemo_Hardware_Platform.a(system_m2sxxx.o)
 .text.m2s050_rev_a_workarounds
                0x200071a4       0x44 C:\Users\S-SPACE\Desktop\Pratik\FreeRTOS\FreeRTOS_SC_v3.5\FSW_FreeRTOS\CORTEX_SmartFusion2_M2S050_SoftConsole\RTOSDemo_Hardware_Platform\Debug\libRTOSDemo_Hardware_Platform.a(system_m2sxxx.o)
 .text.complete_clock_config
                0x200071e8       0x90 C:\Users\S-SPACE\Desktop\Pratik\FreeRTOS\FreeRTOS_SC_v3.5\FSW_FreeRTOS\CORTEX_SmartFusion2_M2S050_SoftConsole\RTOSDemo_Hardware_Platform\Debug\libRTOSDemo_Hardware_Platform.a(system_m2sxxx.o)
 .text          0x20007278        0xe C:\Users\S-SPACE\Desktop\Pratik\FreeRTOS\FreeRTOS_SC_v3.5\FSW_FreeRTOS\CORTEX_SmartFusion2_M2S050_SoftConsole\RTOSDemo_Hardware_Platform\Debug\libRTOSDemo_Hardware_Platform.a(hal.o)
                0x20007278                HAL_disable_interrupts
                0x20007280                HAL_restore_interrupts
 .text          0x20007286       0x90 C:\Users\S-SPACE\Desktop\Pratik\FreeRTOS\FreeRTOS_SC_v3.5\FSW_FreeRTOS\CORTEX_SmartFusion2_M2S050_SoftConsole\RTOSDemo_Hardware_Platform\Debug\libRTOSDemo_Hardware_Platform.a(hw_reg_access.o)
                0x20007286                HW_set_32bit_reg
                0x2000728a                HW_get_32bit_reg
                0x2000728e                HW_set_32bit_reg_field
                0x200072aa                HW_get_32bit_reg_field
                0x200072b6                HW_set_16bit_reg
                0x200072ba                HW_get_16bit_reg
                0x200072be                HW_set_16bit_reg_field
                0x200072da                HW_get_16bit_reg_field
                0x200072e6                HW_set_8bit_reg
                0x200072ea                HW_get_8bit_reg
                0x200072ee                HW_set_8bit_reg_field
                0x2000730a                HW_get_8bit_reg_field
 *fill*         0x20007316        0x2 00
 .text          0x20007318       0x50 c:/program files (x86)/microsemi/softconsole v3.4/sourcery-g++/bin/../lib/gcc/arm-none-eabi/4.4.1/../../../../arm-none-eabi/lib/thumb2\libc.a(lib_a-init.o)
                0x20007318                __libc_init_array
 .text          0x20007368      0x190 c:/program files (x86)/microsemi/softconsole v3.4/sourcery-g++/bin/../lib/gcc/arm-none-eabi/4.4.1/../../../../arm-none-eabi/lib/thumb2\libc.a(lib_a-memcpy.o)
                0x20007368                memcpy
 .text          0x200074f8       0xd4 c:/program files (x86)/microsemi/softconsole v3.4/sourcery-g++/bin/../lib/gcc/arm-none-eabi/4.4.1/../../../../arm-none-eabi/lib/thumb2\libc.a(lib_a-memset.o)
                0x200074f8                memset
 *(.plt)
 *(.gnu.warning)
 *(.glue_7t)
 .glue_7t       0x00000000        0x0 linker stubs
 *(.glue_7)
 .glue_7        0x00000000        0x0 linker stubs
 *(.vfp11_veneer)
 .vfp11_veneer  0x00000000        0x0 linker stubs
                0x200075cc                . = ALIGN (0x4)
 *crtbegin.o(.ctors)
 *(EXCLUDE_FILE(*crtend.o) .ctors)
 *(SORT(.ctors.*))
 *crtend.o(.ctors)
 *crtbegin.o(.dtors)
 *(EXCLUDE_FILE(*crtend.o) .dtors)
 *(SORT(.dtors.*))
 *crtend.o(.dtors)
 *(.rodata .rodata.* .gnu.linkonce.r.*)
 .rodata.C.48.4660
                0x200075cc        0x4 ./pilot/get_data.o
 .rodata.C.40.4595
                0x200075d0        0x4 ./pilot/get_data.o
 .rodata        0x200075d4        0xc ./cmds/cmd.o
 .rodata        0x200075e0       0x30 ./FreeRTOS-Source/tasks.o
 .rodata        0x20007610        0x8 ./FreeRTOS-Source/timers.o
 .rodata.xHeapStructSize
                0x20007618        0x4 ./FreeRTOS-Source/portable/MemMang/heap_4.o
 .rodata.pcInterruptPriorityRegisters
                0x2000761c        0x4 ./FreeRTOS-Source/portable/GCC/ARM_CM3/port.o
 .rodata        0x20007620       0x38 ./Demo_Tasks/demo_tasks.o
 .rodata.C.135.6383
                0x20007658        0x4 ./Demo_Tasks/demo_tasks.o
 .rodata.C.136.6384
                0x2000765c        0x4 ./Demo_Tasks/demo_tasks.o
 .rodata.C.137.6385
                0x20007660        0x4 ./Demo_Tasks/demo_tasks.o
 .rodata.C.18.3459
                0x20007664        0x8 C:\Users\S-SPACE\Desktop\Pratik\FreeRTOS\FreeRTOS_SC_v3.5\FSW_FreeRTOS\CORTEX_SmartFusion2_M2S050_SoftConsole\RTOSDemo_Hardware_Platform\Debug\libRTOSDemo_Hardware_Platform.a(system_m2sxxx.o)
 *(.ARM.extab* .gnu.linkonce.armextab.*)
 *(.gcc_except_table)
 *(.eh_frame_hdr)
 *(.eh_frame)
 *(.init)
 .init          0x2000766c        0x4 c:/program files (x86)/microsemi/softconsole v3.4/sourcery-g++/bin/../lib/gcc/arm-none-eabi/4.4.1/thumb2/crti.o
                0x2000766c                _init
 .init          0x20007670        0x8 c:/program files (x86)/microsemi/softconsole v3.4/sourcery-g++/bin/../lib/gcc/arm-none-eabi/4.4.1/thumb2/crtn.o
 *(.fini)
 .fini          0x20007678        0x4 c:/program files (x86)/microsemi/softconsole v3.4/sourcery-g++/bin/../lib/gcc/arm-none-eabi/4.4.1/thumb2/crti.o
                0x20007678                _fini
 .fini          0x2000767c        0x8 c:/program files (x86)/microsemi/softconsole v3.4/sourcery-g++/bin/../lib/gcc/arm-none-eabi/4.4.1/thumb2/crtn.o
                0x20007684                PROVIDE (__preinit_array_start, .)
 *(.preinit_array)
                0x20007684                PROVIDE (__preinit_array_end, .)
                0x20007684                PROVIDE (__init_array_start, .)
 *(SORT(.init_array.*))
 *(.init_array)
 .init_array    0x20007684        0x4 c:/program files (x86)/microsemi/softconsole v3.4/sourcery-g++/bin/../lib/gcc/arm-none-eabi/4.4.1/thumb2/crtbegin.o
                0x20007688                PROVIDE (__init_array_end, .)
                0x20007688                PROVIDE (__fini_array_start, .)
 *(.fini_array)
 .fini_array    0x20007688        0x4 c:/program files (x86)/microsemi/softconsole v3.4/sourcery-g++/bin/../lib/gcc/arm-none-eabi/4.4.1/thumb2/crtbegin.o
 *(SORT(.fini_array.*))
                0x2000768c                PROVIDE (__fini_array_end, .)
                0x2000768c                __exidx_start = .

.v4_bx          0x2000768c        0x0
 .v4_bx         0x00000000        0x0 linker stubs

.ARM.exidx
 *(.ARM.exidx* .gnu.linkonce.armexidx.*)
                0x2000768c                __exidx_end = .
                0x2000768c                _etext = .
                0x2000768c                PROVIDE (__text_end, .)

.data           0x2000768c       0x60
                0x2000768c                __data_load = LOADADDR (.data)
                0x2000768c                _sidata = LOADADDR (.data)
                0x2000768c                __data_start = .
                0x2000768c                _sdata = .
 *(.jcr)
 .jcr           0x2000768c        0x0 c:/program files (x86)/microsemi/softconsole v3.4/sourcery-g++/bin/../lib/gcc/arm-none-eabi/4.4.1/thumb2/crtbegin.o
 .jcr           0x2000768c        0x4 c:/program files (x86)/microsemi/softconsole v3.4/sourcery-g++/bin/../lib/gcc/arm-none-eabi/4.4.1/thumb2/crtend.o
 *(.got.plt)
 *(.got)
 *(.shdata)
 *(.data .data.* .gnu.linkonce.d.*)
 .data.uxCriticalNesting
                0x20007690        0x4 ./FreeRTOS-Source/portable/GCC/ARM_CM3/port.o
 .data.imu_struct
                0x20007694       0x20 ./Demo_Tasks/demo_tasks.o
 .data.vc_struct
                0x200076b4       0x1c ./Demo_Tasks/demo_tasks.o
 .data.SystemCoreClock
                0x200076d0        0x4 C:\Users\S-SPACE\Desktop\Pratik\FreeRTOS\FreeRTOS_SC_v3.5\FSW_FreeRTOS\CORTEX_SmartFusion2_M2S050_SoftConsole\RTOSDemo_Hardware_Platform\Debug\libRTOSDemo_Hardware_Platform.a(system_m2sxxx.o)
                0x200076d0                SystemCoreClock
 .data.g_FrequencyPCLK0
                0x200076d4        0x4 C:\Users\S-SPACE\Desktop\Pratik\FreeRTOS\FreeRTOS_SC_v3.5\FSW_FreeRTOS\CORTEX_SmartFusion2_M2S050_SoftConsole\RTOSDemo_Hardware_Platform\Debug\libRTOSDemo_Hardware_Platform.a(system_m2sxxx.o)
                0x200076d4                g_FrequencyPCLK0
 .data.g_FrequencyPCLK1
                0x200076d8        0x4 C:\Users\S-SPACE\Desktop\Pratik\FreeRTOS\FreeRTOS_SC_v3.5\FSW_FreeRTOS\CORTEX_SmartFusion2_M2S050_SoftConsole\RTOSDemo_Hardware_Platform\Debug\libRTOSDemo_Hardware_Platform.a(system_m2sxxx.o)
                0x200076d8                g_FrequencyPCLK1
 .data.g_FrequencyPCLK2
                0x200076dc        0x4 C:\Users\S-SPACE\Desktop\Pratik\FreeRTOS\FreeRTOS_SC_v3.5\FSW_FreeRTOS\CORTEX_SmartFusion2_M2S050_SoftConsole\RTOSDemo_Hardware_Platform\Debug\libRTOSDemo_Hardware_Platform.a(system_m2sxxx.o)
                0x200076dc                g_FrequencyPCLK2
 .data.g_FrequencyFIC0
                0x200076e0        0x4 C:\Users\S-SPACE\Desktop\Pratik\FreeRTOS\FreeRTOS_SC_v3.5\FSW_FreeRTOS\CORTEX_SmartFusion2_M2S050_SoftConsole\RTOSDemo_Hardware_Platform\Debug\libRTOSDemo_Hardware_Platform.a(system_m2sxxx.o)
                0x200076e0                g_FrequencyFIC0
 .data.g_FrequencyFIC1
                0x200076e4        0x4 C:\Users\S-SPACE\Desktop\Pratik\FreeRTOS\FreeRTOS_SC_v3.5\FSW_FreeRTOS\CORTEX_SmartFusion2_M2S050_SoftConsole\RTOSDemo_Hardware_Platform\Debug\libRTOSDemo_Hardware_Platform.a(system_m2sxxx.o)
                0x200076e4                g_FrequencyFIC1
 .data.g_FrequencyFIC64
                0x200076e8        0x4 C:\Users\S-SPACE\Desktop\Pratik\FreeRTOS\FreeRTOS_SC_v3.5\FSW_FreeRTOS\CORTEX_SmartFusion2_M2S050_SoftConsole\RTOSDemo_Hardware_Platform\Debug\libRTOSDemo_Hardware_Platform.a(system_m2sxxx.o)
                0x200076e8                g_FrequencyFIC64
                0x200076ec                . = ALIGN (0x4)
                0x200076ec                _edata = .

.bss            0x200076ec     0x6b24
                0x200076ec                __bss_start__ = .
                0x200076ec                _sbss = .
 *(.shbss)
 *(.bss .bss.* .gnu.linkonce.b.*)
 .bss           0x200076ec        0x1 c:/program files (x86)/microsemi/softconsole v3.4/sourcery-g++/bin/../lib/gcc/arm-none-eabi/4.4.1/thumb2/crtbegin.o
 *fill*         0x200076ed        0x3 00
 .bss.ulLastCounterValue.1425
                0x200076f0        0x4 ./RunTimeStatsTimer.o
 .bss.ulOverflows.1426
                0x200076f4        0x4 ./RunTimeStatsTimer.o
 .bss.pxCurrentTCB
                0x200076f8        0x4 ./FreeRTOS-Source/tasks.o
                0x200076f8                pxCurrentTCB
 .bss.pxReadyTasksLists
                0x200076fc       0x64 ./FreeRTOS-Source/tasks.o
 .bss.xDelayedTaskList1
                0x20007760       0x14 ./FreeRTOS-Source/tasks.o
 .bss.xDelayedTaskList2
                0x20007774       0x14 ./FreeRTOS-Source/tasks.o
 .bss.pxDelayedTaskList
                0x20007788        0x4 ./FreeRTOS-Source/tasks.o
 .bss.pxOverflowDelayedTaskList
                0x2000778c        0x4 ./FreeRTOS-Source/tasks.o
 .bss.xPendingReadyList
                0x20007790       0x14 ./FreeRTOS-Source/tasks.o
 .bss.xTasksWaitingTermination
                0x200077a4       0x14 ./FreeRTOS-Source/tasks.o
 .bss.uxDeletedTasksWaitingCleanUp
                0x200077b8        0x4 ./FreeRTOS-Source/tasks.o
 .bss.xSuspendedTaskList
                0x200077bc       0x14 ./FreeRTOS-Source/tasks.o
 .bss.uxCurrentNumberOfTasks
                0x200077d0        0x4 ./FreeRTOS-Source/tasks.o
 .bss.xTickCount
                0x200077d4        0x4 ./FreeRTOS-Source/tasks.o
 .bss.uxTopReadyPriority
                0x200077d8        0x4 ./FreeRTOS-Source/tasks.o
 .bss.xSchedulerRunning
                0x200077dc        0x4 ./FreeRTOS-Source/tasks.o
 .bss.uxPendedTicks
                0x200077e0        0x4 ./FreeRTOS-Source/tasks.o
 .bss.xYieldPending
                0x200077e4        0x4 ./FreeRTOS-Source/tasks.o
 .bss.xNumOfOverflows
                0x200077e8        0x4 ./FreeRTOS-Source/tasks.o
 .bss.uxTaskNumber
                0x200077ec        0x4 ./FreeRTOS-Source/tasks.o
 .bss.xNextTaskUnblockTime
                0x200077f0        0x4 ./FreeRTOS-Source/tasks.o
 .bss.xIdleTaskHandle
                0x200077f4        0x4 ./FreeRTOS-Source/tasks.o
 .bss.uxSchedulerSuspended
                0x200077f8        0x4 ./FreeRTOS-Source/tasks.o
 .bss.ulTaskSwitchedInTime
                0x200077fc        0x4 ./FreeRTOS-Source/tasks.o
 .bss.ulTotalRunTime
                0x20007800        0x4 ./FreeRTOS-Source/tasks.o
 .bss.xActiveTimerList1
                0x20007804       0x14 ./FreeRTOS-Source/timers.o
 .bss.xActiveTimerList2
                0x20007818       0x14 ./FreeRTOS-Source/timers.o
 .bss.pxCurrentTimerList
                0x2000782c        0x4 ./FreeRTOS-Source/timers.o
 .bss.pxOverflowTimerList
                0x20007830        0x4 ./FreeRTOS-Source/timers.o
 .bss.xTimerQueue
                0x20007834        0x4 ./FreeRTOS-Source/timers.o
 .bss.xTimerTaskHandle
                0x20007838        0x4 ./FreeRTOS-Source/timers.o
 .bss.xLastTime.2561
                0x2000783c        0x4 ./FreeRTOS-Source/timers.o
 .bss.ucHeap    0x20007840     0x61a8 ./FreeRTOS-Source/portable/MemMang/heap_4.o
 .bss.xStart    0x2000d9e8        0x8 ./FreeRTOS-Source/portable/MemMang/heap_4.o
 .bss.pxEnd     0x2000d9f0        0x4 ./FreeRTOS-Source/portable/MemMang/heap_4.o
 .bss.xFreeBytesRemaining
                0x2000d9f4        0x4 ./FreeRTOS-Source/portable/MemMang/heap_4.o
 .bss.xMinimumEverFreeBytesRemaining
                0x2000d9f8        0x4 ./FreeRTOS-Source/portable/MemMang/heap_4.o
 .bss.xBlockAllocatedBit
                0x2000d9fc        0x4 ./FreeRTOS-Source/portable/MemMang/heap_4.o
 .bss.ucMaxSysCallPriority
                0x2000da00        0x1 ./FreeRTOS-Source/portable/GCC/ARM_CM3/port.o
 *fill*         0x2000da01        0x3 00
 .bss.ulMaxPRIGROUPValue
                0x2000da04        0x4 ./FreeRTOS-Source/portable/GCC/ARM_CM3/port.o
 .bss.uart_irq  0x2000da08        0x4 ./Demo_Tasks/demo_tasks.o
                0x2000da08                uart_irq
 *(COMMON)
 COMMON         0x2000da0c      0x4e1 ./main.o
                0x2000da0c                data_pld
                0x2000da40                g_core_i2c2
                0x2000daac                uart0_irq_rx_buffer
                0x2000dab0                argu
                0x2000dacc                c
                0x2000dae8                uart1_irq_size
                0x2000daec                data
                0x2000dcec                device_param
                0x2000ddec                device
                0x2000deec                command_index
 *fill*         0x2000deed        0x3 00
 COMMON         0x2000def0        0xb ./pilot/get_data.o
                0x2000def0                init_command
                0x2000def4                read
                0x2000def6                bvol
                0x2000def8                count
                0x2000def9                config_reg
                0x2000defa                status
 *fill*         0x2000defb        0x1 00
 COMMON         0x2000defc      0x224 ./pilot/peripherals.o
                0x2000defc                g_core_i2c0
                0x2000df68                g_core_i2c1
                0x2000dfd4                g_core_i2c5
                0x2000e040                g_core_i2c3
                0x2000e0ac                sd_timer
                0x2000e0b0                core_i2c_status
                0x2000e0b4                g_core_i2c4
 COMMON         0x2000e120       0x18 ./cmds/cmd.o
                0x2000e120                cmd_timer
                0x2000e124                cmd_list
                0x2000e134                cmd
 COMMON         0x2000e138       0x58 ./Demo_Tasks/demo_tasks.o
                0x2000e138                pkt_timer
                0x2000e144                command_cnt
                0x2000e148                feed_tlm_task
                0x2000e14c                get_pld_pkt_handle
                0x2000e150                tlm_sender_handle
                0x2000e154                hk_pkt
                0x2000e158                tlm_tsk_handle
                0x2000e15c                feed_cmd_tsk
                0x2000e160                feed_tlm_sender
                0x2000e164                xMutex
                0x2000e168                Data_HK_Queue
                0x2000e16c                feed_get_hk_data
                0x2000e170                hk_task_feed
                0x2000e174                get_hk_pkt_handle
                0x2000e178                Data_PLD_Queue
                0x2000e17c                feed_get_payload_data
                0x2000e180                Data_PKT_Queue
                0x2000e184                pld_pkt
                0x2000e188                command_reject_cnt
                0x2000e18c                cmd_tsk
 COMMON         0x2000e190       0x80 C:\Users\S-SPACE\Desktop\Pratik\FreeRTOS\FreeRTOS_SC_v3.5\FSW_FreeRTOS\CORTEX_SmartFusion2_M2S050_SoftConsole\RTOSDemo_Hardware_Platform\Debug\libRTOSDemo_Hardware_Platform.a(mss_uart.o)
                0x2000e190                g_mss_uart1
                0x2000e1d0                g_mss_uart0
                0x2000e210                . = ALIGN (0x8)
                0x2000e210                __bss_end__ = .
                0x2000e210                _end = .
                0x2000e210                __end = _end
                0x2000e210                _ebss = .
                0x2000e210                PROVIDE (end, .)

.stack          0x2000e210      0x400
                0x2000e210                . = ALIGN (0x4)
                0x2000e210                . = (. + PROCESS_STACK_SIZE)
                0x2000e210                . = ALIGN (0x4)
                0x2000e610                . = (. + MAIN_STACK_SIZE)
 *fill*         0x2000e210      0x400 00
                0x2000e610                . = ALIGN (0x4)

.stab
 *(.stab)

.stabstr
 *(.stabstr)

.debug
 *(.debug)

.line
 *(.line)

.debug_srcinfo
 *(.debug_srcinfo)

.debug_sfnames
 *(.debug_sfnames)

.comment        0x00000000      0x433
 .comment       0x00000000       0x2b ./RunTimeStatsTimer.o
 .comment       0x0000002b       0x2b ./main.o
 .comment       0x00000056       0x2b ./printf-stdarg.o
 .comment       0x00000081       0x2b ./pilot/get_data.o
 .comment       0x000000ac       0x2b ./pilot/init.o
 .comment       0x000000d7       0x2b ./pilot/peripherals.o
 .comment       0x00000102       0x2b ./pilot/pilot.o
 .comment       0x0000012d       0x2b ./pilot/pslv_interface.o
 .comment       0x00000158       0x2b ./pilot/read.o
 .comment       0x00000183       0x2b ./pilot/write.o
 .comment       0x000001ae       0x2b ./osal/osal.o
 .comment       0x000001d9       0x2b ./cmds/cmd.o
 .comment       0x00000204       0x2b ./FreeRTOS-Source/list.o
 .comment       0x0000022f       0x2b ./FreeRTOS-Source/queue.o
 .comment       0x0000025a       0x2b ./FreeRTOS-Source/tasks.o
 .comment       0x00000285       0x2b ./FreeRTOS-Source/timers.o
 .comment       0x000002b0       0x2b ./FreeRTOS-Source/portable/MemMang/heap_4.o
 .comment       0x000002db       0x2b ./FreeRTOS-Source/portable/GCC/ARM_CM3/port.o
 .comment       0x00000306       0x2b ./Demo_Tasks/demo_tasks.o
 .comment       0x00000331       0x2b ./Blinky-Demo/main_blinky.o
 .comment       0x0000035c       0x2b C:/Users/S-SPACE/Desktop/Pratik/FreeRTOS/FreeRTOS_SC_v3.5/FSW_FreeRTOS/CORTEX_SmartFusion2_M2S050_SoftConsole/RTOSDemo_Hardware_Platform/Debug/CMSIS/startup_gcc/newlib_stubs.o
 .comment       0x00000387       0x2b C:\Users\S-SPACE\Desktop\Pratik\FreeRTOS\FreeRTOS_SC_v3.5\FSW_FreeRTOS\CORTEX_SmartFusion2_M2S050_SoftConsole\RTOSDemo_Hardware_Platform\Debug\libRTOSDemo_Hardware_Platform.a(mss_uart.o)
 .comment       0x000003b2       0x2b C:\Users\S-SPACE\Desktop\Pratik\FreeRTOS\FreeRTOS_SC_v3.5\FSW_FreeRTOS\CORTEX_SmartFusion2_M2S050_SoftConsole\RTOSDemo_Hardware_Platform\Debug\libRTOSDemo_Hardware_Platform.a(core_i2c.o)
 .comment       0x000003dd       0x2b C:\Users\S-SPACE\Desktop\Pratik\FreeRTOS\FreeRTOS_SC_v3.5\FSW_FreeRTOS\CORTEX_SmartFusion2_M2S050_SoftConsole\RTOSDemo_Hardware_Platform\Debug\libRTOSDemo_Hardware_Platform.a(i2c_interrupt.o)
 .comment       0x00000408       0x2b C:\Users\S-SPACE\Desktop\Pratik\FreeRTOS\FreeRTOS_SC_v3.5\FSW_FreeRTOS\CORTEX_SmartFusion2_M2S050_SoftConsole\RTOSDemo_Hardware_Platform\Debug\libRTOSDemo_Hardware_Platform.a(system_m2sxxx.o)

.debug_aranges  0x00000000      0xbc0
 *(.debug_aranges)
 .debug_aranges
                0x00000000       0x28 ./RunTimeStatsTimer.o
 .debug_aranges
                0x00000028       0x48 ./main.o
 .debug_aranges
                0x00000070       0x58 ./printf-stdarg.o
 .debug_aranges
                0x000000c8       0x70 ./pilot/get_data.o
 .debug_aranges
                0x00000138       0x20 ./pilot/init.o
 .debug_aranges
                0x00000158       0x20 ./pilot/read.o
 .debug_aranges
                0x00000178       0x20 ./pilot/write.o
 .debug_aranges
                0x00000198       0x20 ./osal/osal.o
 .debug_aranges
                0x000001b8       0x50 ./cmds/cmd.o
 .debug_aranges
                0x00000208       0x40 ./FreeRTOS-Source/list.o
 .debug_aranges
                0x00000248      0x100 ./FreeRTOS-Source/queue.o
 .debug_aranges
                0x00000348      0x1f0 ./FreeRTOS-Source/tasks.o
 .debug_aranges
                0x00000538       0xc8 ./FreeRTOS-Source/timers.o
 .debug_aranges
                0x00000600       0x50 ./FreeRTOS-Source/portable/MemMang/heap_4.o
 .debug_aranges
                0x00000650       0x78 ./FreeRTOS-Source/portable/GCC/ARM_CM3/port.o
 .debug_aranges
                0x000006c8       0xb0 ./Demo_Tasks/demo_tasks.o
 .debug_aranges
                0x00000778       0x30 ./Blinky-Demo/main_blinky.o
 .debug_aranges
                0x000007a8       0xa8 C:/Users/S-SPACE/Desktop/Pratik/FreeRTOS/FreeRTOS_SC_v3.5/FSW_FreeRTOS/CORTEX_SmartFusion2_M2S050_SoftConsole/RTOSDemo_Hardware_Platform/Debug/CMSIS/startup_gcc/newlib_stubs.o
 .debug_aranges
                0x00000850      0x1d0 C:\Users\S-SPACE\Desktop\Pratik\FreeRTOS\FreeRTOS_SC_v3.5\FSW_FreeRTOS\CORTEX_SmartFusion2_M2S050_SoftConsole\RTOSDemo_Hardware_Platform\Debug\libRTOSDemo_Hardware_Platform.a(mss_uart.o)
 .debug_aranges
                0x00000a20      0x110 C:\Users\S-SPACE\Desktop\Pratik\FreeRTOS\FreeRTOS_SC_v3.5\FSW_FreeRTOS\CORTEX_SmartFusion2_M2S050_SoftConsole\RTOSDemo_Hardware_Platform\Debug\libRTOSDemo_Hardware_Platform.a(core_i2c.o)
 .debug_aranges
                0x00000b30       0x38 C:\Users\S-SPACE\Desktop\Pratik\FreeRTOS\FreeRTOS_SC_v3.5\FSW_FreeRTOS\CORTEX_SmartFusion2_M2S050_SoftConsole\RTOSDemo_Hardware_Platform\Debug\libRTOSDemo_Hardware_Platform.a(i2c_interrupt.o)
 .debug_aranges
                0x00000b68       0x58 C:\Users\S-SPACE\Desktop\Pratik\FreeRTOS\FreeRTOS_SC_v3.5\FSW_FreeRTOS\CORTEX_SmartFusion2_M2S050_SoftConsole\RTOSDemo_Hardware_Platform\Debug\libRTOSDemo_Hardware_Platform.a(system_m2sxxx.o)

.debug_pubnames
                0x00000000     0x1d70
 *(.debug_pubnames)
 .debug_pubnames
                0x00000000       0x52 ./RunTimeStatsTimer.o
 .debug_pubnames
                0x00000052      0x11e ./main.o
 .debug_pubnames
                0x00000170       0x40 ./printf-stdarg.o
 .debug_pubnames
                0x000001b0      0x10f ./pilot/get_data.o
 .debug_pubnames
                0x000002bf       0x1b ./pilot/init.o
 .debug_pubnames
                0x000002da       0x93 ./pilot/peripherals.o
 .debug_pubnames
                0x0000036d       0xb9 ./pilot/read.o
 .debug_pubnames
                0x00000426       0x24 ./pilot/write.o
 .debug_pubnames
                0x0000044a       0x22 ./osal/osal.o
 .debug_pubnames
                0x0000046c      0x12a ./cmds/cmd.o
 .debug_pubnames
                0x00000596       0x72 ./FreeRTOS-Source/list.o
 .debug_pubnames
                0x00000608      0x256 ./FreeRTOS-Source/queue.o
 .debug_pubnames
                0x0000085e      0x487 ./FreeRTOS-Source/tasks.o
 .debug_pubnames
                0x00000ce5      0x138 ./FreeRTOS-Source/timers.o
 .debug_pubnames
                0x00000e1d       0x88 ./FreeRTOS-Source/portable/MemMang/heap_4.o
 .debug_pubnames
                0x00000ea5       0xfe ./FreeRTOS-Source/portable/GCC/ARM_CM3/port.o
 .debug_pubnames
                0x00000fa3      0x3f4 ./Demo_Tasks/demo_tasks.o
 .debug_pubnames
                0x00001397       0x22 ./Blinky-Demo/main_blinky.o
 .debug_pubnames
                0x000013b9       0xeb C:/Users/S-SPACE/Desktop/Pratik/FreeRTOS/FreeRTOS_SC_v3.5/FSW_FreeRTOS/CORTEX_SmartFusion2_M2S050_SoftConsole/RTOSDemo_Hardware_Platform/Debug/CMSIS/startup_gcc/newlib_stubs.o
 .debug_pubnames
                0x000014a4      0x50f C:\Users\S-SPACE\Desktop\Pratik\FreeRTOS\FreeRTOS_SC_v3.5\FSW_FreeRTOS\CORTEX_SmartFusion2_M2S050_SoftConsole\RTOSDemo_Hardware_Platform\Debug\libRTOSDemo_Hardware_Platform.a(mss_uart.o)
 .debug_pubnames
                0x000019b3      0x2b9 C:\Users\S-SPACE\Desktop\Pratik\FreeRTOS\FreeRTOS_SC_v3.5\FSW_FreeRTOS\CORTEX_SmartFusion2_M2S050_SoftConsole\RTOSDemo_Hardware_Platform\Debug\libRTOSDemo_Hardware_Platform.a(core_i2c.o)
 .debug_pubnames
                0x00001c6c       0x39 C:\Users\S-SPACE\Desktop\Pratik\FreeRTOS\FreeRTOS_SC_v3.5\FSW_FreeRTOS\CORTEX_SmartFusion2_M2S050_SoftConsole\RTOSDemo_Hardware_Platform\Debug\libRTOSDemo_Hardware_Platform.a(i2c_interrupt.o)
 .debug_pubnames
                0x00001ca5       0xcb C:\Users\S-SPACE\Desktop\Pratik\FreeRTOS\FreeRTOS_SC_v3.5\FSW_FreeRTOS\CORTEX_SmartFusion2_M2S050_SoftConsole\RTOSDemo_Hardware_Platform\Debug\libRTOSDemo_Hardware_Platform.a(system_m2sxxx.o)

.debug_info     0x00000000     0xe39e
 *(.debug_info .gnu.linkonce.wi.*)
 .debug_info    0x00000000       0xf2 ./RunTimeStatsTimer.o
 .debug_info    0x000000f2      0x565 ./main.o
 .debug_info    0x00000657      0x424 ./printf-stdarg.o
 .debug_info    0x00000a7b      0x8c5 ./pilot/get_data.o
 .debug_info    0x00001340      0x658 ./pilot/init.o
 .debug_info    0x00001998      0x3f8 ./pilot/peripherals.o
 .debug_info    0x00001d90       0x29 ./pilot/pilot.o
 .debug_info    0x00001db9       0x29 ./pilot/pslv_interface.o
 .debug_info    0x00001de2      0x755 ./pilot/read.o
 .debug_info    0x00002537      0x634 ./pilot/write.o
 .debug_info    0x00002b6b       0xd1 ./osal/osal.o
 .debug_info    0x00002c3c      0x745 ./cmds/cmd.o
 .debug_info    0x00003381      0x2c0 ./FreeRTOS-Source/list.o
 .debug_info    0x00003641     0x135d ./FreeRTOS-Source/queue.o
 .debug_info    0x0000499e     0x2038 ./FreeRTOS-Source/tasks.o
 .debug_info    0x000069d6      0xd8a ./FreeRTOS-Source/timers.o
 .debug_info    0x00007760      0x3d8 ./FreeRTOS-Source/portable/MemMang/heap_4.o
 .debug_info    0x00007b38      0x4af ./FreeRTOS-Source/portable/GCC/ARM_CM3/port.o
 .debug_info    0x00007fe7     0x1bc5 ./Demo_Tasks/demo_tasks.o
 .debug_info    0x00009bac      0x1a1 ./Blinky-Demo/main_blinky.o
 .debug_info    0x00009d4d      0x6c3 C:/Users/S-SPACE/Desktop/Pratik/FreeRTOS/FreeRTOS_SC_v3.5/FSW_FreeRTOS/CORTEX_SmartFusion2_M2S050_SoftConsole/RTOSDemo_Hardware_Platform/Debug/CMSIS/startup_gcc/newlib_stubs.o
 .debug_info    0x0000a410     0x1ed4 C:\Users\S-SPACE\Desktop\Pratik\FreeRTOS\FreeRTOS_SC_v3.5\FSW_FreeRTOS\CORTEX_SmartFusion2_M2S050_SoftConsole\RTOSDemo_Hardware_Platform\Debug\libRTOSDemo_Hardware_Platform.a(mss_uart.o)
 .debug_info    0x0000c2e4      0xd0c C:\Users\S-SPACE\Desktop\Pratik\FreeRTOS\FreeRTOS_SC_v3.5\FSW_FreeRTOS\CORTEX_SmartFusion2_M2S050_SoftConsole\RTOSDemo_Hardware_Platform\Debug\libRTOSDemo_Hardware_Platform.a(core_i2c.o)
 .debug_info    0x0000cff0      0x7ce C:\Users\S-SPACE\Desktop\Pratik\FreeRTOS\FreeRTOS_SC_v3.5\FSW_FreeRTOS\CORTEX_SmartFusion2_M2S050_SoftConsole\RTOSDemo_Hardware_Platform\Debug\libRTOSDemo_Hardware_Platform.a(i2c_interrupt.o)
 .debug_info    0x0000d7be      0xbe0 C:\Users\S-SPACE\Desktop\Pratik\FreeRTOS\FreeRTOS_SC_v3.5\FSW_FreeRTOS\CORTEX_SmartFusion2_M2S050_SoftConsole\RTOSDemo_Hardware_Platform\Debug\libRTOSDemo_Hardware_Platform.a(system_m2sxxx.o)

.debug_abbrev   0x00000000     0x234b
 *(.debug_abbrev)
 .debug_abbrev  0x00000000       0x92 ./RunTimeStatsTimer.o
 .debug_abbrev  0x00000092      0x1b8 ./main.o
 .debug_abbrev  0x0000024a      0x147 ./printf-stdarg.o
 .debug_abbrev  0x00000391      0x197 ./pilot/get_data.o
 .debug_abbrev  0x00000528      0x197 ./pilot/init.o
 .debug_abbrev  0x000006bf      0x104 ./pilot/peripherals.o
 .debug_abbrev  0x000007c3       0x16 ./pilot/pilot.o
 .debug_abbrev  0x000007d9       0x16 ./pilot/pslv_interface.o
 .debug_abbrev  0x000007ef      0x1a8 ./pilot/read.o
 .debug_abbrev  0x00000997      0x172 ./pilot/write.o
 .debug_abbrev  0x00000b09       0x77 ./osal/osal.o
 .debug_abbrev  0x00000b80      0x1d8 ./cmds/cmd.o
 .debug_abbrev  0x00000d58       0xc5 ./FreeRTOS-Source/list.o
 .debug_abbrev  0x00000e1d      0x1d2 ./FreeRTOS-Source/queue.o
 .debug_abbrev  0x00000fef      0x252 ./FreeRTOS-Source/tasks.o
 .debug_abbrev  0x00001241      0x1a9 ./FreeRTOS-Source/timers.o
 .debug_abbrev  0x000013ea      0x1b7 ./FreeRTOS-Source/portable/MemMang/heap_4.o
 .debug_abbrev  0x000015a1      0x1f7 ./FreeRTOS-Source/portable/GCC/ARM_CM3/port.o
 .debug_abbrev  0x00001798      0x2b5 ./Demo_Tasks/demo_tasks.o
 .debug_abbrev  0x00001a4d       0xd9 ./Blinky-Demo/main_blinky.o
 .debug_abbrev  0x00001b26      0x158 C:/Users/S-SPACE/Desktop/Pratik/FreeRTOS/FreeRTOS_SC_v3.5/FSW_FreeRTOS/CORTEX_SmartFusion2_M2S050_SoftConsole/RTOSDemo_Hardware_Platform/Debug/CMSIS/startup_gcc/newlib_stubs.o
 .debug_abbrev  0x00001c7e      0x280 C:\Users\S-SPACE\Desktop\Pratik\FreeRTOS\FreeRTOS_SC_v3.5\FSW_FreeRTOS\CORTEX_SmartFusion2_M2S050_SoftConsole\RTOSDemo_Hardware_Platform\Debug\libRTOSDemo_Hardware_Platform.a(mss_uart.o)
 .debug_abbrev  0x00001efe      0x185 C:\Users\S-SPACE\Desktop\Pratik\FreeRTOS\FreeRTOS_SC_v3.5\FSW_FreeRTOS\CORTEX_SmartFusion2_M2S050_SoftConsole\RTOSDemo_Hardware_Platform\Debug\libRTOSDemo_Hardware_Platform.a(core_i2c.o)
 .debug_abbrev  0x00002083      0x169 C:\Users\S-SPACE\Desktop\Pratik\FreeRTOS\FreeRTOS_SC_v3.5\FSW_FreeRTOS\CORTEX_SmartFusion2_M2S050_SoftConsole\RTOSDemo_Hardware_Platform\Debug\libRTOSDemo_Hardware_Platform.a(i2c_interrupt.o)
 .debug_abbrev  0x000021ec      0x15f C:\Users\S-SPACE\Desktop\Pratik\FreeRTOS\FreeRTOS_SC_v3.5\FSW_FreeRTOS\CORTEX_SmartFusion2_M2S050_SoftConsole\RTOSDemo_Hardware_Platform\Debug\libRTOSDemo_Hardware_Platform.a(system_m2sxxx.o)

.debug_line     0x00000000    0x1083e
 *(.debug_line)
 .debug_line    0x00000000      0x389 ./RunTimeStatsTimer.o
 .debug_line    0x00000389     0x1644 ./main.o
 .debug_line    0x000019cd      0x45f ./printf-stdarg.o
 .debug_line    0x00001e2c     0x1324 ./pilot/get_data.o
 .debug_line    0x00003150     0x11e1 ./pilot/init.o
 .debug_line    0x00004331     0x11aa ./pilot/peripherals.o
 .debug_line    0x000054db       0x31 ./pilot/pilot.o
 .debug_line    0x0000550c       0x3a ./pilot/pslv_interface.o
 .debug_line    0x00005546     0x161e ./pilot/read.o
 .debug_line    0x00006b64     0x11e1 ./pilot/write.o
 .debug_line    0x00007d45      0x40f ./osal/osal.o
 .debug_line    0x00008154     0x165e ./cmds/cmd.o
 .debug_line    0x000097b2      0x589 ./FreeRTOS-Source/list.o
 .debug_line    0x00009d3b      0xac2 ./FreeRTOS-Source/queue.o
 .debug_line    0x0000a7fd      0xf40 ./FreeRTOS-Source/tasks.o
 .debug_line    0x0000b73d      0x848 ./FreeRTOS-Source/timers.o
 .debug_line    0x0000bf85      0x639 ./FreeRTOS-Source/portable/MemMang/heap_4.o
 .debug_line    0x0000c5be      0x500 ./FreeRTOS-Source/portable/GCC/ARM_CM3/port.o
 .debug_line    0x0000cabe     0x19bf ./Demo_Tasks/demo_tasks.o
 .debug_line    0x0000e47d      0x5b2 ./Blinky-Demo/main_blinky.o
 .debug_line    0x0000ea2f      0x4aa C:/Users/S-SPACE/Desktop/Pratik/FreeRTOS/FreeRTOS_SC_v3.5/FSW_FreeRTOS/CORTEX_SmartFusion2_M2S050_SoftConsole/RTOSDemo_Hardware_Platform/Debug/CMSIS/startup_gcc/newlib_stubs.o
 .debug_line    0x0000eed9      0x8f8 C:\Users\S-SPACE\Desktop\Pratik\FreeRTOS\FreeRTOS_SC_v3.5\FSW_FreeRTOS\CORTEX_SmartFusion2_M2S050_SoftConsole\RTOSDemo_Hardware_Platform\Debug\libRTOSDemo_Hardware_Platform.a(mss_uart.o)
 .debug_line    0x0000f7d1      0x8bd C:\Users\S-SPACE\Desktop\Pratik\FreeRTOS\FreeRTOS_SC_v3.5\FSW_FreeRTOS\CORTEX_SmartFusion2_M2S050_SoftConsole\RTOSDemo_Hardware_Platform\Debug\libRTOSDemo_Hardware_Platform.a(core_i2c.o)
 .debug_line    0x0001008e      0x56f C:\Users\S-SPACE\Desktop\Pratik\FreeRTOS\FreeRTOS_SC_v3.5\FSW_FreeRTOS\CORTEX_SmartFusion2_M2S050_SoftConsole\RTOSDemo_Hardware_Platform\Debug\libRTOSDemo_Hardware_Platform.a(i2c_interrupt.o)
 .debug_line    0x000105fd      0x241 C:\Users\S-SPACE\Desktop\Pratik\FreeRTOS\FreeRTOS_SC_v3.5\FSW_FreeRTOS\CORTEX_SmartFusion2_M2S050_SoftConsole\RTOSDemo_Hardware_Platform\Debug\libRTOSDemo_Hardware_Platform.a(system_m2sxxx.o)

.debug_frame    0x00000000     0x2724
 *(.debug_frame)
 .debug_frame   0x00000000       0x44 ./RunTimeStatsTimer.o
 .debug_frame   0x00000044       0xac ./main.o
 .debug_frame   0x000000f0      0x134 ./printf-stdarg.o
 .debug_frame   0x00000224      0x170 ./pilot/get_data.o
 .debug_frame   0x00000394       0x30 ./pilot/init.o
 .debug_frame   0x000003c4       0x30 ./pilot/read.o
 .debug_frame   0x000003f4       0x30 ./pilot/write.o
 .debug_frame   0x00000424       0x30 ./osal/osal.o
 .debug_frame   0x00000454       0xd4 ./cmds/cmd.o
 .debug_frame   0x00000528       0x9c ./FreeRTOS-Source/list.o
 .debug_frame   0x000005c4      0x398 ./FreeRTOS-Source/queue.o
 .debug_frame   0x0000095c      0x724 ./FreeRTOS-Source/tasks.o
 .debug_frame   0x00001080      0x2b8 ./FreeRTOS-Source/timers.o
 .debug_frame   0x00001338       0xd0 ./FreeRTOS-Source/portable/MemMang/heap_4.o
 .debug_frame   0x00001408      0x140 ./FreeRTOS-Source/portable/GCC/ARM_CM3/port.o
 .debug_frame   0x00001548      0x254 ./Demo_Tasks/demo_tasks.o
 .debug_frame   0x0000179c       0x70 ./Blinky-Demo/main_blinky.o
 .debug_frame   0x0000180c      0x21c C:/Users/S-SPACE/Desktop/Pratik/FreeRTOS/FreeRTOS_SC_v3.5/FSW_FreeRTOS/CORTEX_SmartFusion2_M2S050_SoftConsole/RTOSDemo_Hardware_Platform/Debug/CMSIS/startup_gcc/newlib_stubs.o
 .debug_frame   0x00001a28      0x6b4 C:\Users\S-SPACE\Desktop\Pratik\FreeRTOS\FreeRTOS_SC_v3.5\FSW_FreeRTOS\CORTEX_SmartFusion2_M2S050_SoftConsole\RTOSDemo_Hardware_Platform\Debug\libRTOSDemo_Hardware_Platform.a(mss_uart.o)
 .debug_frame   0x000020dc      0x3e4 C:\Users\S-SPACE\Desktop\Pratik\FreeRTOS\FreeRTOS_SC_v3.5\FSW_FreeRTOS\CORTEX_SmartFusion2_M2S050_SoftConsole\RTOSDemo_Hardware_Platform\Debug\libRTOSDemo_Hardware_Platform.a(core_i2c.o)
 .debug_frame   0x000024c0       0x88 C:\Users\S-SPACE\Desktop\Pratik\FreeRTOS\FreeRTOS_SC_v3.5\FSW_FreeRTOS\CORTEX_SmartFusion2_M2S050_SoftConsole\RTOSDemo_Hardware_Platform\Debug\libRTOSDemo_Hardware_Platform.a(i2c_interrupt.o)
 .debug_frame   0x00002548       0xf4 C:\Users\S-SPACE\Desktop\Pratik\FreeRTOS\FreeRTOS_SC_v3.5\FSW_FreeRTOS\CORTEX_SmartFusion2_M2S050_SoftConsole\RTOSDemo_Hardware_Platform\Debug\libRTOSDemo_Hardware_Platform.a(system_m2sxxx.o)
 .debug_frame   0x0000263c       0x20 c:/program files (x86)/microsemi/softconsole v3.4/sourcery-g++/bin/../lib/gcc/arm-none-eabi/4.4.1/../../../../arm-none-eabi/lib/thumb2\libc.a(lib_a-errno.o)
 .debug_frame   0x0000265c       0x2c c:/program files (x86)/microsemi/softconsole v3.4/sourcery-g++/bin/../lib/gcc/arm-none-eabi/4.4.1/../../../../arm-none-eabi/lib/thumb2\libc.a(lib_a-init.o)
 .debug_frame   0x00002688       0x34 c:/program files (x86)/microsemi/softconsole v3.4/sourcery-g++/bin/../lib/gcc/arm-none-eabi/4.4.1/../../../../arm-none-eabi/lib/thumb2\libc.a(lib_a-memcpy.o)
 .debug_frame   0x000026bc       0x28 c:/program files (x86)/microsemi/softconsole v3.4/sourcery-g++/bin/../lib/gcc/arm-none-eabi/4.4.1/../../../../arm-none-eabi/lib/thumb2\libc.a(lib_a-memset.o)
 .debug_frame   0x000026e4       0x20 c:/program files (x86)/microsemi/softconsole v3.4/sourcery-g++/bin/../lib/gcc/arm-none-eabi/4.4.1/../../../../arm-none-eabi/lib/thumb2\libc.a(lib_a-strcpy.o)
 .debug_frame   0x00002704       0x20 c:/program files (x86)/microsemi/softconsole v3.4/sourcery-g++/bin/../lib/gcc/arm-none-eabi/4.4.1/../../../../arm-none-eabi/lib/thumb2\libc.a(lib_a-strlen.o)

.debug_str      0x00000000     0x4bb1
 *(.debug_str)
 .debug_str     0x00000000      0x16b ./RunTimeStatsTimer.o
                                0x19f (size before relaxing)
 .debug_str     0x0000016b      0x386 ./main.o
                                0x509 (size before relaxing)
 .debug_str     0x000004f1       0x8c ./printf-stdarg.o
                                0x1c0 (size before relaxing)
 .debug_str     0x0000057d      0x1df ./pilot/get_data.o
                                0x60e (size before relaxing)
 .debug_str     0x0000075c      0x1dd ./pilot/init.o
                                0x689 (size before relaxing)
 .debug_str     0x00000939       0x73 ./pilot/peripherals.o
                                0x479 (size before relaxing)
 .debug_str     0x000009ac       0x11 ./pilot/pilot.o
                                 0x9a (size before relaxing)
 .debug_str     0x000009bd       0x1a ./pilot/pslv_interface.o
                                 0xa3 (size before relaxing)
 .debug_str     0x000009d7       0x1d ./pilot/read.o
                                0x6e9 (size before relaxing)
 .debug_str     0x000009f4       0x1f ./pilot/write.o
                                0x69a (size before relaxing)
 .debug_str     0x00000a13       0x3b ./osal/osal.o
                                0x15f (size before relaxing)
 .debug_str     0x00000a4e       0xe9 ./cmds/cmd.o
                                0x545 (size before relaxing)
 .debug_str     0x00000b37      0x143 ./FreeRTOS-Source/list.o
                                0x274 (size before relaxing)
 .debug_str     0x00000c7a      0x51f ./FreeRTOS-Source/queue.o
                                0x75c (size before relaxing)
 .debug_str     0x00001199      0xc52 ./FreeRTOS-Source/tasks.o
                                0xfa3 (size before relaxing)
 .debug_str     0x00001deb      0x4df ./FreeRTOS-Source/timers.o
                                0x768 (size before relaxing)
 .debug_str     0x000022ca      0x1d7 ./FreeRTOS-Source/portable/MemMang/heap_4.o
                                0x334 (size before relaxing)
 .debug_str     0x000024a1      0x1e0 ./FreeRTOS-Source/portable/GCC/ARM_CM3/port.o
                                0x39d (size before relaxing)
 .debug_str     0x00002681      0xb73 ./Demo_Tasks/demo_tasks.o
                               0x1430 (size before relaxing)
 .debug_str     0x000031f4       0x7a ./Blinky-Demo/main_blinky.o
                                0x1e1 (size before relaxing)
 .debug_str     0x0000326e      0x26c C:/Users/S-SPACE/Desktop/Pratik/FreeRTOS/FreeRTOS_SC_v3.5/FSW_FreeRTOS/CORTEX_SmartFusion2_M2S050_SoftConsole/RTOSDemo_Hardware_Platform/Debug/CMSIS/startup_gcc/newlib_stubs.o
                                0x34f (size before relaxing)
 .debug_str     0x000034da     0x107a C:\Users\S-SPACE\Desktop\Pratik\FreeRTOS\FreeRTOS_SC_v3.5\FSW_FreeRTOS\CORTEX_SmartFusion2_M2S050_SoftConsole\RTOSDemo_Hardware_Platform\Debug\libRTOSDemo_Hardware_Platform.a(mss_uart.o)
                               0x19c8 (size before relaxing)
 .debug_str     0x00004554      0x477 C:\Users\S-SPACE\Desktop\Pratik\FreeRTOS\FreeRTOS_SC_v3.5\FSW_FreeRTOS\CORTEX_SmartFusion2_M2S050_SoftConsole\RTOSDemo_Hardware_Platform\Debug\libRTOSDemo_Hardware_Platform.a(core_i2c.o)
                                0x96d (size before relaxing)
 .debug_str     0x000049cb       0x42 C:\Users\S-SPACE\Desktop\Pratik\FreeRTOS\FreeRTOS_SC_v3.5\FSW_FreeRTOS\CORTEX_SmartFusion2_M2S050_SoftConsole\RTOSDemo_Hardware_Platform\Debug\libRTOSDemo_Hardware_Platform.a(i2c_interrupt.o)
                                0x9ef (size before relaxing)
 .debug_str     0x00004a0d      0x1a4 C:\Users\S-SPACE\Desktop\Pratik\FreeRTOS\FreeRTOS_SC_v3.5\FSW_FreeRTOS\CORTEX_SmartFusion2_M2S050_SoftConsole\RTOSDemo_Hardware_Platform\Debug\libRTOSDemo_Hardware_Platform.a(system_m2sxxx.o)
                                0xa63 (size before relaxing)

.debug_loc      0x00000000     0x40eb
 *(.debug_loc)
 .debug_loc     0x00000000       0x62 ./RunTimeStatsTimer.o
 .debug_loc     0x00000062      0x11a ./main.o
 .debug_loc     0x0000017c      0x1df ./printf-stdarg.o
 .debug_loc     0x0000035b      0x261 ./pilot/get_data.o
 .debug_loc     0x000005bc       0x37 ./pilot/init.o
 .debug_loc     0x000005f3       0x37 ./pilot/read.o
 .debug_loc     0x0000062a       0x37 ./pilot/write.o
 .debug_loc     0x00000661       0x37 ./osal/osal.o
 .debug_loc     0x00000698      0x175 ./cmds/cmd.o
 .debug_loc     0x0000080d      0x113 ./FreeRTOS-Source/list.o
 .debug_loc     0x00000920      0x645 ./FreeRTOS-Source/queue.o
 .debug_loc     0x00000f65      0xc7f ./FreeRTOS-Source/tasks.o
 .debug_loc     0x00001be4      0x4af ./FreeRTOS-Source/timers.o
 .debug_loc     0x00002093      0x15d ./FreeRTOS-Source/portable/MemMang/heap_4.o
 .debug_loc     0x000021f0      0x1e3 ./FreeRTOS-Source/portable/GCC/ARM_CM3/port.o
 .debug_loc     0x000023d3      0x3cf ./Demo_Tasks/demo_tasks.o
 .debug_loc     0x000027a2       0xa5 ./Blinky-Demo/main_blinky.o
 .debug_loc     0x00002847      0x3c6 C:/Users/S-SPACE/Desktop/Pratik/FreeRTOS/FreeRTOS_SC_v3.5/FSW_FreeRTOS/CORTEX_SmartFusion2_M2S050_SoftConsole/RTOSDemo_Hardware_Platform/Debug/CMSIS/startup_gcc/newlib_stubs.o
 .debug_loc     0x00002c0d      0xbb9 C:\Users\S-SPACE\Desktop\Pratik\FreeRTOS\FreeRTOS_SC_v3.5\FSW_FreeRTOS\CORTEX_SmartFusion2_M2S050_SoftConsole\RTOSDemo_Hardware_Platform\Debug\libRTOSDemo_Hardware_Platform.a(mss_uart.o)
 .debug_loc     0x000037c6      0x6a9 C:\Users\S-SPACE\Desktop\Pratik\FreeRTOS\FreeRTOS_SC_v3.5\FSW_FreeRTOS\CORTEX_SmartFusion2_M2S050_SoftConsole\RTOSDemo_Hardware_Platform\Debug\libRTOSDemo_Hardware_Platform.a(core_i2c.o)
 .debug_loc     0x00003e6f       0xdc C:\Users\S-SPACE\Desktop\Pratik\FreeRTOS\FreeRTOS_SC_v3.5\FSW_FreeRTOS\CORTEX_SmartFusion2_M2S050_SoftConsole\RTOSDemo_Hardware_Platform\Debug\libRTOSDemo_Hardware_Platform.a(i2c_interrupt.o)
 .debug_loc     0x00003f4b      0x1a0 C:\Users\S-SPACE\Desktop\Pratik\FreeRTOS\FreeRTOS_SC_v3.5\FSW_FreeRTOS\CORTEX_SmartFusion2_M2S050_SoftConsole\RTOSDemo_Hardware_Platform\Debug\libRTOSDemo_Hardware_Platform.a(system_m2sxxx.o)

.debug_macinfo  0x00000000    0xc02f1
 *(.debug_macinfo)
 .debug_macinfo
                0x00000000     0x4745 ./RunTimeStatsTimer.o
 .debug_macinfo
                0x00004745     0xed8a ./main.o
 .debug_macinfo
                0x000134cf     0x46e7 ./printf-stdarg.o
 .debug_macinfo
                0x00017bb6     0x8d51 ./pilot/get_data.o
 .debug_macinfo
                0x00020907     0x8d66 ./pilot/init.o
 .debug_macinfo
                0x0002966d     0x8bf7 ./pilot/peripherals.o
 .debug_macinfo
                0x00032264      0xc81 ./pilot/pilot.o
 .debug_macinfo
                0x00032ee5      0xc81 ./pilot/pslv_interface.o
 .debug_macinfo
                0x00033b66     0xca31 ./pilot/read.o
 .debug_macinfo
                0x00040597     0x8c4f ./pilot/write.o
 .debug_macinfo
                0x000491e6     0x5348 ./osal/osal.o
 .debug_macinfo
                0x0004e52e     0xd261 ./cmds/cmd.o
 .debug_macinfo
                0x0005b78f     0x699e ./FreeRTOS-Source/list.o
 .debug_macinfo
                0x0006212d     0x7af7 ./FreeRTOS-Source/queue.o
 .debug_macinfo
                0x00069c24     0x8e0f ./FreeRTOS-Source/tasks.o
 .debug_macinfo
                0x00072a33     0x8022 ./FreeRTOS-Source/timers.o
 .debug_macinfo
                0x0007aa55     0x703b ./FreeRTOS-Source/portable/MemMang/heap_4.o
 .debug_macinfo
                0x00081a90     0x589b ./FreeRTOS-Source/portable/GCC/ARM_CM3/port.o
 .debug_macinfo
                0x0008732b    0x107b1 ./Demo_Tasks/demo_tasks.o
 .debug_macinfo
                0x00097adc     0x8a73 ./Blinky-Demo/main_blinky.o
 .debug_macinfo
                0x000a054f     0x4bf0 C:/Users/S-SPACE/Desktop/Pratik/FreeRTOS/FreeRTOS_SC_v3.5/FSW_FreeRTOS/CORTEX_SmartFusion2_M2S050_SoftConsole/RTOSDemo_Hardware_Platform/Debug/CMSIS/startup_gcc/newlib_stubs.o
 .debug_macinfo
                0x000a513f     0x80de C:\Users\S-SPACE\Desktop\Pratik\FreeRTOS\FreeRTOS_SC_v3.5\FSW_FreeRTOS\CORTEX_SmartFusion2_M2S050_SoftConsole\RTOSDemo_Hardware_Platform\Debug\libRTOSDemo_Hardware_Platform.a(mss_uart.o)
 .debug_macinfo
                0x000ad21d     0x44f1 C:\Users\S-SPACE\Desktop\Pratik\FreeRTOS\FreeRTOS_SC_v3.5\FSW_FreeRTOS\CORTEX_SmartFusion2_M2S050_SoftConsole\RTOSDemo_Hardware_Platform\Debug\libRTOSDemo_Hardware_Platform.a(core_i2c.o)
 .debug_macinfo
                0x000b170e     0x7939 C:\Users\S-SPACE\Desktop\Pratik\FreeRTOS\FreeRTOS_SC_v3.5\FSW_FreeRTOS\CORTEX_SmartFusion2_M2S050_SoftConsole\RTOSDemo_Hardware_Platform\Debug\libRTOSDemo_Hardware_Platform.a(i2c_interrupt.o)
 .debug_macinfo
                0x000b9047     0x72aa C:\Users\S-SPACE\Desktop\Pratik\FreeRTOS\FreeRTOS_SC_v3.5\FSW_FreeRTOS\CORTEX_SmartFusion2_M2S050_SoftConsole\RTOSDemo_Hardware_Platform\Debug\libRTOSDemo_Hardware_Platform.a(system_m2sxxx.o)

.debug_weaknames
 *(.debug_weaknames)

.debug_funcnames
 *(.debug_funcnames)

.debug_typenames
 *(.debug_typenames)

.debug_varnames
 *(.debug_varnames)

.note.gnu.arm.ident
 *(.note.gnu.arm.ident)

.ARM.attributes
                0x00000000       0x25
 *(.ARM.attributes)
 .ARM.attributes
                0x00000000       0x19 c:/program files (x86)/microsemi/softconsole v3.4/sourcery-g++/bin/../lib/gcc/arm-none-eabi/4.4.1/thumb2/crti.o
 .ARM.attributes
                0x00000019       0x29 c:/program files (x86)/microsemi/softconsole v3.4/sourcery-g++/bin/../lib/gcc/arm-none-eabi/4.4.1/thumb2/crtbegin.o
 .ARM.attributes
                0x00000042       0x31 ./RunTimeStatsTimer.o
 .ARM.attributes
                0x00000073       0x31 ./main.o
 .ARM.attributes
                0x000000a4       0x31 ./printf-stdarg.o
 .ARM.attributes
                0x000000d5       0x31 ./pilot/get_data.o
 .ARM.attributes
                0x00000106       0x31 ./pilot/init.o
 .ARM.attributes
                0x00000137       0x31 ./pilot/peripherals.o
 .ARM.attributes
                0x00000168       0x31 ./pilot/pilot.o
 .ARM.attributes
                0x00000199       0x31 ./pilot/pslv_interface.o
 .ARM.attributes
                0x000001ca       0x31 ./pilot/read.o
 .ARM.attributes
                0x000001fb       0x31 ./pilot/write.o
 .ARM.attributes
                0x0000022c       0x31 ./osal/osal.o
 .ARM.attributes
                0x0000025d       0x31 ./cmds/cmd.o
 .ARM.attributes
                0x0000028e       0x31 ./FreeRTOS-Source/list.o
 .ARM.attributes
                0x000002bf       0x31 ./FreeRTOS-Source/queue.o
 .ARM.attributes
                0x000002f0       0x31 ./FreeRTOS-Source/tasks.o
 .ARM.attributes
                0x00000321       0x31 ./FreeRTOS-Source/timers.o
 .ARM.attributes
                0x00000352       0x31 ./FreeRTOS-Source/portable/MemMang/heap_4.o
 .ARM.attributes
                0x00000383       0x31 ./FreeRTOS-Source/portable/GCC/ARM_CM3/port.o
 .ARM.attributes
                0x000003b4       0x31 ./Demo_Tasks/demo_tasks.o
 .ARM.attributes
                0x000003e5       0x31 ./Blinky-Demo/main_blinky.o
 .ARM.attributes
                0x00000416       0x21 C:/Users/S-SPACE/Desktop/Pratik/FreeRTOS/FreeRTOS_SC_v3.5/FSW_FreeRTOS/CORTEX_SmartFusion2_M2S050_SoftConsole/RTOSDemo_Hardware_Platform/Debug/CMSIS/startup_gcc/startup_m2sxxx.o
 .ARM.attributes
                0x00000437       0x31 C:/Users/S-SPACE/Desktop/Pratik/FreeRTOS/FreeRTOS_SC_v3.5/FSW_FreeRTOS/CORTEX_SmartFusion2_M2S050_SoftConsole/RTOSDemo_Hardware_Platform/Debug/CMSIS/startup_gcc/newlib_stubs.o
 .ARM.attributes
                0x00000468       0x31 C:\Users\S-SPACE\Desktop\Pratik\FreeRTOS\FreeRTOS_SC_v3.5\FSW_FreeRTOS\CORTEX_SmartFusion2_M2S050_SoftConsole\RTOSDemo_Hardware_Platform\Debug\libRTOSDemo_Hardware_Platform.a(mss_uart.o)
 .ARM.attributes
                0x00000499       0x31 C:\Users\S-SPACE\Desktop\Pratik\FreeRTOS\FreeRTOS_SC_v3.5\FSW_FreeRTOS\CORTEX_SmartFusion2_M2S050_SoftConsole\RTOSDemo_Hardware_Platform\Debug\libRTOSDemo_Hardware_Platform.a(core_i2c.o)
 .ARM.attributes
                0x000004ca       0x31 C:\Users\S-SPACE\Desktop\Pratik\FreeRTOS\FreeRTOS_SC_v3.5\FSW_FreeRTOS\CORTEX_SmartFusion2_M2S050_SoftConsole\RTOSDemo_Hardware_Platform\Debug\libRTOSDemo_Hardware_Platform.a(i2c_interrupt.o)
 .ARM.attributes
                0x000004fb       0x31 C:\Users\S-SPACE\Desktop\Pratik\FreeRTOS\FreeRTOS_SC_v3.5\FSW_FreeRTOS\CORTEX_SmartFusion2_M2S050_SoftConsole\RTOSDemo_Hardware_Platform\Debug\libRTOSDemo_Hardware_Platform.a(system_m2sxxx.o)
 .ARM.attributes
                0x0000052c       0x21 C:\Users\S-SPACE\Desktop\Pratik\FreeRTOS\FreeRTOS_SC_v3.5\FSW_FreeRTOS\CORTEX_SmartFusion2_M2S050_SoftConsole\RTOSDemo_Hardware_Platform\Debug\libRTOSDemo_Hardware_Platform.a(hal.o)
 .ARM.attributes
                0x0000054d       0x21 C:\Users\S-SPACE\Desktop\Pratik\FreeRTOS\FreeRTOS_SC_v3.5\FSW_FreeRTOS\CORTEX_SmartFusion2_M2S050_SoftConsole\RTOSDemo_Hardware_Platform\Debug\libRTOSDemo_Hardware_Platform.a(hw_reg_access.o)
 .ARM.attributes
                0x0000056e       0x29 c:/program files (x86)/microsemi/softconsole v3.4/sourcery-g++/bin/../lib/gcc/arm-none-eabi/4.4.1/../../../../arm-none-eabi/lib/thumb2\libc.a(lib_a-errno.o)
 .ARM.attributes
                0x00000597       0x29 c:/program files (x86)/microsemi/softconsole v3.4/sourcery-g++/bin/../lib/gcc/arm-none-eabi/4.4.1/../../../../arm-none-eabi/lib/thumb2\libc.a(lib_a-impure.o)
 .ARM.attributes
                0x000005c0       0x29 c:/program files (x86)/microsemi/softconsole v3.4/sourcery-g++/bin/../lib/gcc/arm-none-eabi/4.4.1/../../../../arm-none-eabi/lib/thumb2\libc.a(lib_a-init.o)
 .ARM.attributes
                0x000005e9       0x29 c:/program files (x86)/microsemi/softconsole v3.4/sourcery-g++/bin/../lib/gcc/arm-none-eabi/4.4.1/../../../../arm-none-eabi/lib/thumb2\libc.a(lib_a-memcpy.o)
 .ARM.attributes
                0x00000612       0x29 c:/program files (x86)/microsemi/softconsole v3.4/sourcery-g++/bin/../lib/gcc/arm-none-eabi/4.4.1/../../../../arm-none-eabi/lib/thumb2\libc.a(lib_a-memset.o)
 .ARM.attributes
                0x0000063b       0x29 c:/program files (x86)/microsemi/softconsole v3.4/sourcery-g++/bin/../lib/gcc/arm-none-eabi/4.4.1/../../../../arm-none-eabi/lib/thumb2\libc.a(lib_a-strcpy.o)
 .ARM.attributes
                0x00000664       0x29 c:/program files (x86)/microsemi/softconsole v3.4/sourcery-g++/bin/../lib/gcc/arm-none-eabi/4.4.1/../../../../arm-none-eabi/lib/thumb2\libc.a(lib_a-strlen.o)
 .ARM.attributes
                0x0000068d       0x29 c:/program files (x86)/microsemi/softconsole v3.4/sourcery-g++/bin/../lib/gcc/arm-none-eabi/4.4.1/thumb2/crtend.o
 .ARM.attributes
                0x000006b6       0x19 c:/program files (x86)/microsemi/softconsole v3.4/sourcery-g++/bin/../lib/gcc/arm-none-eabi/4.4.1/thumb2/crtn.o

/DISCARD/
 *(.note.GNU-stack)
 *(.isr_vector)
OUTPUT(RTOSDemo elf32-littlearm)

.debug_ranges   0x00000000      0xb58
 .debug_ranges  0x00000000       0x20 ./RunTimeStatsTimer.o
 .debug_ranges  0x00000020       0x40 ./main.o
 .debug_ranges  0x00000060       0x50 ./printf-stdarg.o
 .debug_ranges  0x000000b0       0x68 ./pilot/get_data.o
 .debug_ranges  0x00000118       0x18 ./pilot/init.o
 .debug_ranges  0x00000130       0x18 ./pilot/read.o
 .debug_ranges  0x00000148       0x18 ./pilot/write.o
 .debug_ranges  0x00000160       0x18 ./osal/osal.o
 .debug_ranges  0x00000178       0x48 ./cmds/cmd.o
 .debug_ranges  0x000001c0       0x38 ./FreeRTOS-Source/list.o
 .debug_ranges  0x000001f8       0xf8 ./FreeRTOS-Source/queue.o
 .debug_ranges  0x000002f0      0x200 ./FreeRTOS-Source/tasks.o
 .debug_ranges  0x000004f0       0xc0 ./FreeRTOS-Source/timers.o
 .debug_ranges  0x000005b0       0x48 ./FreeRTOS-Source/portable/MemMang/heap_4.o
 .debug_ranges  0x000005f8       0x70 ./FreeRTOS-Source/portable/GCC/ARM_CM3/port.o
 .debug_ranges  0x00000668       0xc0 ./Demo_Tasks/demo_tasks.o
 .debug_ranges  0x00000728       0x28 ./Blinky-Demo/main_blinky.o
 .debug_ranges  0x00000750       0xa0 C:/Users/S-SPACE/Desktop/Pratik/FreeRTOS/FreeRTOS_SC_v3.5/FSW_FreeRTOS/CORTEX_SmartFusion2_M2S050_SoftConsole/RTOSDemo_Hardware_Platform/Debug/CMSIS/startup_gcc/newlib_stubs.o
 .debug_ranges  0x000007f0      0x1c8 C:\Users\S-SPACE\Desktop\Pratik\FreeRTOS\FreeRTOS_SC_v3.5\FSW_FreeRTOS\CORTEX_SmartFusion2_M2S050_SoftConsole\RTOSDemo_Hardware_Platform\Debug\libRTOSDemo_Hardware_Platform.a(mss_uart.o)
 .debug_ranges  0x000009b8      0x120 C:\Users\S-SPACE\Desktop\Pratik\FreeRTOS\FreeRTOS_SC_v3.5\FSW_FreeRTOS\CORTEX_SmartFusion2_M2S050_SoftConsole\RTOSDemo_Hardware_Platform\Debug\libRTOSDemo_Hardware_Platform.a(core_i2c.o)
 .debug_ranges  0x00000ad8       0x30 C:\Users\S-SPACE\Desktop\Pratik\FreeRTOS\FreeRTOS_SC_v3.5\FSW_FreeRTOS\CORTEX_SmartFusion2_M2S050_SoftConsole\RTOSDemo_Hardware_Platform\Debug\libRTOSDemo_Hardware_Platform.a(i2c_interrupt.o)
 .debug_ranges  0x00000b08       0x50 C:\Users\S-SPACE\Desktop\Pratik\FreeRTOS\FreeRTOS_SC_v3.5\FSW_FreeRTOS\CORTEX_SmartFusion2_M2S050_SoftConsole\RTOSDemo_Hardware_Platform\Debug\libRTOSDemo_Hardware_Platform.a(system_m2sxxx.o)
