Archive member included because of file (symbol)

C:\Users\S-SPACE\Desktop\Pratik\FreeRTOS\FreeRTOS_SC_v3.5\FSW_FreeRTOS\CORTEX_SmartFusion2_M2S050_SoftConsole\RTOSDemo_Hardware_Platform\Debug\libRTOSDemo_Hardware_Platform.a(mss_uart.o)
                              ./stream/stream.o (g_mss_uart0)
C:\Users\S-SPACE\Desktop\Pratik\FreeRTOS\FreeRTOS_SC_v3.5\FSW_FreeRTOS\CORTEX_SmartFusion2_M2S050_SoftConsole\RTOSDemo_Hardware_Platform\Debug\libRTOSDemo_Hardware_Platform.a(mss_spi.o)
                              ./memory/SD.o (g_mss_spi1)
C:\Users\S-SPACE\Desktop\Pratik\FreeRTOS\FreeRTOS_SC_v3.5\FSW_FreeRTOS\CORTEX_SmartFusion2_M2S050_SoftConsole\RTOSDemo_Hardware_Platform\Debug\libRTOSDemo_Hardware_Platform.a(mss_gpio.o)
                              ./memory/SD.o (MSS_GPIO_set_output)
C:\Users\S-SPACE\Desktop\Pratik\FreeRTOS\FreeRTOS_SC_v3.5\FSW_FreeRTOS\CORTEX_SmartFusion2_M2S050_SoftConsole\RTOSDemo_Hardware_Platform\Debug\libRTOSDemo_Hardware_Platform.a(core_i2c.o)
                              ./pilot/init.o (I2C_init)
C:\Users\S-SPACE\Desktop\Pratik\FreeRTOS\FreeRTOS_SC_v3.5\FSW_FreeRTOS\CORTEX_SmartFusion2_M2S050_SoftConsole\RTOSDemo_Hardware_Platform\Debug\libRTOSDemo_Hardware_Platform.a(i2c_interrupt.o)
                              C:\Users\S-SPACE\Desktop\Pratik\FreeRTOS\FreeRTOS_SC_v3.5\FSW_FreeRTOS\CORTEX_SmartFusion2_M2S050_SoftConsole\RTOSDemo_Hardware_Platform\Debug\libRTOSDemo_Hardware_Platform.a(core_i2c.o) (I2C_enable_irq)
C:\Users\S-SPACE\Desktop\Pratik\FreeRTOS\FreeRTOS_SC_v3.5\FSW_FreeRTOS\CORTEX_SmartFusion2_M2S050_SoftConsole\RTOSDemo_Hardware_Platform\Debug\libRTOSDemo_Hardware_Platform.a(system_m2sxxx.o)
                              ./RunTimeStatsTimer.o (SystemCoreClock)
C:\Users\S-SPACE\Desktop\Pratik\FreeRTOS\FreeRTOS_SC_v3.5\FSW_FreeRTOS\CORTEX_SmartFusion2_M2S050_SoftConsole\RTOSDemo_Hardware_Platform\Debug\libRTOSDemo_Hardware_Platform.a(hal.o)
                              C:\Users\S-SPACE\Desktop\Pratik\FreeRTOS\FreeRTOS_SC_v3.5\FSW_FreeRTOS\CORTEX_SmartFusion2_M2S050_SoftConsole\RTOSDemo_Hardware_Platform\Debug\libRTOSDemo_Hardware_Platform.a(core_i2c.o) (HAL_disable_interrupts)
C:\Users\S-SPACE\Desktop\Pratik\FreeRTOS\FreeRTOS_SC_v3.5\FSW_FreeRTOS\CORTEX_SmartFusion2_M2S050_SoftConsole\RTOSDemo_Hardware_Platform\Debug\libRTOSDemo_Hardware_Platform.a(hw_reg_access.o)
                              C:\Users\S-SPACE\Desktop\Pratik\FreeRTOS\FreeRTOS_SC_v3.5\FSW_FreeRTOS\CORTEX_SmartFusion2_M2S050_SoftConsole\RTOSDemo_Hardware_Platform\Debug\libRTOSDemo_Hardware_Platform.a(core_i2c.o) (HW_set_8bit_reg)
c:/program files (x86)/microsemi/softconsole v3.4/sourcery-g++/bin/../lib/gcc/arm-none-eabi/4.4.1/../../../../arm-none-eabi/lib/thumb2\libc.a(lib_a-errno.o)
                              C:/Users/S-SPACE/Desktop/Pratik/FreeRTOS/FreeRTOS_SC_v3.5/FSW_FreeRTOS/CORTEX_SmartFusion2_M2S050_SoftConsole/RTOSDemo_Hardware_Platform/Debug/CMSIS/startup_gcc/newlib_stubs.o (__errno)
c:/program files (x86)/microsemi/softconsole v3.4/sourcery-g++/bin/../lib/gcc/arm-none-eabi/4.4.1/../../../../arm-none-eabi/lib/thumb2\libc.a(lib_a-impure.o)
                              c:/program files (x86)/microsemi/softconsole v3.4/sourcery-g++/bin/../lib/gcc/arm-none-eabi/4.4.1/../../../../arm-none-eabi/lib/thumb2\libc.a(lib_a-errno.o) (_impure_ptr)
c:/program files (x86)/microsemi/softconsole v3.4/sourcery-g++/bin/../lib/gcc/arm-none-eabi/4.4.1/../../../../arm-none-eabi/lib/thumb2\libc.a(lib_a-init.o)
                              C:/Users/S-SPACE/Desktop/Pratik/FreeRTOS/FreeRTOS_SC_v3.5/FSW_FreeRTOS/CORTEX_SmartFusion2_M2S050_SoftConsole/RTOSDemo_Hardware_Platform/Debug/CMSIS/startup_gcc/startup_m2sxxx.o (__libc_init_array)
c:/program files (x86)/microsemi/softconsole v3.4/sourcery-g++/bin/../lib/gcc/arm-none-eabi/4.4.1/../../../../arm-none-eabi/lib/thumb2\libc.a(lib_a-memcpy.o)
                              ./FreeRTOS-Source/queue.o (memcpy)
c:/program files (x86)/microsemi/softconsole v3.4/sourcery-g++/bin/../lib/gcc/arm-none-eabi/4.4.1/../../../../arm-none-eabi/lib/thumb2\libc.a(lib_a-memset.o)
                              ./FreeRTOS-Source/tasks.o (memset)
c:/program files (x86)/microsemi/softconsole v3.4/sourcery-g++/bin/../lib/gcc/arm-none-eabi/4.4.1/../../../../arm-none-eabi/lib/thumb2\libc.a(lib_a-strcpy.o)
                              ./FreeRTOS-Source/tasks.o (strcpy)
c:/program files (x86)/microsemi/softconsole v3.4/sourcery-g++/bin/../lib/gcc/arm-none-eabi/4.4.1/../../../../arm-none-eabi/lib/thumb2\libc.a(lib_a-strlen.o)
                              ./FreeRTOS-Source/tasks.o (strlen)

Allocating common symbols
Common symbol       size              file

pkt_stream          0x24              ./stream/stream.o
acc                 0x6               ./pilot/read.o
pkt_timer           0x8               ./stream/stream.o
data_pld            0x32              ./main.o
command_cnt         0x2               ./Demo_Tasks/demo_tasks.o
g_core_i2c2         0x6c              ./main.o
uart0_irq_rx_buffer
[...]
Memory Configuration

Name             Origin             Length             Attributes
ram              0x20000000         0x00010000         xrw
*default*        0x00000000         0xffffffff

Linker script and memory map

LOAD c:/program files (x86)/microsemi/softconsole v3.4/sourcery-g++/bin/../lib/gcc/arm-none-eabi/4.4.1/thumb2/crti.o
LOAD c:/program files (x86)/microsemi/softconsole v3.4/sourcery-g++/bin/../lib/gcc/arm-none-eabi/4.4.1/thumb2/crtbegin.o
LOAD ./RunTimeStatsTimer.o
LOAD ./main.o
LOAD ./printf-stdarg.o
LOAD ./stream/stream.o
LOAD ./pilot/get_data.o
LOAD ./pilot/init.o
LOAD ./pilot/peripherals.o
LOAD ./pilot/pilot.o
LOAD ./pilot/pslv_interface.o
LOAD ./pilot/read.o
LOAD ./pilot/write.o
LOAD ./osal/osal.o
LOAD ./memory/SD.o
LOAD ./memory/memory.o
LOAD ./cmds/cmd.o
LOAD ./FreeRTOS-Source/list.o
LOAD ./FreeRTOS-Source/queue.o
LOAD ./FreeRTOS-Source/tasks.o
LOAD ./FreeRTOS-Source/timers.o
LOAD ./FreeRTOS-Source/portable/MemMang/heap_4.o
LOAD ./FreeRTOS-Source/portable/GCC/ARM_CM3/port.o
LOAD ./Demo_Tasks/demo_tasks.o
LOAD ./Blinky-Demo/main_blinky.o
LOAD C:/Users/S-SPACE/Desktop/Pratik/FreeRTOS/FreeRTOS_SC_v3.5/FSW_FreeRTOS/CORTEX_SmartFusion2_M2S050_SoftConsole/RTOSDemo_Hardware_Platform/Debug/CMSIS/startup_gcc/startup_m2sxxx.o
LOAD C:/Users/S-SPACE/Desktop/Pratik/FreeRTOS/FreeRTOS_SC_v3.5/FSW_FreeRTOS/CORTEX_SmartFusion2_M2S050_SoftConsole/RTOSDemo_Hardware_Platform/Debug/CMSIS/startup_gcc/newlib_stubs.o
LOAD C:\Users\S-SPACE\Desktop\Pratik\FreeRTOS\FreeRTOS_SC_v3.5\FSW_FreeRTOS\CORTEX_SmartFusion2_M2S050_SoftConsole\RTOSDemo_Hardware_Platform\Debug\libRTOSDemo_Hardware_Platform.a
START GROUP
LOAD c:/program files (x86)/microsemi/softconsole v3.4/sourcery-g++/bin/../lib/gcc/arm-none-eabi/4.4.1/thumb2\libgcc.a
LOAD c:/program files (x86)/microsemi/softconsole v3.4/sourcery-g++/bin/../lib/gcc/arm-none-eabi/4.4.1/../../../../arm-none-eabi/lib/thumb2\libc.a
END GROUP
LOAD c:/program files (x86)/microsemi/softconsole v3.4/sourcery-g++/bin/../lib/gcc/arm-none-eabi/4.4.1/thumb2/crtend.o
LOAD c:/program files (x86)/microsemi/softconsole v3.4/sourcery-g++/bin/../lib/gcc/arm-none-eabi/4.4.1/thumb2/crtn.o
START GROUP
LOAD c:/program files (x86)/microsemi/softconsole v3.4/sourcery-g++/bin/../lib/gcc/arm-none-eabi/4.4.1/../../../../arm-none-eabi/lib/thumb2\libc.a
LOAD c:/program files (x86)/microsemi/softconsole v3.4/sourcery-g++/bin/../lib/gcc/arm-none-eabi/4.4.1/thumb2\libgcc.a
LOAD c:/program files (x86)/microsemi/softconsole v3.4/sourcery-g++/bin/../lib/gcc/arm-none-eabi/4.4.1/../../../../arm-none-eabi/lib/thumb2\libm.a
END GROUP
                0x00000000                __DYNAMIC = 0x0
                0x20000000                RAM_START_ADDRESS = 0x20000000
                0x00010000                RAM_SIZE = 0x10000
                0x00000400                MAIN_STACK_SIZE = 0x400
                0x00000000                PROCESS_STACK_SIZE = 0x0
                0x20010000                PROVIDE (__main_stack_start, (RAM_START_ADDRESS + RAM_SIZE))
                0x2000fc00                PROVIDE (__process_stack_start, (__main_stack_start - MAIN_STACK_SIZE))
                0x20010000                PROVIDE (_estack, __main_stack_start)
                0x00000000                PROVIDE (__mirrored_nvm, 0x0)

.text           0x20000000     0x7fa0
 CREATE_OBJECT_SYMBOLS
                0x20000000                __text_load = LOADADDR (.text)
                0x20000000                __text_start = .
                0x20000000                __vector_table_vma_base_address = .
 *(.isr_vector)
 .isr_vector    0x20000000      0x2f0 C:/Users/S-SPACE/Desktop/Pratik/FreeRTOS/FreeRTOS_SC_v3.5/FSW_FreeRTOS/CORTEX_SmartFusion2_M2S050_SoftConsole/RTOSDemo_Hardware_Platform/Debug/CMSIS/startup_gcc/startup_m2sxxx.o
                0x20000000                g_pfnVectors
                0x20000188                Reset_Handler
                0x200001f8                NMI_Handler
                0x200001fa                HardFault_Handler
                0x200001fc                MemManage_Handler
                0x200001fe                BusFault_Handler
                0x20000200                UsageFault_Handler
                0x20000204                DebugMon_Handler
                0x2000020a                WdogWakeup_IRQHandler
                0x2000020c                RTC_Wakeup_IRQHandler
                0x20000212                I2C0_IRQHandler
                0x20000214                I2C0_SMBAlert_IRQHandler
                0x20000216                I2C0_SMBus_IRQHandler
                0x20000218                I2C1_IRQHandler
                0x2000021a                I2C1_SMBAlert_IRQHandler
                0x2000021c                I2C1_SMBus_IRQHandler
                0x20000222                EthernetMAC_IRQHandler
                0x20000224                DMA_IRQHandler
                0x20000226                Timer1_IRQHandler
                0x20000228                Timer2_IRQHandler
                0x2000022a                CAN_IRQHandler
                0x2000022c                ENVM0_IRQHandler
                0x2000022e                ENVM1_IRQHandler
                0x20000230                ComBlk_IRQHandler
                0x20000232                USB_IRQHandler
                0x20000234                USB_DMA_IRQHandler
                0x20000236                PLL_Lock_IRQHandler
                0x20000238                PLL_LockLost_IRQHandler
                0x2000023a                CommSwitchError_IRQHandler
                0x2000023c                CacheError_IRQHandler
                0x2000023e                DDR_IRQHandler
                0x20000240                HPDMA_Complete_IRQHandler
                0x20000242                HPDMA_Error_IRQHandler
                0x20000244                ECC_Error_IRQHandler
                0x20000246                MDDR_IOCalib_IRQHandler
                0x20000248                FAB_PLL_Lock_IRQHandler
                0x2000024a                FAB_PLL_LockLost_IRQHandler
                0x2000024c                FIC64_IRQHandler
                0x2000025a                FabricIrq6_IRQHandler
                0x2000025c                FabricIrq7_IRQHandler
                0x2000025e                FabricIrq8_IRQHandler
                0x20000260                FabricIrq9_IRQHandler
                0x20000262                FabricIrq10_IRQHandler
                0x20000264                FabricIrq11_IRQHandler
                0x20000266                FabricIrq12_IRQHandler
                0x20000268                FabricIrq13_IRQHandler
                0x2000026a                FabricIrq14_IRQHandler
                0x2000026c                FabricIrq15_IRQHandler
                0x2000026e                GPIO0_IRQHandler
                0x20000270                GPIO1_IRQHandler
                0x20000272                GPIO2_IRQHandler
                0x20000274                GPIO3_IRQHandler
                0x20000276                GPIO4_IRQHandler
                0x20000278                GPIO5_IRQHandler
                0x2000027a                GPIO6_IRQHandler
                0x2000027c                GPIO7_IRQHandler
                0x2000027e                GPIO8_IRQHandler
                0x20000280                GPIO9_IRQHandler
                0x20000282                GPIO10_IRQHandler
                0x20000284                GPIO11_IRQHandler
                0x20000286                GPIO12_IRQHandler
                0x20000288                GPIO13_IRQHandler
                0x2000028a                GPIO14_IRQHandler
                0x2000028c                GPIO15_IRQHandler
                0x2000028e                GPIO16_IRQHandler
                0x20000290                GPIO17_IRQHandler
                0x20000292                GPIO18_IRQHandler
                0x20000294                GPIO19_IRQHandler
                0x20000296                GPIO20_IRQHandler
                0x20000298                GPIO21_IRQHandler
                0x2000029a                GPIO22_IRQHandler
                0x2000029c                GPIO23_IRQHandler
                0x2000029e                GPIO24_IRQHandler
                0x200002a0                GPIO25_IRQHandler
                0x200002a2                GPIO26_IRQHandler
                0x200002a4                GPIO27_IRQHandler
                0x200002a6                GPIO28_IRQHandler
                0x200002a8                GPIO29_IRQHandler
                0x200002aa                GPIO30_IRQHandler
                0x200002ac                GPIO31_IRQHandler
                0x200002ae                mscc_post_hw_cfg_init
 *(.text .text.* .gnu.linkonce.t.*)
 .text          0x200002f0       0x30 c:/program files (x86)/microsemi/softconsole v3.4/sourcery-g++/bin/../lib/gcc/arm-none-eabi/4.4.1/thumb2/crtbegin.o
 .text.vConfigureTimerForRunTimeStats
                0x20000320       0x48 ./RunTimeStatsTimer.o
                0x20000320                vConfigureTimerForRunTimeStats
 .text.ulGetRunTimeCounterValue
                0x20000368       0xa4 ./RunTimeStatsTimer.o
                0x20000368                ulGetRunTimeCounterValue
 .text.main     0x2000040c       0x10 ./main.o
                0x2000040c                main
 .text.vApplicationMallocFailedHook
                0x2000041c       0x1c ./main.o
                0x2000041c                vApplicationMallocFailedHook
 .text.vApplicationIdleHook
                0x20000438        0xc ./main.o
                0x20000438                vApplicationIdleHook
 .text.vApplicationStackOverflowHook
                0x20000444       0x20 ./main.o
                0x20000444                vApplicationStackOverflowHook
 .text.set_pktRate
                0x20000464       0x50 ./stream/stream.o
                0x20000464                set_pktRate
 .text.get_IMU_acc
                0x200004b4      0x32c ./pilot/get_data.o
                0x200004b4                get_IMU_acc
 .text.get_IMU_gyro
                0x200007e0      0x2e4 ./pilot/get_data.o
                0x200007e0                get_IMU_gyro
 .text.get_IMU_temp
                0x20000ac4       0xc0 ./pilot/get_data.o
                0x20000ac4                get_IMU_temp
 .text.vc_write
                0x20000b84       0xa8 ./pilot/get_data.o
                0x20000b84                vc_write
 .text.vc_read  0x20000c2c       0xa8 ./pilot/get_data.o
                0x20000c2c                vc_read
 .text.vc_read_reg
                0x20000cd4       0x58 ./pilot/get_data.o
                0x20000cd4                vc_read_reg
 .text.read_bus_voltage
                0x20000d2c       0xbc ./pilot/get_data.o
                0x20000d2c                read_bus_voltage
 .text.read_shunt_voltage
                0x20000de8       0xc0 ./pilot/get_data.o
                0x20000de8                read_shunt_voltage
 .text.get_ADC_value
                0x20000ea8       0xa0 ./pilot/get_data.o
                0x20000ea8                get_ADC_value
 .text.init     0x20000f48       0x9c ./pilot/init.o
                0x20000f48                init
 .text.vTask_Delay
                0x20000fe4       0x34 ./osal/osal.o
                0x20000fe4                vTask_Delay
 .text.xMsToTicks
                0x20001018       0x30 ./osal/osal.o
                0x20001018                xMsToTicks
 .text.cmd_valid
                0x20001048       0x18 ./cmds/cmd.o
                0x20001048                cmd_valid
 .text.chk_s_cmd
                0x20001060       0x98 ./cmds/cmd.o
                0x20001060                chk_s_cmd
 .text.add_cmd  0x200010f8       0xbc ./cmds/cmd.o
                0x200010f8                add_cmd
 .text.vcmd_callback
                0x200011b4       0x68 ./cmds/cmd.o
                0x200011b4                vcmd_callback
 .text.cmd_engine
                0x2000121c      0x124 ./cmds/cmd.o
                0x2000121c                cmd_engine
 .text.cmd_noop
                0x20001340       0x14 ./cmds/cmd.o
                0x20001340                cmd_noop
 .text.set_pkt_rate
                0x20001354       0x90 ./cmds/cmd.o
                0x20001354                set_pkt_rate
 .text.cmd_sc_reset
                0x200013e4       0x20 ./cmds/cmd.o
                0x200013e4                cmd_sc_reset
 .text.vListInitialise
                0x20001404       0x48 ./FreeRTOS-Source/list.o
                0x20001404                vListInitialise
 .text.vListInitialiseItem
                0x2000144c       0x1c ./FreeRTOS-Source/list.o
                0x2000144c                vListInitialiseItem
 .text.vListInsertEnd
                0x20001468       0x48 ./FreeRTOS-Source/list.o
                0x20001468                vListInsertEnd
 .text.vListInsert
                0x200014b0       0x74 ./FreeRTOS-Source/list.o
                0x200014b0                vListInsert
 .text.uxListRemove
                0x20001524       0x58 ./FreeRTOS-Source/list.o
                0x20001524                uxListRemove
 .text.xQueueGenericReset
                0x2000157c       0xec ./FreeRTOS-Source/queue.o
                0x2000157c                xQueueGenericReset
 .text.xQueueGenericCreate
                0x20001668       0x7c ./FreeRTOS-Source/queue.o
                0x20001668                xQueueGenericCreate
 .text.prvInitialiseNewQueue
                0x200016e4       0x48 ./FreeRTOS-Source/queue.o
 .text.prvInitialiseMutex
                0x2000172c       0x40 ./FreeRTOS-Source/queue.o
 .text.xQueueCreateMutex
                0x2000176c       0x38 ./FreeRTOS-Source/queue.o
                0x2000176c                xQueueCreateMutex
 .text.xQueueGenericSend
                0x200017a4      0x230 ./FreeRTOS-Source/queue.o
                0x200017a4                xQueueGenericSend
 .text.xQueueGenericSendFromISR
                0x200019d4      0x144 ./FreeRTOS-Source/queue.o
                0x200019d4                xQueueGenericSendFromISR
 .text.xQueueGenericReceive
                0x20001b18      0x268 ./FreeRTOS-Source/queue.o
                0x20001b18                xQueueGenericReceive
 .text.prvCopyDataToQueue
                0x20001d80       0xf0 ./FreeRTOS-Source/queue.o
 .text.prvCopyDataFromQueue
                0x20001e70       0x50 ./FreeRTOS-Source/queue.o
 .text.prvUnlockQueue
                0x20001ec0       0xac ./FreeRTOS-Source/queue.o
 .text.prvIsQueueEmpty
                0x20001f6c       0x34 ./FreeRTOS-Source/queue.o
 .text.prvIsQueueFull
                0x20001fa0       0x38 ./FreeRTOS-Source/queue.o
 .text.vQueueWaitForMessageRestricted
                0x20001fd8       0x74 ./FreeRTOS-Source/queue.o
                0x20001fd8                vQueueWaitForMessageRestricted
 .text.xTaskCreate
                0x2000204c       0x94 ./FreeRTOS-Source/tasks.o
                0x2000204c                xTaskCreate
 .text.prvInitialiseNewTask
                0x200020e0      0x12c ./FreeRTOS-Source/tasks.o
 .text.prvAddNewTaskToReadyList
                0x2000220c      0x13c ./FreeRTOS-Source/tasks.o
 .text.vTaskDelay
                0x20002348       0x70 ./FreeRTOS-Source/tasks.o
                0x20002348                vTaskDelay
 .text.uxTaskPriorityGet
                0x200023b8       0x38 ./FreeRTOS-Source/tasks.o
                0x200023b8                uxTaskPriorityGet
 .text.vTaskPrioritySet
                0x200023f0      0x1c0 ./FreeRTOS-Source/tasks.o
                0x200023f0                vTaskPrioritySet
 .text.vTaskStartScheduler
                0x200025b0       0xb4 ./FreeRTOS-Source/tasks.o
                0x200025b0                vTaskStartScheduler
 .text.vTaskSuspendAll
                0x20002664       0x24 ./FreeRTOS-Source/tasks.o
                0x20002664                vTaskSuspendAll
 .text.xTaskResumeAll
                0x20002688      0x1a0 ./FreeRTOS-Source/tasks.o
                0x20002688                xTaskResumeAll
 .text.xTaskGetTickCount
                0x20002828       0x20 ./FreeRTOS-Source/tasks.o
                0x20002828                xTaskGetTickCount
 .text.xTaskIncrementTick
                0x20002848      0x210 ./FreeRTOS-Source/tasks.o
                0x20002848                xTaskIncrementTick
 .text.vTaskSwitchContext
                0x20002a58      0x1a8 ./FreeRTOS-Source/tasks.o
                0x20002a58                vTaskSwitchContext
 .text.vTaskPlaceOnEventList
                0x20002c00       0x4c ./FreeRTOS-Source/tasks.o
                0x20002c00                vTaskPlaceOnEventList
 .text.vTaskPlaceOnEventListRestricted
                0x20002c4c       0x58 ./FreeRTOS-Source/tasks.o
                0x20002c4c                vTaskPlaceOnEventListRestricted
 .text.xTaskRemoveFromEventList
                0x20002ca4       0xf0 ./FreeRTOS-Source/tasks.o
                0x20002ca4                xTaskRemoveFromEventList
 .text.vTaskSetTimeOutState
                0x20002d94       0x48 ./FreeRTOS-Source/tasks.o
                0x20002d94                vTaskSetTimeOutState
 .text.xTaskCheckForTimeOut
                0x20002ddc       0xd0 ./FreeRTOS-Source/tasks.o
                0x20002ddc                xTaskCheckForTimeOut
 .text.vTaskMissedYield
                0x20002eac       0x18 ./FreeRTOS-Source/tasks.o
                0x20002eac                vTaskMissedYield
 .text.prvIdleTask
                0x20002ec4       0x38 ./FreeRTOS-Source/tasks.o
 .text.prvInitialiseTaskLists
                0x20002efc       0xa4 ./FreeRTOS-Source/tasks.o
 .text.prvCheckTasksWaitingTermination
                0x20002fa0       0x98 ./FreeRTOS-Source/tasks.o
 .text.prvDeleteTCB
                0x20003038       0x20 ./FreeRTOS-Source/tasks.o
 .text.prvResetNextTaskUnblockTime
                0x20003058       0x5c ./FreeRTOS-Source/tasks.o
 .text.xTaskGetSchedulerState
                0x200030b4       0x48 ./FreeRTOS-Source/tasks.o
                0x200030b4                xTaskGetSchedulerState
 .text.vTaskPriorityInherit
                0x200030fc      0x14c ./FreeRTOS-Source/tasks.o
                0x200030fc                vTaskPriorityInherit
 .text.xTaskPriorityDisinherit
                0x20003248      0x14c ./FreeRTOS-Source/tasks.o
                0x20003248                xTaskPriorityDisinherit
 .text.pvTaskIncrementMutexHeldCount
                0x20003394       0x38 ./FreeRTOS-Source/tasks.o
                0x20003394                pvTaskIncrementMutexHeldCount
 .text.ulTaskNotifyTake
                0x200033cc       0xc0 ./FreeRTOS-Source/tasks.o
                0x200033cc                ulTaskNotifyTake
 .text.xTaskNotifyWait
                0x2000348c       0xf0 ./FreeRTOS-Source/tasks.o
                0x2000348c                xTaskNotifyWait
 .text.vTaskNotifyGiveFromISR
                0x2000357c      0x14c ./FreeRTOS-Source/tasks.o
                0x2000357c                vTaskNotifyGiveFromISR
 .text.prvAddCurrentTaskToDelayedList
                0x200036c8      0x110 ./FreeRTOS-Source/tasks.o
 .text.xTimerCreateTimerTask
                0x200037d8       0x74 ./FreeRTOS-Source/timers.o
                0x200037d8                xTimerCreateTimerTask
 .text.xTimerCreate
                0x2000384c       0x40 ./FreeRTOS-Source/timers.o
                0x2000384c                xTimerCreate
 .text.prvInitialiseNewTimer
                0x2000388c       0x64 ./FreeRTOS-Source/timers.o
 .text.xTimerGenericCommand
                0x200038f0       0xcc ./FreeRTOS-Source/timers.o
                0x200038f0                xTimerGenericCommand
 .text.prvProcessExpiredTimer
                0x200039bc       0x8c ./FreeRTOS-Source/timers.o
 .text.prvTimerTask
                0x20003a48       0x28 ./FreeRTOS-Source/timers.o
 .text.prvProcessTimerOrBlockTask
                0x20003a70       0xac ./FreeRTOS-Source/timers.o
 .text.prvGetNextExpireTime
                0x20003b1c       0x50 ./FreeRTOS-Source/timers.o
 .text.prvSampleTimeNow
                0x20003b6c       0x50 ./FreeRTOS-Source/timers.o
 .text.prvInsertTimerInActiveList
                0x20003bbc       0x98 ./FreeRTOS-Source/timers.o
 .text.prvProcessReceivedCommands
                0x20003c54      0x184 ./FreeRTOS-Source/timers.o
 .text.prvSwitchTimerLists
                0x20003dd8       0xf4 ./FreeRTOS-Source/timers.o
 .text.prvCheckForValidListAndQueue
                0x20003ecc       0x74 ./FreeRTOS-Source/timers.o
 .text.pvTimerGetTimerID
                0x20003f40       0x40 ./FreeRTOS-Source/timers.o
                0x20003f40                pvTimerGetTimerID
 .text.pvPortMalloc
                0x20003f80      0x1f8 ./FreeRTOS-Source/portable/MemMang/heap_4.o
                0x20003f80                pvPortMalloc
 .text.vPortFree
                0x20004178       0xd8 ./FreeRTOS-Source/portable/MemMang/heap_4.o
                0x20004178                vPortFree
 .text.prvHeapInit
                0x20004250      0x104 ./FreeRTOS-Source/portable/MemMang/heap_4.o
 .text.prvInsertBlockIntoFreeList
                0x20004354       0xbc ./FreeRTOS-Source/portable/MemMang/heap_4.o
 .text.pxPortInitialiseStack
                0x20004410       0x68 ./FreeRTOS-Source/portable/GCC/ARM_CM3/port.o
                0x20004410                pxPortInitialiseStack
 .text.prvTaskExitError
                0x20004478       0x40 ./FreeRTOS-Source/portable/GCC/ARM_CM3/port.o
 *fill*         0x200044b8        0x8 00
 .text.SVC_Handler
                0x200044c0       0x30 ./FreeRTOS-Source/portable/GCC/ARM_CM3/port.o
                0x200044c0                SVC_Handler
 .text.prvPortStartFirstTask
                0x200044f0       0x20 ./FreeRTOS-Source/portable/GCC/ARM_CM3/port.o
 .text.xPortStartScheduler
                0x20004510      0x10c ./FreeRTOS-Source/portable/GCC/ARM_CM3/port.o
                0x20004510                xPortStartScheduler
 .text.vPortEnterCritical
                0x2000461c       0x70 ./FreeRTOS-Source/portable/GCC/ARM_CM3/port.o
                0x2000461c                vPortEnterCritical
 .text.vPortExitCritical
                0x2000468c       0x64 ./FreeRTOS-Source/portable/GCC/ARM_CM3/port.o
                0x2000468c                vPortExitCritical
 .text.PendSV_Handler
                0x200046f0       0x50 ./FreeRTOS-Source/portable/GCC/ARM_CM3/port.o
                0x200046f0                PendSV_Handler
 .text.SysTick_Handler
                0x20004740       0x44 ./FreeRTOS-Source/portable/GCC/ARM_CM3/port.o
                0x20004740                SysTick_Handler
 .text.vPortSetupTimerInterrupt
                0x20004784       0x40 ./FreeRTOS-Source/portable/GCC/ARM_CM3/port.o
                0x20004784                vPortSetupTimerInterrupt
 .text.vPortValidateInterruptPriority
                0x200047c4       0x84 ./FreeRTOS-Source/portable/GCC/ARM_CM3/port.o
                0x200047c4                vPortValidateInterruptPriority
 .text.NVIC_EnableIRQ
                0x20004848       0x38 ./Demo_Tasks/demo_tasks.o
 .text.NVIC_SetPriority
                0x20004880       0x5c ./Demo_Tasks/demo_tasks.o
 .text.get_hk_data
                0x200048dc      0x40c ./Demo_Tasks/demo_tasks.o
                0x200048dc                get_hk_data
 .text.get_pld_data
                0x20004ce8       0xd4 ./Demo_Tasks/demo_tasks.o
                0x20004ce8                get_pld_data
 .text.vGetPktStruct
                0x20004dbc       0x88 ./Demo_Tasks/demo_tasks.o
                0x20004dbc                vGetPktStruct
 .text.vtlm_task
                0x20004e44      0x274 ./Demo_Tasks/demo_tasks.o
                0x20004e44                vtlm_task
 .text.vtlm_sender
                0x200050b8       0x44 ./Demo_Tasks/demo_tasks.o
                0x200050b8                vtlm_sender
 .text.irq_tsk_func
                0x200050fc       0x94 ./Demo_Tasks/demo_tasks.o
                0x200050fc                irq_tsk_func
 .text.uart0_rx_handler
                0x20005190       0x68 ./Demo_Tasks/demo_tasks.o
                0x20005190                uart0_rx_handler
 .text.demo_tasks
                0x200051f8      0x36c ./Demo_Tasks/demo_tasks.o
                0x200051f8                demo_tasks
 .text.FabricIrq0_IRQHandler
                0x20005564       0x14 ./Demo_Tasks/demo_tasks.o
                0x20005564                FabricIrq0_IRQHandler
 .text.FabricIrq1_IRQHandler
                0x20005578       0x14 ./Demo_Tasks/demo_tasks.o
                0x20005578                FabricIrq1_IRQHandler
 .text.FabricIrq2_IRQHandler
                0x2000558c       0x14 ./Demo_Tasks/demo_tasks.o
                0x2000558c                FabricIrq2_IRQHandler
 .text.FabricIrq3_IRQHandler
                0x200055a0       0x14 ./Demo_Tasks/demo_tasks.o
                0x200055a0                FabricIrq3_IRQHandler
 .text.FabricIrq4_IRQHandler
                0x200055b4       0x14 ./Demo_Tasks/demo_tasks.o
                0x200055b4                FabricIrq4_IRQHandler
 .text.FabricIrq5_IRQHandler
                0x200055c8       0x14 ./Demo_Tasks/demo_tasks.o
                0x200055c8                FabricIrq5_IRQHandler
 .text.NVIC_EnableIRQ
                0x200055dc       0x38 C:\Users\S-SPACE\Desktop\Pratik\FreeRTOS\FreeRTOS_SC_v3.5\FSW_FreeRTOS\CORTEX_SmartFusion2_M2S050_SoftConsole\RTOSDemo_Hardware_Platform\Debug\libRTOSDemo_Hardware_Platform.a(mss_uart.o)
 .text.NVIC_ClearPendingIRQ
                0x20005614       0x3c C:\Users\S-SPACE\Desktop\Pratik\FreeRTOS\FreeRTOS_SC_v3.5\FSW_FreeRTOS\CORTEX_SmartFusion2_M2S050_SoftConsole\RTOSDemo_Hardware_Platform\Debug\libRTOSDemo_Hardware_Platform.a(mss_uart.o)
 .text.set_bit_reg8
                0x20005650       0x40 C:\Users\S-SPACE\Desktop\Pratik\FreeRTOS\FreeRTOS_SC_v3.5\FSW_FreeRTOS\CORTEX_SmartFusion2_M2S050_SoftConsole\RTOSDemo_Hardware_Platform\Debug\libRTOSDemo_Hardware_Platform.a(mss_uart.o)
 .text.clear_bit_reg8
                0x20005690       0x40 C:\Users\S-SPACE\Desktop\Pratik\FreeRTOS\FreeRTOS_SC_v3.5\FSW_FreeRTOS\CORTEX_SmartFusion2_M2S050_SoftConsole\RTOSDemo_Hardware_Platform\Debug\libRTOSDemo_Hardware_Platform.a(mss_uart.o)
 .text.read_bit_reg8
                0x200056d0       0x40 C:\Users\S-SPACE\Desktop\Pratik\FreeRTOS\FreeRTOS_SC_v3.5\FSW_FreeRTOS\CORTEX_SmartFusion2_M2S050_SoftConsole\RTOSDemo_Hardware_Platform\Debug\libRTOSDemo_Hardware_Platform.a(mss_uart.o)
 .text.MSS_UART_init
                0x20005710       0x84 C:\Users\S-SPACE\Desktop\Pratik\FreeRTOS\FreeRTOS_SC_v3.5\FSW_FreeRTOS\CORTEX_SmartFusion2_M2S050_SoftConsole\RTOSDemo_Hardware_Platform\Debug\libRTOSDemo_Hardware_Platform.a(mss_uart.o)
                0x20005710                MSS_UART_init
 .text.MSS_UART_polled_tx
                0x20005794       0xe4 C:\Users\S-SPACE\Desktop\Pratik\FreeRTOS\FreeRTOS_SC_v3.5\FSW_FreeRTOS\CORTEX_SmartFusion2_M2S050_SoftConsole\RTOSDemo_Hardware_Platform\Debug\libRTOSDemo_Hardware_Platform.a(mss_uart.o)
                0x20005794                MSS_UART_polled_tx
 .text.MSS_UART_get_rx
                0x20005878       0xdc C:\Users\S-SPACE\Desktop\Pratik\FreeRTOS\FreeRTOS_SC_v3.5\FSW_FreeRTOS\CORTEX_SmartFusion2_M2S050_SoftConsole\RTOSDemo_Hardware_Platform\Debug\libRTOSDemo_Hardware_Platform.a(mss_uart.o)
                0x20005878                MSS_UART_get_rx
 .text.MSS_UART_set_rx_handler
                0x20005954       0xc0 C:\Users\S-SPACE\Desktop\Pratik\FreeRTOS\FreeRTOS_SC_v3.5\FSW_FreeRTOS\CORTEX_SmartFusion2_M2S050_SoftConsole\RTOSDemo_Hardware_Platform\Debug\libRTOSDemo_Hardware_Platform.a(mss_uart.o)
                0x20005954                MSS_UART_set_rx_handler
 .text.UART0_IRQHandler
                0x20005a14       0x24 C:\Users\S-SPACE\Desktop\Pratik\FreeRTOS\FreeRTOS_SC_v3.5\FSW_FreeRTOS\CORTEX_SmartFusion2_M2S050_SoftConsole\RTOSDemo_Hardware_Platform\Debug\libRTOSDemo_Hardware_Platform.a(mss_uart.o)
                0x20005a14                UART0_IRQHandler
 .text.UART1_IRQHandler
                0x20005a38       0x24 C:\Users\S-SPACE\Desktop\Pratik\FreeRTOS\FreeRTOS_SC_v3.5\FSW_FreeRTOS\CORTEX_SmartFusion2_M2S050_SoftConsole\RTOSDemo_Hardware_Platform\Debug\libRTOSDemo_Hardware_Platform.a(mss_uart.o)
                0x20005a38                UART1_IRQHandler
 .text.config_baud_divisors
                0x20005a5c      0x198 C:\Users\S-SPACE\Desktop\Pratik\FreeRTOS\FreeRTOS_SC_v3.5\FSW_FreeRTOS\CORTEX_SmartFusion2_M2S050_SoftConsole\RTOSDemo_Hardware_Platform\Debug\libRTOSDemo_Hardware_Platform.a(mss_uart.o)
 .text.global_init
                0x20005bf4      0x26c C:\Users\S-SPACE\Desktop\Pratik\FreeRTOS\FreeRTOS_SC_v3.5\FSW_FreeRTOS\CORTEX_SmartFusion2_M2S050_SoftConsole\RTOSDemo_Hardware_Platform\Debug\libRTOSDemo_Hardware_Platform.a(mss_uart.o)
 .text.MSS_UART_isr
                0x20005e60      0x22c C:\Users\S-SPACE\Desktop\Pratik\FreeRTOS\FreeRTOS_SC_v3.5\FSW_FreeRTOS\CORTEX_SmartFusion2_M2S050_SoftConsole\RTOSDemo_Hardware_Platform\Debug\libRTOSDemo_Hardware_Platform.a(mss_uart.o)
 .text.default_tx_handler
                0x2000608c      0x10c C:\Users\S-SPACE\Desktop\Pratik\FreeRTOS\FreeRTOS_SC_v3.5\FSW_FreeRTOS\CORTEX_SmartFusion2_M2S050_SoftConsole\RTOSDemo_Hardware_Platform\Debug\libRTOSDemo_Hardware_Platform.a(mss_uart.o)
 .text.NVIC_ClearPendingIRQ
                0x20006198       0x3c C:\Users\S-SPACE\Desktop\Pratik\FreeRTOS\FreeRTOS_SC_v3.5\FSW_FreeRTOS\CORTEX_SmartFusion2_M2S050_SoftConsole\RTOSDemo_Hardware_Platform\Debug\libRTOSDemo_Hardware_Platform.a(mss_spi.o)
 .text.recover_from_rx_overflow
                0x200061d4      0x160 C:\Users\S-SPACE\Desktop\Pratik\FreeRTOS\FreeRTOS_SC_v3.5\FSW_FreeRTOS\CORTEX_SmartFusion2_M2S050_SoftConsole\RTOSDemo_Hardware_Platform\Debug\libRTOSDemo_Hardware_Platform.a(mss_spi.o)
 .text.fill_slave_tx_fifo
                0x20006334       0xe0 C:\Users\S-SPACE\Desktop\Pratik\FreeRTOS\FreeRTOS_SC_v3.5\FSW_FreeRTOS\CORTEX_SmartFusion2_M2S050_SoftConsole\RTOSDemo_Hardware_Platform\Debug\libRTOSDemo_Hardware_Platform.a(mss_spi.o)
 .text.read_slave_rx_fifo
                0x20006414       0xac C:\Users\S-SPACE\Desktop\Pratik\FreeRTOS\FreeRTOS_SC_v3.5\FSW_FreeRTOS\CORTEX_SmartFusion2_M2S050_SoftConsole\RTOSDemo_Hardware_Platform\Debug\libRTOSDemo_Hardware_Platform.a(mss_spi.o)
 .text.mss_spi_isr
                0x200064c0      0x2b0 C:\Users\S-SPACE\Desktop\Pratik\FreeRTOS\FreeRTOS_SC_v3.5\FSW_FreeRTOS\CORTEX_SmartFusion2_M2S050_SoftConsole\RTOSDemo_Hardware_Platform\Debug\libRTOSDemo_Hardware_Platform.a(mss_spi.o)
 .text.SPI0_IRQHandler
                0x20006770       0x24 C:\Users\S-SPACE\Desktop\Pratik\FreeRTOS\FreeRTOS_SC_v3.5\FSW_FreeRTOS\CORTEX_SmartFusion2_M2S050_SoftConsole\RTOSDemo_Hardware_Platform\Debug\libRTOSDemo_Hardware_Platform.a(mss_spi.o)
                0x20006770                SPI0_IRQHandler
 .text.SPI1_IRQHandler
                0x20006794       0x24 C:\Users\S-SPACE\Desktop\Pratik\FreeRTOS\FreeRTOS_SC_v3.5\FSW_FreeRTOS\CORTEX_SmartFusion2_M2S050_SoftConsole\RTOSDemo_Hardware_Platform\Debug\libRTOSDemo_Hardware_Platform.a(mss_spi.o)
                0x20006794                SPI1_IRQHandler
 .text.I2C_init
                0x200067b8       0xec C:\Users\S-SPACE\Desktop\Pratik\FreeRTOS\FreeRTOS_SC_v3.5\FSW_FreeRTOS\CORTEX_SmartFusion2_M2S050_SoftConsole\RTOSDemo_Hardware_Platform\Debug\libRTOSDemo_Hardware_Platform.a(core_i2c.o)
                0x200067b8                I2C_init
 .text.I2C_write
                0x200068a4       0xe4 C:\Users\S-SPACE\Desktop\Pratik\FreeRTOS\FreeRTOS_SC_v3.5\FSW_FreeRTOS\CORTEX_SmartFusion2_M2S050_SoftConsole\RTOSDemo_Hardware_Platform\Debug\libRTOSDemo_Hardware_Platform.a(core_i2c.o)
                0x200068a4                I2C_write
 .text.I2C_read
                0x20006988       0xe4 C:\Users\S-SPACE\Desktop\Pratik\FreeRTOS\FreeRTOS_SC_v3.5\FSW_FreeRTOS\CORTEX_SmartFusion2_M2S050_SoftConsole\RTOSDemo_Hardware_Platform\Debug\libRTOSDemo_Hardware_Platform.a(core_i2c.o)
                0x20006988                I2C_read
 .text.I2C_write_read
                0x20006a6c      0x130 C:\Users\S-SPACE\Desktop\Pratik\FreeRTOS\FreeRTOS_SC_v3.5\FSW_FreeRTOS\CORTEX_SmartFusion2_M2S050_SoftConsole\RTOSDemo_Hardware_Platform\Debug\libRTOSDemo_Hardware_Platform.a(core_i2c.o)
                0x20006a6c                I2C_write_read
 .text.I2C_wait_complete
                0x20006b9c       0x38 C:\Users\S-SPACE\Desktop\Pratik\FreeRTOS\FreeRTOS_SC_v3.5\FSW_FreeRTOS\CORTEX_SmartFusion2_M2S050_SoftConsole\RTOSDemo_Hardware_Platform\Debug\libRTOSDemo_Hardware_Platform.a(core_i2c.o)
                0x20006b9c                I2C_wait_complete
 .text.enable_slave_if_required
                0x20006bd4       0x30 C:\Users\S-SPACE\Desktop\Pratik\FreeRTOS\FreeRTOS_SC_v3.5\FSW_FreeRTOS\CORTEX_SmartFusion2_M2S050_SoftConsole\RTOSDemo_Hardware_Platform\Debug\libRTOSDemo_Hardware_Platform.a(core_i2c.o)
 .text.I2C_isr  0x20006c04      0xa94 C:\Users\S-SPACE\Desktop\Pratik\FreeRTOS\FreeRTOS_SC_v3.5\FSW_FreeRTOS\CORTEX_SmartFusion2_M2S050_SoftConsole\RTOSDemo_Hardware_Platform\Debug\libRTOSDemo_Hardware_Platform.a(core_i2c.o)
                0x20006c04                I2C_isr
 .text.NVIC_EnableIRQ
                0x20007698       0x38 C:\Users\S-SPACE\Desktop\Pratik\FreeRTOS\FreeRTOS_SC_v3.5\FSW_FreeRTOS\CORTEX_SmartFusion2_M2S050_SoftConsole\RTOSDemo_Hardware_Platform\Debug\libRTOSDemo_Hardware_Platform.a(i2c_interrupt.o)
 .text.NVIC_DisableIRQ
                0x200076d0       0x3c C:\Users\S-SPACE\Desktop\Pratik\FreeRTOS\FreeRTOS_SC_v3.5\FSW_FreeRTOS\CORTEX_SmartFusion2_M2S050_SoftConsole\RTOSDemo_Hardware_Platform\Debug\libRTOSDemo_Hardware_Platform.a(i2c_interrupt.o)
 .text.I2C_enable_irq
                0x2000770c       0x94 C:\Users\S-SPACE\Desktop\Pratik\FreeRTOS\FreeRTOS_SC_v3.5\FSW_FreeRTOS\CORTEX_SmartFusion2_M2S050_SoftConsole\RTOSDemo_Hardware_Platform\Debug\libRTOSDemo_Hardware_Platform.a(i2c_interrupt.o)
                0x2000770c                I2C_enable_irq
 .text.I2C_disable_irq
                0x200077a0       0x94 C:\Users\S-SPACE\Desktop\Pratik\FreeRTOS\FreeRTOS_SC_v3.5\FSW_FreeRTOS\CORTEX_SmartFusion2_M2S050_SoftConsole\RTOSDemo_Hardware_Platform\Debug\libRTOSDemo_Hardware_Platform.a(i2c_interrupt.o)
                0x200077a0                I2C_disable_irq
 .text.SystemInit
                0x20007834       0x2c C:\Users\S-SPACE\Desktop\Pratik\FreeRTOS\FreeRTOS_SC_v3.5\FSW_FreeRTOS\CORTEX_SmartFusion2_M2S050_SoftConsole\RTOSDemo_Hardware_Platform\Debug\libRTOSDemo_Hardware_Platform.a(system_m2sxxx.o)
                0x20007834                SystemInit
 .text.SystemCoreClockUpdate
                0x20007860      0x14c C:\Users\S-SPACE\Desktop\Pratik\FreeRTOS\FreeRTOS_SC_v3.5\FSW_FreeRTOS\CORTEX_SmartFusion2_M2S050_SoftConsole\RTOSDemo_Hardware_Platform\Debug\libRTOSDemo_Hardware_Platform.a(system_m2sxxx.o)
                0x20007860                SystemCoreClockUpdate
 .text.get_rcosc_25_50mhz_frequency
                0x200079ac       0x44 C:\Users\S-SPACE\Desktop\Pratik\FreeRTOS\FreeRTOS_SC_v3.5\FSW_FreeRTOS\CORTEX_SmartFusion2_M2S050_SoftConsole\RTOSDemo_Hardware_Platform\Debug\libRTOSDemo_Hardware_Platform.a(system_m2sxxx.o)
 .text.set_clock_frequency_globals
                0x200079f0       0x6c C:\Users\S-SPACE\Desktop\Pratik\FreeRTOS\FreeRTOS_SC_v3.5\FSW_FreeRTOS\CORTEX_SmartFusion2_M2S050_SoftConsole\RTOSDemo_Hardware_Platform\Debug\libRTOSDemo_Hardware_Platform.a(system_m2sxxx.o)
 .text.get_silicon_revision
                0x20007a5c       0x50 C:\Users\S-SPACE\Desktop\Pratik\FreeRTOS\FreeRTOS_SC_v3.5\FSW_FreeRTOS\CORTEX_SmartFusion2_M2S050_SoftConsole\RTOSDemo_Hardware_Platform\Debug\libRTOSDemo_Hardware_Platform.a(system_m2sxxx.o)
 .text.silicon_workarounds
                0x20007aac       0x20 C:\Users\S-SPACE\Desktop\Pratik\FreeRTOS\FreeRTOS_SC_v3.5\FSW_FreeRTOS\CORTEX_SmartFusion2_M2S050_SoftConsole\RTOSDemo_Hardware_Platform\Debug\libRTOSDemo_Hardware_Platform.a(system_m2sxxx.o)
 .text.m2s050_rev_a_workarounds
                0x20007acc       0x44 C:\Users\S-SPACE\Desktop\Pratik\FreeRTOS\FreeRTOS_SC_v3.5\FSW_FreeRTOS\CORTEX_SmartFusion2_M2S050_SoftConsole\RTOSDemo_Hardware_Platform\Debug\libRTOSDemo_Hardware_Platform.a(system_m2sxxx.o)
 .text.complete_clock_config
                0x20007b10       0x90 C:\Users\S-SPACE\Desktop\Pratik\FreeRTOS\FreeRTOS_SC_v3.5\FSW_FreeRTOS\CORTEX_SmartFusion2_M2S050_SoftConsole\RTOSDemo_Hardware_Platform\Debug\libRTOSDemo_Hardware_Platform.a(system_m2sxxx.o)
 .text          0x20007ba0        0xe C:\Users\S-SPACE\Desktop\Pratik\FreeRTOS\FreeRTOS_SC_v3.5\FSW_FreeRTOS\CORTEX_SmartFusion2_M2S050_SoftConsole\RTOSDemo_Hardware_Platform\Debug\libRTOSDemo_Hardware_Platform.a(hal.o)
                0x20007ba0                HAL_disable_interrupts
                0x20007ba8                HAL_restore_interrupts
 .text          0x20007bae       0x90 C:\Users\S-SPACE\Desktop\Pratik\FreeRTOS\FreeRTOS_SC_v3.5\FSW_FreeRTOS\CORTEX_SmartFusion2_M2S050_SoftConsole\RTOSDemo_Hardware_Platform\Debug\libRTOSDemo_Hardware_Platform.a(hw_reg_access.o)
                0x20007bae                HW_set_32bit_reg
                0x20007bb2                HW_get_32bit_reg
                0x20007bb6                HW_set_32bit_reg_field
                0x20007bd2                HW_get_32bit_reg_field
                0x20007bde                HW_set_16bit_reg
                0x20007be2                HW_get_16bit_reg
                0x20007be6                HW_set_16bit_reg_field
                0x20007c02                HW_get_16bit_reg_field
                0x20007c0e                HW_set_8bit_reg
                0x20007c12                HW_get_8bit_reg
                0x20007c16                HW_set_8bit_reg_field
                0x20007c32                HW_get_8bit_reg_field
 *fill*         0x20007c3e        0x2 00
 .text          0x20007c40       0x50 c:/program files (x86)/microsemi/softconsole v3.4/sourcery-g++/bin/../lib/gcc/arm-none-eabi/4.4.1/../../../../arm-none-eabi/lib/thumb2\libc.a(lib_a-init.o)
                0x20007c40                __libc_init_array
 .text          0x20007c90      0x190 c:/program files (x86)/microsemi/softconsole v3.4/sourcery-g++/bin/../lib/gcc/arm-none-eabi/4.4.1/../../../../arm-none-eabi/lib/thumb2\libc.a(lib_a-memcpy.o)
                0x20007c90                memcpy
 .text          0x20007e20       0xd4 c:/program files (x86)/microsemi/softconsole v3.4/sourcery-g++/bin/../lib/gcc/arm-none-eabi/4.4.1/../../../../arm-none-eabi/lib/thumb2\libc.a(lib_a-memset.o)
                0x20007e20                memset
 *(.plt)
 *(.gnu.warning)
 *(.glue_7t)
 .glue_7t       0x00000000        0x0 linker stubs
 *(.glue_7)
 .glue_7        0x00000000        0x0 linker stubs
 *(.vfp11_veneer)
 .vfp11_veneer  0x00000000        0x0 linker stubs
                0x20007ef4                . = ALIGN (0x4)
 *crtbegin.o(.ctors)
 *(EXCLUDE_FILE(*crtend.o) .ctors)
 *(SORT(.ctors.*))
 *crtend.o(.ctors)
 *crtbegin.o(.dtors)
 *(EXCLUDE_FILE(*crtend.o) .dtors)
 *(SORT(.dtors.*))
 *crtend.o(.dtors)
 *(.rodata .rodata.* .gnu.linkonce.r.*)
 .rodata.C.48.4660
                0x20007ef4        0x4 ./pilot/get_data.o
 .rodata.C.40.4595
                0x20007ef8        0x4 ./pilot/get_data.o
 .rodata        0x20007efc        0xc ./cmds/cmd.o
 .rodata        0x20007f08       0x30 ./FreeRTOS-Source/tasks.o
 .rodata        0x20007f38        0x8 ./FreeRTOS-Source/timers.o
 .rodata.xHeapStructSize
                0x20007f40        0x4 ./FreeRTOS-Source/portable/MemMang/heap_4.o
 .rodata.pcInterruptPriorityRegisters
                0x20007f44        0x4 ./FreeRTOS-Source/portable/GCC/ARM_CM3/port.o
 .rodata        0x20007f48       0x24 ./Demo_Tasks/demo_tasks.o
 .rodata.C.146.6422
                0x20007f6c        0x4 ./Demo_Tasks/demo_tasks.o
 .rodata.C.147.6423
                0x20007f70        0x4 ./Demo_Tasks/demo_tasks.o
 .rodata.C.148.6424
                0x20007f74        0x4 ./Demo_Tasks/demo_tasks.o
 .rodata.C.18.3459
                0x20007f78        0x8 C:\Users\S-SPACE\Desktop\Pratik\FreeRTOS\FreeRTOS_SC_v3.5\FSW_FreeRTOS\CORTEX_SmartFusion2_M2S050_SoftConsole\RTOSDemo_Hardware_Platform\Debug\libRTOSDemo_Hardware_Platform.a(system_m2sxxx.o)
 *(.ARM.extab* .gnu.linkonce.armextab.*)
 *(.gcc_except_table)
 *(.eh_frame_hdr)
 *(.eh_frame)
 *(.init)
 .init          0x20007f80        0x4 c:/program files (x86)/microsemi/softconsole v3.4/sourcery-g++/bin/../lib/gcc/arm-none-eabi/4.4.1/thumb2/crti.o
                0x20007f80                _init
 .init          0x20007f84        0x8 c:/program files (x86)/microsemi/softconsole v3.4/sourcery-g++/bin/../lib/gcc/arm-none-eabi/4.4.1/thumb2/crtn.o
 *(.fini)
 .fini          0x20007f8c        0x4 c:/program files (x86)/microsemi/softconsole v3.4/sourcery-g++/bin/../lib/gcc/arm-none-eabi/4.4.1/thumb2/crti.o
                0x20007f8c                _fini
 .fini          0x20007f90        0x8 c:/program files (x86)/microsemi/softconsole v3.4/sourcery-g++/bin/../lib/gcc/arm-none-eabi/4.4.1/thumb2/crtn.o
                0x20007f98                PROVIDE (__preinit_array_start, .)
 *(.preinit_array)
                0x20007f98                PROVIDE (__preinit_array_end, .)
                0x20007f98                PROVIDE (__init_array_start, .)
 *(SORT(.init_array.*))
 *(.init_array)
 .init_array    0x20007f98        0x4 c:/program files (x86)/microsemi/softconsole v3.4/sourcery-g++/bin/../lib/gcc/arm-none-eabi/4.4.1/thumb2/crtbegin.o
                0x20007f9c                PROVIDE (__init_array_end, .)
                0x20007f9c                PROVIDE (__fini_array_start, .)
 *(.fini_array)
 .fini_array    0x20007f9c        0x4 c:/program files (x86)/microsemi/softconsole v3.4/sourcery-g++/bin/../lib/gcc/arm-none-eabi/4.4.1/thumb2/crtbegin.o
 *(SORT(.fini_array.*))
                0x20007fa0                PROVIDE (__fini_array_end, .)
                0x20007fa0                __exidx_start = .

.v4_bx          0x20007fa0        0x0
 .v4_bx         0x00000000        0x0 linker stubs

.ARM.exidx
 *(.ARM.exidx* .gnu.linkonce.armexidx.*)
                0x20007fa0                __exidx_end = .
                0x20007fa0                _etext = .
                0x20007fa0                PROVIDE (__text_end, .)

.data           0x20007fa0       0x64
                0x20007fa0                __data_load = LOADADDR (.data)
                0x20007fa0                _sidata = LOADADDR (.data)
                0x20007fa0                __data_start = .
                0x20007fa0                _sdata = .
 *(.jcr)
 .jcr           0x20007fa0        0x0 c:/program files (x86)/microsemi/softconsole v3.4/sourcery-g++/bin/../lib/gcc/arm-none-eabi/4.4.1/thumb2/crtbegin.o
 .jcr           0x20007fa0        0x4 c:/program files (x86)/microsemi/softconsole v3.4/sourcery-g++/bin/../lib/gcc/arm-none-eabi/4.4.1/thumb2/crtend.o
 *(.got.plt)
 *(.got)
 *(.shdata)
 *(.data .data.* .gnu.linkonce.d.*)
 .data.uxCriticalNesting
                0x20007fa4        0x4 ./FreeRTOS-Source/portable/GCC/ARM_CM3/port.o
 .data.imu_struct
                0x20007fa8       0x20 ./Demo_Tasks/demo_tasks.o
 .data.vc_struct
                0x20007fc8       0x1c ./Demo_Tasks/demo_tasks.o
 .data.hk_seq_num
                0x20007fe4        0x2 ./Demo_Tasks/demo_tasks.o
                0x20007fe4                hk_seq_num
 .data.pld_seq_num
                0x20007fe6        0x2 ./Demo_Tasks/demo_tasks.o
                0x20007fe6                pld_seq_num
 .data.SystemCoreClock
                0x20007fe8        0x4 C:\Users\S-SPACE\Desktop\Pratik\FreeRTOS\FreeRTOS_SC_v3.5\FSW_FreeRTOS\CORTEX_SmartFusion2_M2S050_SoftConsole\RTOSDemo_Hardware_Platform\Debug\libRTOSDemo_Hardware_Platform.a(system_m2sxxx.o)
                0x20007fe8                SystemCoreClock
 .data.g_FrequencyPCLK0
                0x20007fec        0x4 C:\Users\S-SPACE\Desktop\Pratik\FreeRTOS\FreeRTOS_SC_v3.5\FSW_FreeRTOS\CORTEX_SmartFusion2_M2S050_SoftConsole\RTOSDemo_Hardware_Platform\Debug\libRTOSDemo_Hardware_Platform.a(system_m2sxxx.o)
                0x20007fec                g_FrequencyPCLK0
 .data.g_FrequencyPCLK1
                0x20007ff0        0x4 C:\Users\S-SPACE\Desktop\Pratik\FreeRTOS\FreeRTOS_SC_v3.5\FSW_FreeRTOS\CORTEX_SmartFusion2_M2S050_SoftConsole\RTOSDemo_Hardware_Platform\Debug\libRTOSDemo_Hardware_Platform.a(system_m2sxxx.o)
                0x20007ff0                g_FrequencyPCLK1
 .data.g_FrequencyPCLK2
                0x20007ff4        0x4 C:\Users\S-SPACE\Desktop\Pratik\FreeRTOS\FreeRTOS_SC_v3.5\FSW_FreeRTOS\CORTEX_SmartFusion2_M2S050_SoftConsole\RTOSDemo_Hardware_Platform\Debug\libRTOSDemo_Hardware_Platform.a(system_m2sxxx.o)
                0x20007ff4                g_FrequencyPCLK2
 .data.g_FrequencyFIC0
                0x20007ff8        0x4 C:\Users\S-SPACE\Desktop\Pratik\FreeRTOS\FreeRTOS_SC_v3.5\FSW_FreeRTOS\CORTEX_SmartFusion2_M2S050_SoftConsole\RTOSDemo_Hardware_Platform\Debug\libRTOSDemo_Hardware_Platform.a(system_m2sxxx.o)
                0x20007ff8                g_FrequencyFIC0
 .data.g_FrequencyFIC1
                0x20007ffc        0x4 C:\Users\S-SPACE\Desktop\Pratik\FreeRTOS\FreeRTOS_SC_v3.5\FSW_FreeRTOS\CORTEX_SmartFusion2_M2S050_SoftConsole\RTOSDemo_Hardware_Platform\Debug\libRTOSDemo_Hardware_Platform.a(system_m2sxxx.o)
                0x20007ffc                g_FrequencyFIC1
 .data.g_FrequencyFIC64
                0x20008000        0x4 C:\Users\S-SPACE\Desktop\Pratik\FreeRTOS\FreeRTOS_SC_v3.5\FSW_FreeRTOS\CORTEX_SmartFusion2_M2S050_SoftConsole\RTOSDemo_Hardware_Platform\Debug\libRTOSDemo_Hardware_Platform.a(system_m2sxxx.o)
                0x20008000                g_FrequencyFIC64
                0x20008004                . = ALIGN (0x4)
                0x20008004                _edata = .

.bss            0x20008004     0x6c74
                0x20008004                __bss_start__ = .
                0x20008004                _sbss = .
 *(.shbss)
 *(.bss .bss.* .gnu.linkonce.b.*)
 .bss           0x20008004        0x1 c:/program files (x86)/microsemi/softconsole v3.4/sourcery-g++/bin/../lib/gcc/arm-none-eabi/4.4.1/thumb2/crtbegin.o
 *fill*         0x20008005        0x3 00
 .bss.ulLastCounterValue.1425
                0x20008008        0x4 ./RunTimeStatsTimer.o
 .bss.ulOverflows.1426
                0x2000800c        0x4 ./RunTimeStatsTimer.o
 .bss.pxCurrentTCB
                0x20008010        0x4 ./FreeRTOS-Source/tasks.o
                0x20008010                pxCurrentTCB
 .bss.pxReadyTasksLists
                0x20008014       0x64 ./FreeRTOS-Source/tasks.o
 .bss.xDelayedTaskList1
                0x20008078       0x14 ./FreeRTOS-Source/tasks.o
 .bss.xDelayedTaskList2
                0x2000808c       0x14 ./FreeRTOS-Source/tasks.o
 .bss.pxDelayedTaskList
                0x200080a0        0x4 ./FreeRTOS-Source/tasks.o
 .bss.pxOverflowDelayedTaskList
                0x200080a4        0x4 ./FreeRTOS-Source/tasks.o
 .bss.xPendingReadyList
                0x200080a8       0x14 ./FreeRTOS-Source/tasks.o
 .bss.xTasksWaitingTermination
                0x200080bc       0x14 ./FreeRTOS-Source/tasks.o
 .bss.uxDeletedTasksWaitingCleanUp
                0x200080d0        0x4 ./FreeRTOS-Source/tasks.o
 .bss.xSuspendedTaskList
                0x200080d4       0x14 ./FreeRTOS-Source/tasks.o
 .bss.uxCurrentNumberOfTasks
                0x200080e8        0x4 ./FreeRTOS-Source/tasks.o
 .bss.xTickCount
                0x200080ec        0x4 ./FreeRTOS-Source/tasks.o
 .bss.uxTopReadyPriority
                0x200080f0        0x4 ./FreeRTOS-Source/tasks.o
 .bss.xSchedulerRunning
                0x200080f4        0x4 ./FreeRTOS-Source/tasks.o
 .bss.uxPendedTicks
                0x200080f8        0x4 ./FreeRTOS-Source/tasks.o
 .bss.xYieldPending
                0x200080fc        0x4 ./FreeRTOS-Source/tasks.o
 .bss.xNumOfOverflows
                0x20008100        0x4 ./FreeRTOS-Source/tasks.o
 .bss.uxTaskNumber
                0x20008104        0x4 ./FreeRTOS-Source/tasks.o
 .bss.xNextTaskUnblockTime
                0x20008108        0x4 ./FreeRTOS-Source/tasks.o
 .bss.xIdleTaskHandle
                0x2000810c        0x4 ./FreeRTOS-Source/tasks.o
 .bss.uxSchedulerSuspended
                0x20008110        0x4 ./FreeRTOS-Source/tasks.o
 .bss.ulTaskSwitchedInTime
                0x20008114        0x4 ./FreeRTOS-Source/tasks.o
 .bss.ulTotalRunTime
                0x20008118        0x4 ./FreeRTOS-Source/tasks.o
 .bss.xActiveTimerList1
                0x2000811c       0x14 ./FreeRTOS-Source/timers.o
 .bss.xActiveTimerList2
                0x20008130       0x14 ./FreeRTOS-Source/timers.o
 .bss.pxCurrentTimerList
                0x20008144        0x4 ./FreeRTOS-Source/timers.o
 .bss.pxOverflowTimerList
                0x20008148        0x4 ./FreeRTOS-Source/timers.o
 .bss.xTimerQueue
                0x2000814c        0x4 ./FreeRTOS-Source/timers.o
 .bss.xTimerTaskHandle
                0x20008150        0x4 ./FreeRTOS-Source/timers.o
 .bss.xLastTime.2561
                0x20008154        0x4 ./FreeRTOS-Source/timers.o
 .bss.ucHeap    0x20008158     0x61a8 ./FreeRTOS-Source/portable/MemMang/heap_4.o
 .bss.xStart    0x2000e300        0x8 ./FreeRTOS-Source/portable/MemMang/heap_4.o
 .bss.pxEnd     0x2000e308        0x4 ./FreeRTOS-Source/portable/MemMang/heap_4.o
 .bss.xFreeBytesRemaining
                0x2000e30c        0x4 ./FreeRTOS-Source/portable/MemMang/heap_4.o
 .bss.xMinimumEverFreeBytesRemaining
                0x2000e310        0x4 ./FreeRTOS-Source/portable/MemMang/heap_4.o
 .bss.xBlockAllocatedBit
                0x2000e314        0x4 ./FreeRTOS-Source/portable/MemMang/heap_4.o
 .bss.ucMaxSysCallPriority
                0x2000e318        0x1 ./FreeRTOS-Source/portable/GCC/ARM_CM3/port.o
 *fill*         0x2000e319        0x3 00
 .bss.ulMaxPRIGROUPValue
                0x2000e31c        0x4 ./FreeRTOS-Source/portable/GCC/ARM_CM3/port.o
 .bss.uart_irq  0x2000e320        0x4 ./Demo_Tasks/demo_tasks.o
                0x2000e320                uart_irq
 *(COMMON)
 COMMON         0x2000e324      0x4e1 ./main.o
                0x2000e324                data_pld
                0x2000e358                g_core_i2c2
                0x2000e3c4                uart0_irq_rx_buffer
                0x2000e3c8                argu
                0x2000e3e4                c
                0x2000e400                uart1_irq_size
                0x2000e404                data
                0x2000e604                device_param
                0x2000e704                device
                0x2000e804                command_index
 *fill*         0x2000e805        0x3 00
 COMMON         0x2000e808       0x34 ./stream/stream.o
                0x2000e808                pkt_stream
                0x2000e82c                pkt_timer
                0x2000e834                rx_cmd
                0x2000e838                cmd_timer
 COMMON         0x2000e83c        0xb ./pilot/get_data.o
                0x2000e83c                init_command
                0x2000e840                read
                0x2000e842                bvol
                0x2000e844                count
                0x2000e845                config_reg
                0x2000e846                status
 *fill*         0x2000e847        0x1 00
 COMMON         0x2000e848      0x224 ./pilot/peripherals.o
                0x2000e848                g_core_i2c0
                0x2000e8b4                g_core_i2c1
                0x2000e920                g_core_i2c5
                0x2000e98c                g_core_i2c3
                0x2000e9f8                sd_timer
                0x2000e9fc                core_i2c_status
                0x2000ea00                g_core_i2c4
 COMMON         0x2000ea6c       0x1c ./cmds/cmd.o
                0x2000ea6c                cmd_list
                0x2000ea84                cmd
 COMMON         0x2000ea88       0x68 ./Demo_Tasks/demo_tasks.o
                0x2000ea88                command_cnt
                0x2000ea8c                Store_PKT_Queue
                0x2000ea90                feed_tlm_task
                0x2000ea94                get_pld_pkt_handle
                0x2000ea98                tlm_sender_handle
                0x2000ea9c                hk_pkt
                0x2000eaa0                tlm_tsk_handle
                0x2000eaa4                feed_cmd_tsk
                0x2000eaa8                feed_tlm_sender
                0x2000eaac                xMutex
                0x2000eab0                feed_get_hk_data
                0x2000eab4                hk_task_feed
                0x2000eab8                get_hk_pkt_handle
                0x2000eabc                feed_get_payload_data
                0x2000eac0                Data_PKT_Queue
                0x2000eac4                hk_p
                0x2000ead4                pld_pkt
                0x2000ead8                command_reject_cnt
                0x2000eadc                payload_p
                0x2000eaec                cmd_tsk
 COMMON         0x2000eaf0       0x80 C:\Users\S-SPACE\Desktop\Pratik\FreeRTOS\FreeRTOS_SC_v3.5\FSW_FreeRTOS\CORTEX_SmartFusion2_M2S050_SoftConsole\RTOSDemo_Hardware_Platform\Debug\libRTOSDemo_Hardware_Platform.a(mss_uart.o)
                0x2000eaf0                g_mss_uart1
                0x2000eb30                g_mss_uart0
 COMMON         0x2000eb70      0x108 C:\Users\S-SPACE\Desktop\Pratik\FreeRTOS\FreeRTOS_SC_v3.5\FSW_FreeRTOS\CORTEX_SmartFusion2_M2S050_SoftConsole\RTOSDemo_Hardware_Platform\Debug\libRTOSDemo_Hardware_Platform.a(mss_spi.o)
                0x2000eb70                g_mss_spi1
                0x2000ebf4                g_mss_spi0
                0x2000ec78                . = ALIGN (0x8)
                0x2000ec78                __bss_end__ = .
                0x2000ec78                _end = .
                0x2000ec78                __end = _end
                0x2000ec78                _ebss = .
                0x2000ec78                PROVIDE (end, .)

.stack          0x2000ec78      0x400
                0x2000ec78                . = ALIGN (0x4)
                0x2000ec78                . = (. + PROCESS_STACK_SIZE)
                0x2000ec78                . = ALIGN (0x4)
                0x2000f078                . = (. + MAIN_STACK_SIZE)
 *fill*         0x2000ec78      0x400 00
                0x2000f078                . = ALIGN (0x4)

.stab
 *(.stab)

.stabstr
 *(.stabstr)

.debug
 *(.debug)

.line
 *(.line)

.debug_srcinfo
 *(.debug_srcinfo)

.debug_sfnames
 *(.debug_sfnames)

.comment        0x00000000      0x50a
 .comment       0x00000000       0x2b ./RunTimeStatsTimer.o
 .comment       0x0000002b       0x2b ./main.o
 .comment       0x00000056       0x2b ./printf-stdarg.o
 .comment       0x00000081       0x2b ./stream/stream.o
 .comment       0x000000ac       0x2b ./pilot/get_data.o
 .comment       0x000000d7       0x2b ./pilot/init.o
 .comment       0x00000102       0x2b ./pilot/peripherals.o
 .comment       0x0000012d       0x2b ./pilot/pilot.o
 .comment       0x00000158       0x2b ./pilot/pslv_interface.o
 .comment       0x00000183       0x2b ./pilot/read.o
 .comment       0x000001ae       0x2b ./pilot/write.o
 .comment       0x000001d9       0x2b ./osal/osal.o
 .comment       0x00000204       0x2b ./memory/SD.o
 .comment       0x0000022f       0x2b ./memory/memory.o
 .comment       0x0000025a       0x2b ./cmds/cmd.o
 .comment       0x00000285       0x2b ./FreeRTOS-Source/list.o
 .comment       0x000002b0       0x2b ./FreeRTOS-Source/queue.o
 .comment       0x000002db       0x2b ./FreeRTOS-Source/tasks.o
 .comment       0x00000306       0x2b ./FreeRTOS-Source/timers.o
 .comment       0x00000331       0x2b ./FreeRTOS-Source/portable/MemMang/heap_4.o
 .comment       0x0000035c       0x2b ./FreeRTOS-Source/portable/GCC/ARM_CM3/port.o
 .comment       0x00000387       0x2b ./Demo_Tasks/demo_tasks.o
 .comment       0x000003b2       0x2b ./Blinky-Demo/main_blinky.o
 .comment       0x000003dd       0x2b C:/Users/S-SPACE/Desktop/Pratik/FreeRTOS/FreeRTOS_SC_v3.5/FSW_FreeRTOS/CORTEX_SmartFusion2_M2S050_SoftConsole/RTOSDemo_Hardware_Platform/Debug/CMSIS/startup_gcc/newlib_stubs.o
 .comment       0x00000408       0x2b C:\Users\S-SPACE\Desktop\Pratik\FreeRTOS\FreeRTOS_SC_v3.5\FSW_FreeRTOS\CORTEX_SmartFusion2_M2S050_SoftConsole\RTOSDemo_Hardware_Platform\Debug\libRTOSDemo_Hardware_Platform.a(mss_uart.o)
 .comment       0x00000433       0x2b C:\Users\S-SPACE\Desktop\Pratik\FreeRTOS\FreeRTOS_SC_v3.5\FSW_FreeRTOS\CORTEX_SmartFusion2_M2S050_SoftConsole\RTOSDemo_Hardware_Platform\Debug\libRTOSDemo_Hardware_Platform.a(mss_spi.o)
 .comment       0x0000045e       0x2b C:\Users\S-SPACE\Desktop\Pratik\FreeRTOS\FreeRTOS_SC_v3.5\FSW_FreeRTOS\CORTEX_SmartFusion2_M2S050_SoftConsole\RTOSDemo_Hardware_Platform\Debug\libRTOSDemo_Hardware_Platform.a(mss_gpio.o)
 .comment       0x00000489       0x2b C:\Users\S-SPACE\Desktop\Pratik\FreeRTOS\FreeRTOS_SC_v3.5\FSW_FreeRTOS\CORTEX_SmartFusion2_M2S050_SoftConsole\RTOSDemo_Hardware_Platform\Debug\libRTOSDemo_Hardware_Platform.a(core_i2c.o)
 .comment       0x000004b4       0x2b C:\Users\S-SPACE\Desktop\Pratik\FreeRTOS\FreeRTOS_SC_v3.5\FSW_FreeRTOS\CORTEX_SmartFusion2_M2S050_SoftConsole\RTOSDemo_Hardware_Platform\Debug\libRTOSDemo_Hardware_Platform.a(i2c_interrupt.o)
 .comment       0x000004df       0x2b C:\Users\S-SPACE\Desktop\Pratik\FreeRTOS\FreeRTOS_SC_v3.5\FSW_FreeRTOS\CORTEX_SmartFusion2_M2S050_SoftConsole\RTOSDemo_Hardware_Platform\Debug\libRTOSDemo_Hardware_Platform.a(system_m2sxxx.o)

.debug_aranges  0x00000000      0xda0
 *(.debug_aranges)
 .debug_aranges
                0x00000000       0x28 ./RunTimeStatsTimer.o
 .debug_aranges
                0x00000028       0x48 ./main.o
 .debug_aranges
                0x00000070       0x58 ./printf-stdarg.o
 .debug_aranges
                0x000000c8       0x28 ./stream/stream.o
 .debug_aranges
                0x000000f0       0x70 ./pilot/get_data.o
 .debug_aranges
                0x00000160       0x20 ./pilot/init.o
 .debug_aranges
                0x00000180       0x20 ./pilot/read.o
 .debug_aranges
                0x000001a0       0x20 ./pilot/write.o
 .debug_aranges
                0x000001c0       0x28 ./osal/osal.o
 .debug_aranges
                0x000001e8       0x30 ./memory/SD.o
 .debug_aranges
                0x00000218       0x30 ./memory/memory.o
 .debug_aranges
                0x00000248       0x58 ./cmds/cmd.o
 .debug_aranges
                0x000002a0       0x40 ./FreeRTOS-Source/list.o
 .debug_aranges
                0x000002e0      0x100 ./FreeRTOS-Source/queue.o
 .debug_aranges
                0x000003e0      0x1f0 ./FreeRTOS-Source/tasks.o
 .debug_aranges
                0x000005d0       0xc8 ./FreeRTOS-Source/timers.o
 .debug_aranges
                0x00000698       0x50 ./FreeRTOS-Source/portable/MemMang/heap_4.o
 .debug_aranges
                0x000006e8       0x78 ./FreeRTOS-Source/portable/GCC/ARM_CM3/port.o
 .debug_aranges
                0x00000760       0xb0 ./Demo_Tasks/demo_tasks.o
 .debug_aranges
                0x00000810       0x30 ./Blinky-Demo/main_blinky.o
 .debug_aranges
                0x00000840       0xa8 C:/Users/S-SPACE/Desktop/Pratik/FreeRTOS/FreeRTOS_SC_v3.5/FSW_FreeRTOS/CORTEX_SmartFusion2_M2S050_SoftConsole/RTOSDemo_Hardware_Platform/Debug/CMSIS/startup_gcc/newlib_stubs.o
 .debug_aranges
                0x000008e8      0x1d0 C:\Users\S-SPACE\Desktop\Pratik\FreeRTOS\FreeRTOS_SC_v3.5\FSW_FreeRTOS\CORTEX_SmartFusion2_M2S050_SoftConsole\RTOSDemo_Hardware_Platform\Debug\libRTOSDemo_Hardware_Platform.a(mss_uart.o)
 .debug_aranges
                0x00000ab8       0xe0 C:\Users\S-SPACE\Desktop\Pratik\FreeRTOS\FreeRTOS_SC_v3.5\FSW_FreeRTOS\CORTEX_SmartFusion2_M2S050_SoftConsole\RTOSDemo_Hardware_Platform\Debug\libRTOSDemo_Hardware_Platform.a(mss_spi.o)
 .debug_aranges
                0x00000b98       0x68 C:\Users\S-SPACE\Desktop\Pratik\FreeRTOS\FreeRTOS_SC_v3.5\FSW_FreeRTOS\CORTEX_SmartFusion2_M2S050_SoftConsole\RTOSDemo_Hardware_Platform\Debug\libRTOSDemo_Hardware_Platform.a(mss_gpio.o)
 .debug_aranges
                0x00000c00      0x110 C:\Users\S-SPACE\Desktop\Pratik\FreeRTOS\FreeRTOS_SC_v3.5\FSW_FreeRTOS\CORTEX_SmartFusion2_M2S050_SoftConsole\RTOSDemo_Hardware_Platform\Debug\libRTOSDemo_Hardware_Platform.a(core_i2c.o)
 .debug_aranges
                0x00000d10       0x38 C:\Users\S-SPACE\Desktop\Pratik\FreeRTOS\FreeRTOS_SC_v3.5\FSW_FreeRTOS\CORTEX_SmartFusion2_M2S050_SoftConsole\RTOSDemo_Hardware_Platform\Debug\libRTOSDemo_Hardware_Platform.a(i2c_interrupt.o)
 .debug_aranges
                0x00000d48       0x58 C:\Users\S-SPACE\Desktop\Pratik\FreeRTOS\FreeRTOS_SC_v3.5\FSW_FreeRTOS\CORTEX_SmartFusion2_M2S050_SoftConsole\RTOSDemo_Hardware_Platform\Debug\libRTOSDemo_Hardware_Platform.a(system_m2sxxx.o)

.debug_pubnames
                0x00000000     0x2288
 *(.debug_pubnames)
 .debug_pubnames
                0x00000000       0x52 ./RunTimeStatsTimer.o
 .debug_pubnames
                0x00000052      0x11e ./main.o
 .debug_pubnames
                0x00000170       0x40 ./printf-stdarg.o
 .debug_pubnames
                0x000001b0       0xf3 ./stream/stream.o
 .debug_pubnames
                0x000002a3      0x10f ./pilot/get_data.o
 .debug_pubnames
                0x000003b2       0x1b ./pilot/init.o
 .debug_pubnames
                0x000003cd       0x93 ./pilot/peripherals.o
 .debug_pubnames
                0x00000460       0xb9 ./pilot/read.o
 .debug_pubnames
                0x00000519       0x24 ./pilot/write.o
 .debug_pubnames
                0x0000053d       0x31 ./osal/osal.o
 .debug_pubnames
                0x0000056e       0x7a ./memory/SD.o
 .debug_pubnames
                0x000005e8       0x68 ./memory/memory.o
 .debug_pubnames
                0x00000650      0x154 ./cmds/cmd.o
 .debug_pubnames
                0x000007a4       0x72 ./FreeRTOS-Source/list.o
 .debug_pubnames
                0x00000816      0x256 ./FreeRTOS-Source/queue.o
 .debug_pubnames
                0x00000a6c      0x487 ./FreeRTOS-Source/tasks.o
 .debug_pubnames
                0x00000ef3      0x138 ./FreeRTOS-Source/timers.o
 .debug_pubnames
                0x0000102b       0x88 ./FreeRTOS-Source/portable/MemMang/heap_4.o
 .debug_pubnames
                0x000010b3       0xfe ./FreeRTOS-Source/portable/GCC/ARM_CM3/port.o
 .debug_pubnames
                0x000011b1      0x433 ./Demo_Tasks/demo_tasks.o
 .debug_pubnames
                0x000015e4       0x22 ./Blinky-Demo/main_blinky.o
 .debug_pubnames
                0x00001606       0xeb C:/Users/S-SPACE/Desktop/Pratik/FreeRTOS/FreeRTOS_SC_v3.5/FSW_FreeRTOS/CORTEX_SmartFusion2_M2S050_SoftConsole/RTOSDemo_Hardware_Platform/Debug/CMSIS/startup_gcc/newlib_stubs.o
 .debug_pubnames
                0x000016f1      0x50f C:\Users\S-SPACE\Desktop\Pratik\FreeRTOS\FreeRTOS_SC_v3.5\FSW_FreeRTOS\CORTEX_SmartFusion2_M2S050_SoftConsole\RTOSDemo_Hardware_Platform\Debug\libRTOSDemo_Hardware_Platform.a(mss_uart.o)
 .debug_pubnames
                0x00001c00      0x21a C:\Users\S-SPACE\Desktop\Pratik\FreeRTOS\FreeRTOS_SC_v3.5\FSW_FreeRTOS\CORTEX_SmartFusion2_M2S050_SoftConsole\RTOSDemo_Hardware_Platform\Debug\libRTOSDemo_Hardware_Platform.a(mss_spi.o)
 .debug_pubnames
                0x00001e1a       0xb1 C:\Users\S-SPACE\Desktop\Pratik\FreeRTOS\FreeRTOS_SC_v3.5\FSW_FreeRTOS\CORTEX_SmartFusion2_M2S050_SoftConsole\RTOSDemo_Hardware_Platform\Debug\libRTOSDemo_Hardware_Platform.a(mss_gpio.o)
 .debug_pubnames
                0x00001ecb      0x2b9 C:\Users\S-SPACE\Desktop\Pratik\FreeRTOS\FreeRTOS_SC_v3.5\FSW_FreeRTOS\CORTEX_SmartFusion2_M2S050_SoftConsole\RTOSDemo_Hardware_Platform\Debug\libRTOSDemo_Hardware_Platform.a(core_i2c.o)
 .debug_pubnames
                0x00002184       0x39 C:\Users\S-SPACE\Desktop\Pratik\FreeRTOS\FreeRTOS_SC_v3.5\FSW_FreeRTOS\CORTEX_SmartFusion2_M2S050_SoftConsole\RTOSDemo_Hardware_Platform\Debug\libRTOSDemo_Hardware_Platform.a(i2c_interrupt.o)
 .debug_pubnames
                0x000021bd       0xcb C:\Users\S-SPACE\Desktop\Pratik\FreeRTOS\FreeRTOS_SC_v3.5\FSW_FreeRTOS\CORTEX_SmartFusion2_M2S050_SoftConsole\RTOSDemo_Hardware_Platform\Debug\libRTOSDemo_Hardware_Platform.a(system_m2sxxx.o)

.debug_info     0x00000000    0x124c6
 *(.debug_info .gnu.linkonce.wi.*)
 .debug_info    0x00000000       0xf2 ./RunTimeStatsTimer.o
 .debug_info    0x000000f2      0x565 ./main.o
 .debug_info    0x00000657      0x424 ./printf-stdarg.o
 .debug_info    0x00000a7b      0xc5e ./stream/stream.o
 .debug_info    0x000016d9      0x8c5 ./pilot/get_data.o
 .debug_info    0x00001f9e      0x658 ./pilot/init.o
 .debug_info    0x000025f6      0x3f8 ./pilot/peripherals.o
 .debug_info    0x000029ee       0x29 ./pilot/pilot.o
 .debug_info    0x00002a17       0x29 ./pilot/pslv_interface.o
 .debug_info    0x00002a40      0x755 ./pilot/read.o
 .debug_info    0x00003195      0x634 ./pilot/write.o
 .debug_info    0x000037c9       0xfd ./osal/osal.o
 .debug_info    0x000038c6      0x95d ./memory/SD.o
 .debug_info    0x00004223      0x1df ./memory/memory.o
 .debug_info    0x00004402      0x73d ./cmds/cmd.o
 .debug_info    0x00004b3f      0x2c0 ./FreeRTOS-Source/list.o
 .debug_info    0x00004dff     0x135d ./FreeRTOS-Source/queue.o
 .debug_info    0x0000615c     0x2038 ./FreeRTOS-Source/tasks.o
 .debug_info    0x00008194      0xd8a ./FreeRTOS-Source/timers.o
 .debug_info    0x00008f1e      0x3d8 ./FreeRTOS-Source/portable/MemMang/heap_4.o
 .debug_info    0x000092f6      0x4af ./FreeRTOS-Source/portable/GCC/ARM_CM3/port.o
 .debug_info    0x000097a5     0x1ca8 ./Demo_Tasks/demo_tasks.o
 .debug_info    0x0000b44d      0x1a1 ./Blinky-Demo/main_blinky.o
 .debug_info    0x0000b5ee      0x6c3 C:/Users/S-SPACE/Desktop/Pratik/FreeRTOS/FreeRTOS_SC_v3.5/FSW_FreeRTOS/CORTEX_SmartFusion2_M2S050_SoftConsole/RTOSDemo_Hardware_Platform/Debug/CMSIS/startup_gcc/newlib_stubs.o
 .debug_info    0x0000bcb1     0x1ed4 C:\Users\S-SPACE\Desktop\Pratik\FreeRTOS\FreeRTOS_SC_v3.5\FSW_FreeRTOS\CORTEX_SmartFusion2_M2S050_SoftConsole\RTOSDemo_Hardware_Platform\Debug\libRTOSDemo_Hardware_Platform.a(mss_uart.o)
 .debug_info    0x0000db85     0x1723 C:\Users\S-SPACE\Desktop\Pratik\FreeRTOS\FreeRTOS_SC_v3.5\FSW_FreeRTOS\CORTEX_SmartFusion2_M2S050_SoftConsole\RTOSDemo_Hardware_Platform\Debug\libRTOSDemo_Hardware_Platform.a(mss_spi.o)
 .debug_info    0x0000f2a8     0x1164 C:\Users\S-SPACE\Desktop\Pratik\FreeRTOS\FreeRTOS_SC_v3.5\FSW_FreeRTOS\CORTEX_SmartFusion2_M2S050_SoftConsole\RTOSDemo_Hardware_Platform\Debug\libRTOSDemo_Hardware_Platform.a(mss_gpio.o)
 .debug_info    0x0001040c      0xd0c C:\Users\S-SPACE\Desktop\Pratik\FreeRTOS\FreeRTOS_SC_v3.5\FSW_FreeRTOS\CORTEX_SmartFusion2_M2S050_SoftConsole\RTOSDemo_Hardware_Platform\Debug\libRTOSDemo_Hardware_Platform.a(core_i2c.o)
 .debug_info    0x00011118      0x7ce C:\Users\S-SPACE\Desktop\Pratik\FreeRTOS\FreeRTOS_SC_v3.5\FSW_FreeRTOS\CORTEX_SmartFusion2_M2S050_SoftConsole\RTOSDemo_Hardware_Platform\Debug\libRTOSDemo_Hardware_Platform.a(i2c_interrupt.o)
 .debug_info    0x000118e6      0xbe0 C:\Users\S-SPACE\Desktop\Pratik\FreeRTOS\FreeRTOS_SC_v3.5\FSW_FreeRTOS\CORTEX_SmartFusion2_M2S050_SoftConsole\RTOSDemo_Hardware_Platform\Debug\libRTOSDemo_Hardware_Platform.a(system_m2sxxx.o)

.debug_abbrev   0x00000000     0x2ac1
 *(.debug_abbrev)
 .debug_abbrev  0x00000000       0x92 ./RunTimeStatsTimer.o
 .debug_abbrev  0x00000092      0x1b8 ./main.o
 .debug_abbrev  0x0000024a      0x147 ./printf-stdarg.o
 .debug_abbrev  0x00000391      0x1d4 ./stream/stream.o
 .debug_abbrev  0x00000565      0x197 ./pilot/get_data.o
 .debug_abbrev  0x000006fc      0x197 ./pilot/init.o
 .debug_abbrev  0x00000893      0x104 ./pilot/peripherals.o
 .debug_abbrev  0x00000997       0x16 ./pilot/pilot.o
 .debug_abbrev  0x000009ad       0x16 ./pilot/pslv_interface.o
 .debug_abbrev  0x000009c3      0x1a8 ./pilot/read.o
 .debug_abbrev  0x00000b6b      0x172 ./pilot/write.o
 .debug_abbrev  0x00000cdd       0x90 ./osal/osal.o
 .debug_abbrev  0x00000d6d      0x16a ./memory/SD.o
 .debug_abbrev  0x00000ed7       0xd1 ./memory/memory.o
 .debug_abbrev  0x00000fa8      0x1da ./cmds/cmd.o
 .debug_abbrev  0x00001182       0xc5 ./FreeRTOS-Source/list.o
 .debug_abbrev  0x00001247      0x1d2 ./FreeRTOS-Source/queue.o
 .debug_abbrev  0x00001419      0x252 ./FreeRTOS-Source/tasks.o
 .debug_abbrev  0x0000166b      0x1a9 ./FreeRTOS-Source/timers.o
 .debug_abbrev  0x00001814      0x1b7 ./FreeRTOS-Source/portable/MemMang/heap_4.o
 .debug_abbrev  0x000019cb      0x1f7 ./FreeRTOS-Source/portable/GCC/ARM_CM3/port.o
 .debug_abbrev  0x00001bc2      0x2ae ./Demo_Tasks/demo_tasks.o
 .debug_abbrev  0x00001e70       0xd9 ./Blinky-Demo/main_blinky.o
 .debug_abbrev  0x00001f49      0x158 C:/Users/S-SPACE/Desktop/Pratik/FreeRTOS/FreeRTOS_SC_v3.5/FSW_FreeRTOS/CORTEX_SmartFusion2_M2S050_SoftConsole/RTOSDemo_Hardware_Platform/Debug/CMSIS/startup_gcc/newlib_stubs.o
 .debug_abbrev  0x000020a1      0x280 C:\Users\S-SPACE\Desktop\Pratik\FreeRTOS\FreeRTOS_SC_v3.5\FSW_FreeRTOS\CORTEX_SmartFusion2_M2S050_SoftConsole\RTOSDemo_Hardware_Platform\Debug\libRTOSDemo_Hardware_Platform.a(mss_uart.o)
 .debug_abbrev  0x00002321      0x1ee C:\Users\S-SPACE\Desktop\Pratik\FreeRTOS\FreeRTOS_SC_v3.5\FSW_FreeRTOS\CORTEX_SmartFusion2_M2S050_SoftConsole\RTOSDemo_Hardware_Platform\Debug\libRTOSDemo_Hardware_Platform.a(mss_spi.o)
 .debug_abbrev  0x0000250f      0x165 C:\Users\S-SPACE\Desktop\Pratik\FreeRTOS\FreeRTOS_SC_v3.5\FSW_FreeRTOS\CORTEX_SmartFusion2_M2S050_SoftConsole\RTOSDemo_Hardware_Platform\Debug\libRTOSDemo_Hardware_Platform.a(mss_gpio.o)
 .debug_abbrev  0x00002674      0x185 C:\Users\S-SPACE\Desktop\Pratik\FreeRTOS\FreeRTOS_SC_v3.5\FSW_FreeRTOS\CORTEX_SmartFusion2_M2S050_SoftConsole\RTOSDemo_Hardware_Platform\Debug\libRTOSDemo_Hardware_Platform.a(core_i2c.o)
 .debug_abbrev  0x000027f9      0x169 C:\Users\S-SPACE\Desktop\Pratik\FreeRTOS\FreeRTOS_SC_v3.5\FSW_FreeRTOS\CORTEX_SmartFusion2_M2S050_SoftConsole\RTOSDemo_Hardware_Platform\Debug\libRTOSDemo_Hardware_Platform.a(i2c_interrupt.o)
 .debug_abbrev  0x00002962      0x15f C:\Users\S-SPACE\Desktop\Pratik\FreeRTOS\FreeRTOS_SC_v3.5\FSW_FreeRTOS\CORTEX_SmartFusion2_M2S050_SoftConsole\RTOSDemo_Hardware_Platform\Debug\libRTOSDemo_Hardware_Platform.a(system_m2sxxx.o)

.debug_line     0x00000000    0x152ab
 *(.debug_line)
 .debug_line    0x00000000      0x389 ./RunTimeStatsTimer.o
 .debug_line    0x00000389     0x1643 ./main.o
 .debug_line    0x000019cc      0x45f ./printf-stdarg.o
 .debug_line    0x00001e2b     0x179a ./stream/stream.o
 .debug_line    0x000035c5     0x1324 ./pilot/get_data.o
 .debug_line    0x000048e9     0x11e1 ./pilot/init.o
 .debug_line    0x00005aca     0x11aa ./pilot/peripherals.o
 .debug_line    0x00006c74       0x31 ./pilot/pilot.o
 .debug_line    0x00006ca5       0x3a ./pilot/pslv_interface.o
 .debug_line    0x00006cdf     0x161e ./pilot/read.o
 .debug_line    0x000082fd     0x11e1 ./pilot/write.o
 .debug_line    0x000094de      0x420 ./osal/osal.o
 .debug_line    0x000098fe     0x1312 ./memory/SD.o
 .debug_line    0x0000ac10     0x127c ./memory/memory.o
 .debug_line    0x0000be8c     0x1818 ./cmds/cmd.o
 .debug_line    0x0000d6a4      0x589 ./FreeRTOS-Source/list.o
 .debug_line    0x0000dc2d      0xac2 ./FreeRTOS-Source/queue.o
 .debug_line    0x0000e6ef      0xf40 ./FreeRTOS-Source/tasks.o
 .debug_line    0x0000f62f      0x848 ./FreeRTOS-Source/timers.o
 .debug_line    0x0000fe77      0x639 ./FreeRTOS-Source/portable/MemMang/heap_4.o
 .debug_line    0x000104b0      0x500 ./FreeRTOS-Source/portable/GCC/ARM_CM3/port.o
 .debug_line    0x000109b0     0x1ae1 ./Demo_Tasks/demo_tasks.o
 .debug_line    0x00012491      0x5b2 ./Blinky-Demo/main_blinky.o
 .debug_line    0x00012a43      0x4aa C:/Users/S-SPACE/Desktop/Pratik/FreeRTOS/FreeRTOS_SC_v3.5/FSW_FreeRTOS/CORTEX_SmartFusion2_M2S050_SoftConsole/RTOSDemo_Hardware_Platform/Debug/CMSIS/startup_gcc/newlib_stubs.o
 .debug_line    0x00012eed      0x8f8 C:\Users\S-SPACE\Desktop\Pratik\FreeRTOS\FreeRTOS_SC_v3.5\FSW_FreeRTOS\CORTEX_SmartFusion2_M2S050_SoftConsole\RTOSDemo_Hardware_Platform\Debug\libRTOSDemo_Hardware_Platform.a(mss_uart.o)
 .debug_line    0x000137e5      0x6d1 C:\Users\S-SPACE\Desktop\Pratik\FreeRTOS\FreeRTOS_SC_v3.5\FSW_FreeRTOS\CORTEX_SmartFusion2_M2S050_SoftConsole\RTOSDemo_Hardware_Platform\Debug\libRTOSDemo_Hardware_Platform.a(mss_spi.o)
 .debug_line    0x00013eb6      0x388 C:\Users\S-SPACE\Desktop\Pratik\FreeRTOS\FreeRTOS_SC_v3.5\FSW_FreeRTOS\CORTEX_SmartFusion2_M2S050_SoftConsole\RTOSDemo_Hardware_Platform\Debug\libRTOSDemo_Hardware_Platform.a(mss_gpio.o)
 .debug_line    0x0001423e      0x8bd C:\Users\S-SPACE\Desktop\Pratik\FreeRTOS\FreeRTOS_SC_v3.5\FSW_FreeRTOS\CORTEX_SmartFusion2_M2S050_SoftConsole\RTOSDemo_Hardware_Platform\Debug\libRTOSDemo_Hardware_Platform.a(core_i2c.o)
 .debug_line    0x00014afb      0x56f C:\Users\S-SPACE\Desktop\Pratik\FreeRTOS\FreeRTOS_SC_v3.5\FSW_FreeRTOS\CORTEX_SmartFusion2_M2S050_SoftConsole\RTOSDemo_Hardware_Platform\Debug\libRTOSDemo_Hardware_Platform.a(i2c_interrupt.o)
 .debug_line    0x0001506a      0x241 C:\Users\S-SPACE\Desktop\Pratik\FreeRTOS\FreeRTOS_SC_v3.5\FSW_FreeRTOS\CORTEX_SmartFusion2_M2S050_SoftConsole\RTOSDemo_Hardware_Platform\Debug\libRTOSDemo_Hardware_Platform.a(system_m2sxxx.o)

.debug_frame    0x00000000     0x2cdc
 *(.debug_frame)
 .debug_frame   0x00000000       0x44 ./RunTimeStatsTimer.o
 .debug_frame   0x00000044       0xac ./main.o
 .debug_frame   0x000000f0      0x134 ./printf-stdarg.o
 .debug_frame   0x00000224       0x4c ./stream/stream.o
 .debug_frame   0x00000270      0x170 ./pilot/get_data.o
 .debug_frame   0x000003e0       0x30 ./pilot/init.o
 .debug_frame   0x00000410       0x30 ./pilot/read.o
 .debug_frame   0x00000440       0x30 ./pilot/write.o
 .debug_frame   0x00000470       0x4c ./osal/osal.o
 .debug_frame   0x000004bc       0x70 ./memory/SD.o
 .debug_frame   0x0000052c       0x6c ./memory/memory.o
 .debug_frame   0x00000598       0xf8 ./cmds/cmd.o
 .debug_frame   0x00000690       0x9c ./FreeRTOS-Source/list.o
 .debug_frame   0x0000072c      0x398 ./FreeRTOS-Source/queue.o
 .debug_frame   0x00000ac4      0x724 ./FreeRTOS-Source/tasks.o
 .debug_frame   0x000011e8      0x2b8 ./FreeRTOS-Source/timers.o
 .debug_frame   0x000014a0       0xd0 ./FreeRTOS-Source/portable/MemMang/heap_4.o
 .debug_frame   0x00001570      0x140 ./FreeRTOS-Source/portable/GCC/ARM_CM3/port.o
 .debug_frame   0x000016b0      0x254 ./Demo_Tasks/demo_tasks.o
 .debug_frame   0x00001904       0x70 ./Blinky-Demo/main_blinky.o
 .debug_frame   0x00001974      0x21c C:/Users/S-SPACE/Desktop/Pratik/FreeRTOS/FreeRTOS_SC_v3.5/FSW_FreeRTOS/CORTEX_SmartFusion2_M2S050_SoftConsole/RTOSDemo_Hardware_Platform/Debug/CMSIS/startup_gcc/newlib_stubs.o
 .debug_frame   0x00001b90      0x6b4 C:\Users\S-SPACE\Desktop\Pratik\FreeRTOS\FreeRTOS_SC_v3.5\FSW_FreeRTOS\CORTEX_SmartFusion2_M2S050_SoftConsole\RTOSDemo_Hardware_Platform\Debug\libRTOSDemo_Hardware_Platform.a(mss_uart.o)
 .debug_frame   0x00002244      0x320 C:\Users\S-SPACE\Desktop\Pratik\FreeRTOS\FreeRTOS_SC_v3.5\FSW_FreeRTOS\CORTEX_SmartFusion2_M2S050_SoftConsole\RTOSDemo_Hardware_Platform\Debug\libRTOSDemo_Hardware_Platform.a(mss_spi.o)
 .debug_frame   0x00002564      0x130 C:\Users\S-SPACE\Desktop\Pratik\FreeRTOS\FreeRTOS_SC_v3.5\FSW_FreeRTOS\CORTEX_SmartFusion2_M2S050_SoftConsole\RTOSDemo_Hardware_Platform\Debug\libRTOSDemo_Hardware_Platform.a(mss_gpio.o)
 .debug_frame   0x00002694      0x3e4 C:\Users\S-SPACE\Desktop\Pratik\FreeRTOS\FreeRTOS_SC_v3.5\FSW_FreeRTOS\CORTEX_SmartFusion2_M2S050_SoftConsole\RTOSDemo_Hardware_Platform\Debug\libRTOSDemo_Hardware_Platform.a(core_i2c.o)
 .debug_frame   0x00002a78       0x88 C:\Users\S-SPACE\Desktop\Pratik\FreeRTOS\FreeRTOS_SC_v3.5\FSW_FreeRTOS\CORTEX_SmartFusion2_M2S050_SoftConsole\RTOSDemo_Hardware_Platform\Debug\libRTOSDemo_Hardware_Platform.a(i2c_interrupt.o)
 .debug_frame   0x00002b00       0xf4 C:\Users\S-SPACE\Desktop\Pratik\FreeRTOS\FreeRTOS_SC_v3.5\FSW_FreeRTOS\CORTEX_SmartFusion2_M2S050_SoftConsole\RTOSDemo_Hardware_Platform\Debug\libRTOSDemo_Hardware_Platform.a(system_m2sxxx.o)
 .debug_frame   0x00002bf4       0x20 c:/program files (x86)/microsemi/softconsole v3.4/sourcery-g++/bin/../lib/gcc/arm-none-eabi/4.4.1/../../../../arm-none-eabi/lib/thumb2\libc.a(lib_a-errno.o)
 .debug_frame   0x00002c14       0x2c c:/program files (x86)/microsemi/softconsole v3.4/sourcery-g++/bin/../lib/gcc/arm-none-eabi/4.4.1/../../../../arm-none-eabi/lib/thumb2\libc.a(lib_a-init.o)
 .debug_frame   0x00002c40       0x34 c:/program files (x86)/microsemi/softconsole v3.4/sourcery-g++/bin/../lib/gcc/arm-none-eabi/4.4.1/../../../../arm-none-eabi/lib/thumb2\libc.a(lib_a-memcpy.o)
 .debug_frame   0x00002c74       0x28 c:/program files (x86)/microsemi/softconsole v3.4/sourcery-g++/bin/../lib/gcc/arm-none-eabi/4.4.1/../../../../arm-none-eabi/lib/thumb2\libc.a(lib_a-memset.o)
 .debug_frame   0x00002c9c       0x20 c:/program files (x86)/microsemi/softconsole v3.4/sourcery-g++/bin/../lib/gcc/arm-none-eabi/4.4.1/../../../../arm-none-eabi/lib/thumb2\libc.a(lib_a-strcpy.o)
 .debug_frame   0x00002cbc       0x20 c:/program files (x86)/microsemi/softconsole v3.4/sourcery-g++/bin/../lib/gcc/arm-none-eabi/4.4.1/../../../../arm-none-eabi/lib/thumb2\libc.a(lib_a-strlen.o)

.debug_str      0x00000000     0x57d7
 *(.debug_str)
 .debug_str     0x00000000      0x16b ./RunTimeStatsTimer.o
                                0x19f (size before relaxing)
 .debug_str     0x0000016b      0x386 ./main.o
                                0x509 (size before relaxing)
 .debug_str     0x000004f1       0x8c ./printf-stdarg.o
                                0x1c0 (size before relaxing)
 .debug_str     0x0000057d      0x729 ./stream/stream.o
                                0xc05 (size before relaxing)
 .debug_str     0x00000ca6      0x1da ./pilot/get_data.o
                                0x60e (size before relaxing)
 .debug_str     0x00000e80      0x1dd ./pilot/init.o
                                0x689 (size before relaxing)
 .debug_str     0x0000105d       0x73 ./pilot/peripherals.o
                                0x479 (size before relaxing)
 .debug_str     0x000010d0       0x11 ./pilot/pilot.o
                                 0x9a (size before relaxing)
 .debug_str     0x000010e1       0x1a ./pilot/pslv_interface.o
                                 0xa3 (size before relaxing)
 .debug_str     0x000010fb       0x1d ./pilot/read.o
                                0x6e9 (size before relaxing)
 .debug_str     0x00001118       0x1f ./pilot/write.o
                                0x69a (size before relaxing)
 .debug_str     0x00001137       0x46 ./osal/osal.o
                                0x16a (size before relaxing)
 .debug_str     0x0000117d      0x486 ./memory/SD.o
                                0xba1 (size before relaxing)
 .debug_str     0x00001603       0xa0 ./memory/memory.o
                                0x1e2 (size before relaxing)
 .debug_str     0x000016a3       0x8b ./cmds/cmd.o
                                0x54c (size before relaxing)
 .debug_str     0x0000172e      0x143 ./FreeRTOS-Source/list.o
                                0x274 (size before relaxing)
 .debug_str     0x00001871      0x51f ./FreeRTOS-Source/queue.o
                                0x75c (size before relaxing)
 .debug_str     0x00001d90      0xc52 ./FreeRTOS-Source/tasks.o
                                0xfa3 (size before relaxing)
 .debug_str     0x000029e2      0x4df ./FreeRTOS-Source/timers.o
                                0x768 (size before relaxing)
 .debug_str     0x00002ec1      0x1d7 ./FreeRTOS-Source/portable/MemMang/heap_4.o
                                0x334 (size before relaxing)
 .debug_str     0x00003098      0x1e0 ./FreeRTOS-Source/portable/GCC/ARM_CM3/port.o
                                0x39d (size before relaxing)
 .debug_str     0x00003278      0x4fd ./Demo_Tasks/demo_tasks.o
                               0x14ba (size before relaxing)
 .debug_str     0x00003775       0x7a ./Blinky-Demo/main_blinky.o
                                0x1e1 (size before relaxing)
 .debug_str     0x000037ef      0x271 C:/Users/S-SPACE/Desktop/Pratik/FreeRTOS/FreeRTOS_SC_v3.5/FSW_FreeRTOS/CORTEX_SmartFusion2_M2S050_SoftConsole/RTOSDemo_Hardware_Platform/Debug/CMSIS/startup_gcc/newlib_stubs.o
                                0x34f (size before relaxing)
 .debug_str     0x00003a60     0x107a C:\Users\S-SPACE\Desktop\Pratik\FreeRTOS\FreeRTOS_SC_v3.5\FSW_FreeRTOS\CORTEX_SmartFusion2_M2S050_SoftConsole\RTOSDemo_Hardware_Platform\Debug\libRTOSDemo_Hardware_Platform.a(mss_uart.o)
                               0x19c8 (size before relaxing)
 .debug_str     0x00004ada      0x3be C:\Users\S-SPACE\Desktop\Pratik\FreeRTOS\FreeRTOS_SC_v3.5\FSW_FreeRTOS\CORTEX_SmartFusion2_M2S050_SoftConsole\RTOSDemo_Hardware_Platform\Debug\libRTOSDemo_Hardware_Platform.a(mss_spi.o)
                               0x1581 (size before relaxing)
 .debug_str     0x00004e98      0x2ec C:\Users\S-SPACE\Desktop\Pratik\FreeRTOS\FreeRTOS_SC_v3.5\FSW_FreeRTOS\CORTEX_SmartFusion2_M2S050_SoftConsole\RTOSDemo_Hardware_Platform\Debug\libRTOSDemo_Hardware_Platform.a(mss_gpio.o)
                               0x1242 (size before relaxing)
 .debug_str     0x00005184      0x46d C:\Users\S-SPACE\Desktop\Pratik\FreeRTOS\FreeRTOS_SC_v3.5\FSW_FreeRTOS\CORTEX_SmartFusion2_M2S050_SoftConsole\RTOSDemo_Hardware_Platform\Debug\libRTOSDemo_Hardware_Platform.a(core_i2c.o)
                                0x96d (size before relaxing)
 .debug_str     0x000055f1       0x42 C:\Users\S-SPACE\Desktop\Pratik\FreeRTOS\FreeRTOS_SC_v3.5\FSW_FreeRTOS\CORTEX_SmartFusion2_M2S050_SoftConsole\RTOSDemo_Hardware_Platform\Debug\libRTOSDemo_Hardware_Platform.a(i2c_interrupt.o)
                                0x9ef (size before relaxing)
 .debug_str     0x00005633      0x1a4 C:\Users\S-SPACE\Desktop\Pratik\FreeRTOS\FreeRTOS_SC_v3.5\FSW_FreeRTOS\CORTEX_SmartFusion2_M2S050_SoftConsole\RTOSDemo_Hardware_Platform\Debug\libRTOSDemo_Hardware_Platform.a(system_m2sxxx.o)
                                0xa63 (size before relaxing)

.debug_loc      0x00000000     0x4a7f
 *(.debug_loc)
 .debug_loc     0x00000000       0x62 ./RunTimeStatsTimer.o
 .debug_loc     0x00000062      0x11a ./main.o
 .debug_loc     0x0000017c      0x1df ./printf-stdarg.o
 .debug_loc     0x0000035b       0x6e ./stream/stream.o
 .debug_loc     0x000003c9      0x261 ./pilot/get_data.o
 .debug_loc     0x0000062a       0x37 ./pilot/init.o
 .debug_loc     0x00000661       0x37 ./pilot/read.o
 .debug_loc     0x00000698       0x37 ./pilot/write.o
 .debug_loc     0x000006cf       0x6e ./osal/osal.o
 .debug_loc     0x0000073d       0xa5 ./memory/SD.o
 .debug_loc     0x000007e2       0xa5 ./memory/memory.o
 .debug_loc     0x00000887      0x1ac ./cmds/cmd.o
 .debug_loc     0x00000a33      0x113 ./FreeRTOS-Source/list.o
 .debug_loc     0x00000b46      0x645 ./FreeRTOS-Source/queue.o
 .debug_loc     0x0000118b      0xc7f ./FreeRTOS-Source/tasks.o
 .debug_loc     0x00001e0a      0x4af ./FreeRTOS-Source/timers.o
 .debug_loc     0x000022b9      0x15d ./FreeRTOS-Source/portable/MemMang/heap_4.o
 .debug_loc     0x00002416      0x1e3 ./FreeRTOS-Source/portable/GCC/ARM_CM3/port.o
 .debug_loc     0x000025f9      0x3ce ./Demo_Tasks/demo_tasks.o
 .debug_loc     0x000029c7       0xa5 ./Blinky-Demo/main_blinky.o
 .debug_loc     0x00002a6c      0x3c6 C:/Users/S-SPACE/Desktop/Pratik/FreeRTOS/FreeRTOS_SC_v3.5/FSW_FreeRTOS/CORTEX_SmartFusion2_M2S050_SoftConsole/RTOSDemo_Hardware_Platform/Debug/CMSIS/startup_gcc/newlib_stubs.o
 .debug_loc     0x00002e32      0xbb9 C:\Users\S-SPACE\Desktop\Pratik\FreeRTOS\FreeRTOS_SC_v3.5\FSW_FreeRTOS\CORTEX_SmartFusion2_M2S050_SoftConsole\RTOSDemo_Hardware_Platform\Debug\libRTOSDemo_Hardware_Platform.a(mss_uart.o)
 .debug_loc     0x000039eb      0x549 C:\Users\S-SPACE\Desktop\Pratik\FreeRTOS\FreeRTOS_SC_v3.5\FSW_FreeRTOS\CORTEX_SmartFusion2_M2S050_SoftConsole\RTOSDemo_Hardware_Platform\Debug\libRTOSDemo_Hardware_Platform.a(mss_spi.o)
 .debug_loc     0x00003f34      0x226 C:\Users\S-SPACE\Desktop\Pratik\FreeRTOS\FreeRTOS_SC_v3.5\FSW_FreeRTOS\CORTEX_SmartFusion2_M2S050_SoftConsole\RTOSDemo_Hardware_Platform\Debug\libRTOSDemo_Hardware_Platform.a(mss_gpio.o)
 .debug_loc     0x0000415a      0x6a9 C:\Users\S-SPACE\Desktop\Pratik\FreeRTOS\FreeRTOS_SC_v3.5\FSW_FreeRTOS\CORTEX_SmartFusion2_M2S050_SoftConsole\RTOSDemo_Hardware_Platform\Debug\libRTOSDemo_Hardware_Platform.a(core_i2c.o)
 .debug_loc     0x00004803       0xdc C:\Users\S-SPACE\Desktop\Pratik\FreeRTOS\FreeRTOS_SC_v3.5\FSW_FreeRTOS\CORTEX_SmartFusion2_M2S050_SoftConsole\RTOSDemo_Hardware_Platform\Debug\libRTOSDemo_Hardware_Platform.a(i2c_interrupt.o)
 .debug_loc     0x000048df      0x1a0 C:\Users\S-SPACE\Desktop\Pratik\FreeRTOS\FreeRTOS_SC_v3.5\FSW_FreeRTOS\CORTEX_SmartFusion2_M2S050_SoftConsole\RTOSDemo_Hardware_Platform\Debug\libRTOSDemo_Hardware_Platform.a(system_m2sxxx.o)

.debug_macinfo  0x00000000    0xeff44
 *(.debug_macinfo)
 .debug_macinfo
                0x00000000     0x4745 ./RunTimeStatsTimer.o
 .debug_macinfo
                0x00004745     0xed8a ./main.o
 .debug_macinfo
                0x000134cf     0x46e7 ./printf-stdarg.o
 .debug_macinfo
                0x00017bb6     0xd569 ./stream/stream.o
 .debug_macinfo
                0x0002511f     0x8d51 ./pilot/get_data.o
 .debug_macinfo
                0x0002de70     0x8d66 ./pilot/init.o
 .debug_macinfo
                0x00036bd6     0x8bf7 ./pilot/peripherals.o
 .debug_macinfo
                0x0003f7cd      0xc81 ./pilot/pilot.o
 .debug_macinfo
                0x0004044e      0xc81 ./pilot/pslv_interface.o
 .debug_macinfo
                0x000410cf     0xca31 ./pilot/read.o
 .debug_macinfo
                0x0004db00     0x8c4f ./pilot/write.o
 .debug_macinfo
                0x0005674f     0x5348 ./osal/osal.o
 .debug_macinfo
                0x0005ba97     0x8c9b ./memory/SD.o
 .debug_macinfo
                0x00064732     0x8e5a ./memory/memory.o
 .debug_macinfo
                0x0006d58c     0xd55a ./cmds/cmd.o
 .debug_macinfo
                0x0007aae6     0x699e ./FreeRTOS-Source/list.o
 .debug_macinfo
                0x00081484     0x7af7 ./FreeRTOS-Source/queue.o
 .debug_macinfo
                0x00088f7b     0x8e0f ./FreeRTOS-Source/tasks.o
 .debug_macinfo
                0x00091d8a     0x8022 ./FreeRTOS-Source/timers.o
 .debug_macinfo
                0x00099dac     0x703b ./FreeRTOS-Source/portable/MemMang/heap_4.o
 .debug_macinfo
                0x000a0de7     0x589b ./FreeRTOS-Source/portable/GCC/ARM_CM3/port.o
 .debug_macinfo
                0x000a6682    0x10aa5 ./Demo_Tasks/demo_tasks.o
 .debug_macinfo
                0x000b7127     0x8a73 ./Blinky-Demo/main_blinky.o
 .debug_macinfo
                0x000bfb9a     0x4bf0 C:/Users/S-SPACE/Desktop/Pratik/FreeRTOS/FreeRTOS_SC_v3.5/FSW_FreeRTOS/CORTEX_SmartFusion2_M2S050_SoftConsole/RTOSDemo_Hardware_Platform/Debug/CMSIS/startup_gcc/newlib_stubs.o
 .debug_macinfo
                0x000c478a     0x80de C:\Users\S-SPACE\Desktop\Pratik\FreeRTOS\FreeRTOS_SC_v3.5\FSW_FreeRTOS\CORTEX_SmartFusion2_M2S050_SoftConsole\RTOSDemo_Hardware_Platform\Debug\libRTOSDemo_Hardware_Platform.a(mss_uart.o)
 .debug_macinfo
                0x000cc868     0x8f32 C:\Users\S-SPACE\Desktop\Pratik\FreeRTOS\FreeRTOS_SC_v3.5\FSW_FreeRTOS\CORTEX_SmartFusion2_M2S050_SoftConsole\RTOSDemo_Hardware_Platform\Debug\libRTOSDemo_Hardware_Platform.a(mss_spi.o)
 .debug_macinfo
                0x000d579a     0x76d6 C:\Users\S-SPACE\Desktop\Pratik\FreeRTOS\FreeRTOS_SC_v3.5\FSW_FreeRTOS\CORTEX_SmartFusion2_M2S050_SoftConsole\RTOSDemo_Hardware_Platform\Debug\libRTOSDemo_Hardware_Platform.a(mss_gpio.o)
 .debug_macinfo
                0x000dce70     0x44f1 C:\Users\S-SPACE\Desktop\Pratik\FreeRTOS\FreeRTOS_SC_v3.5\FSW_FreeRTOS\CORTEX_SmartFusion2_M2S050_SoftConsole\RTOSDemo_Hardware_Platform\Debug\libRTOSDemo_Hardware_Platform.a(core_i2c.o)
 .debug_macinfo
                0x000e1361     0x7939 C:\Users\S-SPACE\Desktop\Pratik\FreeRTOS\FreeRTOS_SC_v3.5\FSW_FreeRTOS\CORTEX_SmartFusion2_M2S050_SoftConsole\RTOSDemo_Hardware_Platform\Debug\libRTOSDemo_Hardware_Platform.a(i2c_interrupt.o)
 .debug_macinfo
                0x000e8c9a     0x72aa C:\Users\S-SPACE\Desktop\Pratik\FreeRTOS\FreeRTOS_SC_v3.5\FSW_FreeRTOS\CORTEX_SmartFusion2_M2S050_SoftConsole\RTOSDemo_Hardware_Platform\Debug\libRTOSDemo_Hardware_Platform.a(system_m2sxxx.o)

.debug_weaknames
 *(.debug_weaknames)

.debug_funcnames
 *(.debug_funcnames)

.debug_typenames
 *(.debug_typenames)

.debug_varnames
 *(.debug_varnames)

.note.gnu.arm.ident
 *(.note.gnu.arm.ident)

.ARM.attributes
                0x00000000       0x25
 *(.ARM.attributes)
 .ARM.attributes
                0x00000000       0x19 c:/program files (x86)/microsemi/softconsole v3.4/sourcery-g++/bin/../lib/gcc/arm-none-eabi/4.4.1/thumb2/crti.o
 .ARM.attributes
                0x00000019       0x29 c:/program files (x86)/microsemi/softconsole v3.4/sourcery-g++/bin/../lib/gcc/arm-none-eabi/4.4.1/thumb2/crtbegin.o
 .ARM.attributes
                0x00000042       0x31 ./RunTimeStatsTimer.o
 .ARM.attributes
                0x00000073       0x31 ./main.o
 .ARM.attributes
                0x000000a4       0x31 ./printf-stdarg.o
 .ARM.attributes
                0x000000d5       0x31 ./stream/stream.o
 .ARM.attributes
                0x00000106       0x31 ./pilot/get_data.o
 .ARM.attributes
                0x00000137       0x31 ./pilot/init.o
 .ARM.attributes
                0x00000168       0x31 ./pilot/peripherals.o
 .ARM.attributes
                0x00000199       0x31 ./pilot/pilot.o
 .ARM.attributes
                0x000001ca       0x31 ./pilot/pslv_interface.o
 .ARM.attributes
                0x000001fb       0x31 ./pilot/read.o
 .ARM.attributes
                0x0000022c       0x31 ./pilot/write.o
 .ARM.attributes
                0x0000025d       0x31 ./osal/osal.o
 .ARM.attributes
                0x0000028e       0x31 ./memory/SD.o
 .ARM.attributes
                0x000002bf       0x31 ./memory/memory.o
 .ARM.attributes
                0x000002f0       0x31 ./cmds/cmd.o
 .ARM.attributes
                0x00000321       0x31 ./FreeRTOS-Source/list.o
 .ARM.attributes
                0x00000352       0x31 ./FreeRTOS-Source/queue.o
 .ARM.attributes
                0x00000383       0x31 ./FreeRTOS-Source/tasks.o
 .ARM.attributes
                0x000003b4       0x31 ./FreeRTOS-Source/timers.o
 .ARM.attributes
                0x000003e5       0x31 ./FreeRTOS-Source/portable/MemMang/heap_4.o
 .ARM.attributes
                0x00000416       0x31 ./FreeRTOS-Source/portable/GCC/ARM_CM3/port.o
 .ARM.attributes
                0x00000447       0x31 ./Demo_Tasks/demo_tasks.o
 .ARM.attributes
                0x00000478       0x31 ./Blinky-Demo/main_blinky.o
 .ARM.attributes
                0x000004a9       0x21 C:/Users/S-SPACE/Desktop/Pratik/FreeRTOS/FreeRTOS_SC_v3.5/FSW_FreeRTOS/CORTEX_SmartFusion2_M2S050_SoftConsole/RTOSDemo_Hardware_Platform/Debug/CMSIS/startup_gcc/startup_m2sxxx.o
 .ARM.attributes
                0x000004ca       0x31 C:/Users/S-SPACE/Desktop/Pratik/FreeRTOS/FreeRTOS_SC_v3.5/FSW_FreeRTOS/CORTEX_SmartFusion2_M2S050_SoftConsole/RTOSDemo_Hardware_Platform/Debug/CMSIS/startup_gcc/newlib_stubs.o
 .ARM.attributes
                0x000004fb       0x31 C:\Users\S-SPACE\Desktop\Pratik\FreeRTOS\FreeRTOS_SC_v3.5\FSW_FreeRTOS\CORTEX_SmartFusion2_M2S050_SoftConsole\RTOSDemo_Hardware_Platform\Debug\libRTOSDemo_Hardware_Platform.a(mss_uart.o)
 .ARM.attributes
                0x0000052c       0x31 C:\Users\S-SPACE\Desktop\Pratik\FreeRTOS\FreeRTOS_SC_v3.5\FSW_FreeRTOS\CORTEX_SmartFusion2_M2S050_SoftConsole\RTOSDemo_Hardware_Platform\Debug\libRTOSDemo_Hardware_Platform.a(mss_spi.o)
 .ARM.attributes
                0x0000055d       0x31 C:\Users\S-SPACE\Desktop\Pratik\FreeRTOS\FreeRTOS_SC_v3.5\FSW_FreeRTOS\CORTEX_SmartFusion2_M2S050_SoftConsole\RTOSDemo_Hardware_Platform\Debug\libRTOSDemo_Hardware_Platform.a(mss_gpio.o)
 .ARM.attributes
                0x0000058e       0x31 C:\Users\S-SPACE\Desktop\Pratik\FreeRTOS\FreeRTOS_SC_v3.5\FSW_FreeRTOS\CORTEX_SmartFusion2_M2S050_SoftConsole\RTOSDemo_Hardware_Platform\Debug\libRTOSDemo_Hardware_Platform.a(core_i2c.o)
 .ARM.attributes
                0x000005bf       0x31 C:\Users\S-SPACE\Desktop\Pratik\FreeRTOS\FreeRTOS_SC_v3.5\FSW_FreeRTOS\CORTEX_SmartFusion2_M2S050_SoftConsole\RTOSDemo_Hardware_Platform\Debug\libRTOSDemo_Hardware_Platform.a(i2c_interrupt.o)
 .ARM.attributes
                0x000005f0       0x31 C:\Users\S-SPACE\Desktop\Pratik\FreeRTOS\FreeRTOS_SC_v3.5\FSW_FreeRTOS\CORTEX_SmartFusion2_M2S050_SoftConsole\RTOSDemo_Hardware_Platform\Debug\libRTOSDemo_Hardware_Platform.a(system_m2sxxx.o)
 .ARM.attributes
                0x00000621       0x21 C:\Users\S-SPACE\Desktop\Pratik\FreeRTOS\FreeRTOS_SC_v3.5\FSW_FreeRTOS\CORTEX_SmartFusion2_M2S050_SoftConsole\RTOSDemo_Hardware_Platform\Debug\libRTOSDemo_Hardware_Platform.a(hal.o)
 .ARM.attributes
                0x00000642       0x21 C:\Users\S-SPACE\Desktop\Pratik\FreeRTOS\FreeRTOS_SC_v3.5\FSW_FreeRTOS\CORTEX_SmartFusion2_M2S050_SoftConsole\RTOSDemo_Hardware_Platform\Debug\libRTOSDemo_Hardware_Platform.a(hw_reg_access.o)
 .ARM.attributes
                0x00000663       0x29 c:/program files (x86)/microsemi/softconsole v3.4/sourcery-g++/bin/../lib/gcc/arm-none-eabi/4.4.1/../../../../arm-none-eabi/lib/thumb2\libc.a(lib_a-errno.o)
 .ARM.attributes
                0x0000068c       0x29 c:/program files (x86)/microsemi/softconsole v3.4/sourcery-g++/bin/../lib/gcc/arm-none-eabi/4.4.1/../../../../arm-none-eabi/lib/thumb2\libc.a(lib_a-impure.o)
 .ARM.attributes
                0x000006b5       0x29 c:/program files (x86)/microsemi/softconsole v3.4/sourcery-g++/bin/../lib/gcc/arm-none-eabi/4.4.1/../../../../arm-none-eabi/lib/thumb2\libc.a(lib_a-init.o)
 .ARM.attributes
                0x000006de       0x29 c:/program files (x86)/microsemi/softconsole v3.4/sourcery-g++/bin/../lib/gcc/arm-none-eabi/4.4.1/../../../../arm-none-eabi/lib/thumb2\libc.a(lib_a-memcpy.o)
 .ARM.attributes
                0x00000707       0x29 c:/program files (x86)/microsemi/softconsole v3.4/sourcery-g++/bin/../lib/gcc/arm-none-eabi/4.4.1/../../../../arm-none-eabi/lib/thumb2\libc.a(lib_a-memset.o)
 .ARM.attributes
                0x00000730       0x29 c:/program files (x86)/microsemi/softconsole v3.4/sourcery-g++/bin/../lib/gcc/arm-none-eabi/4.4.1/../../../../arm-none-eabi/lib/thumb2\libc.a(lib_a-strcpy.o)
 .ARM.attributes
                0x00000759       0x29 c:/program files (x86)/microsemi/softconsole v3.4/sourcery-g++/bin/../lib/gcc/arm-none-eabi/4.4.1/../../../../arm-none-eabi/lib/thumb2\libc.a(lib_a-strlen.o)
 .ARM.attributes
                0x00000782       0x29 c:/program files (x86)/microsemi/softconsole v3.4/sourcery-g++/bin/../lib/gcc/arm-none-eabi/4.4.1/thumb2/crtend.o
 .ARM.attributes