Archive member included because of file (symbol)

C:\Users\S-SPACE\Desktop\Pratik\FreeRTOS\FreeRTOS_SC_v3.5\FSW_FreeRTOS\CORTEX_SmartFusion2_M2S050_SoftConsole\RTOSDemo_Hardware_Platform\Debug\libRTOSDemo_Hardware_Platform.a(mss_uart.o)
                              ./stream/stream.o (g_mss_uart0)
C:\Users\S-SPACE\Desktop\Pratik\FreeRTOS\FreeRTOS_SC_v3.5\FSW_FreeRTOS\CORTEX_SmartFusion2_M2S050_SoftConsole\RTOSDemo_Hardware_Platform\Debug\libRTOSDemo_Hardware_Platform.a(core_i2c.o)
                              ./pilot/init.o (I2C_init)
C:\Users\S-SPACE\Desktop\Pratik\FreeRTOS\FreeRTOS_SC_v3.5\FSW_FreeRTOS\CORTEX_SmartFusion2_M2S050_SoftConsole\RTOSDemo_Hardware_Platform\Debug\libRTOSDemo_Hardware_Platform.a(i2c_interrupt.o)
                              C:\Users\S-SPACE\Desktop\Pratik\FreeRTOS\FreeRTOS_SC_v3.5\FSW_FreeRTOS\CORTEX_SmartFusion2_M2S050_SoftConsole\RTOSDemo_Hardware_Platform\Debug\libRTOSDemo_Hardware_Platform.a(core_i2c.o) (I2C_enable_irq)
C:\Users\S-SPACE\Desktop\Pratik\FreeRTOS\FreeRTOS_SC_v3.5\FSW_FreeRTOS\CORTEX_SmartFusion2_M2S050_SoftConsole\RTOSDemo_Hardware_Platform\Debug\libRTOSDemo_Hardware_Platform.a(system_m2sxxx.o)
                              ./RunTimeStatsTimer.o (SystemCoreClock)
C:\Users\S-SPACE\Desktop\Pratik\FreeRTOS\FreeRTOS_SC_v3.5\FSW_FreeRTOS\CORTEX_SmartFusion2_M2S050_SoftConsole\RTOSDemo_Hardware_Platform\Debug\libRTOSDemo_Hardware_Platform.a(hal.o)
                              C:\Users\S-SPACE\Desktop\Pratik\FreeRTOS\FreeRTOS_SC_v3.5\FSW_FreeRTOS\CORTEX_SmartFusion2_M2S050_SoftConsole\RTOSDemo_Hardware_Platform\Debug\libRTOSDemo_Hardware_Platform.a(core_i2c.o) (HAL_disable_interrupts)
C:\Users\S-SPACE\Desktop\Pratik\FreeRTOS\FreeRTOS_SC_v3.5\FSW_FreeRTOS\CORTEX_SmartFusion2_M2S050_SoftConsole\RTOSDemo_Hardware_Platform\Debug\libRTOSDemo_Hardware_Platform.a(hw_reg_access.o)
                              C:\Users\S-SPACE\Desktop\Pratik\FreeRTOS\FreeRTOS_SC_v3.5\FSW_FreeRTOS\CORTEX_SmartFusion2_M2S050_SoftConsole\RTOSDemo_Hardware_Platform\Debug\libRTOSDemo_Hardware_Platform.a(core_i2c.o) (HW_set_8bit_reg)
c:/program files (x86)/microsemi/softconsole v3.4/sourcery-g++/bin/../lib/gcc/arm-none-eabi/4.4.1/../../../../arm-none-eabi/lib/thumb2\libc.a(lib_a-errno.o)
                              C:/Users/S-SPACE/Desktop/Pratik/FreeRTOS/FreeRTOS_SC_v3.5/FSW_FreeRTOS/CORTEX_SmartFusion2_M2S050_SoftConsole/RTOSDemo_Hardware_Platform/Debug/CMSIS/startup_gcc/newlib_stubs.o (__errno)
c:/program files (x86)/microsemi/softconsole v3.4/sourcery-g++/bin/../lib/gcc/arm-none-eabi/4.4.1/../../../../arm-none-eabi/lib/thumb2\libc.a(lib_a-impure.o)
                              c:/program files (x86)/microsemi/softconsole v3.4/sourcery-g++/bin/../lib/gcc/arm-none-eabi/4.4.1/../../../../arm-none-eabi/lib/thumb2\libc.a(lib_a-errno.o) (_impure_ptr)
c:/program files (x86)/microsemi/softconsole v3.4/sourcery-g++/bin/../lib/gcc/arm-none-eabi/4.4.1/../../../../arm-none-eabi/lib/thumb2\libc.a(lib_a-init.o)
                              C:/Users/S-SPACE/Desktop/Pratik/FreeRTOS/FreeRTOS_SC_v3.5/FSW_FreeRTOS/CORTEX_SmartFusion2_M2S050_SoftConsole/RTOSDemo_Hardware_Platform/Debug/CMSIS/startup_gcc/startup_m2sxxx.o (__libc_init_array)
c:/program files (x86)/microsemi/softconsole v3.4/sourcery-g++/bin/../lib/gcc/arm-none-eabi/4.4.1/../../../../arm-none-eabi/lib/thumb2\libc.a(lib_a-memcpy.o)
                              ./FreeRTOS-Source/queue.o (memcpy)
c:/program files (x86)/microsemi/softconsole v3.4/sourcery-g++/bin/../lib/gcc/arm-none-eabi/4.4.1/../../../../arm-none-eabi/lib/thumb2\libc.a(lib_a-memset.o)
                              ./FreeRTOS-Source/tasks.o (memset)
c:/program files (x86)/microsemi/softconsole v3.4/sourcery-g++/bin/../lib/gcc/arm-none-eabi/4.4.1/../../../../arm-none-eabi/lib/thumb2\libc.a(lib_a-strcpy.o)
                              ./FreeRTOS-Source/tasks.o (strcpy)
c:/program files (x86)/microsemi/softconsole v3.4/sourcery-g++/bin/../lib/gcc/arm-none-eabi/4.4.1/../../../../arm-none-eabi/lib/thumb2\libc.a(lib_a-strlen.o)
                              ./FreeRTOS-Source/tasks.o (strlen)

Allocating common symbols
Common symbol       size              file

pkt_stream          0x1c              ./stream/stream.o
acc                 0x6               ./pilot/read.o
pkt_timer           0x8               ./stream/stream.o
data_pld            0x32              ./main.o
g_core_i2c2         0x6c              ./main.o
uart0_irq_rx_buffer
                    0x3               ./main.o
g_core_i2c0         0x6c              ./pilot/peripherals.o
Store_PKT_Queue     0x4               ./Demo_Tasks/demo_tasks.o
g_core_i2c1         0x6c              ./pilot/peripherals.o
feed_tlm_task       0x4               ./Demo_Tasks/demo_tasks.o
get_pld_pkt_handle  0x4               ./Demo_Tasks/demo_tasks.o
tlm_sender_handle   0x4               ./Demo_Tasks/demo_tasks.o
hk_pkt              0x4               ./Demo_Tasks/demo_tasks.o
tlm_tsk_handle      0x4               ./Demo_Tasks/demo_tasks.o
[...]
Memory Configuration

Name             Origin             Length             Attributes
ram              0x20000000         0x00010000         xrw
*default*        0x00000000         0xffffffff

Linker script and memory map

LOAD c:/program files (x86)/microsemi/softconsole v3.4/sourcery-g++/bin/../lib/gcc/arm-none-eabi/4.4.1/thumb2/crti.o
LOAD c:/program files (x86)/microsemi/softconsole v3.4/sourcery-g++/bin/../lib/gcc/arm-none-eabi/4.4.1/thumb2/crtbegin.o
LOAD ./RunTimeStatsTimer.o
LOAD ./main.o
LOAD ./printf-stdarg.o
LOAD ./stream/stream.o
LOAD ./pilot/get_data.o
LOAD ./pilot/init.o
LOAD ./pilot/peripherals.o
LOAD ./pilot/pilot.o
LOAD ./pilot/pslv_interface.o
LOAD ./pilot/read.o
LOAD ./pilot/write.o
LOAD ./osal/osal.o
LOAD ./cmds/cmd.o
LOAD ./FreeRTOS-Source/list.o
LOAD ./FreeRTOS-Source/queue.o
LOAD ./FreeRTOS-Source/tasks.o
LOAD ./FreeRTOS-Source/timers.o
LOAD ./FreeRTOS-Source/portable/MemMang/heap_4.o
LOAD ./FreeRTOS-Source/portable/GCC/ARM_CM3/port.o
LOAD ./Demo_Tasks/demo_tasks.o
LOAD ./Blinky-Demo/main_blinky.o
LOAD C:/Users/S-SPACE/Desktop/Pratik/FreeRTOS/FreeRTOS_SC_v3.5/FSW_FreeRTOS/CORTEX_SmartFusion2_M2S050_SoftConsole/RTOSDemo_Hardware_Platform/Debug/CMSIS/startup_gcc/startup_m2sxxx.o
LOAD C:/Users/S-SPACE/Desktop/Pratik/FreeRTOS/FreeRTOS_SC_v3.5/FSW_FreeRTOS/CORTEX_SmartFusion2_M2S050_SoftConsole/RTOSDemo_Hardware_Platform/Debug/CMSIS/startup_gcc/newlib_stubs.o
LOAD C:\Users\S-SPACE\Desktop\Pratik\FreeRTOS\FreeRTOS_SC_v3.5\FSW_FreeRTOS\CORTEX_SmartFusion2_M2S050_SoftConsole\RTOSDemo_Hardware_Platform\Debug\libRTOSDemo_Hardware_Platform.a
START GROUP
LOAD c:/program files (x86)/microsemi/softconsole v3.4/sourcery-g++/bin/../lib/gcc/arm-none-eabi/4.4.1/thumb2\libgcc.a
LOAD c:/program files (x86)/microsemi/softconsole v3.4/sourcery-g++/bin/../lib/gcc/arm-none-eabi/4.4.1/../../../../arm-none-eabi/lib/thumb2\libc.a
END GROUP
LOAD c:/program files (x86)/microsemi/softconsole v3.4/sourcery-g++/bin/../lib/gcc/arm-none-eabi/4.4.1/thumb2/crtend.o
LOAD c:/program files (x86)/microsemi/softconsole v3.4/sourcery-g++/bin/../lib/gcc/arm-none-eabi/4.4.1/thumb2/crtn.o
START GROUP
LOAD c:/program files (x86)/microsemi/softconsole v3.4/sourcery-g++/bin/../lib/gcc/arm-none-eabi/4.4.1/../../../../arm-none-eabi/lib/thumb2\libc.a
LOAD c:/program files (x86)/microsemi/softconsole v3.4/sourcery-g++/bin/../lib/gcc/arm-none-eabi/4.4.1/thumb2\libgcc.a
LOAD c:/program files (x86)/microsemi/softconsole v3.4/sourcery-g++/bin/../lib/gcc/arm-none-eabi/4.4.1/../../../../arm-none-eabi/lib/thumb2\libm.a
END GROUP
                0x00000000                __DYNAMIC = 0x0
                0x20000000                RAM_START_ADDRESS = 0x20000000
                0x00010000                RAM_SIZE = 0x10000
                0x00000400                MAIN_STACK_SIZE = 0x400
                0x00000000                PROCESS_STACK_SIZE = 0x0
                0x20010000                PROVIDE (__main_stack_start, (RAM_START_ADDRESS + RAM_SIZE))
                0x2000fc00                PROVIDE (__process_stack_start, (__main_stack_start - MAIN_STACK_SIZE))
                0x20010000                PROVIDE (_estack, __main_stack_start)
                0x00000000                PROVIDE (__mirrored_nvm, 0x0)

.text           0x20000000     0x7718
 CREATE_OBJECT_SYMBOLS
                0x20000000                __text_load = LOADADDR (.text)
                0x20000000                __text_start = .
                0x20000000                __vector_table_vma_base_address = .
 *(.isr_vector)
 .isr_vector    0x20000000      0x2f0 C:/Users/S-SPACE/Desktop/Pratik/FreeRTOS/FreeRTOS_SC_v3.5/FSW_FreeRTOS/CORTEX_SmartFusion2_M2S050_SoftConsole/RTOSDemo_Hardware_Platform/Debug/CMSIS/startup_gcc/startup_m2sxxx.o
                0x20000000                g_pfnVectors
                0x20000188                Reset_Handler
                0x200001f8                NMI_Handler
                0x200001fa                HardFault_Handler
                0x200001fc                MemManage_Handler
                0x200001fe                BusFault_Handler
                0x20000200                UsageFault_Handler
                0x20000204                DebugMon_Handler
                0x2000020a                WdogWakeup_IRQHandler
                0x2000020c                RTC_Wakeup_IRQHandler
                0x2000020e                SPI0_IRQHandler
                0x20000210                SPI1_IRQHandler
                0x20000212                I2C0_IRQHandler
                0x20000214                I2C0_SMBAlert_IRQHandler
                0x20000216                I2C0_SMBus_IRQHandler
                0x20000218                I2C1_IRQHandler
                0x2000021a                I2C1_SMBAlert_IRQHandler
                0x2000021c                I2C1_SMBus_IRQHandler
                0x20000222                EthernetMAC_IRQHandler
                0x20000224                DMA_IRQHandler
                0x20000226                Timer1_IRQHandler
                0x20000228                Timer2_IRQHandler
                0x2000022a                CAN_IRQHandler
                0x2000022c                ENVM0_IRQHandler
                0x2000022e                ENVM1_IRQHandler
                0x20000230                ComBlk_IRQHandler
                0x20000232                USB_IRQHandler
                0x20000234                USB_DMA_IRQHandler
                0x20000236                PLL_Lock_IRQHandler
                0x20000238                PLL_LockLost_IRQHandler
                0x2000023a                CommSwitchError_IRQHandler
                0x2000023c                CacheError_IRQHandler
                0x2000023e                DDR_IRQHandler
                0x20000240                HPDMA_Complete_IRQHandler
                0x20000242                HPDMA_Error_IRQHandler
                0x20000244                ECC_Error_IRQHandler
                0x20000246                MDDR_IOCalib_IRQHandler
                0x20000248                FAB_PLL_Lock_IRQHandler
                0x2000024a                FAB_PLL_LockLost_IRQHandler
                0x2000024c                FIC64_IRQHandler
                0x2000025a                FabricIrq6_IRQHandler
                0x2000025c                FabricIrq7_IRQHandler
                0x2000025e                FabricIrq8_IRQHandler
                0x20000260                FabricIrq9_IRQHandler
                0x20000262                FabricIrq10_IRQHandler
                0x20000264                FabricIrq11_IRQHandler
                0x20000266                FabricIrq12_IRQHandler
                0x20000268                FabricIrq13_IRQHandler
                0x2000026a                FabricIrq14_IRQHandler
                0x2000026c                FabricIrq15_IRQHandler
                0x2000026e                GPIO0_IRQHandler
                0x20000270                GPIO1_IRQHandler
                0x20000272                GPIO2_IRQHandler
                0x20000274                GPIO3_IRQHandler
                0x20000276                GPIO4_IRQHandler
                0x20000278                GPIO5_IRQHandler
                0x2000027a                GPIO6_IRQHandler
                0x2000027c                GPIO7_IRQHandler
                0x2000027e                GPIO8_IRQHandler
                0x20000280                GPIO9_IRQHandler
                0x20000282                GPIO10_IRQHandler
                0x20000284                GPIO11_IRQHandler
                0x20000286                GPIO12_IRQHandler
                0x20000288                GPIO13_IRQHandler
                0x2000028a                GPIO14_IRQHandler
                0x2000028c                GPIO15_IRQHandler
                0x2000028e                GPIO16_IRQHandler
                0x20000290                GPIO17_IRQHandler
                0x20000292                GPIO18_IRQHandler
                0x20000294                GPIO19_IRQHandler
                0x20000296                GPIO20_IRQHandler
                0x20000298                GPIO21_IRQHandler
                0x2000029a                GPIO22_IRQHandler
                0x2000029c                GPIO23_IRQHandler
                0x2000029e                GPIO24_IRQHandler
                0x200002a0                GPIO25_IRQHandler
                0x200002a2                GPIO26_IRQHandler
                0x200002a4                GPIO27_IRQHandler
                0x200002a6                GPIO28_IRQHandler
                0x200002a8                GPIO29_IRQHandler
                0x200002aa                GPIO30_IRQHandler
                0x200002ac                GPIO31_IRQHandler
                0x200002ae                mscc_post_hw_cfg_init
 *(.text .text.* .gnu.linkonce.t.*)
 .text          0x200002f0       0x30 c:/program files (x86)/microsemi/softconsole v3.4/sourcery-g++/bin/../lib/gcc/arm-none-eabi/4.4.1/thumb2/crtbegin.o
 .text.vConfigureTimerForRunTimeStats
                0x20000320       0x48 ./RunTimeStatsTimer.o
                0x20000320                vConfigureTimerForRunTimeStats
 .text.ulGetRunTimeCounterValue
                0x20000368       0xa4 ./RunTimeStatsTimer.o
                0x20000368                ulGetRunTimeCounterValue
 .text.main     0x2000040c       0x10 ./main.o
                0x2000040c                main
 .text.vApplicationMallocFailedHook
                0x2000041c       0x1c ./main.o
                0x2000041c                vApplicationMallocFailedHook
 .text.vApplicationIdleHook
                0x20000438        0xc ./main.o
                0x20000438                vApplicationIdleHook
 .text.vApplicationStackOverflowHook
                0x20000444       0x20 ./main.o
                0x20000444                vApplicationStackOverflowHook
 .text.set_pktRate
                0x20000464       0x54 ./stream/stream.o
                0x20000464                set_pktRate
 .text.get_IMU_acc
                0x200004b8      0x32c ./pilot/get_data.o
                0x200004b8                get_IMU_acc
 .text.get_IMU_gyro
                0x200007e4      0x2e4 ./pilot/get_data.o
                0x200007e4                get_IMU_gyro
 .text.get_IMU_temp
                0x20000ac8       0xc0 ./pilot/get_data.o
                0x20000ac8                get_IMU_temp
 .text.vc_write
                0x20000b88       0xa8 ./pilot/get_data.o
                0x20000b88                vc_write
 .text.vc_read  0x20000c30       0xa8 ./pilot/get_data.o
                0x20000c30                vc_read
 .text.vc_read_reg
                0x20000cd8       0x58 ./pilot/get_data.o
                0x20000cd8                vc_read_reg
 .text.read_bus_voltage
                0x20000d30       0xbc ./pilot/get_data.o
                0x20000d30                read_bus_voltage
 .text.read_shunt_voltage
                0x20000dec       0xc0 ./pilot/get_data.o
                0x20000dec                read_shunt_voltage
 .text.get_ADC_value
                0x20000eac       0xa0 ./pilot/get_data.o
                0x20000eac                get_ADC_value
 .text.init     0x20000f4c       0x9c ./pilot/init.o
                0x20000f4c                init
 .text.xMsToTicks
                0x20000fe8       0x30 ./osal/osal.o
                0x20000fe8                xMsToTicks
 .text.cmd_valid
                0x20001018       0x18 ./cmds/cmd.o
                0x20001018                cmd_valid
 .text.chk_s_cmd
                0x20001030       0x98 ./cmds/cmd.o
                0x20001030                chk_s_cmd
 .text.add_cmd  0x200010c8       0xbc ./cmds/cmd.o
                0x200010c8                add_cmd
 .text.vcmd_callback
                0x20001184        0xc ./cmds/cmd.o
                0x20001184                vcmd_callback
 .text.cmd_engine
                0x20001190      0x104 ./cmds/cmd.o
                0x20001190                cmd_engine
 .text.cmd_noop
                0x20001294       0x14 ./cmds/cmd.o
                0x20001294                cmd_noop
 .text.set_pkt_rate
                0x200012a8       0x5c ./cmds/cmd.o
                0x200012a8                set_pkt_rate
 .text.vListInitialise
                0x20001304       0x48 ./FreeRTOS-Source/list.o
                0x20001304                vListInitialise
 .text.vListInitialiseItem
                0x2000134c       0x1c ./FreeRTOS-Source/list.o
                0x2000134c                vListInitialiseItem
 .text.vListInsertEnd
                0x20001368       0x48 ./FreeRTOS-Source/list.o
                0x20001368                vListInsertEnd
 .text.vListInsert
                0x200013b0       0x74 ./FreeRTOS-Source/list.o
                0x200013b0                vListInsert
 .text.uxListRemove
                0x20001424       0x58 ./FreeRTOS-Source/list.o
                0x20001424                uxListRemove
 .text.xQueueGenericReset
                0x2000147c       0xec ./FreeRTOS-Source/queue.o
                0x2000147c                xQueueGenericReset
 .text.xQueueGenericCreate
                0x20001568       0x7c ./FreeRTOS-Source/queue.o
                0x20001568                xQueueGenericCreate
 .text.prvInitialiseNewQueue
                0x200015e4       0x48 ./FreeRTOS-Source/queue.o
 .text.prvInitialiseMutex
                0x2000162c       0x40 ./FreeRTOS-Source/queue.o
 .text.xQueueCreateMutex
                0x2000166c       0x38 ./FreeRTOS-Source/queue.o
                0x2000166c                xQueueCreateMutex
 .text.xQueueGenericSend
                0x200016a4      0x230 ./FreeRTOS-Source/queue.o
                0x200016a4                xQueueGenericSend
 .text.xQueueGenericSendFromISR
                0x200018d4      0x144 ./FreeRTOS-Source/queue.o
                0x200018d4                xQueueGenericSendFromISR
 .text.xQueueGenericReceive
                0x20001a18      0x268 ./FreeRTOS-Source/queue.o
                0x20001a18                xQueueGenericReceive
 .text.prvCopyDataToQueue
                0x20001c80       0xf0 ./FreeRTOS-Source/queue.o
 .text.prvCopyDataFromQueue
                0x20001d70       0x50 ./FreeRTOS-Source/queue.o
 .text.prvUnlockQueue
                0x20001dc0       0xac ./FreeRTOS-Source/queue.o
 .text.prvIsQueueEmpty
                0x20001e6c       0x34 ./FreeRTOS-Source/queue.o
 .text.prvIsQueueFull
                0x20001ea0       0x38 ./FreeRTOS-Source/queue.o
 .text.vQueueWaitForMessageRestricted
                0x20001ed8       0x74 ./FreeRTOS-Source/queue.o
                0x20001ed8                vQueueWaitForMessageRestricted
 .text.xTaskCreate
                0x20001f4c       0x94 ./FreeRTOS-Source/tasks.o
                0x20001f4c                xTaskCreate
 .text.prvInitialiseNewTask
                0x20001fe0      0x12c ./FreeRTOS-Source/tasks.o
 .text.prvAddNewTaskToReadyList
                0x2000210c      0x13c ./FreeRTOS-Source/tasks.o
 .text.uxTaskPriorityGet
                0x20002248       0x38 ./FreeRTOS-Source/tasks.o
                0x20002248                uxTaskPriorityGet
 .text.vTaskPrioritySet
                0x20002280      0x1c0 ./FreeRTOS-Source/tasks.o
                0x20002280                vTaskPrioritySet
 .text.vTaskStartScheduler
                0x20002440       0xb4 ./FreeRTOS-Source/tasks.o
                0x20002440                vTaskStartScheduler
 .text.vTaskSuspendAll
                0x200024f4       0x24 ./FreeRTOS-Source/tasks.o
                0x200024f4                vTaskSuspendAll
 .text.xTaskResumeAll
                0x20002518      0x1a0 ./FreeRTOS-Source/tasks.o
                0x20002518                xTaskResumeAll
 .text.xTaskGetTickCount
                0x200026b8       0x20 ./FreeRTOS-Source/tasks.o
                0x200026b8                xTaskGetTickCount
 .text.xTaskIncrementTick
                0x200026d8      0x210 ./FreeRTOS-Source/tasks.o
                0x200026d8                xTaskIncrementTick
 .text.vTaskSwitchContext
                0x200028e8      0x1a8 ./FreeRTOS-Source/tasks.o
                0x200028e8                vTaskSwitchContext
 .text.vTaskPlaceOnEventList
                0x20002a90       0x4c ./FreeRTOS-Source/tasks.o
                0x20002a90                vTaskPlaceOnEventList
 .text.vTaskPlaceOnEventListRestricted
                0x20002adc       0x58 ./FreeRTOS-Source/tasks.o
                0x20002adc                vTaskPlaceOnEventListRestricted
 .text.xTaskRemoveFromEventList
                0x20002b34       0xf0 ./FreeRTOS-Source/tasks.o
                0x20002b34                xTaskRemoveFromEventList
 .text.vTaskSetTimeOutState
                0x20002c24       0x48 ./FreeRTOS-Source/tasks.o
                0x20002c24                vTaskSetTimeOutState
 .text.xTaskCheckForTimeOut
                0x20002c6c       0xd0 ./FreeRTOS-Source/tasks.o
                0x20002c6c                xTaskCheckForTimeOut
 .text.vTaskMissedYield
                0x20002d3c       0x18 ./FreeRTOS-Source/tasks.o
                0x20002d3c                vTaskMissedYield
 .text.prvIdleTask
                0x20002d54       0x38 ./FreeRTOS-Source/tasks.o
 .text.prvInitialiseTaskLists
                0x20002d8c       0xa4 ./FreeRTOS-Source/tasks.o
 .text.prvCheckTasksWaitingTermination
                0x20002e30       0x98 ./FreeRTOS-Source/tasks.o
 .text.prvDeleteTCB
                0x20002ec8       0x20 ./FreeRTOS-Source/tasks.o
 .text.prvResetNextTaskUnblockTime
                0x20002ee8       0x5c ./FreeRTOS-Source/tasks.o
 .text.xTaskGetSchedulerState
                0x20002f44       0x48 ./FreeRTOS-Source/tasks.o
                0x20002f44                xTaskGetSchedulerState
 .text.vTaskPriorityInherit
                0x20002f8c      0x14c ./FreeRTOS-Source/tasks.o
                0x20002f8c                vTaskPriorityInherit
 .text.xTaskPriorityDisinherit
                0x200030d8      0x14c ./FreeRTOS-Source/tasks.o
                0x200030d8                xTaskPriorityDisinherit
 .text.pvTaskIncrementMutexHeldCount
                0x20003224       0x38 ./FreeRTOS-Source/tasks.o
                0x20003224                pvTaskIncrementMutexHeldCount
 .text.ulTaskNotifyTake
                0x2000325c       0xc0 ./FreeRTOS-Source/tasks.o
                0x2000325c                ulTaskNotifyTake
 .text.xTaskNotifyWait
                0x2000331c       0xf0 ./FreeRTOS-Source/tasks.o
                0x2000331c                xTaskNotifyWait
 .text.vTaskNotifyGiveFromISR
                0x2000340c      0x14c ./FreeRTOS-Source/tasks.o
                0x2000340c                vTaskNotifyGiveFromISR
 .text.prvAddCurrentTaskToDelayedList
                0x20003558      0x110 ./FreeRTOS-Source/tasks.o
 .text.xTimerCreateTimerTask
                0x20003668       0x74 ./FreeRTOS-Source/timers.o
                0x20003668                xTimerCreateTimerTask
 .text.xTimerCreate
                0x200036dc       0x40 ./FreeRTOS-Source/timers.o
                0x200036dc                xTimerCreate
 .text.prvInitialiseNewTimer
                0x2000371c       0x64 ./FreeRTOS-Source/timers.o
 .text.xTimerGenericCommand
                0x20003780       0xcc ./FreeRTOS-Source/timers.o
                0x20003780                xTimerGenericCommand
 .text.prvProcessExpiredTimer
                0x2000384c       0x8c ./FreeRTOS-Source/timers.o
 .text.prvTimerTask
                0x200038d8       0x28 ./FreeRTOS-Source/timers.o
 .text.prvProcessTimerOrBlockTask
                0x20003900       0xac ./FreeRTOS-Source/timers.o
 .text.prvGetNextExpireTime
                0x200039ac       0x50 ./FreeRTOS-Source/timers.o
 .text.prvSampleTimeNow
                0x200039fc       0x50 ./FreeRTOS-Source/timers.o
 .text.prvInsertTimerInActiveList
                0x20003a4c       0x98 ./FreeRTOS-Source/timers.o
 .text.prvProcessReceivedCommands
                0x20003ae4      0x184 ./FreeRTOS-Source/timers.o
 .text.prvSwitchTimerLists
                0x20003c68       0xf4 ./FreeRTOS-Source/timers.o
 .text.prvCheckForValidListAndQueue
                0x20003d5c       0x74 ./FreeRTOS-Source/timers.o
 .text.pvTimerGetTimerID
                0x20003dd0       0x40 ./FreeRTOS-Source/timers.o
                0x20003dd0                pvTimerGetTimerID
 .text.pvPortMalloc
                0x20003e10      0x1f8 ./FreeRTOS-Source/portable/MemMang/heap_4.o
                0x20003e10                pvPortMalloc
 .text.vPortFree
                0x20004008       0xd8 ./FreeRTOS-Source/portable/MemMang/heap_4.o
                0x20004008                vPortFree
 .text.prvHeapInit
                0x200040e0      0x104 ./FreeRTOS-Source/portable/MemMang/heap_4.o
 .text.prvInsertBlockIntoFreeList
                0x200041e4       0xbc ./FreeRTOS-Source/portable/MemMang/heap_4.o
 .text.pxPortInitialiseStack
                0x200042a0       0x68 ./FreeRTOS-Source/portable/GCC/ARM_CM3/port.o
                0x200042a0                pxPortInitialiseStack
 .text.prvTaskExitError
                0x20004308       0x40 ./FreeRTOS-Source/portable/GCC/ARM_CM3/port.o
 *fill*         0x20004348        0x8 00
 .text.SVC_Handler
                0x20004350       0x30 ./FreeRTOS-Source/portable/GCC/ARM_CM3/port.o
                0x20004350                SVC_Handler
 .text.prvPortStartFirstTask
                0x20004380       0x20 ./FreeRTOS-Source/portable/GCC/ARM_CM3/port.o
 .text.xPortStartScheduler
                0x200043a0      0x10c ./FreeRTOS-Source/portable/GCC/ARM_CM3/port.o
                0x200043a0                xPortStartScheduler
 .text.vPortEnterCritical
                0x200044ac       0x70 ./FreeRTOS-Source/portable/GCC/ARM_CM3/port.o
                0x200044ac                vPortEnterCritical
 .text.vPortExitCritical
                0x2000451c       0x64 ./FreeRTOS-Source/portable/GCC/ARM_CM3/port.o
                0x2000451c                vPortExitCritical
 .text.PendSV_Handler
                0x20004580       0x50 ./FreeRTOS-Source/portable/GCC/ARM_CM3/port.o
                0x20004580                PendSV_Handler
 .text.SysTick_Handler
                0x200045d0       0x44 ./FreeRTOS-Source/portable/GCC/ARM_CM3/port.o
                0x200045d0                SysTick_Handler
 .text.vPortSetupTimerInterrupt
                0x20004614       0x40 ./FreeRTOS-Source/portable/GCC/ARM_CM3/port.o
                0x20004614                vPortSetupTimerInterrupt
 .text.vPortValidateInterruptPriority
                0x20004654       0x84 ./FreeRTOS-Source/portable/GCC/ARM_CM3/port.o
                0x20004654                vPortValidateInterruptPriority
 .text.NVIC_EnableIRQ
                0x200046d8       0x38 ./Demo_Tasks/demo_tasks.o
 .text.NVIC_SetPriority
                0x20004710       0x5c ./Demo_Tasks/demo_tasks.o
 .text.get_hk_data
                0x2000476c      0x408 ./Demo_Tasks/demo_tasks.o
                0x2000476c                get_hk_data
 .text.get_pld_data
                0x20004b74       0xcc ./Demo_Tasks/demo_tasks.o
                0x20004b74                get_pld_data
 .text.vGetPktStruct
                0x20004c40       0x8c ./Demo_Tasks/demo_tasks.o
                0x20004c40                vGetPktStruct
 .text.vtlm_task
                0x20004ccc      0x224 ./Demo_Tasks/demo_tasks.o
                0x20004ccc                vtlm_task
 .text.vtlm_sender
                0x20004ef0       0x44 ./Demo_Tasks/demo_tasks.o
                0x20004ef0                vtlm_sender
 .text.irq_tsk_func
                0x20004f34       0x7c ./Demo_Tasks/demo_tasks.o
                0x20004f34                irq_tsk_func
 .text.uart0_rx_handler
                0x20004fb0       0x68 ./Demo_Tasks/demo_tasks.o
                0x20004fb0                uart0_rx_handler
 .text.demo_tasks
                0x20005018      0x2e4 ./Demo_Tasks/demo_tasks.o
                0x20005018                demo_tasks
 .text.FabricIrq0_IRQHandler
                0x200052fc       0x14 ./Demo_Tasks/demo_tasks.o
                0x200052fc                FabricIrq0_IRQHandler
 .text.FabricIrq1_IRQHandler
                0x20005310       0x14 ./Demo_Tasks/demo_tasks.o
                0x20005310                FabricIrq1_IRQHandler
 .text.FabricIrq2_IRQHandler
                0x20005324       0x14 ./Demo_Tasks/demo_tasks.o
                0x20005324                FabricIrq2_IRQHandler
 .text.FabricIrq3_IRQHandler
                0x20005338       0x14 ./Demo_Tasks/demo_tasks.o
                0x20005338                FabricIrq3_IRQHandler
 .text.FabricIrq4_IRQHandler
                0x2000534c       0x14 ./Demo_Tasks/demo_tasks.o
                0x2000534c                FabricIrq4_IRQHandler
 .text.FabricIrq5_IRQHandler
                0x20005360       0x14 ./Demo_Tasks/demo_tasks.o
                0x20005360                FabricIrq5_IRQHandler
 .text.NVIC_EnableIRQ
                0x20005374       0x38 C:\Users\S-SPACE\Desktop\Pratik\FreeRTOS\FreeRTOS_SC_v3.5\FSW_FreeRTOS\CORTEX_SmartFusion2_M2S050_SoftConsole\RTOSDemo_Hardware_Platform\Debug\libRTOSDemo_Hardware_Platform.a(mss_uart.o)
 .text.NVIC_ClearPendingIRQ
                0x200053ac       0x3c C:\Users\S-SPACE\Desktop\Pratik\FreeRTOS\FreeRTOS_SC_v3.5\FSW_FreeRTOS\CORTEX_SmartFusion2_M2S050_SoftConsole\RTOSDemo_Hardware_Platform\Debug\libRTOSDemo_Hardware_Platform.a(mss_uart.o)
 .text.set_bit_reg8
                0x200053e8       0x40 C:\Users\S-SPACE\Desktop\Pratik\FreeRTOS\FreeRTOS_SC_v3.5\FSW_FreeRTOS\CORTEX_SmartFusion2_M2S050_SoftConsole\RTOSDemo_Hardware_Platform\Debug\libRTOSDemo_Hardware_Platform.a(mss_uart.o)
 .text.clear_bit_reg8
                0x20005428       0x40 C:\Users\S-SPACE\Desktop\Pratik\FreeRTOS\FreeRTOS_SC_v3.5\FSW_FreeRTOS\CORTEX_SmartFusion2_M2S050_SoftConsole\RTOSDemo_Hardware_Platform\Debug\libRTOSDemo_Hardware_Platform.a(mss_uart.o)
 .text.read_bit_reg8
                0x20005468       0x40 C:\Users\S-SPACE\Desktop\Pratik\FreeRTOS\FreeRTOS_SC_v3.5\FSW_FreeRTOS\CORTEX_SmartFusion2_M2S050_SoftConsole\RTOSDemo_Hardware_Platform\Debug\libRTOSDemo_Hardware_Platform.a(mss_uart.o)
 .text.MSS_UART_init
                0x200054a8       0x84 C:\Users\S-SPACE\Desktop\Pratik\FreeRTOS\FreeRTOS_SC_v3.5\FSW_FreeRTOS\CORTEX_SmartFusion2_M2S050_SoftConsole\RTOSDemo_Hardware_Platform\Debug\libRTOSDemo_Hardware_Platform.a(mss_uart.o)
                0x200054a8                MSS_UART_init
 .text.MSS_UART_polled_tx
                0x2000552c       0xe4 C:\Users\S-SPACE\Desktop\Pratik\FreeRTOS\FreeRTOS_SC_v3.5\FSW_FreeRTOS\CORTEX_SmartFusion2_M2S050_SoftConsole\RTOSDemo_Hardware_Platform\Debug\libRTOSDemo_Hardware_Platform.a(mss_uart.o)
                0x2000552c                MSS_UART_polled_tx
 .text.MSS_UART_get_rx
                0x20005610       0xdc C:\Users\S-SPACE\Desktop\Pratik\FreeRTOS\FreeRTOS_SC_v3.5\FSW_FreeRTOS\CORTEX_SmartFusion2_M2S050_SoftConsole\RTOSDemo_Hardware_Platform\Debug\libRTOSDemo_Hardware_Platform.a(mss_uart.o)
                0x20005610                MSS_UART_get_rx
 .text.MSS_UART_set_rx_handler
                0x200056ec       0xc0 C:\Users\S-SPACE\Desktop\Pratik\FreeRTOS\FreeRTOS_SC_v3.5\FSW_FreeRTOS\CORTEX_SmartFusion2_M2S050_SoftConsole\RTOSDemo_Hardware_Platform\Debug\libRTOSDemo_Hardware_Platform.a(mss_uart.o)
                0x200056ec                MSS_UART_set_rx_handler
 .text.UART0_IRQHandler
                0x200057ac       0x24 C:\Users\S-SPACE\Desktop\Pratik\FreeRTOS\FreeRTOS_SC_v3.5\FSW_FreeRTOS\CORTEX_SmartFusion2_M2S050_SoftConsole\RTOSDemo_Hardware_Platform\Debug\libRTOSDemo_Hardware_Platform.a(mss_uart.o)
                0x200057ac                UART0_IRQHandler
 .text.UART1_IRQHandler
                0x200057d0       0x24 C:\Users\S-SPACE\Desktop\Pratik\FreeRTOS\FreeRTOS_SC_v3.5\FSW_FreeRTOS\CORTEX_SmartFusion2_M2S050_SoftConsole\RTOSDemo_Hardware_Platform\Debug\libRTOSDemo_Hardware_Platform.a(mss_uart.o)
                0x200057d0                UART1_IRQHandler
 .text.config_baud_divisors
                0x200057f4      0x198 C:\Users\S-SPACE\Desktop\Pratik\FreeRTOS\FreeRTOS_SC_v3.5\FSW_FreeRTOS\CORTEX_SmartFusion2_M2S050_SoftConsole\RTOSDemo_Hardware_Platform\Debug\libRTOSDemo_Hardware_Platform.a(mss_uart.o)
 .text.global_init
                0x2000598c      0x26c C:\Users\S-SPACE\Desktop\Pratik\FreeRTOS\FreeRTOS_SC_v3.5\FSW_FreeRTOS\CORTEX_SmartFusion2_M2S050_SoftConsole\RTOSDemo_Hardware_Platform\Debug\libRTOSDemo_Hardware_Platform.a(mss_uart.o)
 .text.MSS_UART_isr
                0x20005bf8      0x22c C:\Users\S-SPACE\Desktop\Pratik\FreeRTOS\FreeRTOS_SC_v3.5\FSW_FreeRTOS\CORTEX_SmartFusion2_M2S050_SoftConsole\RTOSDemo_Hardware_Platform\Debug\libRTOSDemo_Hardware_Platform.a(mss_uart.o)
 .text.default_tx_handler
                0x20005e24      0x10c C:\Users\S-SPACE\Desktop\Pratik\FreeRTOS\FreeRTOS_SC_v3.5\FSW_FreeRTOS\CORTEX_SmartFusion2_M2S050_SoftConsole\RTOSDemo_Hardware_Platform\Debug\libRTOSDemo_Hardware_Platform.a(mss_uart.o)
 .text.I2C_init
                0x20005f30       0xec C:\Users\S-SPACE\Desktop\Pratik\FreeRTOS\FreeRTOS_SC_v3.5\FSW_FreeRTOS\CORTEX_SmartFusion2_M2S050_SoftConsole\RTOSDemo_Hardware_Platform\Debug\libRTOSDemo_Hardware_Platform.a(core_i2c.o)
                0x20005f30                I2C_init
 .text.I2C_write
                0x2000601c       0xe4 C:\Users\S-SPACE\Desktop\Pratik\FreeRTOS\FreeRTOS_SC_v3.5\FSW_FreeRTOS\CORTEX_SmartFusion2_M2S050_SoftConsole\RTOSDemo_Hardware_Platform\Debug\libRTOSDemo_Hardware_Platform.a(core_i2c.o)
                0x2000601c                I2C_write
 .text.I2C_read
                0x20006100       0xe4 C:\Users\S-SPACE\Desktop\Pratik\FreeRTOS\FreeRTOS_SC_v3.5\FSW_FreeRTOS\CORTEX_SmartFusion2_M2S050_SoftConsole\RTOSDemo_Hardware_Platform\Debug\libRTOSDemo_Hardware_Platform.a(core_i2c.o)
                0x20006100                I2C_read
 .text.I2C_write_read
                0x200061e4      0x130 C:\Users\S-SPACE\Desktop\Pratik\FreeRTOS\FreeRTOS_SC_v3.5\FSW_FreeRTOS\CORTEX_SmartFusion2_M2S050_SoftConsole\RTOSDemo_Hardware_Platform\Debug\libRTOSDemo_Hardware_Platform.a(core_i2c.o)
                0x200061e4                I2C_write_read
 .text.I2C_wait_complete
                0x20006314       0x38 C:\Users\S-SPACE\Desktop\Pratik\FreeRTOS\FreeRTOS_SC_v3.5\FSW_FreeRTOS\CORTEX_SmartFusion2_M2S050_SoftConsole\RTOSDemo_Hardware_Platform\Debug\libRTOSDemo_Hardware_Platform.a(core_i2c.o)
                0x20006314                I2C_wait_complete
 .text.enable_slave_if_required
                0x2000634c       0x30 C:\Users\S-SPACE\Desktop\Pratik\FreeRTOS\FreeRTOS_SC_v3.5\FSW_FreeRTOS\CORTEX_SmartFusion2_M2S050_SoftConsole\RTOSDemo_Hardware_Platform\Debug\libRTOSDemo_Hardware_Platform.a(core_i2c.o)
 .text.I2C_isr  0x2000637c      0xa94 C:\Users\S-SPACE\Desktop\Pratik\FreeRTOS\FreeRTOS_SC_v3.5\FSW_FreeRTOS\CORTEX_SmartFusion2_M2S050_SoftConsole\RTOSDemo_Hardware_Platform\Debug\libRTOSDemo_Hardware_Platform.a(core_i2c.o)
                0x2000637c                I2C_isr
 .text.NVIC_EnableIRQ
                0x20006e10       0x38 C:\Users\S-SPACE\Desktop\Pratik\FreeRTOS\FreeRTOS_SC_v3.5\FSW_FreeRTOS\CORTEX_SmartFusion2_M2S050_SoftConsole\RTOSDemo_Hardware_Platform\Debug\libRTOSDemo_Hardware_Platform.a(i2c_interrupt.o)
 .text.NVIC_DisableIRQ
                0x20006e48       0x3c C:\Users\S-SPACE\Desktop\Pratik\FreeRTOS\FreeRTOS_SC_v3.5\FSW_FreeRTOS\CORTEX_SmartFusion2_M2S050_SoftConsole\RTOSDemo_Hardware_Platform\Debug\libRTOSDemo_Hardware_Platform.a(i2c_interrupt.o)
 .text.I2C_enable_irq
                0x20006e84       0x94 C:\Users\S-SPACE\Desktop\Pratik\FreeRTOS\FreeRTOS_SC_v3.5\FSW_FreeRTOS\CORTEX_SmartFusion2_M2S050_SoftConsole\RTOSDemo_Hardware_Platform\Debug\libRTOSDemo_Hardware_Platform.a(i2c_interrupt.o)
                0x20006e84                I2C_enable_irq
 .text.I2C_disable_irq
                0x20006f18       0x94 C:\Users\S-SPACE\Desktop\Pratik\FreeRTOS\FreeRTOS_SC_v3.5\FSW_FreeRTOS\CORTEX_SmartFusion2_M2S050_SoftConsole\RTOSDemo_Hardware_Platform\Debug\libRTOSDemo_Hardware_Platform.a(i2c_interrupt.o)
                0x20006f18                I2C_disable_irq
 .text.SystemInit
                0x20006fac       0x2c C:\Users\S-SPACE\Desktop\Pratik\FreeRTOS\FreeRTOS_SC_v3.5\FSW_FreeRTOS\CORTEX_SmartFusion2_M2S050_SoftConsole\RTOSDemo_Hardware_Platform\Debug\libRTOSDemo_Hardware_Platform.a(system_m2sxxx.o)
                0x20006fac                SystemInit
 .text.SystemCoreClockUpdate
                0x20006fd8      0x14c C:\Users\S-SPACE\Desktop\Pratik\FreeRTOS\FreeRTOS_SC_v3.5\FSW_FreeRTOS\CORTEX_SmartFusion2_M2S050_SoftConsole\RTOSDemo_Hardware_Platform\Debug\libRTOSDemo_Hardware_Platform.a(system_m2sxxx.o)
                0x20006fd8                SystemCoreClockUpdate
 .text.get_rcosc_25_50mhz_frequency
                0x20007124       0x44 C:\Users\S-SPACE\Desktop\Pratik\FreeRTOS\FreeRTOS_SC_v3.5\FSW_FreeRTOS\CORTEX_SmartFusion2_M2S050_SoftConsole\RTOSDemo_Hardware_Platform\Debug\libRTOSDemo_Hardware_Platform.a(system_m2sxxx.o)
 .text.set_clock_frequency_globals
                0x20007168       0x6c C:\Users\S-SPACE\Desktop\Pratik\FreeRTOS\FreeRTOS_SC_v3.5\FSW_FreeRTOS\CORTEX_SmartFusion2_M2S050_SoftConsole\RTOSDemo_Hardware_Platform\Debug\libRTOSDemo_Hardware_Platform.a(system_m2sxxx.o)
 .text.get_silicon_revision
                0x200071d4       0x50 C:\Users\S-SPACE\Desktop\Pratik\FreeRTOS\FreeRTOS_SC_v3.5\FSW_FreeRTOS\CORTEX_SmartFusion2_M2S050_SoftConsole\RTOSDemo_Hardware_Platform\Debug\libRTOSDemo_Hardware_Platform.a(system_m2sxxx.o)
 .text.silicon_workarounds
                0x20007224       0x20 C:\Users\S-SPACE\Desktop\Pratik\FreeRTOS\FreeRTOS_SC_v3.5\FSW_FreeRTOS\CORTEX_SmartFusion2_M2S050_SoftConsole\RTOSDemo_Hardware_Platform\Debug\libRTOSDemo_Hardware_Platform.a(system_m2sxxx.o)
 .text.m2s050_rev_a_workarounds
                0x20007244       0x44 C:\Users\S-SPACE\Desktop\Pratik\FreeRTOS\FreeRTOS_SC_v3.5\FSW_FreeRTOS\CORTEX_SmartFusion2_M2S050_SoftConsole\RTOSDemo_Hardware_Platform\Debug\libRTOSDemo_Hardware_Platform.a(system_m2sxxx.o)
 .text.complete_clock_config
                0x20007288       0x90 C:\Users\S-SPACE\Desktop\Pratik\FreeRTOS\FreeRTOS_SC_v3.5\FSW_FreeRTOS\CORTEX_SmartFusion2_M2S050_SoftConsole\RTOSDemo_Hardware_Platform\Debug\libRTOSDemo_Hardware_Platform.a(system_m2sxxx.o)
 .text          0x20007318        0xe C:\Users\S-SPACE\Desktop\Pratik\FreeRTOS\FreeRTOS_SC_v3.5\FSW_FreeRTOS\CORTEX_SmartFusion2_M2S050_SoftConsole\RTOSDemo_Hardware_Platform\Debug\libRTOSDemo_Hardware_Platform.a(hal.o)
                0x20007318                HAL_disable_interrupts
                0x20007320                HAL_restore_interrupts
 .text          0x20007326       0x90 C:\Users\S-SPACE\Desktop\Pratik\FreeRTOS\FreeRTOS_SC_v3.5\FSW_FreeRTOS\CORTEX_SmartFusion2_M2S050_SoftConsole\RTOSDemo_Hardware_Platform\Debug\libRTOSDemo_Hardware_Platform.a(hw_reg_access.o)
                0x20007326                HW_set_32bit_reg
                0x2000732a                HW_get_32bit_reg
                0x2000732e                HW_set_32bit_reg_field
                0x2000734a                HW_get_32bit_reg_field
                0x20007356                HW_set_16bit_reg
                0x2000735a                HW_get_16bit_reg
                0x2000735e                HW_set_16bit_reg_field
                0x2000737a                HW_get_16bit_reg_field
                0x20007386                HW_set_8bit_reg
                0x2000738a                HW_get_8bit_reg
                0x2000738e                HW_set_8bit_reg_field
                0x200073aa                HW_get_8bit_reg_field
 *fill*         0x200073b6        0x2 00
 .text          0x200073b8       0x50 c:/program files (x86)/microsemi/softconsole v3.4/sourcery-g++/bin/../lib/gcc/arm-none-eabi/4.4.1/../../../../arm-none-eabi/lib/thumb2\libc.a(lib_a-init.o)
                0x200073b8                __libc_init_array
 .text          0x20007408      0x190 c:/program files (x86)/microsemi/softconsole v3.4/sourcery-g++/bin/../lib/gcc/arm-none-eabi/4.4.1/../../../../arm-none-eabi/lib/thumb2\libc.a(lib_a-memcpy.o)
                0x20007408                memcpy
 .text          0x20007598       0xd4 c:/program files (x86)/microsemi/softconsole v3.4/sourcery-g++/bin/../lib/gcc/arm-none-eabi/4.4.1/../../../../arm-none-eabi/lib/thumb2\libc.a(lib_a-memset.o)
                0x20007598                memset
 *(.plt)
 *(.gnu.warning)
 *(.glue_7t)
 .glue_7t       0x00000000        0x0 linker stubs
 *(.glue_7)
 .glue_7        0x00000000        0x0 linker stubs
 *(.vfp11_veneer)
 .vfp11_veneer  0x00000000        0x0 linker stubs
                0x2000766c                . = ALIGN (0x4)
 *crtbegin.o(.ctors)
 *(EXCLUDE_FILE(*crtend.o) .ctors)
 *(SORT(.ctors.*))
 *crtend.o(.ctors)
 *crtbegin.o(.dtors)
 *(EXCLUDE_FILE(*crtend.o) .dtors)
 *(SORT(.dtors.*))
 *crtend.o(.dtors)
 *(.rodata .rodata.* .gnu.linkonce.r.*)
 .rodata.C.48.4660
                0x2000766c        0x4 ./pilot/get_data.o
 .rodata.C.40.4595
                0x20007670        0x4 ./pilot/get_data.o
 .rodata        0x20007674        0xc ./cmds/cmd.o
 .rodata        0x20007680       0x30 ./FreeRTOS-Source/tasks.o
 .rodata        0x200076b0        0x8 ./FreeRTOS-Source/timers.o
 .rodata.xHeapStructSize
                0x200076b8        0x4 ./FreeRTOS-Source/portable/MemMang/heap_4.o
 .rodata.pcInterruptPriorityRegisters
                0x200076bc        0x4 ./FreeRTOS-Source/portable/GCC/ARM_CM3/port.o
 .rodata        0x200076c0       0x24 ./Demo_Tasks/demo_tasks.o
 .rodata.C.135.6382
                0x200076e4        0x4 ./Demo_Tasks/demo_tasks.o
 .rodata.C.136.6383
                0x200076e8        0x4 ./Demo_Tasks/demo_tasks.o
 .rodata.C.137.6384
                0x200076ec        0x4 ./Demo_Tasks/demo_tasks.o
 .rodata.C.18.3459
                0x200076f0        0x8 C:\Users\S-SPACE\Desktop\Pratik\FreeRTOS\FreeRTOS_SC_v3.5\FSW_FreeRTOS\CORTEX_SmartFusion2_M2S050_SoftConsole\RTOSDemo_Hardware_Platform\Debug\libRTOSDemo_Hardware_Platform.a(system_m2sxxx.o)
 *(.ARM.extab* .gnu.linkonce.armextab.*)
 *(.gcc_except_table)
 *(.eh_frame_hdr)
 *(.eh_frame)
 *(.init)
 .init          0x200076f8        0x4 c:/program files (x86)/microsemi/softconsole v3.4/sourcery-g++/bin/../lib/gcc/arm-none-eabi/4.4.1/thumb2/crti.o
                0x200076f8                _init
 .init          0x200076fc        0x8 c:/program files (x86)/microsemi/softconsole v3.4/sourcery-g++/bin/../lib/gcc/arm-none-eabi/4.4.1/thumb2/crtn.o
 *(.fini)
 .fini          0x20007704        0x4 c:/program files (x86)/microsemi/softconsole v3.4/sourcery-g++/bin/../lib/gcc/arm-none-eabi/4.4.1/thumb2/crti.o
                0x20007704                _fini
 .fini          0x20007708        0x8 c:/program files (x86)/microsemi/softconsole v3.4/sourcery-g++/bin/../lib/gcc/arm-none-eabi/4.4.1/thumb2/crtn.o
                0x20007710                PROVIDE (__preinit_array_start, .)
 *(.preinit_array)
                0x20007710                PROVIDE (__preinit_array_end, .)
                0x20007710                PROVIDE (__init_array_start, .)
 *(SORT(.init_array.*))
 *(.init_array)
 .init_array    0x20007710        0x4 c:/program files (x86)/microsemi/softconsole v3.4/sourcery-g++/bin/../lib/gcc/arm-none-eabi/4.4.1/thumb2/crtbegin.o
                0x20007714                PROVIDE (__init_array_end, .)
                0x20007714                PROVIDE (__fini_array_start, .)
 *(.fini_array)
 .fini_array    0x20007714        0x4 c:/program files (x86)/microsemi/softconsole v3.4/sourcery-g++/bin/../lib/gcc/arm-none-eabi/4.4.1/thumb2/crtbegin.o
 *(SORT(.fini_array.*))
                0x20007718                PROVIDE (__fini_array_end, .)
                0x20007718                __exidx_start = .

.v4_bx          0x20007718        0x0
 .v4_bx         0x00000000        0x0 linker stubs

.ARM.exidx
 *(.ARM.exidx* .gnu.linkonce.armexidx.*)
                0x20007718                __exidx_end = .
                0x20007718                _etext = .
                0x20007718                PROVIDE (__text_end, .)

.data           0x20007718       0x60
                0x20007718                __data_load = LOADADDR (.data)
                0x20007718                _sidata = LOADADDR (.data)
                0x20007718                __data_start = .
                0x20007718                _sdata = .
 *(.jcr)
 .jcr           0x20007718        0x0 c:/program files (x86)/microsemi/softconsole v3.4/sourcery-g++/bin/../lib/gcc/arm-none-eabi/4.4.1/thumb2/crtbegin.o
 .jcr           0x20007718        0x4 c:/program files (x86)/microsemi/softconsole v3.4/sourcery-g++/bin/../lib/gcc/arm-none-eabi/4.4.1/thumb2/crtend.o
 *(.got.plt)
 *(.got)
 *(.shdata)
 *(.data .data.* .gnu.linkonce.d.*)
 .data.uxCriticalNesting
                0x2000771c        0x4 ./FreeRTOS-Source/portable/GCC/ARM_CM3/port.o
 .data.imu_struct
                0x20007720       0x20 ./Demo_Tasks/demo_tasks.o
 .data.vc_struct
                0x20007740       0x1c ./Demo_Tasks/demo_tasks.o
 .data.SystemCoreClock
                0x2000775c        0x4 C:\Users\S-SPACE\Desktop\Pratik\FreeRTOS\FreeRTOS_SC_v3.5\FSW_FreeRTOS\CORTEX_SmartFusion2_M2S050_SoftConsole\RTOSDemo_Hardware_Platform\Debug\libRTOSDemo_Hardware_Platform.a(system_m2sxxx.o)
                0x2000775c                SystemCoreClock
 .data.g_FrequencyPCLK0
                0x20007760        0x4 C:\Users\S-SPACE\Desktop\Pratik\FreeRTOS\FreeRTOS_SC_v3.5\FSW_FreeRTOS\CORTEX_SmartFusion2_M2S050_SoftConsole\RTOSDemo_Hardware_Platform\Debug\libRTOSDemo_Hardware_Platform.a(system_m2sxxx.o)
                0x20007760                g_FrequencyPCLK0
 .data.g_FrequencyPCLK1
                0x20007764        0x4 C:\Users\S-SPACE\Desktop\Pratik\FreeRTOS\FreeRTOS_SC_v3.5\FSW_FreeRTOS\CORTEX_SmartFusion2_M2S050_SoftConsole\RTOSDemo_Hardware_Platform\Debug\libRTOSDemo_Hardware_Platform.a(system_m2sxxx.o)
                0x20007764                g_FrequencyPCLK1
 .data.g_FrequencyPCLK2
                0x20007768        0x4 C:\Users\S-SPACE\Desktop\Pratik\FreeRTOS\FreeRTOS_SC_v3.5\FSW_FreeRTOS\CORTEX_SmartFusion2_M2S050_SoftConsole\RTOSDemo_Hardware_Platform\Debug\libRTOSDemo_Hardware_Platform.a(system_m2sxxx.o)
                0x20007768                g_FrequencyPCLK2
 .data.g_FrequencyFIC0
                0x2000776c        0x4 C:\Users\S-SPACE\Desktop\Pratik\FreeRTOS\FreeRTOS_SC_v3.5\FSW_FreeRTOS\CORTEX_SmartFusion2_M2S050_SoftConsole\RTOSDemo_Hardware_Platform\Debug\libRTOSDemo_Hardware_Platform.a(system_m2sxxx.o)
                0x2000776c                g_FrequencyFIC0
 .data.g_FrequencyFIC1
                0x20007770        0x4 C:\Users\S-SPACE\Desktop\Pratik\FreeRTOS\FreeRTOS_SC_v3.5\FSW_FreeRTOS\CORTEX_SmartFusion2_M2S050_SoftConsole\RTOSDemo_Hardware_Platform\Debug\libRTOSDemo_Hardware_Platform.a(system_m2sxxx.o)
                0x20007770                g_FrequencyFIC1
 .data.g_FrequencyFIC64
                0x20007774        0x4 C:\Users\S-SPACE\Desktop\Pratik\FreeRTOS\FreeRTOS_SC_v3.5\FSW_FreeRTOS\CORTEX_SmartFusion2_M2S050_SoftConsole\RTOSDemo_Hardware_Platform\Debug\libRTOSDemo_Hardware_Platform.a(system_m2sxxx.o)
                0x20007774                g_FrequencyFIC64
                0x20007778                . = ALIGN (0x4)
                0x20007778                _edata = .

.bss            0x20007778     0x6b40
                0x20007778                __bss_start__ = .
                0x20007778                _sbss = .
 *(.shbss)
 *(.bss .bss.* .gnu.linkonce.b.*)
 .bss           0x20007778        0x1 c:/program files (x86)/microsemi/softconsole v3.4/sourcery-g++/bin/../lib/gcc/arm-none-eabi/4.4.1/thumb2/crtbegin.o
 *fill*         0x20007779        0x3 00
 .bss.ulLastCounterValue.1425
                0x2000777c        0x4 ./RunTimeStatsTimer.o
 .bss.ulOverflows.1426
                0x20007780        0x4 ./RunTimeStatsTimer.o
 .bss.pxCurrentTCB
                0x20007784        0x4 ./FreeRTOS-Source/tasks.o
                0x20007784                pxCurrentTCB
 .bss.pxReadyTasksLists
                0x20007788       0x64 ./FreeRTOS-Source/tasks.o
 .bss.xDelayedTaskList1
                0x200077ec       0x14 ./FreeRTOS-Source/tasks.o
 .bss.xDelayedTaskList2
                0x20007800       0x14 ./FreeRTOS-Source/tasks.o
 .bss.pxDelayedTaskList
                0x20007814        0x4 ./FreeRTOS-Source/tasks.o
 .bss.pxOverflowDelayedTaskList
                0x20007818        0x4 ./FreeRTOS-Source/tasks.o
 .bss.xPendingReadyList
                0x2000781c       0x14 ./FreeRTOS-Source/tasks.o
 .bss.xTasksWaitingTermination
                0x20007830       0x14 ./FreeRTOS-Source/tasks.o
 .bss.uxDeletedTasksWaitingCleanUp
                0x20007844        0x4 ./FreeRTOS-Source/tasks.o
 .bss.xSuspendedTaskList
                0x20007848       0x14 ./FreeRTOS-Source/tasks.o
 .bss.uxCurrentNumberOfTasks
                0x2000785c        0x4 ./FreeRTOS-Source/tasks.o
 .bss.xTickCount
                0x20007860        0x4 ./FreeRTOS-Source/tasks.o
 .bss.uxTopReadyPriority
                0x20007864        0x4 ./FreeRTOS-Source/tasks.o
 .bss.xSchedulerRunning
                0x20007868        0x4 ./FreeRTOS-Source/tasks.o
 .bss.uxPendedTicks
                0x2000786c        0x4 ./FreeRTOS-Source/tasks.o
 .bss.xYieldPending
                0x20007870        0x4 ./FreeRTOS-Source/tasks.o
 .bss.xNumOfOverflows
                0x20007874        0x4 ./FreeRTOS-Source/tasks.o
 .bss.uxTaskNumber
                0x20007878        0x4 ./FreeRTOS-Source/tasks.o
 .bss.xNextTaskUnblockTime
                0x2000787c        0x4 ./FreeRTOS-Source/tasks.o
 .bss.xIdleTaskHandle
                0x20007880        0x4 ./FreeRTOS-Source/tasks.o
 .bss.uxSchedulerSuspended
                0x20007884        0x4 ./FreeRTOS-Source/tasks.o
 .bss.ulTaskSwitchedInTime
                0x20007888        0x4 ./FreeRTOS-Source/tasks.o
 .bss.ulTotalRunTime
                0x2000788c        0x4 ./FreeRTOS-Source/tasks.o
 .bss.xActiveTimerList1
                0x20007890       0x14 ./FreeRTOS-Source/timers.o
 .bss.xActiveTimerList2
                0x200078a4       0x14 ./FreeRTOS-Source/timers.o
 .bss.pxCurrentTimerList
                0x200078b8        0x4 ./FreeRTOS-Source/timers.o
 .bss.pxOverflowTimerList
                0x200078bc        0x4 ./FreeRTOS-Source/timers.o
 .bss.xTimerQueue
                0x200078c0        0x4 ./FreeRTOS-Source/timers.o
 .bss.xTimerTaskHandle
                0x200078c4        0x4 ./FreeRTOS-Source/timers.o
 .bss.xLastTime.2561
                0x200078c8        0x4 ./FreeRTOS-Source/timers.o
 .bss.ucHeap    0x200078cc     0x61a8 ./FreeRTOS-Source/portable/MemMang/heap_4.o
 .bss.xStart    0x2000da74        0x8 ./FreeRTOS-Source/portable/MemMang/heap_4.o
 .bss.pxEnd     0x2000da7c        0x4 ./FreeRTOS-Source/portable/MemMang/heap_4.o
 .bss.xFreeBytesRemaining
                0x2000da80        0x4 ./FreeRTOS-Source/portable/MemMang/heap_4.o
 .bss.xMinimumEverFreeBytesRemaining
                0x2000da84        0x4 ./FreeRTOS-Source/portable/MemMang/heap_4.o
 .bss.xBlockAllocatedBit
                0x2000da88        0x4 ./FreeRTOS-Source/portable/MemMang/heap_4.o
 .bss.ucMaxSysCallPriority
                0x2000da8c        0x1 ./FreeRTOS-Source/portable/GCC/ARM_CM3/port.o
 *fill*         0x2000da8d        0x3 00
 .bss.ulMaxPRIGROUPValue
                0x2000da90        0x4 ./FreeRTOS-Source/portable/GCC/ARM_CM3/port.o
 .bss.command_cnt
                0x2000da94        0x2 ./Demo_Tasks/demo_tasks.o
                0x2000da94                command_cnt
 *fill*         0x2000da96        0x2 00
 .bss.uart_irq  0x2000da98        0x4 ./Demo_Tasks/demo_tasks.o
                0x2000da98                uart_irq
 *(COMMON)
 COMMON         0x2000da9c      0x4e1 ./main.o
                0x2000da9c                data_pld
                0x2000dad0                g_core_i2c2
                0x2000db3c                uart0_irq_rx_buffer
                0x2000db40                argu
                0x2000db5c                c
                0x2000db78                uart1_irq_size
                0x2000db7c                data
                0x2000dd7c                device_param
                0x2000de7c                device
                0x2000df7c                command_index
 *fill*         0x2000df7d        0x3 00
 COMMON         0x2000df80       0x24 ./stream/stream.o
                0x2000df80                pkt_stream
                0x2000df9c                pkt_timer
 COMMON         0x2000dfa4        0xb ./pilot/get_data.o
                0x2000dfa4                init_command
                0x2000dfa8                read
                0x2000dfaa                bvol
                0x2000dfac                count
                0x2000dfad                config_reg
                0x2000dfae                status
 *fill*         0x2000dfaf        0x1 00
 COMMON         0x2000dfb0      0x224 ./pilot/peripherals.o
                0x2000dfb0                g_core_i2c0
                0x2000e01c                g_core_i2c1
                0x2000e088                g_core_i2c5
                0x2000e0f4                g_core_i2c3
                0x2000e160                sd_timer
                0x2000e164                core_i2c_status
                0x2000e168                g_core_i2c4
 COMMON         0x2000e1d4       0x20 ./cmds/cmd.o
                0x2000e1d4                cmd_timer
                0x2000e1d8                cmd_list
                0x2000e1f0                cmd
 COMMON         0x2000e1f4       0x44 ./Demo_Tasks/demo_tasks.o
                0x2000e1f4                Store_PKT_Queue
                0x2000e1f8                feed_tlm_task
                0x2000e1fc                get_pld_pkt_handle
                0x2000e200                tlm_sender_handle
                0x2000e204                hk_pkt
                0x2000e208                tlm_tsk_handle
                0x2000e20c                feed_cmd_tsk
                0x2000e210                feed_tlm_sender
                0x2000e214                xMutex
                0x2000e218                feed_get_hk_data
                0x2000e21c                hk_task_feed
                0x2000e220                get_hk_pkt_handle
                0x2000e224                feed_get_payload_data
                0x2000e228                Data_PKT_Queue
                0x2000e22c                pld_pkt
                0x2000e230                command_reject_cnt
                0x2000e234                cmd_tsk
 COMMON         0x2000e238       0x80 C:\Users\S-SPACE\Desktop\Pratik\FreeRTOS\FreeRTOS_SC_v3.5\FSW_FreeRTOS\CORTEX_SmartFusion2_M2S050_SoftConsole\RTOSDemo_Hardware_Platform\Debug\libRTOSDemo_Hardware_Platform.a(mss_uart.o)
                0x2000e238                g_mss_uart1
                0x2000e278                g_mss_uart0
                0x2000e2b8                . = ALIGN (0x8)
                0x2000e2b8                __bss_end__ = .
                0x2000e2b8                _end = .
                0x2000e2b8                __end = _end
                0x2000e2b8                _ebss = .
                0x2000e2b8                PROVIDE (end, .)

.stack          0x2000e2b8      0x400
                0x2000e2b8                . = ALIGN (0x4)
                0x2000e2b8                . = (. + PROCESS_STACK_SIZE)
                0x2000e2b8                . = ALIGN (0x4)
                0x2000e6b8                . = (. + MAIN_STACK_SIZE)
 *fill*         0x2000e2b8      0x400 00
                0x2000e6b8                . = ALIGN (0x4)

.stab
 *(.stab)

.stabstr
 *(.stabstr)

.debug
 *(.debug)

.line
 *(.line)

.debug_srcinfo
 *(.debug_srcinfo)

.debug_sfnames
 *(.debug_sfnames)

.comment        0x00000000      0x45e
 .comment       0x00000000       0x2b ./RunTimeStatsTimer.o
 .comment       0x0000002b       0x2b ./main.o
 .comment       0x00000056       0x2b ./printf-stdarg.o
 .comment       0x00000081       0x2b ./stream/stream.o
 .comment       0x000000ac       0x2b ./pilot/get_data.o
 .comment       0x000000d7       0x2b ./pilot/init.o
 .comment       0x00000102       0x2b ./pilot/peripherals.o
 .comment       0x0000012d       0x2b ./pilot/pilot.o
 .comment       0x00000158       0x2b ./pilot/pslv_interface.o
 .comment       0x00000183       0x2b ./pilot/read.o
 .comment       0x000001ae       0x2b ./pilot/write.o
 .comment       0x000001d9       0x2b ./osal/osal.o
 .comment       0x00000204       0x2b ./cmds/cmd.o
 .comment       0x0000022f       0x2b ./FreeRTOS-Source/list.o
 .comment       0x0000025a       0x2b ./FreeRTOS-Source/queue.o
 .comment       0x00000285       0x2b ./FreeRTOS-Source/tasks.o
 .comment       0x000002b0       0x2b ./FreeRTOS-Source/timers.o
 .comment       0x000002db       0x2b ./FreeRTOS-Source/portable/MemMang/heap_4.o
 .comment       0x00000306       0x2b ./FreeRTOS-Source/portable/GCC/ARM_CM3/port.o
 .comment       0x00000331       0x2b ./Demo_Tasks/demo_tasks.o
 .comment       0x0000035c       0x2b ./Blinky-Demo/main_blinky.o
 .comment       0x00000387       0x2b C:/Users/S-SPACE/Desktop/Pratik/FreeRTOS/FreeRTOS_SC_v3.5/FSW_FreeRTOS/CORTEX_SmartFusion2_M2S050_SoftConsole/RTOSDemo_Hardware_Platform/Debug/CMSIS/startup_gcc/newlib_stubs.o
 .comment       0x000003b2       0x2b C:\Users\S-SPACE\Desktop\Pratik\FreeRTOS\FreeRTOS_SC_v3.5\FSW_FreeRTOS\CORTEX_SmartFusion2_M2S050_SoftConsole\RTOSDemo_Hardware_Platform\Debug\libRTOSDemo_Hardware_Platform.a(mss_uart.o)
 .comment       0x000003dd       0x2b C:\Users\S-SPACE\Desktop\Pratik\FreeRTOS\FreeRTOS_SC_v3.5\FSW_FreeRTOS\CORTEX_SmartFusion2_M2S050_SoftConsole\RTOSDemo_Hardware_Platform\Debug\libRTOSDemo_Hardware_Platform.a(core_i2c.o)
 .comment       0x00000408       0x2b C:\Users\S-SPACE\Desktop\Pratik\FreeRTOS\FreeRTOS_SC_v3.5\FSW_FreeRTOS\CORTEX_SmartFusion2_M2S050_SoftConsole\RTOSDemo_Hardware_Platform\Debug\libRTOSDemo_Hardware_Platform.a(i2c_interrupt.o)
 .comment       0x00000433       0x2b C:\Users\S-SPACE\Desktop\Pratik\FreeRTOS\FreeRTOS_SC_v3.5\FSW_FreeRTOS\CORTEX_SmartFusion2_M2S050_SoftConsole\RTOSDemo_Hardware_Platform\Debug\libRTOSDemo_Hardware_Platform.a(system_m2sxxx.o)

.debug_aranges  0x00000000      0xbf0
 *(.debug_aranges)
 .debug_aranges
                0x00000000       0x28 ./RunTimeStatsTimer.o
 .debug_aranges
                0x00000028       0x48 ./main.o
 .debug_aranges
                0x00000070       0x58 ./printf-stdarg.o
 .debug_aranges
                0x000000c8       0x28 ./stream/stream.o
 .debug_aranges
                0x000000f0       0x70 ./pilot/get_data.o
 .debug_aranges
                0x00000160       0x20 ./pilot/init.o
 .debug_aranges
                0x00000180       0x20 ./pilot/read.o
 .debug_aranges
                0x000001a0       0x20 ./pilot/write.o
 .debug_aranges
                0x000001c0       0x28 ./osal/osal.o
 .debug_aranges
                0x000001e8       0x50 ./cmds/cmd.o
 .debug_aranges
                0x00000238       0x40 ./FreeRTOS-Source/list.o
 .debug_aranges
                0x00000278      0x100 ./FreeRTOS-Source/queue.o
 .debug_aranges
                0x00000378      0x1f0 ./FreeRTOS-Source/tasks.o
 .debug_aranges
                0x00000568       0xc8 ./FreeRTOS-Source/timers.o
 .debug_aranges
                0x00000630       0x50 ./FreeRTOS-Source/portable/MemMang/heap_4.o
 .debug_aranges
                0x00000680       0x78 ./FreeRTOS-Source/portable/GCC/ARM_CM3/port.o
 .debug_aranges
                0x000006f8       0xb0 ./Demo_Tasks/demo_tasks.o
 .debug_aranges
                0x000007a8       0x30 ./Blinky-Demo/main_blinky.o
 .debug_aranges
                0x000007d8       0xa8 C:/Users/S-SPACE/Desktop/Pratik/FreeRTOS/FreeRTOS_SC_v3.5/FSW_FreeRTOS/CORTEX_SmartFusion2_M2S050_SoftConsole/RTOSDemo_Hardware_Platform/Debug/CMSIS/startup_gcc/newlib_stubs.o
 .debug_aranges
                0x00000880      0x1d0 C:\Users\S-SPACE\Desktop\Pratik\FreeRTOS\FreeRTOS_SC_v3.5\FSW_FreeRTOS\CORTEX_SmartFusion2_M2S050_SoftConsole\RTOSDemo_Hardware_Platform\Debug\libRTOSDemo_Hardware_Platform.a(mss_uart.o)
 .debug_aranges
                0x00000a50      0x110 C:\Users\S-SPACE\Desktop\Pratik\FreeRTOS\FreeRTOS_SC_v3.5\FSW_FreeRTOS\CORTEX_SmartFusion2_M2S050_SoftConsole\RTOSDemo_Hardware_Platform\Debug\libRTOSDemo_Hardware_Platform.a(core_i2c.o)
 .debug_aranges
                0x00000b60       0x38 C:\Users\S-SPACE\Desktop\Pratik\FreeRTOS\FreeRTOS_SC_v3.5\FSW_FreeRTOS\CORTEX_SmartFusion2_M2S050_SoftConsole\RTOSDemo_Hardware_Platform\Debug\libRTOSDemo_Hardware_Platform.a(i2c_interrupt.o)
 .debug_aranges
                0x00000b98       0x58 C:\Users\S-SPACE\Desktop\Pratik\FreeRTOS\FreeRTOS_SC_v3.5\FSW_FreeRTOS\CORTEX_SmartFusion2_M2S050_SoftConsole\RTOSDemo_Hardware_Platform\Debug\libRTOSDemo_Hardware_Platform.a(system_m2sxxx.o)

.debug_pubnames
                0x00000000     0x1e65
 *(.debug_pubnames)
 .debug_pubnames
                0x00000000       0x52 ./RunTimeStatsTimer.o
 .debug_pubnames
                0x00000052      0x11e ./main.o
 .debug_pubnames
                0x00000170       0x40 ./printf-stdarg.o
 .debug_pubnames
                0x000001b0       0xda ./stream/stream.o
 .debug_pubnames
                0x0000028a      0x10f ./pilot/get_data.o
 .debug_pubnames
                0x00000399       0x1b ./pilot/init.o
 .debug_pubnames
                0x000003b4       0x93 ./pilot/peripherals.o
 .debug_pubnames
                0x00000447       0xb9 ./pilot/read.o
 .debug_pubnames
                0x00000500       0x24 ./pilot/write.o
 .debug_pubnames
                0x00000524       0x31 ./osal/osal.o
 .debug_pubnames
                0x00000555      0x138 ./cmds/cmd.o
 .debug_pubnames
                0x0000068d       0x72 ./FreeRTOS-Source/list.o
 .debug_pubnames
                0x000006ff      0x256 ./FreeRTOS-Source/queue.o
 .debug_pubnames
                0x00000955      0x487 ./FreeRTOS-Source/tasks.o
 .debug_pubnames
                0x00000ddc      0x138 ./FreeRTOS-Source/timers.o
 .debug_pubnames
                0x00000f14       0x88 ./FreeRTOS-Source/portable/MemMang/heap_4.o
 .debug_pubnames
                0x00000f9c       0xfe ./FreeRTOS-Source/portable/GCC/ARM_CM3/port.o
 .debug_pubnames
                0x0000109a      0x3f2 ./Demo_Tasks/demo_tasks.o
 .debug_pubnames
                0x0000148c       0x22 ./Blinky-Demo/main_blinky.o
 .debug_pubnames
                0x000014ae       0xeb C:/Users/S-SPACE/Desktop/Pratik/FreeRTOS/FreeRTOS_SC_v3.5/FSW_FreeRTOS/CORTEX_SmartFusion2_M2S050_SoftConsole/RTOSDemo_Hardware_Platform/Debug/CMSIS/startup_gcc/newlib_stubs.o
 .debug_pubnames
                0x00001599      0x50f C:\Users\S-SPACE\Desktop\Pratik\FreeRTOS\FreeRTOS_SC_v3.5\FSW_FreeRTOS\CORTEX_SmartFusion2_M2S050_SoftConsole\RTOSDemo_Hardware_Platform\Debug\libRTOSDemo_Hardware_Platform.a(mss_uart.o)
 .debug_pubnames
                0x00001aa8      0x2b9 C:\Users\S-SPACE\Desktop\Pratik\FreeRTOS\FreeRTOS_SC_v3.5\FSW_FreeRTOS\CORTEX_SmartFusion2_M2S050_SoftConsole\RTOSDemo_Hardware_Platform\Debug\libRTOSDemo_Hardware_Platform.a(core_i2c.o)
 .debug_pubnames
                0x00001d61       0x39 C:\Users\S-SPACE\Desktop\Pratik\FreeRTOS\FreeRTOS_SC_v3.5\FSW_FreeRTOS\CORTEX_SmartFusion2_M2S050_SoftConsole\RTOSDemo_Hardware_Platform\Debug\libRTOSDemo_Hardware_Platform.a(i2c_interrupt.o)
 .debug_pubnames
                0x00001d9a       0xcb C:\Users\S-SPACE\Desktop\Pratik\FreeRTOS\FreeRTOS_SC_v3.5\FSW_FreeRTOS\CORTEX_SmartFusion2_M2S050_SoftConsole\RTOSDemo_Hardware_Platform\Debug\libRTOSDemo_Hardware_Platform.a(system_m2sxxx.o)

.debug_info     0x00000000     0xef73
 *(.debug_info .gnu.linkonce.wi.*)
 .debug_info    0x00000000       0xf2 ./RunTimeStatsTimer.o
 .debug_info    0x000000f2      0x565 ./main.o
 .debug_info    0x00000657      0x424 ./printf-stdarg.o
 .debug_info    0x00000a7b      0xba2 ./stream/stream.o
 .debug_info    0x0000161d      0x8c5 ./pilot/get_data.o
 .debug_info    0x00001ee2      0x658 ./pilot/init.o
 .debug_info    0x0000253a      0x3f8 ./pilot/peripherals.o
 .debug_info    0x00002932       0x29 ./pilot/pilot.o
 .debug_info    0x0000295b       0x29 ./pilot/pslv_interface.o
 .debug_info    0x00002984      0x755 ./pilot/read.o
 .debug_info    0x000030d9      0x634 ./pilot/write.o
 .debug_info    0x0000370d       0xfd ./osal/osal.o
 .debug_info    0x0000380a      0x6f6 ./cmds/cmd.o
 .debug_info    0x00003f00      0x2c0 ./FreeRTOS-Source/list.o
 .debug_info    0x000041c0     0x135d ./FreeRTOS-Source/queue.o
 .debug_info    0x0000551d     0x2038 ./FreeRTOS-Source/tasks.o
 .debug_info    0x00007555      0xd8a ./FreeRTOS-Source/timers.o
 .debug_info    0x000082df      0x3d8 ./FreeRTOS-Source/portable/MemMang/heap_4.o
 .debug_info    0x000086b7      0x4af ./FreeRTOS-Source/portable/GCC/ARM_CM3/port.o
 .debug_info    0x00008b66     0x1c1b ./Demo_Tasks/demo_tasks.o
 .debug_info    0x0000a781      0x1a1 ./Blinky-Demo/main_blinky.o
 .debug_info    0x0000a922      0x6c3 C:/Users/S-SPACE/Desktop/Pratik/FreeRTOS/FreeRTOS_SC_v3.5/FSW_FreeRTOS/CORTEX_SmartFusion2_M2S050_SoftConsole/RTOSDemo_Hardware_Platform/Debug/CMSIS/startup_gcc/newlib_stubs.o
 .debug_info    0x0000afe5     0x1ed4 C:\Users\S-SPACE\Desktop\Pratik\FreeRTOS\FreeRTOS_SC_v3.5\FSW_FreeRTOS\CORTEX_SmartFusion2_M2S050_SoftConsole\RTOSDemo_Hardware_Platform\Debug\libRTOSDemo_Hardware_Platform.a(mss_uart.o)
 .debug_info    0x0000ceb9      0xd0c C:\Users\S-SPACE\Desktop\Pratik\FreeRTOS\FreeRTOS_SC_v3.5\FSW_FreeRTOS\CORTEX_SmartFusion2_M2S050_SoftConsole\RTOSDemo_Hardware_Platform\Debug\libRTOSDemo_Hardware_Platform.a(core_i2c.o)
 .debug_info    0x0000dbc5      0x7ce C:\Users\S-SPACE\Desktop\Pratik\FreeRTOS\FreeRTOS_SC_v3.5\FSW_FreeRTOS\CORTEX_SmartFusion2_M2S050_SoftConsole\RTOSDemo_Hardware_Platform\Debug\libRTOSDemo_Hardware_Platform.a(i2c_interrupt.o)
 .debug_info    0x0000e393      0xbe0 C:\Users\S-SPACE\Desktop\Pratik\FreeRTOS\FreeRTOS_SC_v3.5\FSW_FreeRTOS\CORTEX_SmartFusion2_M2S050_SoftConsole\RTOSDemo_Hardware_Platform\Debug\libRTOSDemo_Hardware_Platform.a(system_m2sxxx.o)

.debug_abbrev   0x00000000     0x2529
 *(.debug_abbrev)
 .debug_abbrev  0x00000000       0x92 ./RunTimeStatsTimer.o
 .debug_abbrev  0x00000092      0x1b8 ./main.o
 .debug_abbrev  0x0000024a      0x147 ./printf-stdarg.o
 .debug_abbrev  0x00000391      0x1d4 ./stream/stream.o
 .debug_abbrev  0x00000565      0x197 ./pilot/get_data.o
 .debug_abbrev  0x000006fc      0x197 ./pilot/init.o
 .debug_abbrev  0x00000893      0x104 ./pilot/peripherals.o
 .debug_abbrev  0x00000997       0x16 ./pilot/pilot.o
 .debug_abbrev  0x000009ad       0x16 ./pilot/pslv_interface.o
 .debug_abbrev  0x000009c3      0x1a8 ./pilot/read.o
 .debug_abbrev  0x00000b6b      0x172 ./pilot/write.o
 .debug_abbrev  0x00000cdd       0x90 ./osal/osal.o
 .debug_abbrev  0x00000d6d      0x1c9 ./cmds/cmd.o
 .debug_abbrev  0x00000f36       0xc5 ./FreeRTOS-Source/list.o
 .debug_abbrev  0x00000ffb      0x1d2 ./FreeRTOS-Source/queue.o
 .debug_abbrev  0x000011cd      0x252 ./FreeRTOS-Source/tasks.o
 .debug_abbrev  0x0000141f      0x1a9 ./FreeRTOS-Source/timers.o
 .debug_abbrev  0x000015c8      0x1b7 ./FreeRTOS-Source/portable/MemMang/heap_4.o
 .debug_abbrev  0x0000177f      0x1f7 ./FreeRTOS-Source/portable/GCC/ARM_CM3/port.o
 .debug_abbrev  0x00001976      0x2b5 ./Demo_Tasks/demo_tasks.o
 .debug_abbrev  0x00001c2b       0xd9 ./Blinky-Demo/main_blinky.o
 .debug_abbrev  0x00001d04      0x158 C:/Users/S-SPACE/Desktop/Pratik/FreeRTOS/FreeRTOS_SC_v3.5/FSW_FreeRTOS/CORTEX_SmartFusion2_M2S050_SoftConsole/RTOSDemo_Hardware_Platform/Debug/CMSIS/startup_gcc/newlib_stubs.o
 .debug_abbrev  0x00001e5c      0x280 C:\Users\S-SPACE\Desktop\Pratik\FreeRTOS\FreeRTOS_SC_v3.5\FSW_FreeRTOS\CORTEX_SmartFusion2_M2S050_SoftConsole\RTOSDemo_Hardware_Platform\Debug\libRTOSDemo_Hardware_Platform.a(mss_uart.o)
 .debug_abbrev  0x000020dc      0x185 C:\Users\S-SPACE\Desktop\Pratik\FreeRTOS\FreeRTOS_SC_v3.5\FSW_FreeRTOS\CORTEX_SmartFusion2_M2S050_SoftConsole\RTOSDemo_Hardware_Platform\Debug\libRTOSDemo_Hardware_Platform.a(core_i2c.o)
 .debug_abbrev  0x00002261      0x169 C:\Users\S-SPACE\Desktop\Pratik\FreeRTOS\FreeRTOS_SC_v3.5\FSW_FreeRTOS\CORTEX_SmartFusion2_M2S050_SoftConsole\RTOSDemo_Hardware_Platform\Debug\libRTOSDemo_Hardware_Platform.a(i2c_interrupt.o)
 .debug_abbrev  0x000023ca      0x15f C:\Users\S-SPACE\Desktop\Pratik\FreeRTOS\FreeRTOS_SC_v3.5\FSW_FreeRTOS\CORTEX_SmartFusion2_M2S050_SoftConsole\RTOSDemo_Hardware_Platform\Debug\libRTOSDemo_Hardware_Platform.a(system_m2sxxx.o)

.debug_line     0x00000000    0x11f5e
 *(.debug_line)
 .debug_line    0x00000000      0x389 ./RunTimeStatsTimer.o
 .debug_line    0x00000389     0x1643 ./main.o
 .debug_line    0x000019cc      0x45f ./printf-stdarg.o
 .debug_line    0x00001e2b     0x15fd ./stream/stream.o
 .debug_line    0x00003428     0x1324 ./pilot/get_data.o
 .debug_line    0x0000474c     0x11e1 ./pilot/init.o
 .debug_line    0x0000592d     0x11aa ./pilot/peripherals.o
 .debug_line    0x00006ad7       0x31 ./pilot/pilot.o
 .debug_line    0x00006b08       0x3a ./pilot/pslv_interface.o
 .debug_line    0x00006b42     0x161e ./pilot/read.o
 .debug_line    0x00008160     0x11e1 ./pilot/write.o
 .debug_line    0x00009341      0x420 ./osal/osal.o
 .debug_line    0x00009761     0x16e9 ./cmds/cmd.o
 .debug_line    0x0000ae4a      0x589 ./FreeRTOS-Source/list.o
 .debug_line    0x0000b3d3      0xac2 ./FreeRTOS-Source/queue.o
 .debug_line    0x0000be95      0xf40 ./FreeRTOS-Source/tasks.o
 .debug_line    0x0000cdd5      0x848 ./FreeRTOS-Source/timers.o
 .debug_line    0x0000d61d      0x639 ./FreeRTOS-Source/portable/MemMang/heap_4.o
 .debug_line    0x0000dc56      0x500 ./FreeRTOS-Source/portable/GCC/ARM_CM3/port.o
 .debug_line    0x0000e156     0x1a47 ./Demo_Tasks/demo_tasks.o
 .debug_line    0x0000fb9d      0x5b2 ./Blinky-Demo/main_blinky.o
 .debug_line    0x0001014f      0x4aa C:/Users/S-SPACE/Desktop/Pratik/FreeRTOS/FreeRTOS_SC_v3.5/FSW_FreeRTOS/CORTEX_SmartFusion2_M2S050_SoftConsole/RTOSDemo_Hardware_Platform/Debug/CMSIS/startup_gcc/newlib_stubs.o
 .debug_line    0x000105f9      0x8f8 C:\Users\S-SPACE\Desktop\Pratik\FreeRTOS\FreeRTOS_SC_v3.5\FSW_FreeRTOS\CORTEX_SmartFusion2_M2S050_SoftConsole\RTOSDemo_Hardware_Platform\Debug\libRTOSDemo_Hardware_Platform.a(mss_uart.o)
 .debug_line    0x00010ef1      0x8bd C:\Users\S-SPACE\Desktop\Pratik\FreeRTOS\FreeRTOS_SC_v3.5\FSW_FreeRTOS\CORTEX_SmartFusion2_M2S050_SoftConsole\RTOSDemo_Hardware_Platform\Debug\libRTOSDemo_Hardware_Platform.a(core_i2c.o)
 .debug_line    0x000117ae      0x56f C:\Users\S-SPACE\Desktop\Pratik\FreeRTOS\FreeRTOS_SC_v3.5\FSW_FreeRTOS\CORTEX_SmartFusion2_M2S050_SoftConsole\RTOSDemo_Hardware_Platform\Debug\libRTOSDemo_Hardware_Platform.a(i2c_interrupt.o)
 .debug_line    0x00011d1d      0x241 C:\Users\S-SPACE\Desktop\Pratik\FreeRTOS\FreeRTOS_SC_v3.5\FSW_FreeRTOS\CORTEX_SmartFusion2_M2S050_SoftConsole\RTOSDemo_Hardware_Platform\Debug\libRTOSDemo_Hardware_Platform.a(system_m2sxxx.o)

.debug_frame    0x00000000     0x2790
 *(.debug_frame)
 .debug_frame   0x00000000       0x44 ./RunTimeStatsTimer.o
 .debug_frame   0x00000044       0xac ./main.o
 .debug_frame   0x000000f0      0x134 ./printf-stdarg.o
 .debug_frame   0x00000224       0x4c ./stream/stream.o
 .debug_frame   0x00000270      0x170 ./pilot/get_data.o
 .debug_frame   0x000003e0       0x30 ./pilot/init.o
 .debug_frame   0x00000410       0x30 ./pilot/read.o
 .debug_frame   0x00000440       0x30 ./pilot/write.o
 .debug_frame   0x00000470       0x4c ./osal/osal.o
 .debug_frame   0x000004bc       0xd8 ./cmds/cmd.o
 .debug_frame   0x00000594       0x9c ./FreeRTOS-Source/list.o
 .debug_frame   0x00000630      0x398 ./FreeRTOS-Source/queue.o
 .debug_frame   0x000009c8      0x724 ./FreeRTOS-Source/tasks.o
 .debug_frame   0x000010ec      0x2b8 ./FreeRTOS-Source/timers.o
 .debug_frame   0x000013a4       0xd0 ./FreeRTOS-Source/portable/MemMang/heap_4.o
 .debug_frame   0x00001474      0x140 ./FreeRTOS-Source/portable/GCC/ARM_CM3/port.o
 .debug_frame   0x000015b4      0x254 ./Demo_Tasks/demo_tasks.o
 .debug_frame   0x00001808       0x70 ./Blinky-Demo/main_blinky.o
 .debug_frame   0x00001878      0x21c C:/Users/S-SPACE/Desktop/Pratik/FreeRTOS/FreeRTOS_SC_v3.5/FSW_FreeRTOS/CORTEX_SmartFusion2_M2S050_SoftConsole/RTOSDemo_Hardware_Platform/Debug/CMSIS/startup_gcc/newlib_stubs.o
 .debug_frame   0x00001a94      0x6b4 C:\Users\S-SPACE\Desktop\Pratik\FreeRTOS\FreeRTOS_SC_v3.5\FSW_FreeRTOS\CORTEX_SmartFusion2_M2S050_SoftConsole\RTOSDemo_Hardware_Platform\Debug\libRTOSDemo_Hardware_Platform.a(mss_uart.o)
 .debug_frame   0x00002148      0x3e4 C:\Users\S-SPACE\Desktop\Pratik\FreeRTOS\FreeRTOS_SC_v3.5\FSW_FreeRTOS\CORTEX_SmartFusion2_M2S050_SoftConsole\RTOSDemo_Hardware_Platform\Debug\libRTOSDemo_Hardware_Platform.a(core_i2c.o)
 .debug_frame   0x0000252c       0x88 C:\Users\S-SPACE\Desktop\Pratik\FreeRTOS\FreeRTOS_SC_v3.5\FSW_FreeRTOS\CORTEX_SmartFusion2_M2S050_SoftConsole\RTOSDemo_Hardware_Platform\Debug\libRTOSDemo_Hardware_Platform.a(i2c_interrupt.o)
 .debug_frame   0x000025b4       0xf4 C:\Users\S-SPACE\Desktop\Pratik\FreeRTOS\FreeRTOS_SC_v3.5\FSW_FreeRTOS\CORTEX_SmartFusion2_M2S050_SoftConsole\RTOSDemo_Hardware_Platform\Debug\libRTOSDemo_Hardware_Platform.a(system_m2sxxx.o)
 .debug_frame   0x000026a8       0x20 c:/program files (x86)/microsemi/softconsole v3.4/sourcery-g++/bin/../lib/gcc/arm-none-eabi/4.4.1/../../../../arm-none-eabi/lib/thumb2\libc.a(lib_a-errno.o)
 .debug_frame   0x000026c8       0x2c c:/program files (x86)/microsemi/softconsole v3.4/sourcery-g++/bin/../lib/gcc/arm-none-eabi/4.4.1/../../../../arm-none-eabi/lib/thumb2\libc.a(lib_a-init.o)
 .debug_frame   0x000026f4       0x34 c:/program files (x86)/microsemi/softconsole v3.4/sourcery-g++/bin/../lib/gcc/arm-none-eabi/4.4.1/../../../../arm-none-eabi/lib/thumb2\libc.a(lib_a-memcpy.o)
 .debug_frame   0x00002728       0x28 c:/program files (x86)/microsemi/softconsole v3.4/sourcery-g++/bin/../lib/gcc/arm-none-eabi/4.4.1/../../../../arm-none-eabi/lib/thumb2\libc.a(lib_a-memset.o)
 .debug_frame   0x00002750       0x20 c:/program files (x86)/microsemi/softconsole v3.4/sourcery-g++/bin/../lib/gcc/arm-none-eabi/4.4.1/../../../../arm-none-eabi/lib/thumb2\libc.a(lib_a-strcpy.o)
 .debug_frame   0x00002770       0x20 c:/program files (x86)/microsemi/softconsole v3.4/sourcery-g++/bin/../lib/gcc/arm-none-eabi/4.4.1/../../../../arm-none-eabi/lib/thumb2\libc.a(lib_a-strlen.o)

.debug_str      0x00000000     0x4be3
 *(.debug_str)
 .debug_str     0x00000000      0x16b ./RunTimeStatsTimer.o
                                0x19f (size before relaxing)
 .debug_str     0x0000016b      0x386 ./main.o
                                0x509 (size before relaxing)
 .debug_str     0x000004f1       0x8c ./printf-stdarg.o
                                0x1c0 (size before relaxing)
 .debug_str     0x0000057d      0x6c6 ./stream/stream.o
                                0xba2 (size before relaxing)
 .debug_str     0x00000c43      0x1df ./pilot/get_data.o
                                0x60e (size before relaxing)
 .debug_str     0x00000e22      0x1dd ./pilot/init.o
                                0x689 (size before relaxing)
 .debug_str     0x00000fff       0x73 ./pilot/peripherals.o
                                0x479 (size before relaxing)
 .debug_str     0x00001072       0x11 ./pilot/pilot.o
                                 0x9a (size before relaxing)
 .debug_str     0x00001083       0x1a ./pilot/pslv_interface.o
                                 0xa3 (size before relaxing)
 .debug_str     0x0000109d       0x1d ./pilot/read.o
                                0x6e9 (size before relaxing)
 .debug_str     0x000010ba       0x1f ./pilot/write.o
                                0x69a (size before relaxing)
 .debug_str     0x000010d9       0x46 ./osal/osal.o
                                0x16a (size before relaxing)
 .debug_str     0x0000111f       0xc8 ./cmds/cmd.o
                                0x533 (size before relaxing)
 .debug_str     0x000011e7      0x143 ./FreeRTOS-Source/list.o
                                0x274 (size before relaxing)
 .debug_str     0x0000132a      0x51f ./FreeRTOS-Source/queue.o
                                0x75c (size before relaxing)
 .debug_str     0x00001849      0xc52 ./FreeRTOS-Source/tasks.o
                                0xfa3 (size before relaxing)
 .debug_str     0x0000249b      0x4df ./FreeRTOS-Source/timers.o
                                0x768 (size before relaxing)
 .debug_str     0x0000297a      0x1d7 ./FreeRTOS-Source/portable/MemMang/heap_4.o
                                0x334 (size before relaxing)
 .debug_str     0x00002b51      0x1e0 ./FreeRTOS-Source/portable/GCC/ARM_CM3/port.o
                                0x39d (size before relaxing)
 .debug_str     0x00002d31      0x4f0 ./Demo_Tasks/demo_tasks.o
                               0x1452 (size before relaxing)
 .debug_str     0x00003221       0x7a ./Blinky-Demo/main_blinky.o
                                0x1e1 (size before relaxing)
 .debug_str     0x0000329b      0x271 C:/Users/S-SPACE/Desktop/Pratik/FreeRTOS/FreeRTOS_SC_v3.5/FSW_FreeRTOS/CORTEX_SmartFusion2_M2S050_SoftConsole/RTOSDemo_Hardware_Platform/Debug/CMSIS/startup_gcc/newlib_stubs.o
                                0x34f (size before relaxing)
 .debug_str     0x0000350c     0x107a C:\Users\S-SPACE\Desktop\Pratik\FreeRTOS\FreeRTOS_SC_v3.5\FSW_FreeRTOS\CORTEX_SmartFusion2_M2S050_SoftConsole\RTOSDemo_Hardware_Platform\Debug\libRTOSDemo_Hardware_Platform.a(mss_uart.o)
                               0x19c8 (size before relaxing)
 .debug_str     0x00004586      0x477 C:\Users\S-SPACE\Desktop\Pratik\FreeRTOS\FreeRTOS_SC_v3.5\FSW_FreeRTOS\CORTEX_SmartFusion2_M2S050_SoftConsole\RTOSDemo_Hardware_Platform\Debug\libRTOSDemo_Hardware_Platform.a(core_i2c.o)
                                0x96d (size before relaxing)
 .debug_str     0x000049fd       0x42 C:\Users\S-SPACE\Desktop\Pratik\FreeRTOS\FreeRTOS_SC_v3.5\FSW_FreeRTOS\CORTEX_SmartFusion2_M2S050_SoftConsole\RTOSDemo_Hardware_Platform\Debug\libRTOSDemo_Hardware_Platform.a(i2c_interrupt.o)
                                0x9ef (size before relaxing)
 .debug_str     0x00004a3f      0x1a4 C:\Users\S-SPACE\Desktop\Pratik\FreeRTOS\FreeRTOS_SC_v3.5\FSW_FreeRTOS\CORTEX_SmartFusion2_M2S050_SoftConsole\RTOSDemo_Hardware_Platform\Debug\libRTOSDemo_Hardware_Platform.a(system_m2sxxx.o)
                                0xa63 (size before relaxing)

.debug_loc      0x00000000     0x418f
 *(.debug_loc)
 .debug_loc     0x00000000       0x62 ./RunTimeStatsTimer.o
 .debug_loc     0x00000062      0x11a ./main.o
 .debug_loc     0x0000017c      0x1df ./printf-stdarg.o
 .debug_loc     0x0000035b       0x6e ./stream/stream.o
 .debug_loc     0x000003c9      0x261 ./pilot/get_data.o
 .debug_loc     0x0000062a       0x37 ./pilot/init.o
 .debug_loc     0x00000661       0x37 ./pilot/read.o
 .debug_loc     0x00000698       0x37 ./pilot/write.o
 .debug_loc     0x000006cf       0x6e ./osal/osal.o
 .debug_loc     0x0000073d      0x175 ./cmds/cmd.o
 .debug_loc     0x000008b2      0x113 ./FreeRTOS-Source/list.o
 .debug_loc     0x000009c5      0x645 ./FreeRTOS-Source/queue.o
 .debug_loc     0x0000100a      0xc7f ./FreeRTOS-Source/tasks.o
 .debug_loc     0x00001c89      0x4af ./FreeRTOS-Source/timers.o
 .debug_loc     0x00002138      0x15d ./FreeRTOS-Source/portable/MemMang/heap_4.o
 .debug_loc     0x00002295      0x1e3 ./FreeRTOS-Source/portable/GCC/ARM_CM3/port.o
 .debug_loc     0x00002478      0x3ce ./Demo_Tasks/demo_tasks.o
 .debug_loc     0x00002846       0xa5 ./Blinky-Demo/main_blinky.o
 .debug_loc     0x000028eb      0x3c6 C:/Users/S-SPACE/Desktop/Pratik/FreeRTOS/FreeRTOS_SC_v3.5/FSW_FreeRTOS/CORTEX_SmartFusion2_M2S050_SoftConsole/RTOSDemo_Hardware_Platform/Debug/CMSIS/startup_gcc/newlib_stubs.o
 .debug_loc     0x00002cb1      0xbb9 C:\Users\S-SPACE\Desktop\Pratik\FreeRTOS\FreeRTOS_SC_v3.5\FSW_FreeRTOS\CORTEX_SmartFusion2_M2S050_SoftConsole\RTOSDemo_Hardware_Platform\Debug\libRTOSDemo_Hardware_Platform.a(mss_uart.o)
 .debug_loc     0x0000386a      0x6a9 C:\Users\S-SPACE\Desktop\Pratik\FreeRTOS\FreeRTOS_SC_v3.5\FSW_FreeRTOS\CORTEX_SmartFusion2_M2S050_SoftConsole\RTOSDemo_Hardware_Platform\Debug\libRTOSDemo_Hardware_Platform.a(core_i2c.o)
 .debug_loc     0x00003f13       0xdc C:\Users\S-SPACE\Desktop\Pratik\FreeRTOS\FreeRTOS_SC_v3.5\FSW_FreeRTOS\CORTEX_SmartFusion2_M2S050_SoftConsole\RTOSDemo_Hardware_Platform\Debug\libRTOSDemo_Hardware_Platform.a(i2c_interrupt.o)
 .debug_loc     0x00003fef      0x1a0 C:\Users\S-SPACE\Desktop\Pratik\FreeRTOS\FreeRTOS_SC_v3.5\FSW_FreeRTOS\CORTEX_SmartFusion2_M2S050_SoftConsole\RTOSDemo_Hardware_Platform\Debug\libRTOSDemo_Hardware_Platform.a(system_m2sxxx.o)

.debug_macinfo  0x00000000    0xcd4b5
 *(.debug_macinfo)
 .debug_macinfo
                0x00000000     0x4745 ./RunTimeStatsTimer.o
 .debug_macinfo
                0x00004745     0xed8a ./main.o
 .debug_macinfo
                0x000134cf     0x46e7 ./printf-stdarg.o
 .debug_macinfo
                0x00017bb6     0xd1dd ./stream/stream.o
 .debug_macinfo
                0x00024d93     0x8d51 ./pilot/get_data.o
 .debug_macinfo
                0x0002dae4     0x8d66 ./pilot/init.o
 .debug_macinfo
                0x0003684a     0x8bf7 ./pilot/peripherals.o
 .debug_macinfo
                0x0003f441      0xc81 ./pilot/pilot.o
 .debug_macinfo
                0x000400c2      0xc81 ./pilot/pslv_interface.o
 .debug_macinfo
                0x00040d43     0xca31 ./pilot/read.o
 .debug_macinfo
                0x0004d774     0x8c4f ./pilot/write.o
 .debug_macinfo
                0x000563c3     0x5348 ./osal/osal.o
 .debug_macinfo
                0x0005b70b     0xd253 ./cmds/cmd.o
 .debug_macinfo
                0x0006895e     0x699e ./FreeRTOS-Source/list.o
 .debug_macinfo
                0x0006f2fc     0x7af7 ./FreeRTOS-Source/queue.o
 .debug_macinfo
                0x00076df3     0x8e0f ./FreeRTOS-Source/tasks.o
 .debug_macinfo
                0x0007fc02     0x8022 ./FreeRTOS-Source/timers.o
 .debug_macinfo
                0x00087c24     0x703b ./FreeRTOS-Source/portable/MemMang/heap_4.o
 .debug_macinfo
                0x0008ec5f     0x589b ./FreeRTOS-Source/portable/GCC/ARM_CM3/port.o
 .debug_macinfo
                0x000944fa    0x107a6 ./Demo_Tasks/demo_tasks.o
 .debug_macinfo
                0x000a4ca0     0x8a73 ./Blinky-Demo/main_blinky.o
 .debug_macinfo
                0x000ad713     0x4bf0 C:/Users/S-SPACE/Desktop/Pratik/FreeRTOS/FreeRTOS_SC_v3.5/FSW_FreeRTOS/CORTEX_SmartFusion2_M2S050_SoftConsole/RTOSDemo_Hardware_Platform/Debug/CMSIS/startup_gcc/newlib_stubs.o
 .debug_macinfo
                0x000b2303     0x80de C:\Users\S-SPACE\Desktop\Pratik\FreeRTOS\FreeRTOS_SC_v3.5\FSW_FreeRTOS\CORTEX_SmartFusion2_M2S050_SoftConsole\RTOSDemo_Hardware_Platform\Debug\libRTOSDemo_Hardware_Platform.a(mss_uart.o)
 .debug_macinfo
                0x000ba3e1     0x44f1 C:\Users\S-SPACE\Desktop\Pratik\FreeRTOS\FreeRTOS_SC_v3.5\FSW_FreeRTOS\CORTEX_SmartFusion2_M2S050_SoftConsole\RTOSDemo_Hardware_Platform\Debug\libRTOSDemo_Hardware_Platform.a(core_i2c.o)
 .debug_macinfo
                0x000be8d2     0x7939 C:\Users\S-SPACE\Desktop\Pratik\FreeRTOS\FreeRTOS_SC_v3.5\FSW_FreeRTOS\CORTEX_SmartFusion2_M2S050_SoftConsole\RTOSDemo_Hardware_Platform\Debug\libRTOSDemo_Hardware_Platform.a(i2c_interrupt.o)
 .debug_macinfo
                0x000c620b     0x72aa C:\Users\S-SPACE\Desktop\Pratik\FreeRTOS\FreeRTOS_SC_v3.5\FSW_FreeRTOS\CORTEX_SmartFusion2_M2S050_SoftConsole\RTOSDemo_Hardware_Platform\Debug\libRTOSDemo_Hardware_Platform.a(system_m2sxxx.o)

.debug_weaknames
 *(.debug_weaknames)

.debug_funcnames
 *(.debug_funcnames)

.debug_typenames
 *(.debug_typenames)

.debug_varnames
 *(.debug_varnames)

.note.gnu.arm.ident
 *(.note.gnu.arm.ident)

.ARM.attributes
                0x00000000       0x25
 *(.ARM.attributes)
 .ARM.attributes
                0x00000000       0x19 c:/program files (x86)/microsemi/softconsole v3.4/sourcery-g++/bin/../lib/gcc/arm-none-eabi/4.4.1/thumb2/crti.o
 .ARM.attributes
                0x00000019       0x29 c:/program files (x86)/microsemi/softconsole v3.4/sourcery-g++/bin/../lib/gcc/arm-none-eabi/4.4.1/thumb2/crtbegin.o
 .ARM.attributes
                0x00000042       0x31 ./RunTimeStatsTimer.o
 .ARM.attributes
                0x00000073       0x31 ./main.o
 .ARM.attributes
                0x000000a4       0x31 ./printf-stdarg.o
 .ARM.attributes
                0x000000d5       0x31 ./stream/stream.o
 .ARM.attributes
                0x00000106       0x31 ./pilot/get_data.o
 .ARM.attributes
                0x00000137       0x31 ./pilot/init.o
 .ARM.attributes
                0x00000168       0x31 ./pilot/peripherals.o
 .ARM.attributes
                0x00000199       0x31 ./pilot/pilot.o
 .ARM.attributes
                0x000001ca       0x31 ./pilot/pslv_interface.o
 .ARM.attributes
                0x000001fb       0x31 ./pilot/read.o
 .ARM.attributes
                0x0000022c       0x31 ./pilot/write.o
 .ARM.attributes
                0x0000025d       0x31 ./osal/osal.o
 .ARM.attributes
                0x0000028e       0x31 ./cmds/cmd.o
 .ARM.attributes
                0x000002bf       0x31 ./FreeRTOS-Source/list.o
 .ARM.attributes
                0x000002f0       0x31 ./FreeRTOS-Source/queue.o
 .ARM.attributes
                0x00000321       0x31 ./FreeRTOS-Source/tasks.o
 .ARM.attributes
                0x00000352       0x31 ./FreeRTOS-Source/timers.o
 .ARM.attributes
                0x00000383       0x31 ./FreeRTOS-Source/portable/MemMang/heap_4.o
 .ARM.attributes
                0x000003b4       0x31 ./FreeRTOS-Source/portable/GCC/ARM_CM3/port.o
 .ARM.attributes
                0x000003e5       0x31 ./Demo_Tasks/demo_tasks.o
 .ARM.attributes
                0x00000416       0x31 ./Blinky-Demo/main_blinky.o
 .ARM.attributes
                0x00000447       0x21 C:/Users/S-SPACE/Desktop/Pratik/FreeRTOS/FreeRTOS_SC_v3.5/FSW_FreeRTOS/CORTEX_SmartFusion2_M2S050_SoftConsole/RTOSDemo_Hardware_Platform/Debug/CMSIS/startup_gcc/startup_m2sxxx.o
 .ARM.attributes
                0x00000468       0x31 C:/Users/S-SPACE/Desktop/Pratik/FreeRTOS/FreeRTOS_SC_v3.5/FSW_FreeRTOS/CORTEX_SmartFusion2_M2S050_SoftConsole/RTOSDemo_Hardware_Platform/Debug/CMSIS/startup_gcc/newlib_stubs.o
 .ARM.attributes
                0x00000499       0x31 C:\Users\S-SPACE\Desktop\Pratik\FreeRTOS\FreeRTOS_SC_v3.5\FSW_FreeRTOS\CORTEX_SmartFusion2_M2S050_SoftConsole\RTOSDemo_Hardware_Platform\Debug\libRTOSDemo_Hardware_Platform.a(mss_uart.o)
 .ARM.attributes
                0x000004ca       0x31 C:\Users\S-SPACE\Desktop\Pratik\FreeRTOS\FreeRTOS_SC_v3.5\FSW_FreeRTOS\CORTEX_SmartFusion2_M2S050_SoftConsole\RTOSDemo_Hardware_Platform\Debug\libRTOSDemo_Hardware_Platform.a(core_i2c.o)
 .ARM.attributes
                0x000004fb       0x31 C:\Users\S-SPACE\Desktop\Pratik\FreeRTOS\FreeRTOS_SC_v3.5\FSW_FreeRTOS\CORTEX_SmartFusion2_M2S050_SoftConsole\RTOSDemo_Hardware_Platform\Debug\libRTOSDemo_Hardware_Platform.a(i2c_interrupt.o)
 .ARM.attributes
                0x0000052c       0x31 C:\Users\S-SPACE\Desktop\Pratik\FreeRTOS\FreeRTOS_SC_v3.5\FSW_FreeRTOS\CORTEX_SmartFusion2_M2S050_SoftConsole\RTOSDemo_Hardware_Platform\Debug\libRTOSDemo_Hardware_Platform.a(system_m2sxxx.o)
 .ARM.attributes
                0x0000055d       0x21 C:\Users\S-SPACE\Desktop\Pratik\FreeRTOS\FreeRTOS_SC_v3.5\FSW_FreeRTOS\CORTEX_SmartFusion2_M2S050_SoftConsole\RTOSDemo_Hardware_Platform\Debug\libRTOSDemo_Hardware_Platform.a(hal.o)
 .ARM.attributes
                0x0000057e       0x21 C:\Users\S-SPACE\Desktop\Pratik\FreeRTOS\FreeRTOS_SC_v3.5\FSW_FreeRTOS\CORTEX_SmartFusion2_M2S050_SoftConsole\RTOSDemo_Hardware_Platform\Debug\libRTOSDemo_Hardware_Platform.a(hw_reg_access.o)
 .ARM.attributes
                0x0000059f       0x29 c:/program files (x86)/microsemi/softconsole v3.4/sourcery-g++/bin/../lib/gcc/arm-none-eabi/4.4.1/../../../../arm-none-eabi/lib/thumb2\libc.a(lib_a-errno.o)
 .ARM.attributes
                0x000005c8       0x29 c:/program files (x86)/microsemi/softconsole v3.4/sourcery-g++/bin/../lib/gcc/arm-none-eabi/4.4.1/../../../../arm-none-eabi/lib/thumb2\libc.a(lib_a-impure.o)
 .ARM.attributes
                0x000005f1       0x29 c:/program files (x86)/microsemi/softconsole v3.4/sourcery-g++/bin/../lib/gcc/arm-none-eabi/4.4.1/../../../../arm-none-eabi/lib/thumb2\libc.a(lib_a-init.o)
 .ARM.attributes
                0x0000061a       0x29 c:/program files (x86)/microsemi/softconsole v3.4/sourcery-g++/bin/../lib/gcc/arm-none-eabi/4.4.1/../../../../arm-none-eabi/lib/thumb2\libc.a(lib_a-memcpy.o)
 .ARM.attributes
                0x00000643       0x29 c:/program files (x86)/microsemi/softconsole v3.4/sourcery-g++/bin/../lib/gcc/arm-none-eabi/4.4.1/../../../../arm-none-eabi/lib/thumb2\libc.a(lib_a-memset.o)
 .ARM.attributes
                0x0000066c       0x29 c:/program files (x86)/microsemi/softconsole v3.4/sourcery-g++/bin/../lib/gcc/arm-none-eabi/4.4.1/../../../../arm-none-eabi/lib/thumb2\libc.a(lib_a-strcpy.o)
 .ARM.attributes
                0x00000695       0x29 c:/program files (x86)/microsemi/softconsole v3.4/sourcery-g++/bin/../lib/gcc/arm-none-eabi/4.4.1/../../../../arm-none-eabi/lib/thumb2\libc.a(lib_a-strlen.o)
 .ARM.attributes
                0x000006be       0x29 c:/program files (x86)/microsemi/softconsole v3.4/sourcery-g++/bin/../lib/gcc/arm-none-eabi/4.4.1/thumb2/crtend.o
 .ARM.attributes
                0x000006e7       0x19 c:/program files (x86)/microsemi/softconsole v3.4/sourcery-g++/bin/../lib/gcc/arm-none-eabi/4.4.1/thumb2/crtn.o

/DISCARD/
 *(.note.GNU-stack)
 *(.isr_vector)
OUTPUT(RTOSDemo elf32-littlearm)

.debug_ranges   0x00000000      0xb80
 .debug_ranges  0x00000000       0x20 ./RunTimeStatsTimer.o
 .debug_ranges  0x00000020       0x40 ./main.o
 .debug_ranges  0x00000060       0x50 ./printf-stdarg.o
 .debug_ranges  0x000000b0       0x20 ./stream/stream.o
 .debug_ranges  0x000000d0       0x68 ./pilot/get_data.o
 .debug_ranges  0x00000138       0x18 ./pilot/init.o
 .debug_ranges  0x00000150       0x18 ./pilot/read.o
 .debug_ranges  0x00000168       0x18 ./pilot/write.o
 .debug_ranges  0x00000180       0x20 ./osal/osal.o
 .debug_ranges  0x000001a0       0x48 ./cmds/cmd.o
 .debug_ranges  0x000001e8       0x38 ./FreeRTOS-Source/list.o
 .debug_ranges  0x00000220       0xf8 ./FreeRTOS-Source/queue.o
 .debug_ranges  0x00000318      0x200 ./FreeRTOS-Source/tasks.o
 .debug_ranges  0x00000518       0xc0 ./FreeRTOS-Source/timers.o
 .debug_ranges  0x000005d8       0x48 ./FreeRTOS-Source/portable/MemMang/heap_4.o
 .debug_ranges  0x00000620       0x70 ./FreeRTOS-Source/portable/GCC/ARM_CM3/port.o
 .debug_ranges  0x00000690       0xc0 ./Demo_Tasks/demo_tasks.o
 .debug_ranges  0x00000750       0x28 ./Blinky-Demo/main_blinky.o
 .debug_ranges  0x00000778       0xa0 C:/Users/S-SPACE/Desktop/Pratik/FreeRTOS/FreeRTOS_SC_v3.5/FSW_FreeRTOS/CORTEX_SmartFusion2_M2S050_SoftConsole/RTOSDemo_Hardware_Platform/Debug/CMSIS/startup_gcc/newlib_stubs.o
 .debug_ranges  0x00000818      0x1c8 C:\Users\S-SPACE\Desktop\Pratik\FreeRTOS\FreeRTOS_SC_v3.5\FSW_FreeRTOS\CORTEX_SmartFusion2_M2S050_SoftConsole\RTOSDemo_Hardware_Platform\Debug\libRTOSDemo_Hardware_Platform.a(mss_uart.o)
 .debug_ranges  0x000009e0      0x120 C:\Users\S-SPACE\Desktop\Pratik\FreeRTOS\FreeRTOS_SC_v3.5\FSW_FreeRTOS\CORTEX_SmartFusion2_M2S050_SoftConsole\RTOSDemo_Hardware_Platform\Debug\libRTOSDemo_Hardware_Platform.a(core_i2c.o)
 .debug_ranges  0x00000b00       0x30 C:\Users\S-SPACE\Desktop\Pratik\FreeRTOS\FreeRTOS_SC_v3.5\FSW_FreeRTOS\CORTEX_SmartFusion2_M2S050_SoftConsole\RTOSDemo_Hardware_Platform\Debug\libRTOSDemo_Hardware_Platform.a(i2c_interrupt.o)
 .debug_ranges  0x00000b30       0x50 C:\Users\S-SPACE\Desktop\Pratik\FreeRTOS\FreeRTOS_SC_v3.5\FSW_FreeRTOS\CORTEX_SmartFusion2_M2S050_SoftConsole\RTOSDemo_Hardware_Platform\Debug\libRTOSDemo_Hardware_Platform.a(system_m2sxxx.o)
