Archive member included because of file (symbol)

C:\Users\S-SPACE\Desktop\Pratik\FreeRTOS\FreeRTOS_SC_v3.5\FSW_FreeRTOS\CORTEX_SmartFusion2_M2S050_SoftConsole\RTOSDemo_Hardware_Platform\Debug\libRTOSDemo_Hardware_Platform.a(mss_uart.o)
                              ./stream/stream.o (g_mss_uart0)
C:\Users\S-SPACE\Desktop\Pratik\FreeRTOS\FreeRTOS_SC_v3.5\FSW_FreeRTOS\CORTEX_SmartFusion2_M2S050_SoftConsole\RTOSDemo_Hardware_Platform\Debug\libRTOSDemo_Hardware_Platform.a(mss_i2c.o)
                              ./Demo/demo.o (g_mss_i2c0)
C:\Users\S-SPACE\Desktop\Pratik\FreeRTOS\FreeRTOS_SC_v3.5\FSW_FreeRTOS\CORTEX_SmartFusion2_M2S050_SoftConsole\RTOSDemo_Hardware_Platform\Debug\libRTOSDemo_Hardware_Platform.a(core_i2c.o)
                              ./pilot/init.o (I2C_init)
C:\Users\S-SPACE\Desktop\Pratik\FreeRTOS\FreeRTOS_SC_v3.5\FSW_FreeRTOS\CORTEX_SmartFusion2_M2S050_SoftConsole\RTOSDemo_Hardware_Platform\Debug\libRTOSDemo_Hardware_Platform.a(i2c_interrupt.o)
                              C:\Users\S-SPACE\Desktop\Pratik\FreeRTOS\FreeRTOS_SC_v3.5\FSW_FreeRTOS\CORTEX_SmartFusion2_M2S050_SoftConsole\RTOSDemo_Hardware_Platform\Debug\libRTOSDemo_Hardware_Platform.a(core_i2c.o) (I2C_enable_irq)
C:\Users\S-SPACE\Desktop\Pratik\FreeRTOS\FreeRTOS_SC_v3.5\FSW_FreeRTOS\CORTEX_SmartFusion2_M2S050_SoftConsole\RTOSDemo_Hardware_Platform\Debug\libRTOSDemo_Hardware_Platform.a(system_m2sxxx.o)
                              ./RunTimeStatsTimer.o (SystemCoreClock)
C:\Users\S-SPACE\Desktop\Pratik\FreeRTOS\FreeRTOS_SC_v3.5\FSW_FreeRTOS\CORTEX_SmartFusion2_M2S050_SoftConsole\RTOSDemo_Hardware_Platform\Debug\libRTOSDemo_Hardware_Platform.a(hal.o)
                              C:\Users\S-SPACE\Desktop\Pratik\FreeRTOS\FreeRTOS_SC_v3.5\FSW_FreeRTOS\CORTEX_SmartFusion2_M2S050_SoftConsole\RTOSDemo_Hardware_Platform\Debug\libRTOSDemo_Hardware_Platform.a(core_i2c.o) (HAL_disable_interrupts)
C:\Users\S-SPACE\Desktop\Pratik\FreeRTOS\FreeRTOS_SC_v3.5\FSW_FreeRTOS\CORTEX_SmartFusion2_M2S050_SoftConsole\RTOSDemo_Hardware_Platform\Debug\libRTOSDemo_Hardware_Platform.a(hw_reg_access.o)
                              C:\Users\S-SPACE\Desktop\Pratik\FreeRTOS\FreeRTOS_SC_v3.5\FSW_FreeRTOS\CORTEX_SmartFusion2_M2S050_SoftConsole\RTOSDemo_Hardware_Platform\Debug\libRTOSDemo_Hardware_Platform.a(core_i2c.o) (HW_set_8bit_reg)
c:/program files (x86)/microsemi/softconsole v3.4/sourcery-g++/bin/../lib/gcc/arm-none-eabi/4.4.1/../../../../arm-none-eabi/lib/thumb2\libc.a(lib_a-errno.o)
                              C:/Users/S-SPACE/Desktop/Pratik/FreeRTOS/FreeRTOS_SC_v3.5/FSW_FreeRTOS/CORTEX_SmartFusion2_M2S050_SoftConsole/RTOSDemo_Hardware_Platform/Debug/CMSIS/startup_gcc/newlib_stubs.o (__errno)
c:/program files (x86)/microsemi/softconsole v3.4/sourcery-g++/bin/../lib/gcc/arm-none-eabi/4.4.1/../../../../arm-none-eabi/lib/thumb2\libc.a(lib_a-impure.o)
                              c:/program files (x86)/microsemi/softconsole v3.4/sourcery-g++/bin/../lib/gcc/arm-none-eabi/4.4.1/../../../../arm-none-eabi/lib/thumb2\libc.a(lib_a-errno.o) (_impure_ptr)
c:/program files (x86)/microsemi/softconsole v3.4/sourcery-g++/bin/../lib/gcc/arm-none-eabi/4.4.1/../../../../arm-none-eabi/lib/thumb2\libc.a(lib_a-init.o)
                              C:/Users/S-SPACE/Desktop/Pratik/FreeRTOS/FreeRTOS_SC_v3.5/FSW_FreeRTOS/CORTEX_SmartFusion2_M2S050_SoftConsole/RTOSDemo_Hardware_Platform/Debug/CMSIS/startup_gcc/startup_m2sxxx.o (__libc_init_array)
c:/program files (x86)/microsemi/softconsole v3.4/sourcery-g++/bin/../lib/gcc/arm-none-eabi/4.4.1/../../../../arm-none-eabi/lib/thumb2\libc.a(lib_a-memcpy.o)
                              ./FreeRTOS-Source/queue.o (memcpy)
c:/program files (x86)/microsemi/softconsole v3.4/sourcery-g++/bin/../lib/gcc/arm-none-eabi/4.4.1/../../../../arm-none-eabi/lib/thumb2\libc.a(lib_a-memset.o)
                              ./FreeRTOS-Source/tasks.o (memset)
c:/program files (x86)/microsemi/softconsole v3.4/sourcery-g++/bin/../lib/gcc/arm-none-eabi/4.4.1/../../../../arm-none-eabi/lib/thumb2\libc.a(lib_a-strcpy.o)
                              ./FreeRTOS-Source/tasks.o (strcpy)
c:/program files (x86)/microsemi/softconsole v3.4/sourcery-g++/bin/../lib/gcc/arm-none-eabi/4.4.1/../../../../arm-none-eabi/lib/thumb2\libc.a(lib_a-strlen.o)
                              ./FreeRTOS-Source/tasks.o (strlen)

Allocating common symbols
Common symbol       size              file

pkt_stream          0x24              ./stream/stream.o
acc                 0x6               ./pilot/read.o
pkt_timer           0x14              ./Demo/demo.o
data_pld            0x32              ./main.o
command_cnt         0x2               ./Demo/demo.o
g_core_i2c2         0x6c              ./main.o
uart0_irq_rx_buffer
                    0x3               ./main.o
g_core_i2c0         0x6c              ./pilot/peripherals.o
g_core_i2c1         0x6c              ./pilot/peripherals.o
rx_cmd              0x4               ./stream/stream.o
[...]
Memory Configuration

Name             Origin             Length             Attributes
ram              0x20000000         0x00010000         xrw
*default*        0x00000000         0xffffffff

Linker script and memory map

LOAD c:/program files (x86)/microsemi/softconsole v3.4/sourcery-g++/bin/../lib/gcc/arm-none-eabi/4.4.1/thumb2/crti.o
LOAD c:/program files (x86)/microsemi/softconsole v3.4/sourcery-g++/bin/../lib/gcc/arm-none-eabi/4.4.1/thumb2/crtbegin.o
LOAD ./RunTimeStatsTimer.o
LOAD ./main.o
LOAD ./printf-stdarg.o
LOAD ./stream/stream.o
LOAD ./pilot/get_data.o
LOAD ./pilot/init.o
LOAD ./pilot/peripherals.o
LOAD ./pilot/pilot.o
LOAD ./pilot/pslv_interface.o
LOAD ./pilot/read.o
LOAD ./pilot/write.o
LOAD ./osal/osal.o
LOAD ./cmds/cmd.o
LOAD ./FreeRTOS-Source/list.o
LOAD ./FreeRTOS-Source/queue.o
LOAD ./FreeRTOS-Source/tasks.o
LOAD ./FreeRTOS-Source/timers.o
LOAD ./FreeRTOS-Source/portable/MemMang/heap_4.o
LOAD ./FreeRTOS-Source/portable/GCC/ARM_CM3/port.o
LOAD ./Demo/demo.o
LOAD ./Blinky-Demo/main_blinky.o
LOAD C:/Users/S-SPACE/Desktop/Pratik/FreeRTOS/FreeRTOS_SC_v3.5/FSW_FreeRTOS/CORTEX_SmartFusion2_M2S050_SoftConsole/RTOSDemo_Hardware_Platform/Debug/CMSIS/startup_gcc/startup_m2sxxx.o
LOAD C:/Users/S-SPACE/Desktop/Pratik/FreeRTOS/FreeRTOS_SC_v3.5/FSW_FreeRTOS/CORTEX_SmartFusion2_M2S050_SoftConsole/RTOSDemo_Hardware_Platform/Debug/CMSIS/startup_gcc/newlib_stubs.o
LOAD C:\Users\S-SPACE\Desktop\Pratik\FreeRTOS\FreeRTOS_SC_v3.5\FSW_FreeRTOS\CORTEX_SmartFusion2_M2S050_SoftConsole\RTOSDemo_Hardware_Platform\Debug\libRTOSDemo_Hardware_Platform.a
START GROUP
LOAD c:/program files (x86)/microsemi/softconsole v3.4/sourcery-g++/bin/../lib/gcc/arm-none-eabi/4.4.1/thumb2\libgcc.a
LOAD c:/program files (x86)/microsemi/softconsole v3.4/sourcery-g++/bin/../lib/gcc/arm-none-eabi/4.4.1/../../../../arm-none-eabi/lib/thumb2\libc.a
END GROUP
LOAD c:/program files (x86)/microsemi/softconsole v3.4/sourcery-g++/bin/../lib/gcc/arm-none-eabi/4.4.1/thumb2/crtend.o
LOAD c:/program files (x86)/microsemi/softconsole v3.4/sourcery-g++/bin/../lib/gcc/arm-none-eabi/4.4.1/thumb2/crtn.o
START GROUP
LOAD c:/program files (x86)/microsemi/softconsole v3.4/sourcery-g++/bin/../lib/gcc/arm-none-eabi/4.4.1/../../../../arm-none-eabi/lib/thumb2\libc.a
LOAD c:/program files (x86)/microsemi/softconsole v3.4/sourcery-g++/bin/../lib/gcc/arm-none-eabi/4.4.1/thumb2\libgcc.a
LOAD c:/program files (x86)/microsemi/softconsole v3.4/sourcery-g++/bin/../lib/gcc/arm-none-eabi/4.4.1/../../../../arm-none-eabi/lib/thumb2\libm.a
END GROUP
                0x00000000                __DYNAMIC = 0x0
                0x20000000                RAM_START_ADDRESS = 0x20000000
                0x00010000                RAM_SIZE = 0x10000
                0x00000400                MAIN_STACK_SIZE = 0x400
                0x00000000                PROCESS_STACK_SIZE = 0x0
                0x20010000                PROVIDE (__main_stack_start, (RAM_START_ADDRESS + RAM_SIZE))
                0x2000fc00                PROVIDE (__process_stack_start, (__main_stack_start - MAIN_STACK_SIZE))
                0x20010000                PROVIDE (_estack, __main_stack_start)
                0x00000000                PROVIDE (__mirrored_nvm, 0x0)

.text           0x20000000     0x2b10
 CREATE_OBJECT_SYMBOLS
                0x20000000                __text_load = LOADADDR (.text)
                0x20000000                __text_start = .
                0x20000000                __vector_table_vma_base_address = .
 *(.isr_vector)
 .isr_vector    0x20000000      0x2f0 C:/Users/S-SPACE/Desktop/Pratik/FreeRTOS/FreeRTOS_SC_v3.5/FSW_FreeRTOS/CORTEX_SmartFusion2_M2S050_SoftConsole/RTOSDemo_Hardware_Platform/Debug/CMSIS/startup_gcc/startup_m2sxxx.o
                0x20000000                g_pfnVectors
                0x20000188                Reset_Handler
                0x200001f8                NMI_Handler
                0x200001fa                HardFault_Handler
                0x200001fc                MemManage_Handler
                0x200001fe                BusFault_Handler
                0x20000200                UsageFault_Handler
                0x20000204                DebugMon_Handler
                0x2000020a                WdogWakeup_IRQHandler
                0x2000020c                RTC_Wakeup_IRQHandler
                0x2000020e                SPI0_IRQHandler
                0x20000210                SPI1_IRQHandler
                0x20000214                I2C0_SMBAlert_IRQHandler
                0x20000216                I2C0_SMBus_IRQHandler
                0x2000021a                I2C1_SMBAlert_IRQHandler
                0x2000021c                I2C1_SMBus_IRQHandler
                0x20000222                EthernetMAC_IRQHandler
                0x20000224                DMA_IRQHandler
                0x20000226                Timer1_IRQHandler
                0x20000228                Timer2_IRQHandler
                0x2000022a                CAN_IRQHandler
                0x2000022c                ENVM0_IRQHandler
                0x2000022e                ENVM1_IRQHandler
                0x20000230                ComBlk_IRQHandler
                0x20000232                USB_IRQHandler
                0x20000234                USB_DMA_IRQHandler
                0x20000236                PLL_Lock_IRQHandler
                0x20000238                PLL_LockLost_IRQHandler
                0x2000023a                CommSwitchError_IRQHandler
                0x2000023c                CacheError_IRQHandler
                0x2000023e                DDR_IRQHandler
                0x20000240                HPDMA_Complete_IRQHandler
                0x20000242                HPDMA_Error_IRQHandler
                0x20000244                ECC_Error_IRQHandler
                0x20000246                MDDR_IOCalib_IRQHandler
                0x20000248                FAB_PLL_Lock_IRQHandler
                0x2000024a                FAB_PLL_LockLost_IRQHandler
                0x2000024c                FIC64_IRQHandler
                0x2000025a                FabricIrq6_IRQHandler
                0x2000025c                FabricIrq7_IRQHandler
                0x2000025e                FabricIrq8_IRQHandler
                0x20000260                FabricIrq9_IRQHandler
                0x20000262                FabricIrq10_IRQHandler
                0x20000264                FabricIrq11_IRQHandler
                0x20000266                FabricIrq12_IRQHandler
                0x20000268                FabricIrq13_IRQHandler
                0x2000026a                FabricIrq14_IRQHandler
                0x2000026c                FabricIrq15_IRQHandler
                0x2000026e                GPIO0_IRQHandler
                0x20000270                GPIO1_IRQHandler
                0x20000272                GPIO2_IRQHandler
                0x20000274                GPIO3_IRQHandler
                0x20000276                GPIO4_IRQHandler
                0x20000278                GPIO5_IRQHandler
                0x2000027a                GPIO6_IRQHandler
                0x2000027c                GPIO7_IRQHandler
                0x2000027e                GPIO8_IRQHandler
                0x20000280                GPIO9_IRQHandler
                0x20000282                GPIO10_IRQHandler
                0x20000284                GPIO11_IRQHandler
                0x20000286                GPIO12_IRQHandler
                0x20000288                GPIO13_IRQHandler
                0x2000028a                GPIO14_IRQHandler
                0x2000028c                GPIO15_IRQHandler
                0x2000028e                GPIO16_IRQHandler
                0x20000290                GPIO17_IRQHandler
                0x20000292                GPIO18_IRQHandler
                0x20000294                GPIO19_IRQHandler
                0x20000296                GPIO20_IRQHandler
                0x20000298                GPIO21_IRQHandler
                0x2000029a                GPIO22_IRQHandler
                0x2000029c                GPIO23_IRQHandler
                0x2000029e                GPIO24_IRQHandler
                0x200002a0                GPIO25_IRQHandler
                0x200002a2                GPIO26_IRQHandler
                0x200002a4                GPIO27_IRQHandler
                0x200002a6                GPIO28_IRQHandler
                0x200002a8                GPIO29_IRQHandler
                0x200002aa                GPIO30_IRQHandler
                0x200002ac                GPIO31_IRQHandler
                0x200002ae                mscc_post_hw_cfg_init
 *(.text .text.* .gnu.linkonce.t.*)
 .text          0x200002f0       0x30 c:/program files (x86)/microsemi/softconsole v3.4/sourcery-g++/bin/../lib/gcc/arm-none-eabi/4.4.1/thumb2/crtbegin.o
 .text.ulGetRunTimeCounterValue
                0x20000320       0xa4 ./RunTimeStatsTimer.o
                0x20000320                ulGetRunTimeCounterValue
 .text.main     0x200003c4       0x18 ./main.o
                0x200003c4                main
 .text.vApplicationStackOverflowHook
                0x200003dc       0x20 ./main.o
                0x200003dc                vApplicationStackOverflowHook
 .text.vListInsertEnd
                0x200003fc       0x48 ./FreeRTOS-Source/list.o
                0x200003fc                vListInsertEnd
 .text.uxListRemove
                0x20000444       0x58 ./FreeRTOS-Source/list.o
                0x20000444                uxListRemove
 .text.xTaskIncrementTick
                0x2000049c      0x210 ./FreeRTOS-Source/tasks.o
                0x2000049c                xTaskIncrementTick
 .text.vTaskSwitchContext
                0x200006ac      0x1a8 ./FreeRTOS-Source/tasks.o
                0x200006ac                vTaskSwitchContext
 .text.prvResetNextTaskUnblockTime
                0x20000854       0x5c ./FreeRTOS-Source/tasks.o
 .text.SVC_Handler
                0x200008b0       0x30 ./FreeRTOS-Source/portable/GCC/ARM_CM3/port.o
                0x200008b0                SVC_Handler
 .text.PendSV_Handler
                0x200008e0       0x50 ./FreeRTOS-Source/portable/GCC/ARM_CM3/port.o
                0x200008e0                PendSV_Handler
 .text.SysTick_Handler
                0x20000930       0x44 ./FreeRTOS-Source/portable/GCC/ARM_CM3/port.o
                0x20000930                SysTick_Handler
 .text.demo     0x20000974      0x214 ./Demo/demo.o
                0x20000974                demo
 .text.FabricIrq0_IRQHandler
                0x20000b88       0x14 ./Demo/demo.o
                0x20000b88                FabricIrq0_IRQHandler
 .text.FabricIrq1_IRQHandler
                0x20000b9c       0x14 ./Demo/demo.o
                0x20000b9c                FabricIrq1_IRQHandler
 .text.FabricIrq2_IRQHandler
                0x20000bb0       0x14 ./Demo/demo.o
                0x20000bb0                FabricIrq2_IRQHandler
 .text.FabricIrq3_IRQHandler
                0x20000bc4       0x14 ./Demo/demo.o
                0x20000bc4                FabricIrq3_IRQHandler
 .text.FabricIrq4_IRQHandler
                0x20000bd8       0x14 ./Demo/demo.o
                0x20000bd8                FabricIrq4_IRQHandler
 .text.FabricIrq5_IRQHandler
                0x20000bec       0x14 ./Demo/demo.o
                0x20000bec                FabricIrq5_IRQHandler
 .text.read_bit_reg8
                0x20000c00       0x40 C:\Users\S-SPACE\Desktop\Pratik\FreeRTOS\FreeRTOS_SC_v3.5\FSW_FreeRTOS\CORTEX_SmartFusion2_M2S050_SoftConsole\RTOSDemo_Hardware_Platform\Debug\libRTOSDemo_Hardware_Platform.a(mss_uart.o)
 .text.UART0_IRQHandler
                0x20000c40       0x24 C:\Users\S-SPACE\Desktop\Pratik\FreeRTOS\FreeRTOS_SC_v3.5\FSW_FreeRTOS\CORTEX_SmartFusion2_M2S050_SoftConsole\RTOSDemo_Hardware_Platform\Debug\libRTOSDemo_Hardware_Platform.a(mss_uart.o)
                0x20000c40                UART0_IRQHandler
 .text.UART1_IRQHandler
                0x20000c64       0x24 C:\Users\S-SPACE\Desktop\Pratik\FreeRTOS\FreeRTOS_SC_v3.5\FSW_FreeRTOS\CORTEX_SmartFusion2_M2S050_SoftConsole\RTOSDemo_Hardware_Platform\Debug\libRTOSDemo_Hardware_Platform.a(mss_uart.o)
                0x20000c64                UART1_IRQHandler
 .text.MSS_UART_isr
                0x20000c88      0x22c C:\Users\S-SPACE\Desktop\Pratik\FreeRTOS\FreeRTOS_SC_v3.5\FSW_FreeRTOS\CORTEX_SmartFusion2_M2S050_SoftConsole\RTOSDemo_Hardware_Platform\Debug\libRTOSDemo_Hardware_Platform.a(mss_uart.o)
 .text.NVIC_DisableIRQ
                0x20000eb4       0x3c C:\Users\S-SPACE\Desktop\Pratik\FreeRTOS\FreeRTOS_SC_v3.5\FSW_FreeRTOS\CORTEX_SmartFusion2_M2S050_SoftConsole\RTOSDemo_Hardware_Platform\Debug\libRTOSDemo_Hardware_Platform.a(mss_i2c.o)
 .text.enable_slave_if_required
                0x20000ef0       0x28 C:\Users\S-SPACE\Desktop\Pratik\FreeRTOS\FreeRTOS_SC_v3.5\FSW_FreeRTOS\CORTEX_SmartFusion2_M2S050_SoftConsole\RTOSDemo_Hardware_Platform\Debug\libRTOSDemo_Hardware_Platform.a(mss_i2c.o)
 .text.mss_i2c_isr
                0x20000f18      0x8f4 C:\Users\S-SPACE\Desktop\Pratik\FreeRTOS\FreeRTOS_SC_v3.5\FSW_FreeRTOS\CORTEX_SmartFusion2_M2S050_SoftConsole\RTOSDemo_Hardware_Platform\Debug\libRTOSDemo_Hardware_Platform.a(mss_i2c.o)
 .text.I2C0_IRQHandler
                0x2000180c       0x24 C:\Users\S-SPACE\Desktop\Pratik\FreeRTOS\FreeRTOS_SC_v3.5\FSW_FreeRTOS\CORTEX_SmartFusion2_M2S050_SoftConsole\RTOSDemo_Hardware_Platform\Debug\libRTOSDemo_Hardware_Platform.a(mss_i2c.o)
                0x2000180c                I2C0_IRQHandler
 .text.I2C1_IRQHandler
                0x20001830       0x24 C:\Users\S-SPACE\Desktop\Pratik\FreeRTOS\FreeRTOS_SC_v3.5\FSW_FreeRTOS\CORTEX_SmartFusion2_M2S050_SoftConsole\RTOSDemo_Hardware_Platform\Debug\libRTOSDemo_Hardware_Platform.a(mss_i2c.o)
                0x20001830                I2C1_IRQHandler
 .text.I2C_init
                0x20001854       0xec C:\Users\S-SPACE\Desktop\Pratik\FreeRTOS\FreeRTOS_SC_v3.5\FSW_FreeRTOS\CORTEX_SmartFusion2_M2S050_SoftConsole\RTOSDemo_Hardware_Platform\Debug\libRTOSDemo_Hardware_Platform.a(core_i2c.o)
                0x20001854                I2C_init
 .text.I2C_write
                0x20001940       0xe4 C:\Users\S-SPACE\Desktop\Pratik\FreeRTOS\FreeRTOS_SC_v3.5\FSW_FreeRTOS\CORTEX_SmartFusion2_M2S050_SoftConsole\RTOSDemo_Hardware_Platform\Debug\libRTOSDemo_Hardware_Platform.a(core_i2c.o)
                0x20001940                I2C_write
 .text.I2C_read
                0x20001a24       0xe4 C:\Users\S-SPACE\Desktop\Pratik\FreeRTOS\FreeRTOS_SC_v3.5\FSW_FreeRTOS\CORTEX_SmartFusion2_M2S050_SoftConsole\RTOSDemo_Hardware_Platform\Debug\libRTOSDemo_Hardware_Platform.a(core_i2c.o)
                0x20001a24                I2C_read
 .text.I2C_wait_complete
                0x20001b08       0x38 C:\Users\S-SPACE\Desktop\Pratik\FreeRTOS\FreeRTOS_SC_v3.5\FSW_FreeRTOS\CORTEX_SmartFusion2_M2S050_SoftConsole\RTOSDemo_Hardware_Platform\Debug\libRTOSDemo_Hardware_Platform.a(core_i2c.o)
                0x20001b08                I2C_wait_complete
 .text.enable_slave_if_required
                0x20001b40       0x30 C:\Users\S-SPACE\Desktop\Pratik\FreeRTOS\FreeRTOS_SC_v3.5\FSW_FreeRTOS\CORTEX_SmartFusion2_M2S050_SoftConsole\RTOSDemo_Hardware_Platform\Debug\libRTOSDemo_Hardware_Platform.a(core_i2c.o)
 .text.I2C_isr  0x20001b70      0xa94 C:\Users\S-SPACE\Desktop\Pratik\FreeRTOS\FreeRTOS_SC_v3.5\FSW_FreeRTOS\CORTEX_SmartFusion2_M2S050_SoftConsole\RTOSDemo_Hardware_Platform\Debug\libRTOSDemo_Hardware_Platform.a(core_i2c.o)
                0x20001b70                I2C_isr
 .text.NVIC_EnableIRQ
                0x20002604       0x38 C:\Users\S-SPACE\Desktop\Pratik\FreeRTOS\FreeRTOS_SC_v3.5\FSW_FreeRTOS\CORTEX_SmartFusion2_M2S050_SoftConsole\RTOSDemo_Hardware_Platform\Debug\libRTOSDemo_Hardware_Platform.a(i2c_interrupt.o)
 .text.NVIC_DisableIRQ
                0x2000263c       0x3c C:\Users\S-SPACE\Desktop\Pratik\FreeRTOS\FreeRTOS_SC_v3.5\FSW_FreeRTOS\CORTEX_SmartFusion2_M2S050_SoftConsole\RTOSDemo_Hardware_Platform\Debug\libRTOSDemo_Hardware_Platform.a(i2c_interrupt.o)
 .text.I2C_enable_irq
                0x20002678       0x94 C:\Users\S-SPACE\Desktop\Pratik\FreeRTOS\FreeRTOS_SC_v3.5\FSW_FreeRTOS\CORTEX_SmartFusion2_M2S050_SoftConsole\RTOSDemo_Hardware_Platform\Debug\libRTOSDemo_Hardware_Platform.a(i2c_interrupt.o)
                0x20002678                I2C_enable_irq
 .text.I2C_disable_irq
                0x2000270c       0x94 C:\Users\S-SPACE\Desktop\Pratik\FreeRTOS\FreeRTOS_SC_v3.5\FSW_FreeRTOS\CORTEX_SmartFusion2_M2S050_SoftConsole\RTOSDemo_Hardware_Platform\Debug\libRTOSDemo_Hardware_Platform.a(i2c_interrupt.o)
                0x2000270c                I2C_disable_irq
 .text.SystemInit
                0x200027a0       0x2c C:\Users\S-SPACE\Desktop\Pratik\FreeRTOS\FreeRTOS_SC_v3.5\FSW_FreeRTOS\CORTEX_SmartFusion2_M2S050_SoftConsole\RTOSDemo_Hardware_Platform\Debug\libRTOSDemo_Hardware_Platform.a(system_m2sxxx.o)
                0x200027a0                SystemInit
 .text.get_silicon_revision
                0x200027cc       0x50 C:\Users\S-SPACE\Desktop\Pratik\FreeRTOS\FreeRTOS_SC_v3.5\FSW_FreeRTOS\CORTEX_SmartFusion2_M2S050_SoftConsole\RTOSDemo_Hardware_Platform\Debug\libRTOSDemo_Hardware_Platform.a(system_m2sxxx.o)
 .text.silicon_workarounds
                0x2000281c       0x20 C:\Users\S-SPACE\Desktop\Pratik\FreeRTOS\FreeRTOS_SC_v3.5\FSW_FreeRTOS\CORTEX_SmartFusion2_M2S050_SoftConsole\RTOSDemo_Hardware_Platform\Debug\libRTOSDemo_Hardware_Platform.a(system_m2sxxx.o)
 .text.m2s050_rev_a_workarounds
                0x2000283c       0x44 C:\Users\S-SPACE\Desktop\Pratik\FreeRTOS\FreeRTOS_SC_v3.5\FSW_FreeRTOS\CORTEX_SmartFusion2_M2S050_SoftConsole\RTOSDemo_Hardware_Platform\Debug\libRTOSDemo_Hardware_Platform.a(system_m2sxxx.o)
 .text.complete_clock_config
                0x20002880       0x90 C:\Users\S-SPACE\Desktop\Pratik\FreeRTOS\FreeRTOS_SC_v3.5\FSW_FreeRTOS\CORTEX_SmartFusion2_M2S050_SoftConsole\RTOSDemo_Hardware_Platform\Debug\libRTOSDemo_Hardware_Platform.a(system_m2sxxx.o)
 .text          0x20002910        0xe C:\Users\S-SPACE\Desktop\Pratik\FreeRTOS\FreeRTOS_SC_v3.5\FSW_FreeRTOS\CORTEX_SmartFusion2_M2S050_SoftConsole\RTOSDemo_Hardware_Platform\Debug\libRTOSDemo_Hardware_Platform.a(hal.o)
                0x20002910                HAL_disable_interrupts
                0x20002918                HAL_restore_interrupts
 .text          0x2000291e       0x90 C:\Users\S-SPACE\Desktop\Pratik\FreeRTOS\FreeRTOS_SC_v3.5\FSW_FreeRTOS\CORTEX_SmartFusion2_M2S050_SoftConsole\RTOSDemo_Hardware_Platform\Debug\libRTOSDemo_Hardware_Platform.a(hw_reg_access.o)
                0x2000291e                HW_set_32bit_reg
                0x20002922                HW_get_32bit_reg
                0x20002926                HW_set_32bit_reg_field
                0x20002942                HW_get_32bit_reg_field
                0x2000294e                HW_set_16bit_reg
                0x20002952                HW_get_16bit_reg
                0x20002956                HW_set_16bit_reg_field
                0x20002972                HW_get_16bit_reg_field
                0x2000297e                HW_set_8bit_reg
                0x20002982                HW_get_8bit_reg
                0x20002986                HW_set_8bit_reg_field
                0x200029a2                HW_get_8bit_reg_field
 *fill*         0x200029ae        0x2 00
 .text          0x200029b0       0x50 c:/program files (x86)/microsemi/softconsole v3.4/sourcery-g++/bin/../lib/gcc/arm-none-eabi/4.4.1/../../../../arm-none-eabi/lib/thumb2\libc.a(lib_a-init.o)
                0x200029b0                __libc_init_array
 .text          0x20002a00       0xd4 c:/program files (x86)/microsemi/softconsole v3.4/sourcery-g++/bin/../lib/gcc/arm-none-eabi/4.4.1/../../../../arm-none-eabi/lib/thumb2\libc.a(lib_a-memset.o)
                0x20002a00                memset
 *(.plt)
 *(.gnu.warning)
 *(.glue_7t)
 .glue_7t       0x00000000        0x0 linker stubs
 *(.glue_7)
 .glue_7        0x00000000        0x0 linker stubs
 *(.vfp11_veneer)
 .vfp11_veneer  0x00000000        0x0 linker stubs
                0x20002ad4                . = ALIGN (0x4)
 *crtbegin.o(.ctors)
 *(EXCLUDE_FILE(*crtend.o) .ctors)
 *(SORT(.ctors.*))
 *crtend.o(.ctors)
 *crtbegin.o(.dtors)
 *(EXCLUDE_FILE(*crtend.o) .dtors)
 *(SORT(.dtors.*))
 *crtend.o(.dtors)
 *(.rodata .rodata.* .gnu.linkonce.r.*)
 .rodata.C.135.6324
                0x20002ad4        0x4 ./Demo/demo.o
 .rodata.C.136.6325
                0x20002ad8        0x4 ./Demo/demo.o
 .rodata.C.137.6326
                0x20002adc        0x4 ./Demo/demo.o
 .rodata.C.138.6327
                0x20002ae0        0x4 ./Demo/demo.o
 .rodata.C.142.6331
                0x20002ae4        0x4 ./Demo/demo.o
 .rodata.C.143.6332
                0x20002ae8        0x4 ./Demo/demo.o
 .rodata.C.144.6333
                0x20002aec        0x4 ./Demo/demo.o
 *(.ARM.extab* .gnu.linkonce.armextab.*)
 *(.gcc_except_table)
 *(.eh_frame_hdr)
 *(.eh_frame)
 *(.init)
 .init          0x20002af0        0x4 c:/program files (x86)/microsemi/softconsole v3.4/sourcery-g++/bin/../lib/gcc/arm-none-eabi/4.4.1/thumb2/crti.o
                0x20002af0                _init
 .init          0x20002af4        0x8 c:/program files (x86)/microsemi/softconsole v3.4/sourcery-g++/bin/../lib/gcc/arm-none-eabi/4.4.1/thumb2/crtn.o
 *(.fini)
 .fini          0x20002afc        0x4 c:/program files (x86)/microsemi/softconsole v3.4/sourcery-g++/bin/../lib/gcc/arm-none-eabi/4.4.1/thumb2/crti.o
                0x20002afc                _fini
 .fini          0x20002b00        0x8 c:/program files (x86)/microsemi/softconsole v3.4/sourcery-g++/bin/../lib/gcc/arm-none-eabi/4.4.1/thumb2/crtn.o
                0x20002b08                PROVIDE (__preinit_array_start, .)
 *(.preinit_array)
                0x20002b08                PROVIDE (__preinit_array_end, .)
                0x20002b08                PROVIDE (__init_array_start, .)
 *(SORT(.init_array.*))
 *(.init_array)
 .init_array    0x20002b08        0x4 c:/program files (x86)/microsemi/softconsole v3.4/sourcery-g++/bin/../lib/gcc/arm-none-eabi/4.4.1/thumb2/crtbegin.o
                0x20002b0c                PROVIDE (__init_array_end, .)
                0x20002b0c                PROVIDE (__fini_array_start, .)
 *(.fini_array)
 .fini_array    0x20002b0c        0x4 c:/program files (x86)/microsemi/softconsole v3.4/sourcery-g++/bin/../lib/gcc/arm-none-eabi/4.4.1/thumb2/crtbegin.o
 *(SORT(.fini_array.*))
                0x20002b10                PROVIDE (__fini_array_end, .)
                0x20002b10                __exidx_start = .

.v4_bx          0x20002b10        0x0
 .v4_bx         0x00000000        0x0 linker stubs

.ARM.exidx
 *(.ARM.exidx* .gnu.linkonce.armexidx.*)
                0x20002b10                __exidx_end = .
                0x20002b10                _etext = .
                0x20002b10                PROVIDE (__text_end, .)

.data           0x20002b10        0x8
                0x20002b10                __data_load = LOADADDR (.data)
                0x20002b10                _sidata = LOADADDR (.data)
                0x20002b10                __data_start = .
                0x20002b10                _sdata = .
 *(.jcr)
 .jcr           0x20002b10        0x0 c:/program files (x86)/microsemi/softconsole v3.4/sourcery-g++/bin/../lib/gcc/arm-none-eabi/4.4.1/thumb2/crtbegin.o
 .jcr           0x20002b10        0x4 c:/program files (x86)/microsemi/softconsole v3.4/sourcery-g++/bin/../lib/gcc/arm-none-eabi/4.4.1/thumb2/crtend.o
 *(.got.plt)
 *(.got)
 *(.shdata)
 *(.data .data.* .gnu.linkonce.d.*)
 .data.SystemCoreClock
                0x20002b14        0x4 C:\Users\S-SPACE\Desktop\Pratik\FreeRTOS\FreeRTOS_SC_v3.5\FSW_FreeRTOS\CORTEX_SmartFusion2_M2S050_SoftConsole\RTOSDemo_Hardware_Platform\Debug\libRTOSDemo_Hardware_Platform.a(system_m2sxxx.o)
                0x20002b14                SystemCoreClock
                0x20002b18                . = ALIGN (0x4)
                0x20002b18                _edata = .

.bss            0x20002b18      0x910
                0x20002b18                __bss_start__ = .
                0x20002b18                _sbss = .
 *(.shbss)
 *(.bss .bss.* .gnu.linkonce.b.*)
 .bss           0x20002b18        0x1 c:/program files (x86)/microsemi/softconsole v3.4/sourcery-g++/bin/../lib/gcc/arm-none-eabi/4.4.1/thumb2/crtbegin.o
 *fill*         0x20002b19        0x3 00
 .bss.ulLastCounterValue.1425
                0x20002b1c        0x4 ./RunTimeStatsTimer.o
 .bss.ulOverflows.1426
                0x20002b20        0x4 ./RunTimeStatsTimer.o
 .bss.pxCurrentTCB
                0x20002b24        0x4 ./FreeRTOS-Source/tasks.o
                0x20002b24                pxCurrentTCB
 .bss.pxReadyTasksLists
                0x20002b28       0x64 ./FreeRTOS-Source/tasks.o
 .bss.pxDelayedTaskList
                0x20002b8c        0x4 ./FreeRTOS-Source/tasks.o
 .bss.pxOverflowDelayedTaskList
                0x20002b90        0x4 ./FreeRTOS-Source/tasks.o
 .bss.xTickCount
                0x20002b94        0x4 ./FreeRTOS-Source/tasks.o
 .bss.uxTopReadyPriority
                0x20002b98        0x4 ./FreeRTOS-Source/tasks.o
 .bss.uxPendedTicks
                0x20002b9c        0x4 ./FreeRTOS-Source/tasks.o
 .bss.xYieldPending
                0x20002ba0        0x4 ./FreeRTOS-Source/tasks.o
 .bss.xNumOfOverflows
                0x20002ba4        0x4 ./FreeRTOS-Source/tasks.o
 .bss.xNextTaskUnblockTime
                0x20002ba8        0x4 ./FreeRTOS-Source/tasks.o
 .bss.uxSchedulerSuspended
                0x20002bac        0x4 ./FreeRTOS-Source/tasks.o
 .bss.ulTaskSwitchedInTime
                0x20002bb0        0x4 ./FreeRTOS-Source/tasks.o
 .bss.ulTotalRunTime
                0x20002bb4        0x4 ./FreeRTOS-Source/tasks.o
 *(COMMON)
 COMMON         0x20002bb8      0x4e1 ./main.o
                0x20002bb8                data_pld
                0x20002bec                g_core_i2c2
                0x20002c58                uart0_irq_rx_buffer
                0x20002c5c                argu
                0x20002c78                c
                0x20002c94                uart1_irq_size
                0x20002c98                data
                0x20002e98                device_param
                0x20002f98                device
                0x20003098                command_index
 *fill*         0x20003099        0x3 00
 COMMON         0x2000309c      0x224 ./pilot/peripherals.o
                0x2000309c                g_core_i2c0
                0x20003108                g_core_i2c1
                0x20003174                g_core_i2c5
                0x200031e0                g_core_i2c3
                0x2000324c                sd_timer
                0x20003250                core_i2c_status
                0x20003254                g_core_i2c4
 COMMON         0x200032c0       0x80 C:\Users\S-SPACE\Desktop\Pratik\FreeRTOS\FreeRTOS_SC_v3.5\FSW_FreeRTOS\CORTEX_SmartFusion2_M2S050_SoftConsole\RTOSDemo_Hardware_Platform\Debug\libRTOSDemo_Hardware_Platform.a(mss_uart.o)
                0x200032c0                g_mss_uart1
                0x20003300                g_mss_uart0
 COMMON         0x20003340       0xe8 C:\Users\S-SPACE\Desktop\Pratik\FreeRTOS\FreeRTOS_SC_v3.5\FSW_FreeRTOS\CORTEX_SmartFusion2_M2S050_SoftConsole\RTOSDemo_Hardware_Platform\Debug\libRTOSDemo_Hardware_Platform.a(mss_i2c.o)
                0x20003340                g_mss_i2c0
                0x200033b4                g_mss_i2c1
                0x20003428                . = ALIGN (0x8)
                0x20003428                __bss_end__ = .
                0x20003428                _end = .
                0x20003428                __end = _end
                0x20003428                _ebss = .
                0x20003428                PROVIDE (end, .)

.stack          0x20003428      0x400
                0x20003428                . = ALIGN (0x4)
                0x20003428                . = (. + PROCESS_STACK_SIZE)
                0x20003428                . = ALIGN (0x4)
                0x20003828                . = (. + MAIN_STACK_SIZE)
 *fill*         0x20003428      0x400 00
                0x20003828                . = ALIGN (0x4)

.stab
 *(.stab)

.stabstr
 *(.stabstr)

.debug
 *(.debug)

.line
 *(.line)

.debug_srcinfo
 *(.debug_srcinfo)

.debug_sfnames
 *(.debug_sfnames)

.comment        0x00000000      0x489
 .comment       0x00000000       0x2b ./RunTimeStatsTimer.o
 .comment       0x0000002b       0x2b ./main.o
 .comment       0x00000056       0x2b ./printf-stdarg.o
 .comment       0x00000081       0x2b ./stream/stream.o
 .comment       0x000000ac       0x2b ./pilot/get_data.o
 .comment       0x000000d7       0x2b ./pilot/init.o
 .comment       0x00000102       0x2b ./pilot/peripherals.o
 .comment       0x0000012d       0x2b ./pilot/pilot.o
 .comment       0x00000158       0x2b ./pilot/pslv_interface.o
 .comment       0x00000183       0x2b ./pilot/read.o
 .comment       0x000001ae       0x2b ./pilot/write.o
 .comment       0x000001d9       0x2b ./osal/osal.o
 .comment       0x00000204       0x2b ./cmds/cmd.o
 .comment       0x0000022f       0x2b ./FreeRTOS-Source/list.o
 .comment       0x0000025a       0x2b ./FreeRTOS-Source/queue.o
 .comment       0x00000285       0x2b ./FreeRTOS-Source/tasks.o
 .comment       0x000002b0       0x2b ./FreeRTOS-Source/timers.o
 .comment       0x000002db       0x2b ./FreeRTOS-Source/portable/MemMang/heap_4.o
 .comment       0x00000306       0x2b ./FreeRTOS-Source/portable/GCC/ARM_CM3/port.o
 .comment       0x00000331       0x2b ./Demo/demo.o
 .comment       0x0000035c       0x2b ./Blinky-Demo/main_blinky.o
 .comment       0x00000387       0x2b C:/Users/S-SPACE/Desktop/Pratik/FreeRTOS/FreeRTOS_SC_v3.5/FSW_FreeRTOS/CORTEX_SmartFusion2_M2S050_SoftConsole/RTOSDemo_Hardware_Platform/Debug/CMSIS/startup_gcc/newlib_stubs.o
 .comment       0x000003b2       0x2b C:\Users\S-SPACE\Desktop\Pratik\FreeRTOS\FreeRTOS_SC_v3.5\FSW_FreeRTOS\CORTEX_SmartFusion2_M2S050_SoftConsole\RTOSDemo_Hardware_Platform\Debug\libRTOSDemo_Hardware_Platform.a(mss_uart.o)
 .comment       0x000003dd       0x2b C:\Users\S-SPACE\Desktop\Pratik\FreeRTOS\FreeRTOS_SC_v3.5\FSW_FreeRTOS\CORTEX_SmartFusion2_M2S050_SoftConsole\RTOSDemo_Hardware_Platform\Debug\libRTOSDemo_Hardware_Platform.a(mss_i2c.o)
 .comment       0x00000408       0x2b C:\Users\S-SPACE\Desktop\Pratik\FreeRTOS\FreeRTOS_SC_v3.5\FSW_FreeRTOS\CORTEX_SmartFusion2_M2S050_SoftConsole\RTOSDemo_Hardware_Platform\Debug\libRTOSDemo_Hardware_Platform.a(core_i2c.o)
 .comment       0x00000433       0x2b C:\Users\S-SPACE\Desktop\Pratik\FreeRTOS\FreeRTOS_SC_v3.5\FSW_FreeRTOS\CORTEX_SmartFusion2_M2S050_SoftConsole\RTOSDemo_Hardware_Platform\Debug\libRTOSDemo_Hardware_Platform.a(i2c_interrupt.o)
 .comment       0x0000045e       0x2b C:\Users\S-SPACE\Desktop\Pratik\FreeRTOS\FreeRTOS_SC_v3.5\FSW_FreeRTOS\CORTEX_SmartFusion2_M2S050_SoftConsole\RTOSDemo_Hardware_Platform\Debug\libRTOSDemo_Hardware_Platform.a(system_m2sxxx.o)

.debug_aranges  0x00000000      0xd08
 *(.debug_aranges)
 .debug_aranges
                0x00000000       0x28 ./RunTimeStatsTimer.o
 .debug_aranges
                0x00000028       0x48 ./main.o
 .debug_aranges
                0x00000070       0x58 ./printf-stdarg.o
 .debug_aranges
                0x000000c8       0x28 ./stream/stream.o
 .debug_aranges
                0x000000f0       0x70 ./pilot/get_data.o
 .debug_aranges
                0x00000160       0x20 ./pilot/init.o
 .debug_aranges
                0x00000180       0x20 ./pilot/read.o
 .debug_aranges
                0x000001a0       0x20 ./pilot/write.o
 .debug_aranges
                0x000001c0       0x28 ./osal/osal.o
 .debug_aranges
                0x000001e8       0x58 ./cmds/cmd.o
 .debug_aranges
                0x00000240       0x40 ./FreeRTOS-Source/list.o
 .debug_aranges
                0x00000280      0x100 ./FreeRTOS-Source/queue.o
 .debug_aranges
                0x00000380      0x1f0 ./FreeRTOS-Source/tasks.o
 .debug_aranges
                0x00000570       0xc8 ./FreeRTOS-Source/timers.o
 .debug_aranges
                0x00000638       0x50 ./FreeRTOS-Source/portable/MemMang/heap_4.o
 .debug_aranges
                0x00000688       0x78 ./FreeRTOS-Source/portable/GCC/ARM_CM3/port.o
 .debug_aranges
                0x00000700       0x98 ./Demo/demo.o
 .debug_aranges
                0x00000798       0x30 ./Blinky-Demo/main_blinky.o
 .debug_aranges
                0x000007c8       0xa8 C:/Users/S-SPACE/Desktop/Pratik/FreeRTOS/FreeRTOS_SC_v3.5/FSW_FreeRTOS/CORTEX_SmartFusion2_M2S050_SoftConsole/RTOSDemo_Hardware_Platform/Debug/CMSIS/startup_gcc/newlib_stubs.o
 .debug_aranges
                0x00000870      0x1d0 C:\Users\S-SPACE\Desktop\Pratik\FreeRTOS\FreeRTOS_SC_v3.5\FSW_FreeRTOS\CORTEX_SmartFusion2_M2S050_SoftConsole\RTOSDemo_Hardware_Platform\Debug\libRTOSDemo_Hardware_Platform.a(mss_uart.o)
 .debug_aranges
                0x00000a40      0x128 C:\Users\S-SPACE\Desktop\Pratik\FreeRTOS\FreeRTOS_SC_v3.5\FSW_FreeRTOS\CORTEX_SmartFusion2_M2S050_SoftConsole\RTOSDemo_Hardware_Platform\Debug\libRTOSDemo_Hardware_Platform.a(mss_i2c.o)
 .debug_aranges
                0x00000b68      0x110 C:\Users\S-SPACE\Desktop\Pratik\FreeRTOS\FreeRTOS_SC_v3.5\FSW_FreeRTOS\CORTEX_SmartFusion2_M2S050_SoftConsole\RTOSDemo_Hardware_Platform\Debug\libRTOSDemo_Hardware_Platform.a(core_i2c.o)
 .debug_aranges
                0x00000c78       0x38 C:\Users\S-SPACE\Desktop\Pratik\FreeRTOS\FreeRTOS_SC_v3.5\FSW_FreeRTOS\CORTEX_SmartFusion2_M2S050_SoftConsole\RTOSDemo_Hardware_Platform\Debug\libRTOSDemo_Hardware_Platform.a(i2c_interrupt.o)
 .debug_aranges
                0x00000cb0       0x58 C:\Users\S-SPACE\Desktop\Pratik\FreeRTOS\FreeRTOS_SC_v3.5\FSW_FreeRTOS\CORTEX_SmartFusion2_M2S050_SoftConsole\RTOSDemo_Hardware_Platform\Debug\libRTOSDemo_Hardware_Platform.a(system_m2sxxx.o)

.debug_pubnames
                0x00000000     0x211c
 *(.debug_pubnames)
 .debug_pubnames
                0x00000000       0x52 ./RunTimeStatsTimer.o
 .debug_pubnames
                0x00000052      0x11e ./main.o
 .debug_pubnames
                0x00000170       0x40 ./printf-stdarg.o
 .debug_pubnames
                0x000001b0       0xf3 ./stream/stream.o
 .debug_pubnames
                0x000002a3      0x10f ./pilot/get_data.o
 .debug_pubnames
                0x000003b2       0x1b ./pilot/init.o
 .debug_pubnames
                0x000003cd       0x93 ./pilot/peripherals.o
 .debug_pubnames
                0x00000460       0xb9 ./pilot/read.o
 .debug_pubnames
                0x00000519       0x24 ./pilot/write.o
 .debug_pubnames
                0x0000053d       0x31 ./osal/osal.o
 .debug_pubnames
                0x0000056e      0x154 ./cmds/cmd.o
 .debug_pubnames
                0x000006c2       0x72 ./FreeRTOS-Source/list.o
 .debug_pubnames
                0x00000734      0x256 ./FreeRTOS-Source/queue.o
 .debug_pubnames
                0x0000098a      0x487 ./FreeRTOS-Source/tasks.o
 .debug_pubnames
                0x00000e11      0x138 ./FreeRTOS-Source/timers.o
 .debug_pubnames
                0x00000f49       0x88 ./FreeRTOS-Source/portable/MemMang/heap_4.o
 .debug_pubnames
                0x00000fd1       0xfe ./FreeRTOS-Source/portable/GCC/ARM_CM3/port.o
 .debug_pubnames
                0x000010cf      0x389 ./Demo/demo.o
 .debug_pubnames
                0x00001458       0x22 ./Blinky-Demo/main_blinky.o
 .debug_pubnames
                0x0000147a       0xeb C:/Users/S-SPACE/Desktop/Pratik/FreeRTOS/FreeRTOS_SC_v3.5/FSW_FreeRTOS/CORTEX_SmartFusion2_M2S050_SoftConsole/RTOSDemo_Hardware_Platform/Debug/CMSIS/startup_gcc/newlib_stubs.o
 .debug_pubnames
                0x00001565      0x50f C:\Users\S-SPACE\Desktop\Pratik\FreeRTOS\FreeRTOS_SC_v3.5\FSW_FreeRTOS\CORTEX_SmartFusion2_M2S050_SoftConsole\RTOSDemo_Hardware_Platform\Debug\libRTOSDemo_Hardware_Platform.a(mss_uart.o)
 .debug_pubnames
                0x00001a74      0x2eb C:\Users\S-SPACE\Desktop\Pratik\FreeRTOS\FreeRTOS_SC_v3.5\FSW_FreeRTOS\CORTEX_SmartFusion2_M2S050_SoftConsole\RTOSDemo_Hardware_Platform\Debug\libRTOSDemo_Hardware_Platform.a(mss_i2c.o)
 .debug_pubnames
                0x00001d5f      0x2b9 C:\Users\S-SPACE\Desktop\Pratik\FreeRTOS\FreeRTOS_SC_v3.5\FSW_FreeRTOS\CORTEX_SmartFusion2_M2S050_SoftConsole\RTOSDemo_Hardware_Platform\Debug\libRTOSDemo_Hardware_Platform.a(core_i2c.o)
 .debug_pubnames
                0x00002018       0x39 C:\Users\S-SPACE\Desktop\Pratik\FreeRTOS\FreeRTOS_SC_v3.5\FSW_FreeRTOS\CORTEX_SmartFusion2_M2S050_SoftConsole\RTOSDemo_Hardware_Platform\Debug\libRTOSDemo_Hardware_Platform.a(i2c_interrupt.o)
 .debug_pubnames
                0x00002051       0xcb C:\Users\S-SPACE\Desktop\Pratik\FreeRTOS\FreeRTOS_SC_v3.5\FSW_FreeRTOS\CORTEX_SmartFusion2_M2S050_SoftConsole\RTOSDemo_Hardware_Platform\Debug\libRTOSDemo_Hardware_Platform.a(system_m2sxxx.o)

.debug_info     0x00000000    0x10bd7
 *(.debug_info .gnu.linkonce.wi.*)
 .debug_info    0x00000000       0xf2 ./RunTimeStatsTimer.o
 .debug_info    0x000000f2      0x609 ./main.o
 .debug_info    0x000006fb      0x424 ./printf-stdarg.o
 .debug_info    0x00000b1f      0xc5e ./stream/stream.o
 .debug_info    0x0000177d      0x8c5 ./pilot/get_data.o
 .debug_info    0x00002042      0x658 ./pilot/init.o
 .debug_info    0x0000269a      0x3f8 ./pilot/peripherals.o
 .debug_info    0x00002a92       0x29 ./pilot/pilot.o
 .debug_info    0x00002abb       0x29 ./pilot/pslv_interface.o
 .debug_info    0x00002ae4      0x755 ./pilot/read.o
 .debug_info    0x00003239      0x634 ./pilot/write.o
 .debug_info    0x0000386d       0xfd ./osal/osal.o
 .debug_info    0x0000396a      0x73d ./cmds/cmd.o
 .debug_info    0x000040a7      0x2c0 ./FreeRTOS-Source/list.o
 .debug_info    0x00004367     0x135d ./FreeRTOS-Source/queue.o
 .debug_info    0x000056c4     0x2038 ./FreeRTOS-Source/tasks.o
 .debug_info    0x000076fc      0xd8a ./FreeRTOS-Source/timers.o
 .debug_info    0x00008486      0x3d8 ./FreeRTOS-Source/portable/MemMang/heap_4.o
 .debug_info    0x0000885e      0x4af ./FreeRTOS-Source/portable/GCC/ARM_CM3/port.o
 .debug_info    0x00008d0d     0x1c3d ./Demo/demo.o
 .debug_info    0x0000a94a      0x1a1 ./Blinky-Demo/main_blinky.o
 .debug_info    0x0000aaeb      0x6c3 C:/Users/S-SPACE/Desktop/Pratik/FreeRTOS/FreeRTOS_SC_v3.5/FSW_FreeRTOS/CORTEX_SmartFusion2_M2S050_SoftConsole/RTOSDemo_Hardware_Platform/Debug/CMSIS/startup_gcc/newlib_stubs.o
 .debug_info    0x0000b1ae     0x1ed4 C:\Users\S-SPACE\Desktop\Pratik\FreeRTOS\FreeRTOS_SC_v3.5\FSW_FreeRTOS\CORTEX_SmartFusion2_M2S050_SoftConsole\RTOSDemo_Hardware_Platform\Debug\libRTOSDemo_Hardware_Platform.a(mss_uart.o)
 .debug_info    0x0000d082     0x1a9b C:\Users\S-SPACE\Desktop\Pratik\FreeRTOS\FreeRTOS_SC_v3.5\FSW_FreeRTOS\CORTEX_SmartFusion2_M2S050_SoftConsole\RTOSDemo_Hardware_Platform\Debug\libRTOSDemo_Hardware_Platform.a(mss_i2c.o)
 .debug_info    0x0000eb1d      0xd0c C:\Users\S-SPACE\Desktop\Pratik\FreeRTOS\FreeRTOS_SC_v3.5\FSW_FreeRTOS\CORTEX_SmartFusion2_M2S050_SoftConsole\RTOSDemo_Hardware_Platform\Debug\libRTOSDemo_Hardware_Platform.a(core_i2c.o)
 .debug_info    0x0000f829      0x7ce C:\Users\S-SPACE\Desktop\Pratik\FreeRTOS\FreeRTOS_SC_v3.5\FSW_FreeRTOS\CORTEX_SmartFusion2_M2S050_SoftConsole\RTOSDemo_Hardware_Platform\Debug\libRTOSDemo_Hardware_Platform.a(i2c_interrupt.o)
 .debug_info    0x0000fff7      0xbe0 C:\Users\S-SPACE\Desktop\Pratik\FreeRTOS\FreeRTOS_SC_v3.5\FSW_FreeRTOS\CORTEX_SmartFusion2_M2S050_SoftConsole\RTOSDemo_Hardware_Platform\Debug\libRTOSDemo_Hardware_Platform.a(system_m2sxxx.o)

.debug_abbrev   0x00000000     0x282c
 *(.debug_abbrev)
 .debug_abbrev  0x00000000       0x92 ./RunTimeStatsTimer.o
 .debug_abbrev  0x00000092      0x240 ./main.o
 .debug_abbrev  0x000002d2      0x147 ./printf-stdarg.o
 .debug_abbrev  0x00000419      0x1d4 ./stream/stream.o
 .debug_abbrev  0x000005ed      0x197 ./pilot/get_data.o
 .debug_abbrev  0x00000784      0x197 ./pilot/init.o
 .debug_abbrev  0x0000091b      0x104 ./pilot/peripherals.o
 .debug_abbrev  0x00000a1f       0x16 ./pilot/pilot.o
 .debug_abbrev  0x00000a35       0x16 ./pilot/pslv_interface.o
 .debug_abbrev  0x00000a4b      0x1a8 ./pilot/read.o
 .debug_abbrev  0x00000bf3      0x172 ./pilot/write.o
 .debug_abbrev  0x00000d65       0x90 ./osal/osal.o
 .debug_abbrev  0x00000df5      0x1da ./cmds/cmd.o
 .debug_abbrev  0x00000fcf       0xc5 ./FreeRTOS-Source/list.o
 .debug_abbrev  0x00001094      0x1d2 ./FreeRTOS-Source/queue.o
 .debug_abbrev  0x00001266      0x252 ./FreeRTOS-Source/tasks.o
 .debug_abbrev  0x000014b8      0x1a9 ./FreeRTOS-Source/timers.o
 .debug_abbrev  0x00001661      0x1b7 ./FreeRTOS-Source/portable/MemMang/heap_4.o
 .debug_abbrev  0x00001818      0x1f7 ./FreeRTOS-Source/portable/GCC/ARM_CM3/port.o
 .debug_abbrev  0x00001a0f      0x293 ./Demo/demo.o
 .debug_abbrev  0x00001ca2       0xd9 ./Blinky-Demo/main_blinky.o
 .debug_abbrev  0x00001d7b      0x158 C:/Users/S-SPACE/Desktop/Pratik/FreeRTOS/FreeRTOS_SC_v3.5/FSW_FreeRTOS/CORTEX_SmartFusion2_M2S050_SoftConsole/RTOSDemo_Hardware_Platform/Debug/CMSIS/startup_gcc/newlib_stubs.o
 .debug_abbrev  0x00001ed3      0x280 C:\Users\S-SPACE\Desktop\Pratik\FreeRTOS\FreeRTOS_SC_v3.5\FSW_FreeRTOS\CORTEX_SmartFusion2_M2S050_SoftConsole\RTOSDemo_Hardware_Platform\Debug\libRTOSDemo_Hardware_Platform.a(mss_uart.o)
 .debug_abbrev  0x00002153      0x28c C:\Users\S-SPACE\Desktop\Pratik\FreeRTOS\FreeRTOS_SC_v3.5\FSW_FreeRTOS\CORTEX_SmartFusion2_M2S050_SoftConsole\RTOSDemo_Hardware_Platform\Debug\libRTOSDemo_Hardware_Platform.a(mss_i2c.o)
 .debug_abbrev  0x000023df      0x185 C:\Users\S-SPACE\Desktop\Pratik\FreeRTOS\FreeRTOS_SC_v3.5\FSW_FreeRTOS\CORTEX_SmartFusion2_M2S050_SoftConsole\RTOSDemo_Hardware_Platform\Debug\libRTOSDemo_Hardware_Platform.a(core_i2c.o)
 .debug_abbrev  0x00002564      0x169 C:\Users\S-SPACE\Desktop\Pratik\FreeRTOS\FreeRTOS_SC_v3.5\FSW_FreeRTOS\CORTEX_SmartFusion2_M2S050_SoftConsole\RTOSDemo_Hardware_Platform\Debug\libRTOSDemo_Hardware_Platform.a(i2c_interrupt.o)
 .debug_abbrev  0x000026cd      0x15f C:\Users\S-SPACE\Desktop\Pratik\FreeRTOS\FreeRTOS_SC_v3.5\FSW_FreeRTOS\CORTEX_SmartFusion2_M2S050_SoftConsole\RTOSDemo_Hardware_Platform\Debug\libRTOSDemo_Hardware_Platform.a(system_m2sxxx.o)

.debug_line     0x00000000    0x1283b
 *(.debug_line)
 .debug_line    0x00000000      0x389 ./RunTimeStatsTimer.o
 .debug_line    0x00000389     0x16eb ./main.o
 .debug_line    0x00001a74      0x45f ./printf-stdarg.o
 .debug_line    0x00001ed3     0x179a ./stream/stream.o
 .debug_line    0x0000366d     0x1324 ./pilot/get_data.o
 .debug_line    0x00004991     0x11e0 ./pilot/init.o
 .debug_line    0x00005b71     0x11aa ./pilot/peripherals.o
 .debug_line    0x00006d1b       0x31 ./pilot/pilot.o
 .debug_line    0x00006d4c       0x3a ./pilot/pslv_interface.o
 .debug_line    0x00006d86     0x161e ./pilot/read.o
 .debug_line    0x000083a4     0x11e1 ./pilot/write.o
 .debug_line    0x00009585      0x420 ./osal/osal.o
 .debug_line    0x000099a5     0x1818 ./cmds/cmd.o
 .debug_line    0x0000b1bd      0x589 ./FreeRTOS-Source/list.o
 .debug_line    0x0000b746      0xac2 ./FreeRTOS-Source/queue.o
 .debug_line    0x0000c208      0xf40 ./FreeRTOS-Source/tasks.o
 .debug_line    0x0000d148      0x848 ./FreeRTOS-Source/timers.o
 .debug_line    0x0000d990      0x639 ./FreeRTOS-Source/portable/MemMang/heap_4.o
 .debug_line    0x0000dfc9      0x500 ./FreeRTOS-Source/portable/GCC/ARM_CM3/port.o
 .debug_line    0x0000e4c9     0x1844 ./Demo/demo.o
 .debug_line    0x0000fd0d      0x5b2 ./Blinky-Demo/main_blinky.o
 .debug_line    0x000102bf      0x4aa C:/Users/S-SPACE/Desktop/Pratik/FreeRTOS/FreeRTOS_SC_v3.5/FSW_FreeRTOS/CORTEX_SmartFusion2_M2S050_SoftConsole/RTOSDemo_Hardware_Platform/Debug/CMSIS/startup_gcc/newlib_stubs.o
 .debug_line    0x00010769      0x8f8 C:\Users\S-SPACE\Desktop\Pratik\FreeRTOS\FreeRTOS_SC_v3.5\FSW_FreeRTOS\CORTEX_SmartFusion2_M2S050_SoftConsole\RTOSDemo_Hardware_Platform\Debug\libRTOSDemo_Hardware_Platform.a(mss_uart.o)
 .debug_line    0x00011061      0x76d C:\Users\S-SPACE\Desktop\Pratik\FreeRTOS\FreeRTOS_SC_v3.5\FSW_FreeRTOS\CORTEX_SmartFusion2_M2S050_SoftConsole\RTOSDemo_Hardware_Platform\Debug\libRTOSDemo_Hardware_Platform.a(mss_i2c.o)
 .debug_line    0x000117ce      0x8bd C:\Users\S-SPACE\Desktop\Pratik\FreeRTOS\FreeRTOS_SC_v3.5\FSW_FreeRTOS\CORTEX_SmartFusion2_M2S050_SoftConsole\RTOSDemo_Hardware_Platform\Debug\libRTOSDemo_Hardware_Platform.a(core_i2c.o)
 .debug_line    0x0001208b      0x56f C:\Users\S-SPACE\Desktop\Pratik\FreeRTOS\FreeRTOS_SC_v3.5\FSW_FreeRTOS\CORTEX_SmartFusion2_M2S050_SoftConsole\RTOSDemo_Hardware_Platform\Debug\libRTOSDemo_Hardware_Platform.a(i2c_interrupt.o)
 .debug_line    0x000125fa      0x241 C:\Users\S-SPACE\Desktop\Pratik\FreeRTOS\FreeRTOS_SC_v3.5\FSW_FreeRTOS\CORTEX_SmartFusion2_M2S050_SoftConsole\RTOSDemo_Hardware_Platform\Debug\libRTOSDemo_Hardware_Platform.a(system_m2sxxx.o)

.debug_frame    0x00000000     0x2b5c
 *(.debug_frame)
 .debug_frame   0x00000000       0x44 ./RunTimeStatsTimer.o
 .debug_frame   0x00000044       0xb0 ./main.o
 .debug_frame   0x000000f4      0x134 ./printf-stdarg.o
 .debug_frame   0x00000228       0x4c ./stream/stream.o
 .debug_frame   0x00000274      0x170 ./pilot/get_data.o
 .debug_frame   0x000003e4       0x30 ./pilot/init.o
 .debug_frame   0x00000414       0x30 ./pilot/read.o
 .debug_frame   0x00000444       0x30 ./pilot/write.o
 .debug_frame   0x00000474       0x4c ./osal/osal.o
 .debug_frame   0x000004c0       0xf8 ./cmds/cmd.o
 .debug_frame   0x000005b8       0x9c ./FreeRTOS-Source/list.o
 .debug_frame   0x00000654      0x398 ./FreeRTOS-Source/queue.o
 .debug_frame   0x000009ec      0x724 ./FreeRTOS-Source/tasks.o
 .debug_frame   0x00001110      0x2b8 ./FreeRTOS-Source/timers.o
 .debug_frame   0x000013c8       0xd0 ./FreeRTOS-Source/portable/MemMang/heap_4.o
 .debug_frame   0x00001498      0x140 ./FreeRTOS-Source/portable/GCC/ARM_CM3/port.o
 .debug_frame   0x000015d8      0x1f8 ./Demo/demo.o
 .debug_frame   0x000017d0       0x70 ./Blinky-Demo/main_blinky.o
 .debug_frame   0x00001840      0x21c C:/Users/S-SPACE/Desktop/Pratik/FreeRTOS/FreeRTOS_SC_v3.5/FSW_FreeRTOS/CORTEX_SmartFusion2_M2S050_SoftConsole/RTOSDemo_Hardware_Platform/Debug/CMSIS/startup_gcc/newlib_stubs.o
 .debug_frame   0x00001a5c      0x6b4 C:\Users\S-SPACE\Desktop\Pratik\FreeRTOS\FreeRTOS_SC_v3.5\FSW_FreeRTOS\CORTEX_SmartFusion2_M2S050_SoftConsole\RTOSDemo_Hardware_Platform\Debug\libRTOSDemo_Hardware_Platform.a(mss_uart.o)
 .debug_frame   0x00002110      0x404 C:\Users\S-SPACE\Desktop\Pratik\FreeRTOS\FreeRTOS_SC_v3.5\FSW_FreeRTOS\CORTEX_SmartFusion2_M2S050_SoftConsole\RTOSDemo_Hardware_Platform\Debug\libRTOSDemo_Hardware_Platform.a(mss_i2c.o)
 .debug_frame   0x00002514      0x3e4 C:\Users\S-SPACE\Desktop\Pratik\FreeRTOS\FreeRTOS_SC_v3.5\FSW_FreeRTOS\CORTEX_SmartFusion2_M2S050_SoftConsole\RTOSDemo_Hardware_Platform\Debug\libRTOSDemo_Hardware_Platform.a(core_i2c.o)
 .debug_frame   0x000028f8       0x88 C:\Users\S-SPACE\Desktop\Pratik\FreeRTOS\FreeRTOS_SC_v3.5\FSW_FreeRTOS\CORTEX_SmartFusion2_M2S050_SoftConsole\RTOSDemo_Hardware_Platform\Debug\libRTOSDemo_Hardware_Platform.a(i2c_interrupt.o)
 .debug_frame   0x00002980       0xf4 C:\Users\S-SPACE\Desktop\Pratik\FreeRTOS\FreeRTOS_SC_v3.5\FSW_FreeRTOS\CORTEX_SmartFusion2_M2S050_SoftConsole\RTOSDemo_Hardware_Platform\Debug\libRTOSDemo_Hardware_Platform.a(system_m2sxxx.o)
 .debug_frame   0x00002a74       0x20 c:/program files (x86)/microsemi/softconsole v3.4/sourcery-g++/bin/../lib/gcc/arm-none-eabi/4.4.1/../../../../arm-none-eabi/lib/thumb2\libc.a(lib_a-errno.o)
 .debug_frame   0x00002a94       0x2c c:/program files (x86)/microsemi/softconsole v3.4/sourcery-g++/bin/../lib/gcc/arm-none-eabi/4.4.1/../../../../arm-none-eabi/lib/thumb2\libc.a(lib_a-init.o)
 .debug_frame   0x00002ac0       0x34 c:/program files (x86)/microsemi/softconsole v3.4/sourcery-g++/bin/../lib/gcc/arm-none-eabi/4.4.1/../../../../arm-none-eabi/lib/thumb2\libc.a(lib_a-memcpy.o)
 .debug_frame   0x00002af4       0x28 c:/program files (x86)/microsemi/softconsole v3.4/sourcery-g++/bin/../lib/gcc/arm-none-eabi/4.4.1/../../../../arm-none-eabi/lib/thumb2\libc.a(lib_a-memset.o)
 .debug_frame   0x00002b1c       0x20 c:/program files (x86)/microsemi/softconsole v3.4/sourcery-g++/bin/../lib/gcc/arm-none-eabi/4.4.1/../../../../arm-none-eabi/lib/thumb2\libc.a(lib_a-strcpy.o)
 .debug_frame   0x00002b3c       0x20 c:/program files (x86)/microsemi/softconsole v3.4/sourcery-g++/bin/../lib/gcc/arm-none-eabi/4.4.1/../../../../arm-none-eabi/lib/thumb2\libc.a(lib_a-strlen.o)

.debug_str      0x00000000     0x4f27
 *(.debug_str)
 .debug_str     0x00000000      0x16b ./RunTimeStatsTimer.o
                                0x19f (size before relaxing)
 .debug_str     0x0000016b      0x360 ./main.o
                                0x5d0 (size before relaxing)
 .debug_str     0x000004cb       0x86 ./printf-stdarg.o
                                0x1c0 (size before relaxing)
 .debug_str     0x00000551      0x729 ./stream/stream.o
                                0xc05 (size before relaxing)
 .debug_str     0x00000c7a      0x1eb ./pilot/get_data.o
                                0x60e (size before relaxing)
 .debug_str     0x00000e65      0x132 ./pilot/init.o
                                0x695 (size before relaxing)
 .debug_str     0x00000f97       0x67 ./pilot/peripherals.o
                                0x479 (size before relaxing)
 .debug_str     0x00000ffe       0x11 ./pilot/pilot.o
                                 0x9a (size before relaxing)
 .debug_str     0x0000100f       0x1a ./pilot/pslv_interface.o
                                 0xa3 (size before relaxing)
 .debug_str     0x00001029       0x1d ./pilot/read.o
                                0x6e9 (size before relaxing)
 .debug_str     0x00001046       0x1f ./pilot/write.o
                                0x69a (size before relaxing)
 .debug_str     0x00001065       0x46 ./osal/osal.o
                                0x16a (size before relaxing)
 .debug_str     0x000010ab       0x8b ./cmds/cmd.o
                                0x54c (size before relaxing)
 .debug_str     0x00001136      0x143 ./FreeRTOS-Source/list.o
                                0x274 (size before relaxing)
 .debug_str     0x00001279      0x51f ./FreeRTOS-Source/queue.o
                                0x75c (size before relaxing)
 .debug_str     0x00001798      0xc52 ./FreeRTOS-Source/tasks.o
                                0xfa3 (size before relaxing)
 .debug_str     0x000023ea      0x4df ./FreeRTOS-Source/timers.o
                                0x768 (size before relaxing)
 .debug_str     0x000028c9      0x1d7 ./FreeRTOS-Source/portable/MemMang/heap_4.o
                                0x334 (size before relaxing)
 .debug_str     0x00002aa0      0x1e0 ./FreeRTOS-Source/portable/GCC/ARM_CM3/port.o
                                0x39d (size before relaxing)
 .debug_str     0x00002c80      0x5fc ./Demo/demo.o
                               0x14a8 (size before relaxing)
 .debug_str     0x0000327c       0x7a ./Blinky-Demo/main_blinky.o
                                0x1e1 (size before relaxing)
 .debug_str     0x000032f6      0x271 C:/Users/S-SPACE/Desktop/Pratik/FreeRTOS/FreeRTOS_SC_v3.5/FSW_FreeRTOS/CORTEX_SmartFusion2_M2S050_SoftConsole/RTOSDemo_Hardware_Platform/Debug/CMSIS/startup_gcc/newlib_stubs.o
                                0x34f (size before relaxing)
 .debug_str     0x00003567     0x113b C:\Users\S-SPACE\Desktop\Pratik\FreeRTOS\FreeRTOS_SC_v3.5\FSW_FreeRTOS\CORTEX_SmartFusion2_M2S050_SoftConsole\RTOSDemo_Hardware_Platform\Debug\libRTOSDemo_Hardware_Platform.a(mss_uart.o)
                               0x19c8 (size before relaxing)
 .debug_str     0x000046a2      0x46b C:\Users\S-SPACE\Desktop\Pratik\FreeRTOS\FreeRTOS_SC_v3.5\FSW_FreeRTOS\CORTEX_SmartFusion2_M2S050_SoftConsole\RTOSDemo_Hardware_Platform\Debug\libRTOSDemo_Hardware_Platform.a(mss_i2c.o)
                               0x1744 (size before relaxing)
 .debug_str     0x00004b0d      0x1e9 C:\Users\S-SPACE\Desktop\Pratik\FreeRTOS\FreeRTOS_SC_v3.5\FSW_FreeRTOS\CORTEX_SmartFusion2_M2S050_SoftConsole\RTOSDemo_Hardware_Platform\Debug\libRTOSDemo_Hardware_Platform.a(core_i2c.o)
                                0x96d (size before relaxing)
 .debug_str     0x00004cf6       0x42 C:\Users\S-SPACE\Desktop\Pratik\FreeRTOS\FreeRTOS_SC_v3.5\FSW_FreeRTOS\CORTEX_SmartFusion2_M2S050_SoftConsole\RTOSDemo_Hardware_Platform\Debug\libRTOSDemo_Hardware_Platform.a(i2c_interrupt.o)
                                0x9ef (size before relaxing)
 .debug_str     0x00004d38      0x1ef C:\Users\S-SPACE\Desktop\Pratik\FreeRTOS\FreeRTOS_SC_v3.5\FSW_FreeRTOS\CORTEX_SmartFusion2_M2S050_SoftConsole\RTOSDemo_Hardware_Platform\Debug\libRTOSDemo_Hardware_Platform.a(system_m2sxxx.o)
                                0xa63 (size before relaxing)

.debug_loc      0x00000000     0x4863
 *(.debug_loc)
 .debug_loc     0x00000000       0x62 ./RunTimeStatsTimer.o
 .debug_loc     0x00000062      0x126 ./main.o
 .debug_loc     0x00000188      0x1df ./printf-stdarg.o
 .debug_loc     0x00000367       0x6e ./stream/stream.o
 .debug_loc     0x000003d5      0x261 ./pilot/get_data.o
 .debug_loc     0x00000636       0x37 ./pilot/init.o
 .debug_loc     0x0000066d       0x37 ./pilot/read.o
 .debug_loc     0x000006a4       0x37 ./pilot/write.o
 .debug_loc     0x000006db       0x6e ./osal/osal.o
 .debug_loc     0x00000749      0x1ac ./cmds/cmd.o
 .debug_loc     0x000008f5      0x113 ./FreeRTOS-Source/list.o
 .debug_loc     0x00000a08      0x645 ./FreeRTOS-Source/queue.o
 .debug_loc     0x0000104d      0xc7f ./FreeRTOS-Source/tasks.o
 .debug_loc     0x00001ccc      0x4af ./FreeRTOS-Source/timers.o
 .debug_loc     0x0000217b      0x15d ./FreeRTOS-Source/portable/MemMang/heap_4.o
 .debug_loc     0x000022d8      0x1e3 ./FreeRTOS-Source/portable/GCC/ARM_CM3/port.o
 .debug_loc     0x000024bb      0x329 ./Demo/demo.o
 .debug_loc     0x000027e4       0xa5 ./Blinky-Demo/main_blinky.o
 .debug_loc     0x00002889      0x3c6 C:/Users/S-SPACE/Desktop/Pratik/FreeRTOS/FreeRTOS_SC_v3.5/FSW_FreeRTOS/CORTEX_SmartFusion2_M2S050_SoftConsole/RTOSDemo_Hardware_Platform/Debug/CMSIS/startup_gcc/newlib_stubs.o
 .debug_loc     0x00002c4f      0xbb9 C:\Users\S-SPACE\Desktop\Pratik\FreeRTOS\FreeRTOS_SC_v3.5\FSW_FreeRTOS\CORTEX_SmartFusion2_M2S050_SoftConsole\RTOSDemo_Hardware_Platform\Debug\libRTOSDemo_Hardware_Platform.a(mss_uart.o)
 .debug_loc     0x00003808      0x736 C:\Users\S-SPACE\Desktop\Pratik\FreeRTOS\FreeRTOS_SC_v3.5\FSW_FreeRTOS\CORTEX_SmartFusion2_M2S050_SoftConsole\RTOSDemo_Hardware_Platform\Debug\libRTOSDemo_Hardware_Platform.a(mss_i2c.o)
 .debug_loc     0x00003f3e      0x6a9 C:\Users\S-SPACE\Desktop\Pratik\FreeRTOS\FreeRTOS_SC_v3.5\FSW_FreeRTOS\CORTEX_SmartFusion2_M2S050_SoftConsole\RTOSDemo_Hardware_Platform\Debug\libRTOSDemo_Hardware_Platform.a(core_i2c.o)
 .debug_loc     0x000045e7       0xdc C:\Users\S-SPACE\Desktop\Pratik\FreeRTOS\FreeRTOS_SC_v3.5\FSW_FreeRTOS\CORTEX_SmartFusion2_M2S050_SoftConsole\RTOSDemo_Hardware_Platform\Debug\libRTOSDemo_Hardware_Platform.a(i2c_interrupt.o)
 .debug_loc     0x000046c3      0x1a0 C:\Users\S-SPACE\Desktop\Pratik\FreeRTOS\FreeRTOS_SC_v3.5\FSW_FreeRTOS\CORTEX_SmartFusion2_M2S050_SoftConsole\RTOSDemo_Hardware_Platform\Debug\libRTOSDemo_Hardware_Platform.a(system_m2sxxx.o)

.debug_macinfo  0x00000000    0xd6f94
 *(.debug_macinfo)
 .debug_macinfo
                0x00000000     0x4745 ./RunTimeStatsTimer.o
 .debug_macinfo
                0x00004745     0xf2a9 ./main.o
 .debug_macinfo
                0x000139ee     0x46e7 ./printf-stdarg.o
 .debug_macinfo
                0x000180d5     0xd583 ./stream/stream.o
 .debug_macinfo
                0x00025658     0x8d6b ./pilot/get_data.o
 .debug_macinfo
                0x0002e3c3     0x8d80 ./pilot/init.o
 .debug_macinfo
                0x00037143     0x8bf7 ./pilot/peripherals.o
 .debug_macinfo
                0x0003fd3a      0xc81 ./pilot/pilot.o
 .debug_macinfo
                0x000409bb      0xc81 ./pilot/pslv_interface.o
 .debug_macinfo
                0x0004163c     0xca4b ./pilot/read.o
 .debug_macinfo
                0x0004e087     0x8c4f ./pilot/write.o
 .debug_macinfo
                0x00056cd6     0x5348 ./osal/osal.o
 .debug_macinfo
                0x0005c01e     0xd574 ./cmds/cmd.o
 .debug_macinfo
                0x00069592     0x699e ./FreeRTOS-Source/list.o
 .debug_macinfo
                0x0006ff30     0x7af7 ./FreeRTOS-Source/queue.o
 .debug_macinfo
                0x00077a27     0x8e0f ./FreeRTOS-Source/tasks.o
 .debug_macinfo
                0x00080836     0x8022 ./FreeRTOS-Source/timers.o
 .debug_macinfo
                0x00088858     0x703b ./FreeRTOS-Source/portable/MemMang/heap_4.o
 .debug_macinfo
                0x0008f893     0x589b ./FreeRTOS-Source/portable/GCC/ARM_CM3/port.o
 .debug_macinfo
                0x0009512e    0x10760 ./Demo/demo.o
 .debug_macinfo
                0x000a588e     0x8a73 ./Blinky-Demo/main_blinky.o
 .debug_macinfo
                0x000ae301     0x4bf0 C:/Users/S-SPACE/Desktop/Pratik/FreeRTOS/FreeRTOS_SC_v3.5/FSW_FreeRTOS/CORTEX_SmartFusion2_M2S050_SoftConsole/RTOSDemo_Hardware_Platform/Debug/CMSIS/startup_gcc/newlib_stubs.o
 .debug_macinfo
                0x000b2ef1     0x80de C:\Users\S-SPACE\Desktop\Pratik\FreeRTOS\FreeRTOS_SC_v3.5\FSW_FreeRTOS\CORTEX_SmartFusion2_M2S050_SoftConsole\RTOSDemo_Hardware_Platform\Debug\libRTOSDemo_Hardware_Platform.a(mss_uart.o)
 .debug_macinfo
                0x000bafcf     0x8ef1 C:\Users\S-SPACE\Desktop\Pratik\FreeRTOS\FreeRTOS_SC_v3.5\FSW_FreeRTOS\CORTEX_SmartFusion2_M2S050_SoftConsole\RTOSDemo_Hardware_Platform\Debug\libRTOSDemo_Hardware_Platform.a(mss_i2c.o)
 .debug_macinfo
                0x000c3ec0     0x44f1 C:\Users\S-SPACE\Desktop\Pratik\FreeRTOS\FreeRTOS_SC_v3.5\FSW_FreeRTOS\CORTEX_SmartFusion2_M2S050_SoftConsole\RTOSDemo_Hardware_Platform\Debug\libRTOSDemo_Hardware_Platform.a(core_i2c.o)
 .debug_macinfo
                0x000c83b1     0x7939 C:\Users\S-SPACE\Desktop\Pratik\FreeRTOS\FreeRTOS_SC_v3.5\FSW_FreeRTOS\CORTEX_SmartFusion2_M2S050_SoftConsole\RTOSDemo_Hardware_Platform\Debug\libRTOSDemo_Hardware_Platform.a(i2c_interrupt.o)
 .debug_macinfo
                0x000cfcea     0x72aa C:\Users\S-SPACE\Desktop\Pratik\FreeRTOS\FreeRTOS_SC_v3.5\FSW_FreeRTOS\CORTEX_SmartFusion2_M2S050_SoftConsole\RTOSDemo_Hardware_Platform\Debug\libRTOSDemo_Hardware_Platform.a(system_m2sxxx.o)

.debug_weaknames
 *(.debug_weaknames)

.debug_funcnames
 *(.debug_funcnames)

.debug_typenames
 *(.debug_typenames)

.debug_varnames
 *(.debug_varnames)

.note.gnu.arm.ident
 *(.note.gnu.arm.ident)

.ARM.attributes
                0x00000000       0x25
 *(.ARM.attributes)
 .ARM.attributes
                0x00000000       0x19 c:/program files (x86)/microsemi/softconsole v3.4/sourcery-g++/bin/../lib/gcc/arm-none-eabi/4.4.1/thumb2/crti.o
 .ARM.attributes
                0x00000019       0x29 c:/program files (x86)/microsemi/softconsole v3.4/sourcery-g++/bin/../lib/gcc/arm-none-eabi/4.4.1/thumb2/crtbegin.o
 .ARM.attributes
                0x00000042       0x31 ./RunTimeStatsTimer.o
 .ARM.attributes
                0x00000073       0x31 ./main.o
 .ARM.attributes
                0x000000a4       0x31 ./printf-stdarg.o
 .ARM.attributes
                0x000000d5       0x31 ./stream/stream.o
 .ARM.attributes
                0x00000106       0x31 ./pilot/get_data.o
 .ARM.attributes
                0x00000137       0x31 ./pilot/init.o
 .ARM.attributes
                0x00000168       0x31 ./pilot/peripherals.o
 .ARM.attributes
                0x00000199       0x31 ./pilot/pilot.o
 .ARM.attributes
                0x000001ca       0x31 ./pilot/pslv_interface.o
 .ARM.attributes
                0x000001fb       0x31 ./pilot/read.o
 .ARM.attributes
                0x0000022c       0x31 ./pilot/write.o
 .ARM.attributes
                0x0000025d       0x31 ./osal/osal.o
 .ARM.attributes
                0x0000028e       0x31 ./cmds/cmd.o
 .ARM.attributes
                0x000002bf       0x31 ./FreeRTOS-Source/list.o
 .ARM.attributes
                0x000002f0       0x31 ./FreeRTOS-Source/queue.o
 .ARM.attributes
                0x00000321       0x31 ./FreeRTOS-Source/tasks.o
 .ARM.attributes
                0x00000352       0x31 ./FreeRTOS-Source/timers.o
 .ARM.attributes
                0x00000383       0x31 ./FreeRTOS-Source/portable/MemMang/heap_4.o
 .ARM.attributes
                0x000003b4       0x31 ./FreeRTOS-Source/portable/GCC/ARM_CM3/port.o
 .ARM.attributes
                0x000003e5       0x31 ./Demo/demo.o
 .ARM.attributes
                0x00000416       0x31 ./Blinky-Demo/main_blinky.o
 .ARM.attributes
                0x00000447       0x21 C:/Users/S-SPACE/Desktop/Pratik/FreeRTOS/FreeRTOS_SC_v3.5/FSW_FreeRTOS/CORTEX_SmartFusion2_M2S050_SoftConsole/RTOSDemo_Hardware_Platform/Debug/CMSIS/startup_gcc/startup_m2sxxx.o
 .ARM.attributes
                0x00000468       0x31 C:/Users/S-SPACE/Desktop/Pratik/FreeRTOS/FreeRTOS_SC_v3.5/FSW_FreeRTOS/CORTEX_SmartFusion2_M2S050_SoftConsole/RTOSDemo_Hardware_Platform/Debug/CMSIS/startup_gcc/newlib_stubs.o
 .ARM.attributes
                0x00000499       0x31 C:\Users\S-SPACE\Desktop\Pratik\FreeRTOS\FreeRTOS_SC_v3.5\FSW_FreeRTOS\CORTEX_SmartFusion2_M2S050_SoftConsole\RTOSDemo_Hardware_Platform\Debug\libRTOSDemo_Hardware_Platform.a(mss_uart.o)
 .ARM.attributes
                0x000004ca       0x31 C:\Users\S-SPACE\Desktop\Pratik\FreeRTOS\FreeRTOS_SC_v3.5\FSW_FreeRTOS\CORTEX_SmartFusion2_M2S050_SoftConsole\RTOSDemo_Hardware_Platform\Debug\libRTOSDemo_Hardware_Platform.a(mss_i2c.o)
 .ARM.attributes
                0x000004fb       0x31 C:\Users\S-SPACE\Desktop\Pratik\FreeRTOS\FreeRTOS_SC_v3.5\FSW_FreeRTOS\CORTEX_SmartFusion2_M2S050_SoftConsole\RTOSDemo_Hardware_Platform\Debug\libRTOSDemo_Hardware_Platform.a(core_i2c.o)
 .ARM.attributes
                0x0000052c       0x31 C:\Users\S-SPACE\Desktop\Pratik\FreeRTOS\FreeRTOS_SC_v3.5\FSW_FreeRTOS\CORTEX_SmartFusion2_M2S050_SoftConsole\RTOSDemo_Hardware_Platform\Debug\libRTOSDemo_Hardware_Platform.a(i2c_interrupt.o)
 .ARM.attributes
                0x0000055d       0x31 C:\Users\S-SPACE\Desktop\Pratik\FreeRTOS\FreeRTOS_SC_v3.5\FSW_FreeRTOS\CORTEX_SmartFusion2_M2S050_SoftConsole\RTOSDemo_Hardware_Platform\Debug\libRTOSDemo_Hardware_Platform.a(system_m2sxxx.o)
 .ARM.attributes
                0x0000058e       0x21 C:\Users\S-SPACE\Desktop\Pratik\FreeRTOS\FreeRTOS_SC_v3.5\FSW_FreeRTOS\CORTEX_SmartFusion2_M2S050_SoftConsole\RTOSDemo_Hardware_Platform\Debug\libRTOSDemo_Hardware_Platform.a(hal.o)
 .ARM.attributes
                0x000005af       0x21 C:\Users\S-SPACE\Desktop\Pratik\FreeRTOS\FreeRTOS_SC_v3.5\FSW_FreeRTOS\CORTEX_SmartFusion2_M2S050_SoftConsole\RTOSDemo_Hardware_Platform\Debug\libRTOSDemo_Hardware_Platform.a(hw_reg_access.o)
 .ARM.attributes
                0x000005d0       0x29 c:/program files (x86)/microsemi/softconsole v3.4/sourcery-g++/bin/../lib/gcc/arm-none-eabi/4.4.1/../../../../arm-none-eabi/lib/thumb2\libc.a(lib_a-errno.o)
 .ARM.attributes
                0x000005f9       0x29 c:/program files (x86)/microsemi/softconsole v3.4/sourcery-g++/bin/../lib/gcc/arm-none-eabi/4.4.1/../../../../arm-none-eabi/lib/thumb2\libc.a(lib_a-impure.o)
 .ARM.attributes
                0x00000622       0x29 c:/program files (x86)/microsemi/softconsole v3.4/sourcery-g++/bin/../lib/gcc/arm-none-eabi/4.4.1/../../../../arm-none-eabi/lib/thumb2\libc.a(lib_a-init.o)
 .ARM.attributes
                0x0000064b       0x29 c:/program files (x86)/microsemi/softconsole v3.4/sourcery-g++/bin/../lib/gcc/arm-none-eabi/4.4.1/../../../../arm-none-eabi/lib/thumb2\libc.a(lib_a-memcpy.o)
 .ARM.attributes
                0x00000674       0x29 c:/program files (x86)/microsemi/softconsole v3.4/sourcery-g++/bin/../lib/gcc/arm-none-eabi/4.4.1/../../../../arm-none-eabi/lib/thumb2\libc.a(lib_a-memset.o)
 .ARM.attributes
                0x0000069d       0x29 c:/program files (x86)/microsemi/softconsole v3.4/sourcery-g++/bin/../lib/gcc/arm-none-eabi/4.4.1/../../../../arm-none-eabi/lib/thumb2\libc.a(lib_a-strcpy.o)
 .ARM.attributes
                0x000006c6       0x29 c:/program files (x86)/microsemi/softconsole v3.4/sourcery-g++/bin/../lib/gcc/arm-none-eabi/4.4.1/../../../../arm-none-eabi/lib/thumb2\libc.a(lib_a-strlen.o)
 .ARM.attributes
                0x000006ef       0x29 c:/program files (x86)/microsemi/softconsole v3.4/sourcery-g++/bin/../lib/gcc/arm-none-eabi/4.4.1/thumb2/crtend.o
 .ARM.attributes
                0x00000718       0x19 c:/program files (x86)/microsemi/softconsole v3.4/sourcery-g++/bin/../lib/gcc/arm-none-eabi/4.4.1/thumb2/crtn.o

/DISCARD/
 *(.note.GNU-stack)
 *(.isr_vector)
OUTPUT(RTOSDemo elf32-littlearm)

.debug_ranges   0x00000000      0xca8
 .debug_ranges  0x00000000       0x20 ./RunTimeStatsTimer.o
 .debug_ranges  0x00000020       0x40 ./main.o
 .debug_ranges  0x00000060       0x50 ./printf-stdarg.o
 .debug_ranges  0x000000b0       0x20 ./stream/stream.o
 .debug_ranges  0x000000d0       0x68 ./pilot/get_data.o
 .debug_ranges  0x00000138       0x18 ./pilot/init.o
 .debug_ranges  0x00000150       0x18 ./pilot/read.o
 .debug_ranges  0x00000168       0x18 ./pilot/write.o
 .debug_ranges  0x00000180       0x20 ./osal/osal.o
 .debug_ranges  0x000001a0       0x50 ./cmds/cmd.o
 .debug_ranges  0x000001f0       0x38 ./FreeRTOS-Source/list.o
 .debug_ranges  0x00000228       0xf8 ./FreeRTOS-Source/queue.o
 .debug_ranges  0x00000320      0x200 ./FreeRTOS-Source/tasks.o
 .debug_ranges  0x00000520       0xc0 ./FreeRTOS-Source/timers.o
 .debug_ranges  0x000005e0       0x48 ./FreeRTOS-Source/portable/MemMang/heap_4.o
 .debug_ranges  0x00000628       0x70 ./FreeRTOS-Source/portable/GCC/ARM_CM3/port.o
 .debug_ranges  0x00000698       0xa8 ./Demo/demo.o
 .debug_ranges  0x00000740       0x28 ./Blinky-Demo/main_blinky.o
 .debug_ranges  0x00000768       0xa0 C:/Users/S-SPACE/Desktop/Pratik/FreeRTOS/FreeRTOS_SC_v3.5/FSW_FreeRTOS/CORTEX_SmartFusion2_M2S050_SoftConsole/RTOSDemo_Hardware_Platform/Debug/CMSIS/startup_gcc/newlib_stubs.o
 .debug_ranges  0x00000808      0x1c8 C:\Users\S-SPACE\Desktop\Pratik\FreeRTOS\FreeRTOS_SC_v3.5\FSW_FreeRTOS\CORTEX_SmartFusion2_M2S050_SoftConsole\RTOSDemo_Hardware_Platform\Debug\libRTOSDemo_Hardware_Platform.a(mss_uart.o)
 .debug_ranges  0x000009d0      0x138 C:\Users\S-SPACE\Desktop\Pratik\FreeRTOS\FreeRTOS_SC_v3.5\FSW_FreeRTOS\CORTEX_SmartFusion2_M2S050_SoftConsole\RTOSDemo_Hardware_Platform\Debug\libRTOSDemo_Hardware_Platform.a(mss_i2c.o)
 .debug_ranges  0x00000b08      0x120 C:\Users\S-SPACE\Desktop\Pratik\FreeRTOS\FreeRTOS_SC_v3.5\FSW_FreeRTOS\CORTEX_SmartFusion2_M2S050_SoftConsole\RTOSDemo_Hardware_Platform\Debug\libRTOSDemo_Hardware_Platform.a(core_i2c.o)
 .debug_ranges  0x00000c28       0x30 C:\Users\S-SPACE\Desktop\Pratik\FreeRTOS\FreeRTOS_SC_v3.5\FSW_FreeRTOS\CORTEX_SmartFusion2_M2S050_SoftConsole\RTOSDemo_Hardware_Platform\Debug\libRTOSDemo_Hardware_Platform.a(i2c_interrupt.o)
 .debug_ranges  0x00000c58       0x50 C:\Users\S-SPACE\Desktop\Pratik\FreeRTOS\FreeRTOS_SC_v3.5\FSW_FreeRTOS\CORTEX_SmartFusion2_M2S050_SoftConsole\RTOSDemo_Hardware_Platform\Debug\libRTOSDemo_Hardware_Platform.a(system_m2sxxx.o)
