Archive member included because of file (symbol)

C:\Users\S-SPACE\Desktop\Pratik\FreeRTOS\FreeRTOS_SC_v3.5\FSW_FreeRTOS\CORTEX_SmartFusion2_M2S050_SoftConsole\RTOSDemo_Hardware_Platform\Debug\libRTOSDemo_Hardware_Platform.a(mss_uart.o)
                              ./stream/stream.o (g_mss_uart0)
C:\Users\S-SPACE\Desktop\Pratik\FreeRTOS\FreeRTOS_SC_v3.5\FSW_FreeRTOS\CORTEX_SmartFusion2_M2S050_SoftConsole\RTOSDemo_Hardware_Platform\Debug\libRTOSDemo_Hardware_Platform.a(mss_i2c.o)
                              ./pilot/get_data.o (g_mss_i2c0)
C:\Users\S-SPACE\Desktop\Pratik\FreeRTOS\FreeRTOS_SC_v3.5\FSW_FreeRTOS\CORTEX_SmartFusion2_M2S050_SoftConsole\RTOSDemo_Hardware_Platform\Debug\libRTOSDemo_Hardware_Platform.a(core_i2c.o)
                              ./pilot/init.o (I2C_init)
C:\Users\S-SPACE\Desktop\Pratik\FreeRTOS\FreeRTOS_SC_v3.5\FSW_FreeRTOS\CORTEX_SmartFusion2_M2S050_SoftConsole\RTOSDemo_Hardware_Platform\Debug\libRTOSDemo_Hardware_Platform.a(i2c_interrupt.o)
                              C:\Users\S-SPACE\Desktop\Pratik\FreeRTOS\FreeRTOS_SC_v3.5\FSW_FreeRTOS\CORTEX_SmartFusion2_M2S050_SoftConsole\RTOSDemo_Hardware_Platform\Debug\libRTOSDemo_Hardware_Platform.a(core_i2c.o) (I2C_enable_irq)
C:\Users\S-SPACE\Desktop\Pratik\FreeRTOS\FreeRTOS_SC_v3.5\FSW_FreeRTOS\CORTEX_SmartFusion2_M2S050_SoftConsole\RTOSDemo_Hardware_Platform\Debug\libRTOSDemo_Hardware_Platform.a(system_m2sxxx.o)
                              ./RunTimeStatsTimer.o (SystemCoreClock)
C:\Users\S-SPACE\Desktop\Pratik\FreeRTOS\FreeRTOS_SC_v3.5\FSW_FreeRTOS\CORTEX_SmartFusion2_M2S050_SoftConsole\RTOSDemo_Hardware_Platform\Debug\libRTOSDemo_Hardware_Platform.a(hal.o)
                              C:\Users\S-SPACE\Desktop\Pratik\FreeRTOS\FreeRTOS_SC_v3.5\FSW_FreeRTOS\CORTEX_SmartFusion2_M2S050_SoftConsole\RTOSDemo_Hardware_Platform\Debug\libRTOSDemo_Hardware_Platform.a(core_i2c.o) (HAL_disable_interrupts)
C:\Users\S-SPACE\Desktop\Pratik\FreeRTOS\FreeRTOS_SC_v3.5\FSW_FreeRTOS\CORTEX_SmartFusion2_M2S050_SoftConsole\RTOSDemo_Hardware_Platform\Debug\libRTOSDemo_Hardware_Platform.a(hw_reg_access.o)
                              C:\Users\S-SPACE\Desktop\Pratik\FreeRTOS\FreeRTOS_SC_v3.5\FSW_FreeRTOS\CORTEX_SmartFusion2_M2S050_SoftConsole\RTOSDemo_Hardware_Platform\Debug\libRTOSDemo_Hardware_Platform.a(core_i2c.o) (HW_set_8bit_reg)
c:/program files (x86)/microsemi/softconsole v3.4/sourcery-g++/bin/../lib/gcc/arm-none-eabi/4.4.1/../../../../arm-none-eabi/lib/thumb2\libc.a(lib_a-errno.o)
                              C:/Users/S-SPACE/Desktop/Pratik/FreeRTOS/FreeRTOS_SC_v3.5/FSW_FreeRTOS/CORTEX_SmartFusion2_M2S050_SoftConsole/RTOSDemo_Hardware_Platform/Debug/CMSIS/startup_gcc/newlib_stubs.o (__errno)
c:/program files (x86)/microsemi/softconsole v3.4/sourcery-g++/bin/../lib/gcc/arm-none-eabi/4.4.1/../../../../arm-none-eabi/lib/thumb2\libc.a(lib_a-impure.o)
                              c:/program files (x86)/microsemi/softconsole v3.4/sourcery-g++/bin/../lib/gcc/arm-none-eabi/4.4.1/../../../../arm-none-eabi/lib/thumb2\libc.a(lib_a-errno.o) (_impure_ptr)
c:/program files (x86)/microsemi/softconsole v3.4/sourcery-g++/bin/../lib/gcc/arm-none-eabi/4.4.1/../../../../arm-none-eabi/lib/thumb2\libc.a(lib_a-init.o)
                              C:/Users/S-SPACE/Desktop/Pratik/FreeRTOS/FreeRTOS_SC_v3.5/FSW_FreeRTOS/CORTEX_SmartFusion2_M2S050_SoftConsole/RTOSDemo_Hardware_Platform/Debug/CMSIS/startup_gcc/startup_m2sxxx.o (__libc_init_array)
c:/program files (x86)/microsemi/softconsole v3.4/sourcery-g++/bin/../lib/gcc/arm-none-eabi/4.4.1/../../../../arm-none-eabi/lib/thumb2\libc.a(lib_a-memcpy.o)
                              ./FreeRTOS-Source/queue.o (memcpy)
c:/program files (x86)/microsemi/softconsole v3.4/sourcery-g++/bin/../lib/gcc/arm-none-eabi/4.4.1/../../../../arm-none-eabi/lib/thumb2\libc.a(lib_a-memset.o)
                              ./FreeRTOS-Source/tasks.o (memset)
c:/program files (x86)/microsemi/softconsole v3.4/sourcery-g++/bin/../lib/gcc/arm-none-eabi/4.4.1/../../../../arm-none-eabi/lib/thumb2\libc.a(lib_a-strcpy.o)
                              ./FreeRTOS-Source/tasks.o (strcpy)
c:/program files (x86)/microsemi/softconsole v3.4/sourcery-g++/bin/../lib/gcc/arm-none-eabi/4.4.1/../../../../arm-none-eabi/lib/thumb2\libc.a(lib_a-strlen.o)
                              ./FreeRTOS-Source/tasks.o (strlen)

Allocating common symbols
Common symbol       size              file

pkt_stream          0x24              ./stream/stream.o
acc                 0x6               ./pilot/read.o
pkt_timer           0x8               ./stream/stream.o
data_pld            0x32              ./main.o
command_cnt         0x2               ./Demo_Tasks/demo_tasks.o
g_core_i2c2         0x6c              ./main.o
uart0_irq_rx_buffer
                    0x3               ./main.o
g_core_i2c0         0x6c              ./pilot/peripherals.o
Store_PKT_Queue     0x4               ./Demo_Tasks/demo_tasks.o
g_core_i2c1         0x6c              ./pilot/peripherals.o
[...]
Memory Configuration

Name             Origin             Length             Attributes
ram              0x20000000         0x00010000         xrw
*default*        0x00000000         0xffffffff

Linker script and memory map

LOAD c:/program files (x86)/microsemi/softconsole v3.4/sourcery-g++/bin/../lib/gcc/arm-none-eabi/4.4.1/thumb2/crti.o
LOAD c:/program files (x86)/microsemi/softconsole v3.4/sourcery-g++/bin/../lib/gcc/arm-none-eabi/4.4.1/thumb2/crtbegin.o
LOAD ./RunTimeStatsTimer.o
LOAD ./main.o
LOAD ./printf-stdarg.o
LOAD ./stream/stream.o
LOAD ./pilot/get_data.o
LOAD ./pilot/init.o
LOAD ./pilot/peripherals.o
LOAD ./pilot/pilot.o
LOAD ./pilot/pslv_interface.o
LOAD ./pilot/read.o
LOAD ./pilot/write.o
LOAD ./osal/osal.o
LOAD ./cmds/cmd.o
LOAD ./FreeRTOS-Source/list.o
LOAD ./FreeRTOS-Source/queue.o
LOAD ./FreeRTOS-Source/tasks.o
LOAD ./FreeRTOS-Source/timers.o
LOAD ./FreeRTOS-Source/portable/MemMang/heap_4.o
LOAD ./FreeRTOS-Source/portable/GCC/ARM_CM3/port.o
LOAD ./Demo_Tasks/demo_tasks.o
LOAD ./Blinky-Demo/main_blinky.o
LOAD C:/Users/S-SPACE/Desktop/Pratik/FreeRTOS/FreeRTOS_SC_v3.5/FSW_FreeRTOS/CORTEX_SmartFusion2_M2S050_SoftConsole/RTOSDemo_Hardware_Platform/Debug/CMSIS/startup_gcc/startup_m2sxxx.o
LOAD C:/Users/S-SPACE/Desktop/Pratik/FreeRTOS/FreeRTOS_SC_v3.5/FSW_FreeRTOS/CORTEX_SmartFusion2_M2S050_SoftConsole/RTOSDemo_Hardware_Platform/Debug/CMSIS/startup_gcc/newlib_stubs.o
LOAD C:\Users\S-SPACE\Desktop\Pratik\FreeRTOS\FreeRTOS_SC_v3.5\FSW_FreeRTOS\CORTEX_SmartFusion2_M2S050_SoftConsole\RTOSDemo_Hardware_Platform\Debug\libRTOSDemo_Hardware_Platform.a
START GROUP
LOAD c:/program files (x86)/microsemi/softconsole v3.4/sourcery-g++/bin/../lib/gcc/arm-none-eabi/4.4.1/thumb2\libgcc.a
LOAD c:/program files (x86)/microsemi/softconsole v3.4/sourcery-g++/bin/../lib/gcc/arm-none-eabi/4.4.1/../../../../arm-none-eabi/lib/thumb2\libc.a
END GROUP
LOAD c:/program files (x86)/microsemi/softconsole v3.4/sourcery-g++/bin/../lib/gcc/arm-none-eabi/4.4.1/thumb2/crtend.o
LOAD c:/program files (x86)/microsemi/softconsole v3.4/sourcery-g++/bin/../lib/gcc/arm-none-eabi/4.4.1/thumb2/crtn.o
START GROUP
LOAD c:/program files (x86)/microsemi/softconsole v3.4/sourcery-g++/bin/../lib/gcc/arm-none-eabi/4.4.1/../../../../arm-none-eabi/lib/thumb2\libc.a
LOAD c:/program files (x86)/microsemi/softconsole v3.4/sourcery-g++/bin/../lib/gcc/arm-none-eabi/4.4.1/thumb2\libgcc.a
LOAD c:/program files (x86)/microsemi/softconsole v3.4/sourcery-g++/bin/../lib/gcc/arm-none-eabi/4.4.1/../../../../arm-none-eabi/lib/thumb2\libm.a
END GROUP
                0x00000000                __DYNAMIC = 0x0
                0x20000000                RAM_START_ADDRESS = 0x20000000
                0x00010000                RAM_SIZE = 0x10000
                0x00000400                MAIN_STACK_SIZE = 0x400
                0x00000000                PROCESS_STACK_SIZE = 0x0
                0x20010000                PROVIDE (__main_stack_start, (RAM_START_ADDRESS + RAM_SIZE))
                0x2000fc00                PROVIDE (__process_stack_start, (__main_stack_start - MAIN_STACK_SIZE))
                0x20010000                PROVIDE (_estack, __main_stack_start)
                0x00000000                PROVIDE (__mirrored_nvm, 0x0)

.text           0x20000000     0x84c0
 CREATE_OBJECT_SYMBOLS
                0x20000000                __text_load = LOADADDR (.text)
                0x20000000                __text_start = .
                0x20000000                __vector_table_vma_base_address = .
 *(.isr_vector)
 .isr_vector    0x20000000      0x2f0 C:/Users/S-SPACE/Desktop/Pratik/FreeRTOS/FreeRTOS_SC_v3.5/FSW_FreeRTOS/CORTEX_SmartFusion2_M2S050_SoftConsole/RTOSDemo_Hardware_Platform/Debug/CMSIS/startup_gcc/startup_m2sxxx.o
                0x20000000                g_pfnVectors
                0x20000188                Reset_Handler
                0x200001f8                NMI_Handler
                0x200001fa                HardFault_Handler
                0x200001fc                MemManage_Handler
                0x200001fe                BusFault_Handler
                0x20000200                UsageFault_Handler
                0x20000204                DebugMon_Handler
                0x2000020a                WdogWakeup_IRQHandler
                0x2000020c                RTC_Wakeup_IRQHandler
                0x2000020e                SPI0_IRQHandler
                0x20000210                SPI1_IRQHandler
                0x20000214                I2C0_SMBAlert_IRQHandler
                0x20000216                I2C0_SMBus_IRQHandler
                0x2000021a                I2C1_SMBAlert_IRQHandler
                0x2000021c                I2C1_SMBus_IRQHandler
                0x20000222                EthernetMAC_IRQHandler
                0x20000224                DMA_IRQHandler
                0x20000226                Timer1_IRQHandler
                0x20000228                Timer2_IRQHandler
                0x2000022a                CAN_IRQHandler
                0x2000022c                ENVM0_IRQHandler
                0x2000022e                ENVM1_IRQHandler
                0x20000230                ComBlk_IRQHandler
                0x20000232                USB_IRQHandler
                0x20000234                USB_DMA_IRQHandler
                0x20000236                PLL_Lock_IRQHandler
                0x20000238                PLL_LockLost_IRQHandler
                0x2000023a                CommSwitchError_IRQHandler
                0x2000023c                CacheError_IRQHandler
                0x2000023e                DDR_IRQHandler
                0x20000240                HPDMA_Complete_IRQHandler
                0x20000242                HPDMA_Error_IRQHandler
                0x20000244                ECC_Error_IRQHandler
                0x20000246                MDDR_IOCalib_IRQHandler
                0x20000248                FAB_PLL_Lock_IRQHandler
                0x2000024a                FAB_PLL_LockLost_IRQHandler
                0x2000024c                FIC64_IRQHandler
                0x2000025a                FabricIrq6_IRQHandler
                0x2000025c                FabricIrq7_IRQHandler
                0x2000025e                FabricIrq8_IRQHandler
                0x20000260                FabricIrq9_IRQHandler
                0x20000262                FabricIrq10_IRQHandler
                0x20000264                FabricIrq11_IRQHandler
                0x20000266                FabricIrq12_IRQHandler
                0x20000268                FabricIrq13_IRQHandler
                0x2000026a                FabricIrq14_IRQHandler
                0x2000026c                FabricIrq15_IRQHandler
                0x2000026e                GPIO0_IRQHandler
                0x20000270                GPIO1_IRQHandler
                0x20000272                GPIO2_IRQHandler
                0x20000274                GPIO3_IRQHandler
                0x20000276                GPIO4_IRQHandler
                0x20000278                GPIO5_IRQHandler
                0x2000027a                GPIO6_IRQHandler
                0x2000027c                GPIO7_IRQHandler
                0x2000027e                GPIO8_IRQHandler
                0x20000280                GPIO9_IRQHandler
                0x20000282                GPIO10_IRQHandler
                0x20000284                GPIO11_IRQHandler
                0x20000286                GPIO12_IRQHandler
                0x20000288                GPIO13_IRQHandler
                0x2000028a                GPIO14_IRQHandler
                0x2000028c                GPIO15_IRQHandler
                0x2000028e                GPIO16_IRQHandler
                0x20000290                GPIO17_IRQHandler
                0x20000292                GPIO18_IRQHandler
                0x20000294                GPIO19_IRQHandler
                0x20000296                GPIO20_IRQHandler
                0x20000298                GPIO21_IRQHandler
                0x2000029a                GPIO22_IRQHandler
                0x2000029c                GPIO23_IRQHandler
                0x2000029e                GPIO24_IRQHandler
                0x200002a0                GPIO25_IRQHandler
                0x200002a2                GPIO26_IRQHandler
                0x200002a4                GPIO27_IRQHandler
                0x200002a6                GPIO28_IRQHandler
                0x200002a8                GPIO29_IRQHandler
                0x200002aa                GPIO30_IRQHandler
                0x200002ac                GPIO31_IRQHandler
                0x200002ae                mscc_post_hw_cfg_init
 *(.text .text.* .gnu.linkonce.t.*)
 .text          0x200002f0       0x30 c:/program files (x86)/microsemi/softconsole v3.4/sourcery-g++/bin/../lib/gcc/arm-none-eabi/4.4.1/thumb2/crtbegin.o
 .text.vConfigureTimerForRunTimeStats
                0x20000320       0x48 ./RunTimeStatsTimer.o
                0x20000320                vConfigureTimerForRunTimeStats
 .text.ulGetRunTimeCounterValue
                0x20000368       0xa4 ./RunTimeStatsTimer.o
                0x20000368                ulGetRunTimeCounterValue
 .text.main     0x2000040c       0x10 ./main.o
                0x2000040c                main
 .text.vApplicationMallocFailedHook
                0x2000041c       0x1c ./main.o
                0x2000041c                vApplicationMallocFailedHook
 .text.vApplicationIdleHook
                0x20000438        0xc ./main.o
                0x20000438                vApplicationIdleHook
 .text.vApplicationStackOverflowHook
                0x20000444       0x20 ./main.o
                0x20000444                vApplicationStackOverflowHook
 .text.set_pktRate
                0x20000464       0x50 ./stream/stream.o
                0x20000464                set_pktRate
 .text.get_IMU_acc
                0x200004b4      0x32c ./pilot/get_data.o
                0x200004b4                get_IMU_acc
 .text.get_IMU_gyro
                0x200007e0      0x2e4 ./pilot/get_data.o
                0x200007e0                get_IMU_gyro
 .text.get_IMU_temp
                0x20000ac4       0xc0 ./pilot/get_data.o
                0x20000ac4                get_IMU_temp
 .text.vc_write
                0x20000b84       0xb0 ./pilot/get_data.o
                0x20000b84                vc_write
 .text.vc_read  0x20000c34       0xb0 ./pilot/get_data.o
                0x20000c34                vc_read
 .text.vc_read_reg
                0x20000ce4       0x58 ./pilot/get_data.o
                0x20000ce4                vc_read_reg
 .text.read_bus_voltage
                0x20000d3c       0xbc ./pilot/get_data.o
                0x20000d3c                read_bus_voltage
 .text.read_shunt_voltage
                0x20000df8       0xc0 ./pilot/get_data.o
                0x20000df8                read_shunt_voltage
 .text.get_ADC_value
                0x20000eb8       0xa0 ./pilot/get_data.o
                0x20000eb8                get_ADC_value
 .text.init     0x20000f58       0x94 ./pilot/init.o
                0x20000f58                init
 .text.vTask_Delay
                0x20000fec       0x34 ./osal/osal.o
                0x20000fec                vTask_Delay
 .text.xMsToTicks
                0x20001020       0x30 ./osal/osal.o
                0x20001020                xMsToTicks
 .text.cmd_valid
                0x20001050       0x18 ./cmds/cmd.o
                0x20001050                cmd_valid
 .text.chk_s_cmd
                0x20001068       0x98 ./cmds/cmd.o
                0x20001068                chk_s_cmd
 .text.add_cmd  0x20001100       0xbc ./cmds/cmd.o
                0x20001100                add_cmd
 .text.vcmd_callback
                0x200011bc       0x68 ./cmds/cmd.o
                0x200011bc                vcmd_callback
 .text.cmd_engine
                0x20001224      0x124 ./cmds/cmd.o
                0x20001224                cmd_engine
 .text.cmd_noop
                0x20001348       0x14 ./cmds/cmd.o
                0x20001348                cmd_noop
 .text.set_pkt_rate
                0x2000135c       0x90 ./cmds/cmd.o
                0x2000135c                set_pkt_rate
 .text.cmd_sc_reset
                0x200013ec       0x20 ./cmds/cmd.o
                0x200013ec                cmd_sc_reset
 .text.vListInitialise
                0x2000140c       0x48 ./FreeRTOS-Source/list.o
                0x2000140c                vListInitialise
 .text.vListInitialiseItem
                0x20001454       0x1c ./FreeRTOS-Source/list.o
                0x20001454                vListInitialiseItem
 .text.vListInsertEnd
                0x20001470       0x48 ./FreeRTOS-Source/list.o
                0x20001470                vListInsertEnd
 .text.vListInsert
                0x200014b8       0x74 ./FreeRTOS-Source/list.o
                0x200014b8                vListInsert
 .text.uxListRemove
                0x2000152c       0x58 ./FreeRTOS-Source/list.o
                0x2000152c                uxListRemove
 .text.xQueueGenericReset
                0x20001584       0xec ./FreeRTOS-Source/queue.o
                0x20001584                xQueueGenericReset
 .text.xQueueGenericCreate
                0x20001670       0x7c ./FreeRTOS-Source/queue.o
                0x20001670                xQueueGenericCreate
 .text.prvInitialiseNewQueue
                0x200016ec       0x48 ./FreeRTOS-Source/queue.o
 .text.prvInitialiseMutex
                0x20001734       0x40 ./FreeRTOS-Source/queue.o
 .text.xQueueCreateMutex
                0x20001774       0x38 ./FreeRTOS-Source/queue.o
                0x20001774                xQueueCreateMutex
 .text.xQueueGenericSend
                0x200017ac      0x230 ./FreeRTOS-Source/queue.o
                0x200017ac                xQueueGenericSend
 .text.xQueueGenericSendFromISR
                0x200019dc      0x144 ./FreeRTOS-Source/queue.o
                0x200019dc                xQueueGenericSendFromISR
 .text.xQueueGenericReceive
                0x20001b20      0x268 ./FreeRTOS-Source/queue.o
                0x20001b20                xQueueGenericReceive
 .text.prvCopyDataToQueue
                0x20001d88       0xf0 ./FreeRTOS-Source/queue.o
 .text.prvCopyDataFromQueue
                0x20001e78       0x50 ./FreeRTOS-Source/queue.o
 .text.prvUnlockQueue
                0x20001ec8       0xac ./FreeRTOS-Source/queue.o
 .text.prvIsQueueEmpty
                0x20001f74       0x34 ./FreeRTOS-Source/queue.o
 .text.prvIsQueueFull
                0x20001fa8       0x38 ./FreeRTOS-Source/queue.o
 .text.vQueueWaitForMessageRestricted
                0x20001fe0       0x74 ./FreeRTOS-Source/queue.o
                0x20001fe0                vQueueWaitForMessageRestricted
 .text.xTaskCreate
                0x20002054       0x94 ./FreeRTOS-Source/tasks.o
                0x20002054                xTaskCreate
 .text.prvInitialiseNewTask
                0x200020e8      0x12c ./FreeRTOS-Source/tasks.o
 .text.prvAddNewTaskToReadyList
                0x20002214      0x13c ./FreeRTOS-Source/tasks.o
 .text.vTaskDelay
                0x20002350       0x70 ./FreeRTOS-Source/tasks.o
                0x20002350                vTaskDelay
 .text.uxTaskPriorityGet
                0x200023c0       0x38 ./FreeRTOS-Source/tasks.o
                0x200023c0                uxTaskPriorityGet
 .text.vTaskPrioritySet
                0x200023f8      0x1c0 ./FreeRTOS-Source/tasks.o
                0x200023f8                vTaskPrioritySet
 .text.vTaskStartScheduler
                0x200025b8       0xb4 ./FreeRTOS-Source/tasks.o
                0x200025b8                vTaskStartScheduler
 .text.vTaskSuspendAll
                0x2000266c       0x24 ./FreeRTOS-Source/tasks.o
                0x2000266c                vTaskSuspendAll
 .text.xTaskResumeAll
                0x20002690      0x1a0 ./FreeRTOS-Source/tasks.o
                0x20002690                xTaskResumeAll
 .text.xTaskGetTickCount
                0x20002830       0x20 ./FreeRTOS-Source/tasks.o
                0x20002830                xTaskGetTickCount
 .text.xTaskIncrementTick
                0x20002850      0x210 ./FreeRTOS-Source/tasks.o
                0x20002850                xTaskIncrementTick
 .text.vTaskSwitchContext
                0x20002a60      0x1a8 ./FreeRTOS-Source/tasks.o
                0x20002a60                vTaskSwitchContext
 .text.vTaskPlaceOnEventList
                0x20002c08       0x4c ./FreeRTOS-Source/tasks.o
                0x20002c08                vTaskPlaceOnEventList
 .text.vTaskPlaceOnEventListRestricted
                0x20002c54       0x58 ./FreeRTOS-Source/tasks.o
                0x20002c54                vTaskPlaceOnEventListRestricted
 .text.xTaskRemoveFromEventList
                0x20002cac       0xf0 ./FreeRTOS-Source/tasks.o
                0x20002cac                xTaskRemoveFromEventList
 .text.vTaskSetTimeOutState
                0x20002d9c       0x48 ./FreeRTOS-Source/tasks.o
                0x20002d9c                vTaskSetTimeOutState
 .text.xTaskCheckForTimeOut
                0x20002de4       0xd0 ./FreeRTOS-Source/tasks.o
                0x20002de4                xTaskCheckForTimeOut
 .text.vTaskMissedYield
                0x20002eb4       0x18 ./FreeRTOS-Source/tasks.o
                0x20002eb4                vTaskMissedYield
 .text.prvIdleTask
                0x20002ecc       0x38 ./FreeRTOS-Source/tasks.o
 .text.prvInitialiseTaskLists
                0x20002f04       0xa4 ./FreeRTOS-Source/tasks.o
 .text.prvCheckTasksWaitingTermination
                0x20002fa8       0x98 ./FreeRTOS-Source/tasks.o
 .text.prvDeleteTCB
                0x20003040       0x20 ./FreeRTOS-Source/tasks.o
 .text.prvResetNextTaskUnblockTime
                0x20003060       0x5c ./FreeRTOS-Source/tasks.o
 .text.xTaskGetSchedulerState
                0x200030bc       0x48 ./FreeRTOS-Source/tasks.o
                0x200030bc                xTaskGetSchedulerState
 .text.vTaskPriorityInherit
                0x20003104      0x14c ./FreeRTOS-Source/tasks.o
                0x20003104                vTaskPriorityInherit
 .text.xTaskPriorityDisinherit
                0x20003250      0x14c ./FreeRTOS-Source/tasks.o
                0x20003250                xTaskPriorityDisinherit
 .text.pvTaskIncrementMutexHeldCount
                0x2000339c       0x38 ./FreeRTOS-Source/tasks.o
                0x2000339c                pvTaskIncrementMutexHeldCount
 .text.ulTaskNotifyTake
                0x200033d4       0xc0 ./FreeRTOS-Source/tasks.o
                0x200033d4                ulTaskNotifyTake
 .text.xTaskNotifyWait
                0x20003494       0xf0 ./FreeRTOS-Source/tasks.o
                0x20003494                xTaskNotifyWait
 .text.vTaskNotifyGiveFromISR
                0x20003584      0x14c ./FreeRTOS-Source/tasks.o
                0x20003584                vTaskNotifyGiveFromISR
 .text.prvAddCurrentTaskToDelayedList
                0x200036d0      0x110 ./FreeRTOS-Source/tasks.o
 .text.xTimerCreateTimerTask
                0x200037e0       0x74 ./FreeRTOS-Source/timers.o
                0x200037e0                xTimerCreateTimerTask
 .text.xTimerCreate
                0x20003854       0x40 ./FreeRTOS-Source/timers.o
                0x20003854                xTimerCreate
 .text.prvInitialiseNewTimer
                0x20003894       0x64 ./FreeRTOS-Source/timers.o
 .text.xTimerGenericCommand
                0x200038f8       0xcc ./FreeRTOS-Source/timers.o
                0x200038f8                xTimerGenericCommand
 .text.prvProcessExpiredTimer
                0x200039c4       0x8c ./FreeRTOS-Source/timers.o
 .text.prvTimerTask
                0x20003a50       0x28 ./FreeRTOS-Source/timers.o
 .text.prvProcessTimerOrBlockTask
                0x20003a78       0xac ./FreeRTOS-Source/timers.o
 .text.prvGetNextExpireTime
                0x20003b24       0x50 ./FreeRTOS-Source/timers.o
 .text.prvSampleTimeNow
                0x20003b74       0x50 ./FreeRTOS-Source/timers.o
 .text.prvInsertTimerInActiveList
                0x20003bc4       0x98 ./FreeRTOS-Source/timers.o
 .text.prvProcessReceivedCommands
                0x20003c5c      0x184 ./FreeRTOS-Source/timers.o
 .text.prvSwitchTimerLists
                0x20003de0       0xf4 ./FreeRTOS-Source/timers.o
 .text.prvCheckForValidListAndQueue
                0x20003ed4       0x74 ./FreeRTOS-Source/timers.o
 .text.pvTimerGetTimerID
                0x20003f48       0x40 ./FreeRTOS-Source/timers.o
                0x20003f48                pvTimerGetTimerID
 .text.pvPortMalloc
                0x20003f88      0x1f8 ./FreeRTOS-Source/portable/MemMang/heap_4.o
                0x20003f88                pvPortMalloc
 .text.vPortFree
                0x20004180       0xd8 ./FreeRTOS-Source/portable/MemMang/heap_4.o
                0x20004180                vPortFree
 .text.prvHeapInit
                0x20004258      0x104 ./FreeRTOS-Source/portable/MemMang/heap_4.o
 .text.prvInsertBlockIntoFreeList
                0x2000435c       0xbc ./FreeRTOS-Source/portable/MemMang/heap_4.o
 .text.pxPortInitialiseStack
                0x20004418       0x68 ./FreeRTOS-Source/portable/GCC/ARM_CM3/port.o
                0x20004418                pxPortInitialiseStack
 .text.prvTaskExitError
                0x20004480       0x40 ./FreeRTOS-Source/portable/GCC/ARM_CM3/port.o
 .text.SVC_Handler
                0x200044c0       0x30 ./FreeRTOS-Source/portable/GCC/ARM_CM3/port.o
                0x200044c0                SVC_Handler
 .text.prvPortStartFirstTask
                0x200044f0       0x20 ./FreeRTOS-Source/portable/GCC/ARM_CM3/port.o
 .text.xPortStartScheduler
                0x20004510      0x10c ./FreeRTOS-Source/portable/GCC/ARM_CM3/port.o
                0x20004510                xPortStartScheduler
 .text.vPortEnterCritical
                0x2000461c       0x70 ./FreeRTOS-Source/portable/GCC/ARM_CM3/port.o
                0x2000461c                vPortEnterCritical
 .text.vPortExitCritical
                0x2000468c       0x64 ./FreeRTOS-Source/portable/GCC/ARM_CM3/port.o
                0x2000468c                vPortExitCritical
 .text.PendSV_Handler
                0x200046f0       0x50 ./FreeRTOS-Source/portable/GCC/ARM_CM3/port.o
                0x200046f0                PendSV_Handler
 .text.SysTick_Handler
                0x20004740       0x44 ./FreeRTOS-Source/portable/GCC/ARM_CM3/port.o
                0x20004740                SysTick_Handler
 .text.vPortSetupTimerInterrupt
                0x20004784       0x40 ./FreeRTOS-Source/portable/GCC/ARM_CM3/port.o
                0x20004784                vPortSetupTimerInterrupt
 .text.vPortValidateInterruptPriority
                0x200047c4       0x84 ./FreeRTOS-Source/portable/GCC/ARM_CM3/port.o
                0x200047c4                vPortValidateInterruptPriority
 .text.NVIC_EnableIRQ
                0x20004848       0x38 ./Demo_Tasks/demo_tasks.o
 .text.NVIC_SetPriority
                0x20004880       0x5c ./Demo_Tasks/demo_tasks.o
 .text.get_hk_data
                0x200048dc      0x40c ./Demo_Tasks/demo_tasks.o
                0x200048dc                get_hk_data
 .text.get_pld_data
                0x20004ce8       0xd4 ./Demo_Tasks/demo_tasks.o
                0x20004ce8                get_pld_data
 .text.vGetPktStruct
                0x20004dbc       0x88 ./Demo_Tasks/demo_tasks.o
                0x20004dbc                vGetPktStruct
 .text.vtlm_task
                0x20004e44      0x224 ./Demo_Tasks/demo_tasks.o
                0x20004e44                vtlm_task
 .text.vtlm_sender
                0x20005068       0x44 ./Demo_Tasks/demo_tasks.o
                0x20005068                vtlm_sender
 .text.irq_tsk_func
                0x200050ac       0x94 ./Demo_Tasks/demo_tasks.o
                0x200050ac                irq_tsk_func
 .text.uart0_rx_handler
                0x20005140       0x68 ./Demo_Tasks/demo_tasks.o
                0x20005140                uart0_rx_handler
 .text.demo_tasks
                0x200051a8      0x36c ./Demo_Tasks/demo_tasks.o
                0x200051a8                demo_tasks
 .text.FabricIrq0_IRQHandler
                0x20005514       0x14 ./Demo_Tasks/demo_tasks.o
                0x20005514                FabricIrq0_IRQHandler
 .text.FabricIrq1_IRQHandler
                0x20005528       0x14 ./Demo_Tasks/demo_tasks.o
                0x20005528                FabricIrq1_IRQHandler
 .text.FabricIrq2_IRQHandler
                0x2000553c       0x14 ./Demo_Tasks/demo_tasks.o
                0x2000553c                FabricIrq2_IRQHandler
 .text.FabricIrq3_IRQHandler
                0x20005550       0x14 ./Demo_Tasks/demo_tasks.o
                0x20005550                FabricIrq3_IRQHandler
 .text.FabricIrq4_IRQHandler
                0x20005564       0x14 ./Demo_Tasks/demo_tasks.o
                0x20005564                FabricIrq4_IRQHandler
 .text.FabricIrq5_IRQHandler
                0x20005578       0x14 ./Demo_Tasks/demo_tasks.o
                0x20005578                FabricIrq5_IRQHandler
 .text.NVIC_EnableIRQ
                0x2000558c       0x38 C:\Users\S-SPACE\Desktop\Pratik\FreeRTOS\FreeRTOS_SC_v3.5\FSW_FreeRTOS\CORTEX_SmartFusion2_M2S050_SoftConsole\RTOSDemo_Hardware_Platform\Debug\libRTOSDemo_Hardware_Platform.a(mss_uart.o)
 .text.NVIC_ClearPendingIRQ
                0x200055c4       0x3c C:\Users\S-SPACE\Desktop\Pratik\FreeRTOS\FreeRTOS_SC_v3.5\FSW_FreeRTOS\CORTEX_SmartFusion2_M2S050_SoftConsole\RTOSDemo_Hardware_Platform\Debug\libRTOSDemo_Hardware_Platform.a(mss_uart.o)
 .text.set_bit_reg8
                0x20005600       0x40 C:\Users\S-SPACE\Desktop\Pratik\FreeRTOS\FreeRTOS_SC_v3.5\FSW_FreeRTOS\CORTEX_SmartFusion2_M2S050_SoftConsole\RTOSDemo_Hardware_Platform\Debug\libRTOSDemo_Hardware_Platform.a(mss_uart.o)
 .text.clear_bit_reg8
                0x20005640       0x40 C:\Users\S-SPACE\Desktop\Pratik\FreeRTOS\FreeRTOS_SC_v3.5\FSW_FreeRTOS\CORTEX_SmartFusion2_M2S050_SoftConsole\RTOSDemo_Hardware_Platform\Debug\libRTOSDemo_Hardware_Platform.a(mss_uart.o)
 .text.read_bit_reg8
                0x20005680       0x40 C:\Users\S-SPACE\Desktop\Pratik\FreeRTOS\FreeRTOS_SC_v3.5\FSW_FreeRTOS\CORTEX_SmartFusion2_M2S050_SoftConsole\RTOSDemo_Hardware_Platform\Debug\libRTOSDemo_Hardware_Platform.a(mss_uart.o)
 .text.MSS_UART_init
                0x200056c0       0x84 C:\Users\S-SPACE\Desktop\Pratik\FreeRTOS\FreeRTOS_SC_v3.5\FSW_FreeRTOS\CORTEX_SmartFusion2_M2S050_SoftConsole\RTOSDemo_Hardware_Platform\Debug\libRTOSDemo_Hardware_Platform.a(mss_uart.o)
                0x200056c0                MSS_UART_init
 .text.MSS_UART_polled_tx
                0x20005744       0xe4 C:\Users\S-SPACE\Desktop\Pratik\FreeRTOS\FreeRTOS_SC_v3.5\FSW_FreeRTOS\CORTEX_SmartFusion2_M2S050_SoftConsole\RTOSDemo_Hardware_Platform\Debug\libRTOSDemo_Hardware_Platform.a(mss_uart.o)
                0x20005744                MSS_UART_polled_tx
 .text.MSS_UART_get_rx
                0x20005828       0xdc C:\Users\S-SPACE\Desktop\Pratik\FreeRTOS\FreeRTOS_SC_v3.5\FSW_FreeRTOS\CORTEX_SmartFusion2_M2S050_SoftConsole\RTOSDemo_Hardware_Platform\Debug\libRTOSDemo_Hardware_Platform.a(mss_uart.o)
                0x20005828                MSS_UART_get_rx
 .text.MSS_UART_set_rx_handler
                0x20005904       0xc0 C:\Users\S-SPACE\Desktop\Pratik\FreeRTOS\FreeRTOS_SC_v3.5\FSW_FreeRTOS\CORTEX_SmartFusion2_M2S050_SoftConsole\RTOSDemo_Hardware_Platform\Debug\libRTOSDemo_Hardware_Platform.a(mss_uart.o)
                0x20005904                MSS_UART_set_rx_handler
 .text.UART0_IRQHandler
                0x200059c4       0x24 C:\Users\S-SPACE\Desktop\Pratik\FreeRTOS\FreeRTOS_SC_v3.5\FSW_FreeRTOS\CORTEX_SmartFusion2_M2S050_SoftConsole\RTOSDemo_Hardware_Platform\Debug\libRTOSDemo_Hardware_Platform.a(mss_uart.o)
                0x200059c4                UART0_IRQHandler
 .text.UART1_IRQHandler
                0x200059e8       0x24 C:\Users\S-SPACE\Desktop\Pratik\FreeRTOS\FreeRTOS_SC_v3.5\FSW_FreeRTOS\CORTEX_SmartFusion2_M2S050_SoftConsole\RTOSDemo_Hardware_Platform\Debug\libRTOSDemo_Hardware_Platform.a(mss_uart.o)
                0x200059e8                UART1_IRQHandler
 .text.config_baud_divisors
                0x20005a0c      0x198 C:\Users\S-SPACE\Desktop\Pratik\FreeRTOS\FreeRTOS_SC_v3.5\FSW_FreeRTOS\CORTEX_SmartFusion2_M2S050_SoftConsole\RTOSDemo_Hardware_Platform\Debug\libRTOSDemo_Hardware_Platform.a(mss_uart.o)
 .text.global_init
                0x20005ba4      0x26c C:\Users\S-SPACE\Desktop\Pratik\FreeRTOS\FreeRTOS_SC_v3.5\FSW_FreeRTOS\CORTEX_SmartFusion2_M2S050_SoftConsole\RTOSDemo_Hardware_Platform\Debug\libRTOSDemo_Hardware_Platform.a(mss_uart.o)
 .text.MSS_UART_isr
                0x20005e10      0x22c C:\Users\S-SPACE\Desktop\Pratik\FreeRTOS\FreeRTOS_SC_v3.5\FSW_FreeRTOS\CORTEX_SmartFusion2_M2S050_SoftConsole\RTOSDemo_Hardware_Platform\Debug\libRTOSDemo_Hardware_Platform.a(mss_uart.o)
 .text.default_tx_handler
                0x2000603c      0x10c C:\Users\S-SPACE\Desktop\Pratik\FreeRTOS\FreeRTOS_SC_v3.5\FSW_FreeRTOS\CORTEX_SmartFusion2_M2S050_SoftConsole\RTOSDemo_Hardware_Platform\Debug\libRTOSDemo_Hardware_Platform.a(mss_uart.o)
 .text.NVIC_DisableIRQ
                0x20006148       0x3c C:\Users\S-SPACE\Desktop\Pratik\FreeRTOS\FreeRTOS_SC_v3.5\FSW_FreeRTOS\CORTEX_SmartFusion2_M2S050_SoftConsole\RTOSDemo_Hardware_Platform\Debug\libRTOSDemo_Hardware_Platform.a(mss_i2c.o)
 .text.NVIC_ClearPendingIRQ
                0x20006184       0x3c C:\Users\S-SPACE\Desktop\Pratik\FreeRTOS\FreeRTOS_SC_v3.5\FSW_FreeRTOS\CORTEX_SmartFusion2_M2S050_SoftConsole\RTOSDemo_Hardware_Platform\Debug\libRTOSDemo_Hardware_Platform.a(mss_i2c.o)
 .text.MSS_I2C_init
                0x200061c0      0x16c C:\Users\S-SPACE\Desktop\Pratik\FreeRTOS\FreeRTOS_SC_v3.5\FSW_FreeRTOS\CORTEX_SmartFusion2_M2S050_SoftConsole\RTOSDemo_Hardware_Platform\Debug\libRTOSDemo_Hardware_Platform.a(mss_i2c.o)
                0x200061c0                MSS_I2C_init
 .text.enable_slave_if_required
                0x2000632c       0x28 C:\Users\S-SPACE\Desktop\Pratik\FreeRTOS\FreeRTOS_SC_v3.5\FSW_FreeRTOS\CORTEX_SmartFusion2_M2S050_SoftConsole\RTOSDemo_Hardware_Platform\Debug\libRTOSDemo_Hardware_Platform.a(mss_i2c.o)
 .text.mss_i2c_isr
                0x20006354      0x8f4 C:\Users\S-SPACE\Desktop\Pratik\FreeRTOS\FreeRTOS_SC_v3.5\FSW_FreeRTOS\CORTEX_SmartFusion2_M2S050_SoftConsole\RTOSDemo_Hardware_Platform\Debug\libRTOSDemo_Hardware_Platform.a(mss_i2c.o)
 .text.disable_interrupts
                0x20006c48       0x2c C:\Users\S-SPACE\Desktop\Pratik\FreeRTOS\FreeRTOS_SC_v3.5\FSW_FreeRTOS\CORTEX_SmartFusion2_M2S050_SoftConsole\RTOSDemo_Hardware_Platform\Debug\libRTOSDemo_Hardware_Platform.a(mss_i2c.o)
 .text.restore_interrupts
                0x20006c74       0x1c C:\Users\S-SPACE\Desktop\Pratik\FreeRTOS\FreeRTOS_SC_v3.5\FSW_FreeRTOS\CORTEX_SmartFusion2_M2S050_SoftConsole\RTOSDemo_Hardware_Platform\Debug\libRTOSDemo_Hardware_Platform.a(mss_i2c.o)
 .text.I2C0_IRQHandler
                0x20006c90       0x24 C:\Users\S-SPACE\Desktop\Pratik\FreeRTOS\FreeRTOS_SC_v3.5\FSW_FreeRTOS\CORTEX_SmartFusion2_M2S050_SoftConsole\RTOSDemo_Hardware_Platform\Debug\libRTOSDemo_Hardware_Platform.a(mss_i2c.o)
                0x20006c90                I2C0_IRQHandler
 .text.I2C1_IRQHandler
                0x20006cb4       0x24 C:\Users\S-SPACE\Desktop\Pratik\FreeRTOS\FreeRTOS_SC_v3.5\FSW_FreeRTOS\CORTEX_SmartFusion2_M2S050_SoftConsole\RTOSDemo_Hardware_Platform\Debug\libRTOSDemo_Hardware_Platform.a(mss_i2c.o)
                0x20006cb4                I2C1_IRQHandler
 .text.I2C_init
                0x20006cd8       0xec C:\Users\S-SPACE\Desktop\Pratik\FreeRTOS\FreeRTOS_SC_v3.5\FSW_FreeRTOS\CORTEX_SmartFusion2_M2S050_SoftConsole\RTOSDemo_Hardware_Platform\Debug\libRTOSDemo_Hardware_Platform.a(core_i2c.o)
                0x20006cd8                I2C_init
 .text.I2C_write
                0x20006dc4       0xe4 C:\Users\S-SPACE\Desktop\Pratik\FreeRTOS\FreeRTOS_SC_v3.5\FSW_FreeRTOS\CORTEX_SmartFusion2_M2S050_SoftConsole\RTOSDemo_Hardware_Platform\Debug\libRTOSDemo_Hardware_Platform.a(core_i2c.o)
                0x20006dc4                I2C_write
 .text.I2C_read
                0x20006ea8       0xe4 C:\Users\S-SPACE\Desktop\Pratik\FreeRTOS\FreeRTOS_SC_v3.5\FSW_FreeRTOS\CORTEX_SmartFusion2_M2S050_SoftConsole\RTOSDemo_Hardware_Platform\Debug\libRTOSDemo_Hardware_Platform.a(core_i2c.o)
                0x20006ea8                I2C_read
 .text.I2C_write_read
                0x20006f8c      0x130 C:\Users\S-SPACE\Desktop\Pratik\FreeRTOS\FreeRTOS_SC_v3.5\FSW_FreeRTOS\CORTEX_SmartFusion2_M2S050_SoftConsole\RTOSDemo_Hardware_Platform\Debug\libRTOSDemo_Hardware_Platform.a(core_i2c.o)
                0x20006f8c                I2C_write_read
 .text.I2C_wait_complete
                0x200070bc       0x38 C:\Users\S-SPACE\Desktop\Pratik\FreeRTOS\FreeRTOS_SC_v3.5\FSW_FreeRTOS\CORTEX_SmartFusion2_M2S050_SoftConsole\RTOSDemo_Hardware_Platform\Debug\libRTOSDemo_Hardware_Platform.a(core_i2c.o)
                0x200070bc                I2C_wait_complete
 .text.enable_slave_if_required
                0x200070f4       0x30 C:\Users\S-SPACE\Desktop\Pratik\FreeRTOS\FreeRTOS_SC_v3.5\FSW_FreeRTOS\CORTEX_SmartFusion2_M2S050_SoftConsole\RTOSDemo_Hardware_Platform\Debug\libRTOSDemo_Hardware_Platform.a(core_i2c.o)
 .text.I2C_isr  0x20007124      0xa94 C:\Users\S-SPACE\Desktop\Pratik\FreeRTOS\FreeRTOS_SC_v3.5\FSW_FreeRTOS\CORTEX_SmartFusion2_M2S050_SoftConsole\RTOSDemo_Hardware_Platform\Debug\libRTOSDemo_Hardware_Platform.a(core_i2c.o)
                0x20007124                I2C_isr
 .text.NVIC_EnableIRQ
                0x20007bb8       0x38 C:\Users\S-SPACE\Desktop\Pratik\FreeRTOS\FreeRTOS_SC_v3.5\FSW_FreeRTOS\CORTEX_SmartFusion2_M2S050_SoftConsole\RTOSDemo_Hardware_Platform\Debug\libRTOSDemo_Hardware_Platform.a(i2c_interrupt.o)
 .text.NVIC_DisableIRQ
                0x20007bf0       0x3c C:\Users\S-SPACE\Desktop\Pratik\FreeRTOS\FreeRTOS_SC_v3.5\FSW_FreeRTOS\CORTEX_SmartFusion2_M2S050_SoftConsole\RTOSDemo_Hardware_Platform\Debug\libRTOSDemo_Hardware_Platform.a(i2c_interrupt.o)
 .text.I2C_enable_irq
                0x20007c2c       0x94 C:\Users\S-SPACE\Desktop\Pratik\FreeRTOS\FreeRTOS_SC_v3.5\FSW_FreeRTOS\CORTEX_SmartFusion2_M2S050_SoftConsole\RTOSDemo_Hardware_Platform\Debug\libRTOSDemo_Hardware_Platform.a(i2c_interrupt.o)
                0x20007c2c                I2C_enable_irq
 .text.I2C_disable_irq
                0x20007cc0       0x94 C:\Users\S-SPACE\Desktop\Pratik\FreeRTOS\FreeRTOS_SC_v3.5\FSW_FreeRTOS\CORTEX_SmartFusion2_M2S050_SoftConsole\RTOSDemo_Hardware_Platform\Debug\libRTOSDemo_Hardware_Platform.a(i2c_interrupt.o)
                0x20007cc0                I2C_disable_irq
 .text.SystemInit
                0x20007d54       0x2c C:\Users\S-SPACE\Desktop\Pratik\FreeRTOS\FreeRTOS_SC_v3.5\FSW_FreeRTOS\CORTEX_SmartFusion2_M2S050_SoftConsole\RTOSDemo_Hardware_Platform\Debug\libRTOSDemo_Hardware_Platform.a(system_m2sxxx.o)
                0x20007d54                SystemInit
 .text.SystemCoreClockUpdate
                0x20007d80      0x14c C:\Users\S-SPACE\Desktop\Pratik\FreeRTOS\FreeRTOS_SC_v3.5\FSW_FreeRTOS\CORTEX_SmartFusion2_M2S050_SoftConsole\RTOSDemo_Hardware_Platform\Debug\libRTOSDemo_Hardware_Platform.a(system_m2sxxx.o)
                0x20007d80                SystemCoreClockUpdate
 .text.get_rcosc_25_50mhz_frequency
                0x20007ecc       0x44 C:\Users\S-SPACE\Desktop\Pratik\FreeRTOS\FreeRTOS_SC_v3.5\FSW_FreeRTOS\CORTEX_SmartFusion2_M2S050_SoftConsole\RTOSDemo_Hardware_Platform\Debug\libRTOSDemo_Hardware_Platform.a(system_m2sxxx.o)
 .text.set_clock_frequency_globals
                0x20007f10       0x6c C:\Users\S-SPACE\Desktop\Pratik\FreeRTOS\FreeRTOS_SC_v3.5\FSW_FreeRTOS\CORTEX_SmartFusion2_M2S050_SoftConsole\RTOSDemo_Hardware_Platform\Debug\libRTOSDemo_Hardware_Platform.a(system_m2sxxx.o)
 .text.get_silicon_revision
                0x20007f7c       0x50 C:\Users\S-SPACE\Desktop\Pratik\FreeRTOS\FreeRTOS_SC_v3.5\FSW_FreeRTOS\CORTEX_SmartFusion2_M2S050_SoftConsole\RTOSDemo_Hardware_Platform\Debug\libRTOSDemo_Hardware_Platform.a(system_m2sxxx.o)
 .text.silicon_workarounds
                0x20007fcc       0x20 C:\Users\S-SPACE\Desktop\Pratik\FreeRTOS\FreeRTOS_SC_v3.5\FSW_FreeRTOS\CORTEX_SmartFusion2_M2S050_SoftConsole\RTOSDemo_Hardware_Platform\Debug\libRTOSDemo_Hardware_Platform.a(system_m2sxxx.o)
 .text.m2s050_rev_a_workarounds
                0x20007fec       0x44 C:\Users\S-SPACE\Desktop\Pratik\FreeRTOS\FreeRTOS_SC_v3.5\FSW_FreeRTOS\CORTEX_SmartFusion2_M2S050_SoftConsole\RTOSDemo_Hardware_Platform\Debug\libRTOSDemo_Hardware_Platform.a(system_m2sxxx.o)
 .text.complete_clock_config
                0x20008030       0x90 C:\Users\S-SPACE\Desktop\Pratik\FreeRTOS\FreeRTOS_SC_v3.5\FSW_FreeRTOS\CORTEX_SmartFusion2_M2S050_SoftConsole\RTOSDemo_Hardware_Platform\Debug\libRTOSDemo_Hardware_Platform.a(system_m2sxxx.o)
 .text          0x200080c0        0xe C:\Users\S-SPACE\Desktop\Pratik\FreeRTOS\FreeRTOS_SC_v3.5\FSW_FreeRTOS\CORTEX_SmartFusion2_M2S050_SoftConsole\RTOSDemo_Hardware_Platform\Debug\libRTOSDemo_Hardware_Platform.a(hal.o)
                0x200080c0                HAL_disable_interrupts
                0x200080c8                HAL_restore_interrupts
 .text          0x200080ce       0x90 C:\Users\S-SPACE\Desktop\Pratik\FreeRTOS\FreeRTOS_SC_v3.5\FSW_FreeRTOS\CORTEX_SmartFusion2_M2S050_SoftConsole\RTOSDemo_Hardware_Platform\Debug\libRTOSDemo_Hardware_Platform.a(hw_reg_access.o)
                0x200080ce                HW_set_32bit_reg
                0x200080d2                HW_get_32bit_reg
                0x200080d6                HW_set_32bit_reg_field
                0x200080f2                HW_get_32bit_reg_field
                0x200080fe                HW_set_16bit_reg
                0x20008102                HW_get_16bit_reg
                0x20008106                HW_set_16bit_reg_field
                0x20008122                HW_get_16bit_reg_field
                0x2000812e                HW_set_8bit_reg
                0x20008132                HW_get_8bit_reg
                0x20008136                HW_set_8bit_reg_field
                0x20008152                HW_get_8bit_reg_field
 *fill*         0x2000815e        0x2 00
 .text          0x20008160       0x50 c:/program files (x86)/microsemi/softconsole v3.4/sourcery-g++/bin/../lib/gcc/arm-none-eabi/4.4.1/../../../../arm-none-eabi/lib/thumb2\libc.a(lib_a-init.o)
                0x20008160                __libc_init_array
 .text          0x200081b0      0x190 c:/program files (x86)/microsemi/softconsole v3.4/sourcery-g++/bin/../lib/gcc/arm-none-eabi/4.4.1/../../../../arm-none-eabi/lib/thumb2\libc.a(lib_a-memcpy.o)
                0x200081b0                memcpy
 .text          0x20008340       0xd4 c:/program files (x86)/microsemi/softconsole v3.4/sourcery-g++/bin/../lib/gcc/arm-none-eabi/4.4.1/../../../../arm-none-eabi/lib/thumb2\libc.a(lib_a-memset.o)
                0x20008340                memset
 *(.plt)
 *(.gnu.warning)
 *(.glue_7t)
 .glue_7t       0x00000000        0x0 linker stubs
 *(.glue_7)
 .glue_7        0x00000000        0x0 linker stubs
 *(.vfp11_veneer)
 .vfp11_veneer  0x00000000        0x0 linker stubs
                0x20008414                . = ALIGN (0x4)
 *crtbegin.o(.ctors)
 *(EXCLUDE_FILE(*crtend.o) .ctors)
 *(SORT(.ctors.*))
 *crtend.o(.ctors)
 *crtbegin.o(.dtors)
 *(EXCLUDE_FILE(*crtend.o) .dtors)
 *(SORT(.dtors.*))
 *crtend.o(.dtors)
 *(.rodata .rodata.* .gnu.linkonce.r.*)
 .rodata.C.48.4660
                0x20008414        0x4 ./pilot/get_data.o
 .rodata.C.40.4595
                0x20008418        0x4 ./pilot/get_data.o
 .rodata        0x2000841c        0xc ./cmds/cmd.o
 .rodata        0x20008428       0x30 ./FreeRTOS-Source/tasks.o
 .rodata        0x20008458        0x8 ./FreeRTOS-Source/timers.o
 .rodata.xHeapStructSize
                0x20008460        0x4 ./FreeRTOS-Source/portable/MemMang/heap_4.o
 .rodata.pcInterruptPriorityRegisters
                0x20008464        0x4 ./FreeRTOS-Source/portable/GCC/ARM_CM3/port.o
 .rodata        0x20008468       0x24 ./Demo_Tasks/demo_tasks.o
 .rodata.C.140.6390
                0x2000848c        0x4 ./Demo_Tasks/demo_tasks.o
 .rodata.C.141.6391
                0x20008490        0x4 ./Demo_Tasks/demo_tasks.o
 .rodata.C.142.6392
                0x20008494        0x4 ./Demo_Tasks/demo_tasks.o
 .rodata.C.18.3459
                0x20008498        0x8 C:\Users\S-SPACE\Desktop\Pratik\FreeRTOS\FreeRTOS_SC_v3.5\FSW_FreeRTOS\CORTEX_SmartFusion2_M2S050_SoftConsole\RTOSDemo_Hardware_Platform\Debug\libRTOSDemo_Hardware_Platform.a(system_m2sxxx.o)
 *(.ARM.extab* .gnu.linkonce.armextab.*)
 *(.gcc_except_table)
 *(.eh_frame_hdr)
 *(.eh_frame)
 *(.init)
 .init          0x200084a0        0x4 c:/program files (x86)/microsemi/softconsole v3.4/sourcery-g++/bin/../lib/gcc/arm-none-eabi/4.4.1/thumb2/crti.o
                0x200084a0                _init
 .init          0x200084a4        0x8 c:/program files (x86)/microsemi/softconsole v3.4/sourcery-g++/bin/../lib/gcc/arm-none-eabi/4.4.1/thumb2/crtn.o
 *(.fini)
 .fini          0x200084ac        0x4 c:/program files (x86)/microsemi/softconsole v3.4/sourcery-g++/bin/../lib/gcc/arm-none-eabi/4.4.1/thumb2/crti.o
                0x200084ac                _fini
 .fini          0x200084b0        0x8 c:/program files (x86)/microsemi/softconsole v3.4/sourcery-g++/bin/../lib/gcc/arm-none-eabi/4.4.1/thumb2/crtn.o
                0x200084b8                PROVIDE (__preinit_array_start, .)
 *(.preinit_array)
                0x200084b8                PROVIDE (__preinit_array_end, .)
                0x200084b8                PROVIDE (__init_array_start, .)
 *(SORT(.init_array.*))
 *(.init_array)
 .init_array    0x200084b8        0x4 c:/program files (x86)/microsemi/softconsole v3.4/sourcery-g++/bin/../lib/gcc/arm-none-eabi/4.4.1/thumb2/crtbegin.o
                0x200084bc                PROVIDE (__init_array_end, .)
                0x200084bc                PROVIDE (__fini_array_start, .)
 *(.fini_array)
 .fini_array    0x200084bc        0x4 c:/program files (x86)/microsemi/softconsole v3.4/sourcery-g++/bin/../lib/gcc/arm-none-eabi/4.4.1/thumb2/crtbegin.o
 *(SORT(.fini_array.*))
                0x200084c0                PROVIDE (__fini_array_end, .)
                0x200084c0                __exidx_start = .

.v4_bx          0x200084c0        0x0
 .v4_bx         0x00000000        0x0 linker stubs

.ARM.exidx
 *(.ARM.exidx* .gnu.linkonce.armexidx.*)
                0x200084c0                __exidx_end = .
                0x200084c0                _etext = .
                0x200084c0                PROVIDE (__text_end, .)

.data           0x200084c0       0x60
                0x200084c0                __data_load = LOADADDR (.data)
                0x200084c0                _sidata = LOADADDR (.data)
                0x200084c0                __data_start = .
                0x200084c0                _sdata = .
 *(.jcr)
 .jcr           0x200084c0        0x0 c:/program files (x86)/microsemi/softconsole v3.4/sourcery-g++/bin/../lib/gcc/arm-none-eabi/4.4.1/thumb2/crtbegin.o
 .jcr           0x200084c0        0x4 c:/program files (x86)/microsemi/softconsole v3.4/sourcery-g++/bin/../lib/gcc/arm-none-eabi/4.4.1/thumb2/crtend.o
 *(.got.plt)
 *(.got)
 *(.shdata)
 *(.data .data.* .gnu.linkonce.d.*)
 .data.uxCriticalNesting
                0x200084c4        0x4 ./FreeRTOS-Source/portable/GCC/ARM_CM3/port.o
 .data.imu_struct
                0x200084c8       0x20 ./Demo_Tasks/demo_tasks.o
 .data.vc_struct
                0x200084e8       0x1c ./Demo_Tasks/demo_tasks.o
 .data.SystemCoreClock
                0x20008504        0x4 C:\Users\S-SPACE\Desktop\Pratik\FreeRTOS\FreeRTOS_SC_v3.5\FSW_FreeRTOS\CORTEX_SmartFusion2_M2S050_SoftConsole\RTOSDemo_Hardware_Platform\Debug\libRTOSDemo_Hardware_Platform.a(system_m2sxxx.o)
                0x20008504                SystemCoreClock
 .data.g_FrequencyPCLK0
                0x20008508        0x4 C:\Users\S-SPACE\Desktop\Pratik\FreeRTOS\FreeRTOS_SC_v3.5\FSW_FreeRTOS\CORTEX_SmartFusion2_M2S050_SoftConsole\RTOSDemo_Hardware_Platform\Debug\libRTOSDemo_Hardware_Platform.a(system_m2sxxx.o)
                0x20008508                g_FrequencyPCLK0
 .data.g_FrequencyPCLK1
                0x2000850c        0x4 C:\Users\S-SPACE\Desktop\Pratik\FreeRTOS\FreeRTOS_SC_v3.5\FSW_FreeRTOS\CORTEX_SmartFusion2_M2S050_SoftConsole\RTOSDemo_Hardware_Platform\Debug\libRTOSDemo_Hardware_Platform.a(system_m2sxxx.o)
                0x2000850c                g_FrequencyPCLK1
 .data.g_FrequencyPCLK2
                0x20008510        0x4 C:\Users\S-SPACE\Desktop\Pratik\FreeRTOS\FreeRTOS_SC_v3.5\FSW_FreeRTOS\CORTEX_SmartFusion2_M2S050_SoftConsole\RTOSDemo_Hardware_Platform\Debug\libRTOSDemo_Hardware_Platform.a(system_m2sxxx.o)
                0x20008510                g_FrequencyPCLK2
 .data.g_FrequencyFIC0
                0x20008514        0x4 C:\Users\S-SPACE\Desktop\Pratik\FreeRTOS\FreeRTOS_SC_v3.5\FSW_FreeRTOS\CORTEX_SmartFusion2_M2S050_SoftConsole\RTOSDemo_Hardware_Platform\Debug\libRTOSDemo_Hardware_Platform.a(system_m2sxxx.o)
                0x20008514                g_FrequencyFIC0
 .data.g_FrequencyFIC1
                0x20008518        0x4 C:\Users\S-SPACE\Desktop\Pratik\FreeRTOS\FreeRTOS_SC_v3.5\FSW_FreeRTOS\CORTEX_SmartFusion2_M2S050_SoftConsole\RTOSDemo_Hardware_Platform\Debug\libRTOSDemo_Hardware_Platform.a(system_m2sxxx.o)
                0x20008518                g_FrequencyFIC1
 .data.g_FrequencyFIC64
                0x2000851c        0x4 C:\Users\S-SPACE\Desktop\Pratik\FreeRTOS\FreeRTOS_SC_v3.5\FSW_FreeRTOS\CORTEX_SmartFusion2_M2S050_SoftConsole\RTOSDemo_Hardware_Platform\Debug\libRTOSDemo_Hardware_Platform.a(system_m2sxxx.o)
                0x2000851c                g_FrequencyFIC64
                0x20008520                . = ALIGN (0x4)
                0x20008520                _edata = .

.bss            0x20008520     0x6c38
                0x20008520                __bss_start__ = .
                0x20008520                _sbss = .
 *(.shbss)
 *(.bss .bss.* .gnu.linkonce.b.*)
 .bss           0x20008520        0x1 c:/program files (x86)/microsemi/softconsole v3.4/sourcery-g++/bin/../lib/gcc/arm-none-eabi/4.4.1/thumb2/crtbegin.o
 *fill*         0x20008521        0x3 00
 .bss.ulLastCounterValue.1425
                0x20008524        0x4 ./RunTimeStatsTimer.o
 .bss.ulOverflows.1426
                0x20008528        0x4 ./RunTimeStatsTimer.o
 .bss.pxCurrentTCB
                0x2000852c        0x4 ./FreeRTOS-Source/tasks.o
                0x2000852c                pxCurrentTCB
 .bss.pxReadyTasksLists
                0x20008530       0x64 ./FreeRTOS-Source/tasks.o
 .bss.xDelayedTaskList1
                0x20008594       0x14 ./FreeRTOS-Source/tasks.o
 .bss.xDelayedTaskList2
                0x200085a8       0x14 ./FreeRTOS-Source/tasks.o
 .bss.pxDelayedTaskList
                0x200085bc        0x4 ./FreeRTOS-Source/tasks.o
 .bss.pxOverflowDelayedTaskList
                0x200085c0        0x4 ./FreeRTOS-Source/tasks.o
 .bss.xPendingReadyList
                0x200085c4       0x14 ./FreeRTOS-Source/tasks.o
 .bss.xTasksWaitingTermination
                0x200085d8       0x14 ./FreeRTOS-Source/tasks.o
 .bss.uxDeletedTasksWaitingCleanUp
                0x200085ec        0x4 ./FreeRTOS-Source/tasks.o
 .bss.xSuspendedTaskList
                0x200085f0       0x14 ./FreeRTOS-Source/tasks.o
 .bss.uxCurrentNumberOfTasks
                0x20008604        0x4 ./FreeRTOS-Source/tasks.o
 .bss.xTickCount
                0x20008608        0x4 ./FreeRTOS-Source/tasks.o
 .bss.uxTopReadyPriority
                0x2000860c        0x4 ./FreeRTOS-Source/tasks.o
 .bss.xSchedulerRunning
                0x20008610        0x4 ./FreeRTOS-Source/tasks.o
 .bss.uxPendedTicks
                0x20008614        0x4 ./FreeRTOS-Source/tasks.o
 .bss.xYieldPending
                0x20008618        0x4 ./FreeRTOS-Source/tasks.o
 .bss.xNumOfOverflows
                0x2000861c        0x4 ./FreeRTOS-Source/tasks.o
 .bss.uxTaskNumber
                0x20008620        0x4 ./FreeRTOS-Source/tasks.o
 .bss.xNextTaskUnblockTime
                0x20008624        0x4 ./FreeRTOS-Source/tasks.o
 .bss.xIdleTaskHandle
                0x20008628        0x4 ./FreeRTOS-Source/tasks.o
 .bss.uxSchedulerSuspended
                0x2000862c        0x4 ./FreeRTOS-Source/tasks.o
 .bss.ulTaskSwitchedInTime
                0x20008630        0x4 ./FreeRTOS-Source/tasks.o
 .bss.ulTotalRunTime
                0x20008634        0x4 ./FreeRTOS-Source/tasks.o
 .bss.xActiveTimerList1
                0x20008638       0x14 ./FreeRTOS-Source/timers.o
 .bss.xActiveTimerList2
                0x2000864c       0x14 ./FreeRTOS-Source/timers.o
 .bss.pxCurrentTimerList
                0x20008660        0x4 ./FreeRTOS-Source/timers.o
 .bss.pxOverflowTimerList
                0x20008664        0x4 ./FreeRTOS-Source/timers.o
 .bss.xTimerQueue
                0x20008668        0x4 ./FreeRTOS-Source/timers.o
 .bss.xTimerTaskHandle
                0x2000866c        0x4 ./FreeRTOS-Source/timers.o
 .bss.xLastTime.2561
                0x20008670        0x4 ./FreeRTOS-Source/timers.o
 .bss.ucHeap    0x20008674     0x61a8 ./FreeRTOS-Source/portable/MemMang/heap_4.o
 .bss.xStart    0x2000e81c        0x8 ./FreeRTOS-Source/portable/MemMang/heap_4.o
 .bss.pxEnd     0x2000e824        0x4 ./FreeRTOS-Source/portable/MemMang/heap_4.o
 .bss.xFreeBytesRemaining
                0x2000e828        0x4 ./FreeRTOS-Source/portable/MemMang/heap_4.o
 .bss.xMinimumEverFreeBytesRemaining
                0x2000e82c        0x4 ./FreeRTOS-Source/portable/MemMang/heap_4.o
 .bss.xBlockAllocatedBit
                0x2000e830        0x4 ./FreeRTOS-Source/portable/MemMang/heap_4.o
 .bss.ucMaxSysCallPriority
                0x2000e834        0x1 ./FreeRTOS-Source/portable/GCC/ARM_CM3/port.o
 *fill*         0x2000e835        0x3 00
 .bss.ulMaxPRIGROUPValue
                0x2000e838        0x4 ./FreeRTOS-Source/portable/GCC/ARM_CM3/port.o
 .bss.uart_irq  0x2000e83c        0x4 ./Demo_Tasks/demo_tasks.o
                0x2000e83c                uart_irq
 *(COMMON)
 COMMON         0x2000e840      0x4e1 ./main.o
                0x2000e840                data_pld
                0x2000e874                g_core_i2c2
                0x2000e8e0                uart0_irq_rx_buffer
                0x2000e8e4                argu
                0x2000e900                c
                0x2000e91c                uart1_irq_size
                0x2000e920                data
                0x2000eb20                device_param
                0x2000ec20                device
                0x2000ed20                command_index
 *fill*         0x2000ed21        0x3 00
 COMMON         0x2000ed24       0x34 ./stream/stream.o
                0x2000ed24                pkt_stream
                0x2000ed48                pkt_timer
                0x2000ed50                rx_cmd
                0x2000ed54                cmd_timer
 COMMON         0x2000ed58        0xb ./pilot/get_data.o
                0x2000ed58                init_command
                0x2000ed5c                read
                0x2000ed5e                bvol
                0x2000ed60                count
                0x2000ed61                config_reg
                0x2000ed62                status
 *fill*         0x2000ed63        0x1 00
 COMMON         0x2000ed64      0x224 ./pilot/peripherals.o
                0x2000ed64                g_core_i2c0
                0x2000edd0                g_core_i2c1
                0x2000ee3c                g_core_i2c5
                0x2000eea8                g_core_i2c3
                0x2000ef14                sd_timer
                0x2000ef18                core_i2c_status
                0x2000ef1c                g_core_i2c4
 COMMON         0x2000ef88       0x1c ./cmds/cmd.o
                0x2000ef88                cmd_list
                0x2000efa0                cmd
 COMMON         0x2000efa4       0x48 ./Demo_Tasks/demo_tasks.o
                0x2000efa4                command_cnt
                0x2000efa8                Store_PKT_Queue
                0x2000efac                feed_tlm_task
                0x2000efb0                get_pld_pkt_handle
                0x2000efb4                tlm_sender_handle
                0x2000efb8                hk_pkt
                0x2000efbc                tlm_tsk_handle
                0x2000efc0                feed_cmd_tsk
                0x2000efc4                feed_tlm_sender
                0x2000efc8                xMutex
                0x2000efcc                feed_get_hk_data
                0x2000efd0                hk_task_feed
                0x2000efd4                get_hk_pkt_handle
                0x2000efd8                feed_get_payload_data
                0x2000efdc                Data_PKT_Queue
                0x2000efe0                pld_pkt
                0x2000efe4                command_reject_cnt
                0x2000efe8                cmd_tsk
 COMMON         0x2000efec       0x80 C:\Users\S-SPACE\Desktop\Pratik\FreeRTOS\FreeRTOS_SC_v3.5\FSW_FreeRTOS\CORTEX_SmartFusion2_M2S050_SoftConsole\RTOSDemo_Hardware_Platform\Debug\libRTOSDemo_Hardware_Platform.a(mss_uart.o)
                0x2000efec                g_mss_uart1
                0x2000f02c                g_mss_uart0
 COMMON         0x2000f06c       0xe8 C:\Users\S-SPACE\Desktop\Pratik\FreeRTOS\FreeRTOS_SC_v3.5\FSW_FreeRTOS\CORTEX_SmartFusion2_M2S050_SoftConsole\RTOSDemo_Hardware_Platform\Debug\libRTOSDemo_Hardware_Platform.a(mss_i2c.o)
                0x2000f06c                g_mss_i2c0
                0x2000f0e0                g_mss_i2c1
                0x2000f158                . = ALIGN (0x8)
 *fill*         0x2000f154        0x4 00
                0x2000f158                __bss_end__ = .
                0x2000f158                _end = .
                0x2000f158                __end = _end
                0x2000f158                _ebss = .
                0x2000f158                PROVIDE (end, .)

.stack          0x2000f158      0x400
                0x2000f158                . = ALIGN (0x4)
                0x2000f158                . = (. + PROCESS_STACK_SIZE)
                0x2000f158                . = ALIGN (0x4)
                0x2000f558                . = (. + MAIN_STACK_SIZE)
 *fill*         0x2000f158      0x400 00
                0x2000f558                . = ALIGN (0x4)

.stab
 *(.stab)

.stabstr
 *(.stabstr)

.debug
 *(.debug)

.line
 *(.line)

.debug_srcinfo
 *(.debug_srcinfo)

.debug_sfnames
 *(.debug_sfnames)

.comment        0x00000000      0x489
 .comment       0x00000000       0x2b ./RunTimeStatsTimer.o
 .comment       0x0000002b       0x2b ./main.o
 .comment       0x00000056       0x2b ./printf-stdarg.o
 .comment       0x00000081       0x2b ./stream/stream.o
 .comment       0x000000ac       0x2b ./pilot/get_data.o
 .comment       0x000000d7       0x2b ./pilot/init.o
 .comment       0x00000102       0x2b ./pilot/peripherals.o
 .comment       0x0000012d       0x2b ./pilot/pilot.o
 .comment       0x00000158       0x2b ./pilot/pslv_interface.o
 .comment       0x00000183       0x2b ./pilot/read.o
 .comment       0x000001ae       0x2b ./pilot/write.o
 .comment       0x000001d9       0x2b ./osal/osal.o
 .comment       0x00000204       0x2b ./cmds/cmd.o
 .comment       0x0000022f       0x2b ./FreeRTOS-Source/list.o
 .comment       0x0000025a       0x2b ./FreeRTOS-Source/queue.o
 .comment       0x00000285       0x2b ./FreeRTOS-Source/tasks.o
 .comment       0x000002b0       0x2b ./FreeRTOS-Source/timers.o
 .comment       0x000002db       0x2b ./FreeRTOS-Source/portable/MemMang/heap_4.o
 .comment       0x00000306       0x2b ./FreeRTOS-Source/portable/GCC/ARM_CM3/port.o
 .comment       0x00000331       0x2b ./Demo_Tasks/demo_tasks.o
 .comment       0x0000035c       0x2b ./Blinky-Demo/main_blinky.o
 .comment       0x00000387       0x2b C:/Users/S-SPACE/Desktop/Pratik/FreeRTOS/FreeRTOS_SC_v3.5/FSW_FreeRTOS/CORTEX_SmartFusion2_M2S050_SoftConsole/RTOSDemo_Hardware_Platform/Debug/CMSIS/startup_gcc/newlib_stubs.o
 .comment       0x000003b2       0x2b C:\Users\S-SPACE\Desktop\Pratik\FreeRTOS\FreeRTOS_SC_v3.5\FSW_FreeRTOS\CORTEX_SmartFusion2_M2S050_SoftConsole\RTOSDemo_Hardware_Platform\Debug\libRTOSDemo_Hardware_Platform.a(mss_uart.o)
 .comment       0x000003dd       0x2b C:\Users\S-SPACE\Desktop\Pratik\FreeRTOS\FreeRTOS_SC_v3.5\FSW_FreeRTOS\CORTEX_SmartFusion2_M2S050_SoftConsole\RTOSDemo_Hardware_Platform\Debug\libRTOSDemo_Hardware_Platform.a(mss_i2c.o)
 .comment       0x00000408       0x2b C:\Users\S-SPACE\Desktop\Pratik\FreeRTOS\FreeRTOS_SC_v3.5\FSW_FreeRTOS\CORTEX_SmartFusion2_M2S050_SoftConsole\RTOSDemo_Hardware_Platform\Debug\libRTOSDemo_Hardware_Platform.a(core_i2c.o)
 .comment       0x00000433       0x2b C:\Users\S-SPACE\Desktop\Pratik\FreeRTOS\FreeRTOS_SC_v3.5\FSW_FreeRTOS\CORTEX_SmartFusion2_M2S050_SoftConsole\RTOSDemo_Hardware_Platform\Debug\libRTOSDemo_Hardware_Platform.a(i2c_interrupt.o)
 .comment       0x0000045e       0x2b C:\Users\S-SPACE\Desktop\Pratik\FreeRTOS\FreeRTOS_SC_v3.5\FSW_FreeRTOS\CORTEX_SmartFusion2_M2S050_SoftConsole\RTOSDemo_Hardware_Platform\Debug\libRTOSDemo_Hardware_Platform.a(system_m2sxxx.o)

.debug_aranges  0x00000000      0xd20
 *(.debug_aranges)
 .debug_aranges
                0x00000000       0x28 ./RunTimeStatsTimer.o
 .debug_aranges
                0x00000028       0x48 ./main.o
 .debug_aranges
                0x00000070       0x58 ./printf-stdarg.o
 .debug_aranges
                0x000000c8       0x28 ./stream/stream.o
 .debug_aranges
                0x000000f0       0x70 ./pilot/get_data.o
 .debug_aranges
                0x00000160       0x20 ./pilot/init.o
 .debug_aranges
                0x00000180       0x20 ./pilot/read.o
 .debug_aranges
                0x000001a0       0x20 ./pilot/write.o
 .debug_aranges
                0x000001c0       0x28 ./osal/osal.o
 .debug_aranges
                0x000001e8       0x58 ./cmds/cmd.o
 .debug_aranges
                0x00000240       0x40 ./FreeRTOS-Source/list.o
 .debug_aranges
                0x00000280      0x100 ./FreeRTOS-Source/queue.o
 .debug_aranges
                0x00000380      0x1f0 ./FreeRTOS-Source/tasks.o
 .debug_aranges
                0x00000570       0xc8 ./FreeRTOS-Source/timers.o
 .debug_aranges
                0x00000638       0x50 ./FreeRTOS-Source/portable/MemMang/heap_4.o
 .debug_aranges
                0x00000688       0x78 ./FreeRTOS-Source/portable/GCC/ARM_CM3/port.o
 .debug_aranges
                0x00000700       0xb0 ./Demo_Tasks/demo_tasks.o
 .debug_aranges
                0x000007b0       0x30 ./Blinky-Demo/main_blinky.o
 .debug_aranges
                0x000007e0       0xa8 C:/Users/S-SPACE/Desktop/Pratik/FreeRTOS/FreeRTOS_SC_v3.5/FSW_FreeRTOS/CORTEX_SmartFusion2_M2S050_SoftConsole/RTOSDemo_Hardware_Platform/Debug/CMSIS/startup_gcc/newlib_stubs.o
 .debug_aranges
                0x00000888      0x1d0 C:\Users\S-SPACE\Desktop\Pratik\FreeRTOS\FreeRTOS_SC_v3.5\FSW_FreeRTOS\CORTEX_SmartFusion2_M2S050_SoftConsole\RTOSDemo_Hardware_Platform\Debug\libRTOSDemo_Hardware_Platform.a(mss_uart.o)
 .debug_aranges
                0x00000a58      0x128 C:\Users\S-SPACE\Desktop\Pratik\FreeRTOS\FreeRTOS_SC_v3.5\FSW_FreeRTOS\CORTEX_SmartFusion2_M2S050_SoftConsole\RTOSDemo_Hardware_Platform\Debug\libRTOSDemo_Hardware_Platform.a(mss_i2c.o)
 .debug_aranges
                0x00000b80      0x110 C:\Users\S-SPACE\Desktop\Pratik\FreeRTOS\FreeRTOS_SC_v3.5\FSW_FreeRTOS\CORTEX_SmartFusion2_M2S050_SoftConsole\RTOSDemo_Hardware_Platform\Debug\libRTOSDemo_Hardware_Platform.a(core_i2c.o)
 .debug_aranges
                0x00000c90       0x38 C:\Users\S-SPACE\Desktop\Pratik\FreeRTOS\FreeRTOS_SC_v3.5\FSW_FreeRTOS\CORTEX_SmartFusion2_M2S050_SoftConsole\RTOSDemo_Hardware_Platform\Debug\libRTOSDemo_Hardware_Platform.a(i2c_interrupt.o)
 .debug_aranges
                0x00000cc8       0x58 C:\Users\S-SPACE\Desktop\Pratik\FreeRTOS\FreeRTOS_SC_v3.5\FSW_FreeRTOS\CORTEX_SmartFusion2_M2S050_SoftConsole\RTOSDemo_Hardware_Platform\Debug\libRTOSDemo_Hardware_Platform.a(system_m2sxxx.o)

.debug_pubnames
                0x00000000     0x2190
 *(.debug_pubnames)
 .debug_pubnames
                0x00000000       0x52 ./RunTimeStatsTimer.o
 .debug_pubnames
                0x00000052      0x11e ./main.o
 .debug_pubnames
                0x00000170       0x40 ./printf-stdarg.o
 .debug_pubnames
                0x000001b0       0xf3 ./stream/stream.o
 .debug_pubnames
                0x000002a3      0x10f ./pilot/get_data.o
 .debug_pubnames
                0x000003b2       0x1b ./pilot/init.o
 .debug_pubnames
                0x000003cd       0x93 ./pilot/peripherals.o
 .debug_pubnames
                0x00000460       0xb9 ./pilot/read.o
 .debug_pubnames
                0x00000519       0x24 ./pilot/write.o
 .debug_pubnames
                0x0000053d       0x31 ./osal/osal.o
 .debug_pubnames
                0x0000056e      0x154 ./cmds/cmd.o
 .debug_pubnames
                0x000006c2       0x72 ./FreeRTOS-Source/list.o
 .debug_pubnames
                0x00000734      0x256 ./FreeRTOS-Source/queue.o
 .debug_pubnames
                0x0000098a      0x487 ./FreeRTOS-Source/tasks.o
 .debug_pubnames
                0x00000e11      0x138 ./FreeRTOS-Source/timers.o
 .debug_pubnames
                0x00000f49       0x88 ./FreeRTOS-Source/portable/MemMang/heap_4.o
 .debug_pubnames
                0x00000fd1       0xfe ./FreeRTOS-Source/portable/GCC/ARM_CM3/port.o
 .debug_pubnames
                0x000010cf      0x3fd ./Demo_Tasks/demo_tasks.o
 .debug_pubnames
                0x000014cc       0x22 ./Blinky-Demo/main_blinky.o
 .debug_pubnames
                0x000014ee       0xeb C:/Users/S-SPACE/Desktop/Pratik/FreeRTOS/FreeRTOS_SC_v3.5/FSW_FreeRTOS/CORTEX_SmartFusion2_M2S050_SoftConsole/RTOSDemo_Hardware_Platform/Debug/CMSIS/startup_gcc/newlib_stubs.o
 .debug_pubnames
                0x000015d9      0x50f C:\Users\S-SPACE\Desktop\Pratik\FreeRTOS\FreeRTOS_SC_v3.5\FSW_FreeRTOS\CORTEX_SmartFusion2_M2S050_SoftConsole\RTOSDemo_Hardware_Platform\Debug\libRTOSDemo_Hardware_Platform.a(mss_uart.o)
 .debug_pubnames
                0x00001ae8      0x2eb C:\Users\S-SPACE\Desktop\Pratik\FreeRTOS\FreeRTOS_SC_v3.5\FSW_FreeRTOS\CORTEX_SmartFusion2_M2S050_SoftConsole\RTOSDemo_Hardware_Platform\Debug\libRTOSDemo_Hardware_Platform.a(mss_i2c.o)
 .debug_pubnames
                0x00001dd3      0x2b9 C:\Users\S-SPACE\Desktop\Pratik\FreeRTOS\FreeRTOS_SC_v3.5\FSW_FreeRTOS\CORTEX_SmartFusion2_M2S050_SoftConsole\RTOSDemo_Hardware_Platform\Debug\libRTOSDemo_Hardware_Platform.a(core_i2c.o)
 .debug_pubnames
                0x0000208c       0x39 C:\Users\S-SPACE\Desktop\Pratik\FreeRTOS\FreeRTOS_SC_v3.5\FSW_FreeRTOS\CORTEX_SmartFusion2_M2S050_SoftConsole\RTOSDemo_Hardware_Platform\Debug\libRTOSDemo_Hardware_Platform.a(i2c_interrupt.o)
 .debug_pubnames
                0x000020c5       0xcb C:\Users\S-SPACE\Desktop\Pratik\FreeRTOS\FreeRTOS_SC_v3.5\FSW_FreeRTOS\CORTEX_SmartFusion2_M2S050_SoftConsole\RTOSDemo_Hardware_Platform\Debug\libRTOSDemo_Hardware_Platform.a(system_m2sxxx.o)

.debug_info     0x00000000    0x120b0
 *(.debug_info .gnu.linkonce.wi.*)
 .debug_info    0x00000000       0xf2 ./RunTimeStatsTimer.o
 .debug_info    0x000000f2      0x565 ./main.o
 .debug_info    0x00000657      0x424 ./printf-stdarg.o
 .debug_info    0x00000a7b      0xc5e ./stream/stream.o
 .debug_info    0x000016d9     0x10bc ./pilot/get_data.o
 .debug_info    0x00002795      0xe5c ./pilot/init.o
 .debug_info    0x000035f1      0x3f8 ./pilot/peripherals.o
 .debug_info    0x000039e9       0x29 ./pilot/pilot.o
 .debug_info    0x00003a12       0x29 ./pilot/pslv_interface.o
 .debug_info    0x00003a3b      0x755 ./pilot/read.o
 .debug_info    0x00004190      0x634 ./pilot/write.o
 .debug_info    0x000047c4       0xfd ./osal/osal.o
 .debug_info    0x000048c1      0x73d ./cmds/cmd.o
 .debug_info    0x00004ffe      0x2c0 ./FreeRTOS-Source/list.o
 .debug_info    0x000052be     0x135d ./FreeRTOS-Source/queue.o
 .debug_info    0x0000661b     0x2038 ./FreeRTOS-Source/tasks.o
 .debug_info    0x00008653      0xd8a ./FreeRTOS-Source/timers.o
 .debug_info    0x000093dd      0x3d8 ./FreeRTOS-Source/portable/MemMang/heap_4.o
 .debug_info    0x000097b5      0x4af ./FreeRTOS-Source/portable/GCC/ARM_CM3/port.o
 .debug_info    0x00009c64     0x21bf ./Demo_Tasks/demo_tasks.o
 .debug_info    0x0000be23      0x1a1 ./Blinky-Demo/main_blinky.o
 .debug_info    0x0000bfc4      0x6c3 C:/Users/S-SPACE/Desktop/Pratik/FreeRTOS/FreeRTOS_SC_v3.5/FSW_FreeRTOS/CORTEX_SmartFusion2_M2S050_SoftConsole/RTOSDemo_Hardware_Platform/Debug/CMSIS/startup_gcc/newlib_stubs.o
 .debug_info    0x0000c687     0x1ed4 C:\Users\S-SPACE\Desktop\Pratik\FreeRTOS\FreeRTOS_SC_v3.5\FSW_FreeRTOS\CORTEX_SmartFusion2_M2S050_SoftConsole\RTOSDemo_Hardware_Platform\Debug\libRTOSDemo_Hardware_Platform.a(mss_uart.o)
 .debug_info    0x0000e55b     0x1a9b C:\Users\S-SPACE\Desktop\Pratik\FreeRTOS\FreeRTOS_SC_v3.5\FSW_FreeRTOS\CORTEX_SmartFusion2_M2S050_SoftConsole\RTOSDemo_Hardware_Platform\Debug\libRTOSDemo_Hardware_Platform.a(mss_i2c.o)
 .debug_info    0x0000fff6      0xd0c C:\Users\S-SPACE\Desktop\Pratik\FreeRTOS\FreeRTOS_SC_v3.5\FSW_FreeRTOS\CORTEX_SmartFusion2_M2S050_SoftConsole\RTOSDemo_Hardware_Platform\Debug\libRTOSDemo_Hardware_Platform.a(core_i2c.o)
 .debug_info    0x00010d02      0x7ce C:\Users\S-SPACE\Desktop\Pratik\FreeRTOS\FreeRTOS_SC_v3.5\FSW_FreeRTOS\CORTEX_SmartFusion2_M2S050_SoftConsole\RTOSDemo_Hardware_Platform\Debug\libRTOSDemo_Hardware_Platform.a(i2c_interrupt.o)
 .debug_info    0x000114d0      0xbe0 C:\Users\S-SPACE\Desktop\Pratik\FreeRTOS\FreeRTOS_SC_v3.5\FSW_FreeRTOS\CORTEX_SmartFusion2_M2S050_SoftConsole\RTOSDemo_Hardware_Platform\Debug\libRTOSDemo_Hardware_Platform.a(system_m2sxxx.o)

.debug_abbrev   0x00000000     0x2838
 *(.debug_abbrev)
 .debug_abbrev  0x00000000       0x92 ./RunTimeStatsTimer.o
 .debug_abbrev  0x00000092      0x1b8 ./main.o
 .debug_abbrev  0x0000024a      0x147 ./printf-stdarg.o
 .debug_abbrev  0x00000391      0x1d4 ./stream/stream.o
 .debug_abbrev  0x00000565      0x1dc ./pilot/get_data.o
 .debug_abbrev  0x00000741      0x1be ./pilot/init.o
 .debug_abbrev  0x000008ff      0x104 ./pilot/peripherals.o
 .debug_abbrev  0x00000a03       0x16 ./pilot/pilot.o
 .debug_abbrev  0x00000a19       0x16 ./pilot/pslv_interface.o
 .debug_abbrev  0x00000a2f      0x1a8 ./pilot/read.o
 .debug_abbrev  0x00000bd7      0x172 ./pilot/write.o
 .debug_abbrev  0x00000d49       0x90 ./osal/osal.o
 .debug_abbrev  0x00000dd9      0x1da ./cmds/cmd.o
 .debug_abbrev  0x00000fb3       0xc5 ./FreeRTOS-Source/list.o
 .debug_abbrev  0x00001078      0x1d2 ./FreeRTOS-Source/queue.o
 .debug_abbrev  0x0000124a      0x252 ./FreeRTOS-Source/tasks.o
 .debug_abbrev  0x0000149c      0x1a9 ./FreeRTOS-Source/timers.o
 .debug_abbrev  0x00001645      0x1b7 ./FreeRTOS-Source/portable/MemMang/heap_4.o
 .debug_abbrev  0x000017fc      0x1f7 ./FreeRTOS-Source/portable/GCC/ARM_CM3/port.o
 .debug_abbrev  0x000019f3      0x2bb ./Demo_Tasks/demo_tasks.o
 .debug_abbrev  0x00001cae       0xd9 ./Blinky-Demo/main_blinky.o
 .debug_abbrev  0x00001d87      0x158 C:/Users/S-SPACE/Desktop/Pratik/FreeRTOS/FreeRTOS_SC_v3.5/FSW_FreeRTOS/CORTEX_SmartFusion2_M2S050_SoftConsole/RTOSDemo_Hardware_Platform/Debug/CMSIS/startup_gcc/newlib_stubs.o
 .debug_abbrev  0x00001edf      0x280 C:\Users\S-SPACE\Desktop\Pratik\FreeRTOS\FreeRTOS_SC_v3.5\FSW_FreeRTOS\CORTEX_SmartFusion2_M2S050_SoftConsole\RTOSDemo_Hardware_Platform\Debug\libRTOSDemo_Hardware_Platform.a(mss_uart.o)
 .debug_abbrev  0x0000215f      0x28c C:\Users\S-SPACE\Desktop\Pratik\FreeRTOS\FreeRTOS_SC_v3.5\FSW_FreeRTOS\CORTEX_SmartFusion2_M2S050_SoftConsole\RTOSDemo_Hardware_Platform\Debug\libRTOSDemo_Hardware_Platform.a(mss_i2c.o)
 .debug_abbrev  0x000023eb      0x185 C:\Users\S-SPACE\Desktop\Pratik\FreeRTOS\FreeRTOS_SC_v3.5\FSW_FreeRTOS\CORTEX_SmartFusion2_M2S050_SoftConsole\RTOSDemo_Hardware_Platform\Debug\libRTOSDemo_Hardware_Platform.a(core_i2c.o)
 .debug_abbrev  0x00002570      0x169 C:\Users\S-SPACE\Desktop\Pratik\FreeRTOS\FreeRTOS_SC_v3.5\FSW_FreeRTOS\CORTEX_SmartFusion2_M2S050_SoftConsole\RTOSDemo_Hardware_Platform\Debug\libRTOSDemo_Hardware_Platform.a(i2c_interrupt.o)
 .debug_abbrev  0x000026d9      0x15f C:\Users\S-SPACE\Desktop\Pratik\FreeRTOS\FreeRTOS_SC_v3.5\FSW_FreeRTOS\CORTEX_SmartFusion2_M2S050_SoftConsole\RTOSDemo_Hardware_Platform\Debug\libRTOSDemo_Hardware_Platform.a(system_m2sxxx.o)

.debug_line     0x00000000    0x1287c
 *(.debug_line)
 .debug_line    0x00000000      0x389 ./RunTimeStatsTimer.o
 .debug_line    0x00000389     0x1643 ./main.o
 .debug_line    0x000019cc      0x45f ./printf-stdarg.o
 .debug_line    0x00001e2b     0x1708 ./stream/stream.o
 .debug_line    0x00003533     0x1324 ./pilot/get_data.o
 .debug_line    0x00004857     0x11e1 ./pilot/init.o
 .debug_line    0x00005a38     0x11aa ./pilot/peripherals.o
 .debug_line    0x00006be2       0x31 ./pilot/pilot.o
 .debug_line    0x00006c13       0x3a ./pilot/pslv_interface.o
 .debug_line    0x00006c4d     0x161e ./pilot/read.o
 .debug_line    0x0000826b     0x11e1 ./pilot/write.o
 .debug_line    0x0000944c      0x420 ./osal/osal.o
 .debug_line    0x0000986c     0x1786 ./cmds/cmd.o
 .debug_line    0x0000aff2      0x589 ./FreeRTOS-Source/list.o
 .debug_line    0x0000b57b      0xac2 ./FreeRTOS-Source/queue.o
 .debug_line    0x0000c03d      0xf40 ./FreeRTOS-Source/tasks.o
 .debug_line    0x0000cf7d      0x848 ./FreeRTOS-Source/timers.o
 .debug_line    0x0000d7c5      0x639 ./FreeRTOS-Source/portable/MemMang/heap_4.o
 .debug_line    0x0000ddfe      0x500 ./FreeRTOS-Source/portable/GCC/ARM_CM3/port.o
 .debug_line    0x0000e2fe     0x1a50 ./Demo_Tasks/demo_tasks.o
 .debug_line    0x0000fd4e      0x5b2 ./Blinky-Demo/main_blinky.o
 .debug_line    0x00010300      0x4aa C:/Users/S-SPACE/Desktop/Pratik/FreeRTOS/FreeRTOS_SC_v3.5/FSW_FreeRTOS/CORTEX_SmartFusion2_M2S050_SoftConsole/RTOSDemo_Hardware_Platform/Debug/CMSIS/startup_gcc/newlib_stubs.o
 .debug_line    0x000107aa      0x8f8 C:\Users\S-SPACE\Desktop\Pratik\FreeRTOS\FreeRTOS_SC_v3.5\FSW_FreeRTOS\CORTEX_SmartFusion2_M2S050_SoftConsole\RTOSDemo_Hardware_Platform\Debug\libRTOSDemo_Hardware_Platform.a(mss_uart.o)
 .debug_line    0x000110a2      0x76d C:\Users\S-SPACE\Desktop\Pratik\FreeRTOS\FreeRTOS_SC_v3.5\FSW_FreeRTOS\CORTEX_SmartFusion2_M2S050_SoftConsole\RTOSDemo_Hardware_Platform\Debug\libRTOSDemo_Hardware_Platform.a(mss_i2c.o)
 .debug_line    0x0001180f      0x8bd C:\Users\S-SPACE\Desktop\Pratik\FreeRTOS\FreeRTOS_SC_v3.5\FSW_FreeRTOS\CORTEX_SmartFusion2_M2S050_SoftConsole\RTOSDemo_Hardware_Platform\Debug\libRTOSDemo_Hardware_Platform.a(core_i2c.o)
 .debug_line    0x000120cc      0x56f C:\Users\S-SPACE\Desktop\Pratik\FreeRTOS\FreeRTOS_SC_v3.5\FSW_FreeRTOS\CORTEX_SmartFusion2_M2S050_SoftConsole\RTOSDemo_Hardware_Platform\Debug\libRTOSDemo_Hardware_Platform.a(i2c_interrupt.o)
 .debug_line    0x0001263b      0x241 C:\Users\S-SPACE\Desktop\Pratik\FreeRTOS\FreeRTOS_SC_v3.5\FSW_FreeRTOS\CORTEX_SmartFusion2_M2S050_SoftConsole\RTOSDemo_Hardware_Platform\Debug\libRTOSDemo_Hardware_Platform.a(system_m2sxxx.o)

.debug_frame    0x00000000     0x2bb4
 *(.debug_frame)
 .debug_frame   0x00000000       0x44 ./RunTimeStatsTimer.o
 .debug_frame   0x00000044       0xac ./main.o
 .debug_frame   0x000000f0      0x134 ./printf-stdarg.o
 .debug_frame   0x00000224       0x4c ./stream/stream.o
 .debug_frame   0x00000270      0x170 ./pilot/get_data.o
 .debug_frame   0x000003e0       0x30 ./pilot/init.o
 .debug_frame   0x00000410       0x30 ./pilot/read.o
 .debug_frame   0x00000440       0x30 ./pilot/write.o
 .debug_frame   0x00000470       0x4c ./osal/osal.o
 .debug_frame   0x000004bc       0xf8 ./cmds/cmd.o
 .debug_frame   0x000005b4       0x9c ./FreeRTOS-Source/list.o
 .debug_frame   0x00000650      0x398 ./FreeRTOS-Source/queue.o
 .debug_frame   0x000009e8      0x724 ./FreeRTOS-Source/tasks.o
 .debug_frame   0x0000110c      0x2b8 ./FreeRTOS-Source/timers.o
 .debug_frame   0x000013c4       0xd0 ./FreeRTOS-Source/portable/MemMang/heap_4.o
 .debug_frame   0x00001494      0x140 ./FreeRTOS-Source/portable/GCC/ARM_CM3/port.o
 .debug_frame   0x000015d4      0x254 ./Demo_Tasks/demo_tasks.o
 .debug_frame   0x00001828       0x70 ./Blinky-Demo/main_blinky.o
 .debug_frame   0x00001898      0x21c C:/Users/S-SPACE/Desktop/Pratik/FreeRTOS/FreeRTOS_SC_v3.5/FSW_FreeRTOS/CORTEX_SmartFusion2_M2S050_SoftConsole/RTOSDemo_Hardware_Platform/Debug/CMSIS/startup_gcc/newlib_stubs.o
 .debug_frame   0x00001ab4      0x6b4 C:\Users\S-SPACE\Desktop\Pratik\FreeRTOS\FreeRTOS_SC_v3.5\FSW_FreeRTOS\CORTEX_SmartFusion2_M2S050_SoftConsole\RTOSDemo_Hardware_Platform\Debug\libRTOSDemo_Hardware_Platform.a(mss_uart.o)
 .debug_frame   0x00002168      0x404 C:\Users\S-SPACE\Desktop\Pratik\FreeRTOS\FreeRTOS_SC_v3.5\FSW_FreeRTOS\CORTEX_SmartFusion2_M2S050_SoftConsole\RTOSDemo_Hardware_Platform\Debug\libRTOSDemo_Hardware_Platform.a(mss_i2c.o)
 .debug_frame   0x0000256c      0x3e4 C:\Users\S-SPACE\Desktop\Pratik\FreeRTOS\FreeRTOS_SC_v3.5\FSW_FreeRTOS\CORTEX_SmartFusion2_M2S050_SoftConsole\RTOSDemo_Hardware_Platform\Debug\libRTOSDemo_Hardware_Platform.a(core_i2c.o)
 .debug_frame   0x00002950       0x88 C:\Users\S-SPACE\Desktop\Pratik\FreeRTOS\FreeRTOS_SC_v3.5\FSW_FreeRTOS\CORTEX_SmartFusion2_M2S050_SoftConsole\RTOSDemo_Hardware_Platform\Debug\libRTOSDemo_Hardware_Platform.a(i2c_interrupt.o)
 .debug_frame   0x000029d8       0xf4 C:\Users\S-SPACE\Desktop\Pratik\FreeRTOS\FreeRTOS_SC_v3.5\FSW_FreeRTOS\CORTEX_SmartFusion2_M2S050_SoftConsole\RTOSDemo_Hardware_Platform\Debug\libRTOSDemo_Hardware_Platform.a(system_m2sxxx.o)
 .debug_frame   0x00002acc       0x20 c:/program files (x86)/microsemi/softconsole v3.4/sourcery-g++/bin/../lib/gcc/arm-none-eabi/4.4.1/../../../../arm-none-eabi/lib/thumb2\libc.a(lib_a-errno.o)
 .debug_frame   0x00002aec       0x2c c:/program files (x86)/microsemi/softconsole v3.4/sourcery-g++/bin/../lib/gcc/arm-none-eabi/4.4.1/../../../../arm-none-eabi/lib/thumb2\libc.a(lib_a-init.o)
 .debug_frame   0x00002b18       0x34 c:/program files (x86)/microsemi/softconsole v3.4/sourcery-g++/bin/../lib/gcc/arm-none-eabi/4.4.1/../../../../arm-none-eabi/lib/thumb2\libc.a(lib_a-memcpy.o)
 .debug_frame   0x00002b4c       0x28 c:/program files (x86)/microsemi/softconsole v3.4/sourcery-g++/bin/../lib/gcc/arm-none-eabi/4.4.1/../../../../arm-none-eabi/lib/thumb2\libc.a(lib_a-memset.o)
 .debug_frame   0x00002b74       0x20 c:/program files (x86)/microsemi/softconsole v3.4/sourcery-g++/bin/../lib/gcc/arm-none-eabi/4.4.1/../../../../arm-none-eabi/lib/thumb2\libc.a(lib_a-strcpy.o)
 .debug_frame   0x00002b94       0x20 c:/program files (x86)/microsemi/softconsole v3.4/sourcery-g++/bin/../lib/gcc/arm-none-eabi/4.4.1/../../../../arm-none-eabi/lib/thumb2\libc.a(lib_a-strlen.o)

.debug_str      0x00000000     0x4ec5
 *(.debug_str)
 .debug_str     0x00000000      0x16b ./RunTimeStatsTimer.o
                                0x19f (size before relaxing)
 .debug_str     0x0000016b      0x2ba ./main.o
                                0x509 (size before relaxing)
 .debug_str     0x00000425       0x8c ./printf-stdarg.o
                                0x1c0 (size before relaxing)
 .debug_str     0x000004b1      0x729 ./stream/stream.o
                                0xc05 (size before relaxing)
 .debug_str     0x00000bda      0x441 ./pilot/get_data.o
                                0xe1c (size before relaxing)
 .debug_str     0x0000101b      0x132 ./pilot/init.o
                                0xea3 (size before relaxing)
 .debug_str     0x0000114d       0x73 ./pilot/peripherals.o
                                0x479 (size before relaxing)
 .debug_str     0x000011c0       0x11 ./pilot/pilot.o
                                 0x9a (size before relaxing)
 .debug_str     0x000011d1       0x1a ./pilot/pslv_interface.o
                                 0xa3 (size before relaxing)
 .debug_str     0x000011eb       0x1d ./pilot/read.o
                                0x6e9 (size before relaxing)
 .debug_str     0x00001208       0x1f ./pilot/write.o
                                0x69a (size before relaxing)
 .debug_str     0x00001227       0x46 ./osal/osal.o
                                0x16a (size before relaxing)
 .debug_str     0x0000126d       0x8b ./cmds/cmd.o
                                0x54c (size before relaxing)
 .debug_str     0x000012f8      0x143 ./FreeRTOS-Source/list.o
                                0x274 (size before relaxing)
 .debug_str     0x0000143b      0x51f ./FreeRTOS-Source/queue.o
                                0x75c (size before relaxing)
 .debug_str     0x0000195a      0xc52 ./FreeRTOS-Source/tasks.o
                                0xfa3 (size before relaxing)
 .debug_str     0x000025ac      0x4df ./FreeRTOS-Source/timers.o
                                0x768 (size before relaxing)
 .debug_str     0x00002a8b      0x1d7 ./FreeRTOS-Source/portable/MemMang/heap_4.o
                                0x334 (size before relaxing)
 .debug_str     0x00002c62      0x1e0 ./FreeRTOS-Source/portable/GCC/ARM_CM3/port.o
                                0x39d (size before relaxing)
 .debug_str     0x00002e42      0x4e4 ./Demo_Tasks/demo_tasks.o
                               0x16d2 (size before relaxing)
 .debug_str     0x00003326       0x7a ./Blinky-Demo/main_blinky.o
                                0x1e1 (size before relaxing)
 .debug_str     0x000033a0      0x271 C:/Users/S-SPACE/Desktop/Pratik/FreeRTOS/FreeRTOS_SC_v3.5/FSW_FreeRTOS/CORTEX_SmartFusion2_M2S050_SoftConsole/RTOSDemo_Hardware_Platform/Debug/CMSIS/startup_gcc/newlib_stubs.o
                                0x34f (size before relaxing)
 .debug_str     0x00003611     0x107a C:\Users\S-SPACE\Desktop\Pratik\FreeRTOS\FreeRTOS_SC_v3.5\FSW_FreeRTOS\CORTEX_SmartFusion2_M2S050_SoftConsole\RTOSDemo_Hardware_Platform\Debug\libRTOSDemo_Hardware_Platform.a(mss_uart.o)
                               0x19c8 (size before relaxing)
 .debug_str     0x0000468b      0x46b C:\Users\S-SPACE\Desktop\Pratik\FreeRTOS\FreeRTOS_SC_v3.5\FSW_FreeRTOS\CORTEX_SmartFusion2_M2S050_SoftConsole\RTOSDemo_Hardware_Platform\Debug\libRTOSDemo_Hardware_Platform.a(mss_i2c.o)
                               0x1744 (size before relaxing)
 .debug_str     0x00004af6      0x1e9 C:\Users\S-SPACE\Desktop\Pratik\FreeRTOS\FreeRTOS_SC_v3.5\FSW_FreeRTOS\CORTEX_SmartFusion2_M2S050_SoftConsole\RTOSDemo_Hardware_Platform\Debug\libRTOSDemo_Hardware_Platform.a(core_i2c.o)
                                0x96d (size before relaxing)
 .debug_str     0x00004cdf       0x42 C:\Users\S-SPACE\Desktop\Pratik\FreeRTOS\FreeRTOS_SC_v3.5\FSW_FreeRTOS\CORTEX_SmartFusion2_M2S050_SoftConsole\RTOSDemo_Hardware_Platform\Debug\libRTOSDemo_Hardware_Platform.a(i2c_interrupt.o)
                                0x9ef (size before relaxing)
 .debug_str     0x00004d21      0x1a4 C:\Users\S-SPACE\Desktop\Pratik\FreeRTOS\FreeRTOS_SC_v3.5\FSW_FreeRTOS\CORTEX_SmartFusion2_M2S050_SoftConsole\RTOSDemo_Hardware_Platform\Debug\libRTOSDemo_Hardware_Platform.a(system_m2sxxx.o)
                                0xa63 (size before relaxing)

.debug_loc      0x00000000     0x48fc
 *(.debug_loc)
 .debug_loc     0x00000000       0x62 ./RunTimeStatsTimer.o
 .debug_loc     0x00000062      0x11a ./main.o
 .debug_loc     0x0000017c      0x1df ./printf-stdarg.o
 .debug_loc     0x0000035b       0x6e ./stream/stream.o
 .debug_loc     0x000003c9      0x261 ./pilot/get_data.o
 .debug_loc     0x0000062a       0x37 ./pilot/init.o
 .debug_loc     0x00000661       0x37 ./pilot/read.o
 .debug_loc     0x00000698       0x37 ./pilot/write.o
 .debug_loc     0x000006cf       0x6e ./osal/osal.o
 .debug_loc     0x0000073d      0x1ac ./cmds/cmd.o
 .debug_loc     0x000008e9      0x113 ./FreeRTOS-Source/list.o
 .debug_loc     0x000009fc      0x645 ./FreeRTOS-Source/queue.o
 .debug_loc     0x00001041      0xc7f ./FreeRTOS-Source/tasks.o
 .debug_loc     0x00001cc0      0x4af ./FreeRTOS-Source/timers.o
 .debug_loc     0x0000216f      0x15d ./FreeRTOS-Source/portable/MemMang/heap_4.o
 .debug_loc     0x000022cc      0x1e3 ./FreeRTOS-Source/portable/GCC/ARM_CM3/port.o
 .debug_loc     0x000024af      0x3ce ./Demo_Tasks/demo_tasks.o
 .debug_loc     0x0000287d       0xa5 ./Blinky-Demo/main_blinky.o
 .debug_loc     0x00002922      0x3c6 C:/Users/S-SPACE/Desktop/Pratik/FreeRTOS/FreeRTOS_SC_v3.5/FSW_FreeRTOS/CORTEX_SmartFusion2_M2S050_SoftConsole/RTOSDemo_Hardware_Platform/Debug/CMSIS/startup_gcc/newlib_stubs.o
 .debug_loc     0x00002ce8      0xbb9 C:\Users\S-SPACE\Desktop\Pratik\FreeRTOS\FreeRTOS_SC_v3.5\FSW_FreeRTOS\CORTEX_SmartFusion2_M2S050_SoftConsole\RTOSDemo_Hardware_Platform\Debug\libRTOSDemo_Hardware_Platform.a(mss_uart.o)
 .debug_loc     0x000038a1      0x736 C:\Users\S-SPACE\Desktop\Pratik\FreeRTOS\FreeRTOS_SC_v3.5\FSW_FreeRTOS\CORTEX_SmartFusion2_M2S050_SoftConsole\RTOSDemo_Hardware_Platform\Debug\libRTOSDemo_Hardware_Platform.a(mss_i2c.o)
 .debug_loc     0x00003fd7      0x6a9 C:\Users\S-SPACE\Desktop\Pratik\FreeRTOS\FreeRTOS_SC_v3.5\FSW_FreeRTOS\CORTEX_SmartFusion2_M2S050_SoftConsole\RTOSDemo_Hardware_Platform\Debug\libRTOSDemo_Hardware_Platform.a(core_i2c.o)
 .debug_loc     0x00004680       0xdc C:\Users\S-SPACE\Desktop\Pratik\FreeRTOS\FreeRTOS_SC_v3.5\FSW_FreeRTOS\CORTEX_SmartFusion2_M2S050_SoftConsole\RTOSDemo_Hardware_Platform\Debug\libRTOSDemo_Hardware_Platform.a(i2c_interrupt.o)
 .debug_loc     0x0000475c      0x1a0 C:\Users\S-SPACE\Desktop\Pratik\FreeRTOS\FreeRTOS_SC_v3.5\FSW_FreeRTOS\CORTEX_SmartFusion2_M2S050_SoftConsole\RTOSDemo_Hardware_Platform\Debug\libRTOSDemo_Hardware_Platform.a(system_m2sxxx.o)

.debug_macinfo  0x00000000    0xd6542
 *(.debug_macinfo)
 .debug_macinfo
                0x00000000     0x4745 ./RunTimeStatsTimer.o
 .debug_macinfo
                0x00004745     0xed89 ./main.o
 .debug_macinfo
                0x000134ce     0x46e7 ./printf-stdarg.o
 .debug_macinfo
                0x00017bb5     0xd2c3 ./stream/stream.o
 .debug_macinfo
                0x00024e78     0x8d50 ./pilot/get_data.o
 .debug_macinfo
                0x0002dbc8     0x8d65 ./pilot/init.o
 .debug_macinfo
                0x0003692d     0x8bf7 ./pilot/peripherals.o
 .debug_macinfo
                0x0003f524      0xc81 ./pilot/pilot.o
 .debug_macinfo
                0x000401a5      0xc81 ./pilot/pslv_interface.o
 .debug_macinfo
                0x00040e26     0xca30 ./pilot/read.o
 .debug_macinfo
                0x0004d856     0x8c4f ./pilot/write.o
 .debug_macinfo
                0x000564a5     0x5348 ./osal/osal.o
 .debug_macinfo
                0x0005b7ed     0xd2b4 ./cmds/cmd.o
 .debug_macinfo
                0x00068aa1     0x699e ./FreeRTOS-Source/list.o
 .debug_macinfo
                0x0006f43f     0x7af7 ./FreeRTOS-Source/queue.o
 .debug_macinfo
                0x00076f36     0x8e0f ./FreeRTOS-Source/tasks.o
 .debug_macinfo
                0x0007fd45     0x8022 ./FreeRTOS-Source/timers.o
 .debug_macinfo
                0x00087d67     0x703b ./FreeRTOS-Source/portable/MemMang/heap_4.o
 .debug_macinfo
                0x0008eda2     0x589b ./FreeRTOS-Source/portable/GCC/ARM_CM3/port.o
 .debug_macinfo
                0x0009463d    0x107ff ./Demo_Tasks/demo_tasks.o
 .debug_macinfo
                0x000a4e3c     0x8a73 ./Blinky-Demo/main_blinky.o
 .debug_macinfo
                0x000ad8af     0x4bf0 C:/Users/S-SPACE/Desktop/Pratik/FreeRTOS/FreeRTOS_SC_v3.5/FSW_FreeRTOS/CORTEX_SmartFusion2_M2S050_SoftConsole/RTOSDemo_Hardware_Platform/Debug/CMSIS/startup_gcc/newlib_stubs.o
 .debug_macinfo
                0x000b249f     0x80de C:\Users\S-SPACE\Desktop\Pratik\FreeRTOS\FreeRTOS_SC_v3.5\FSW_FreeRTOS\CORTEX_SmartFusion2_M2S050_SoftConsole\RTOSDemo_Hardware_Platform\Debug\libRTOSDemo_Hardware_Platform.a(mss_uart.o)
 .debug_macinfo
                0x000ba57d     0x8ef1 C:\Users\S-SPACE\Desktop\Pratik\FreeRTOS\FreeRTOS_SC_v3.5\FSW_FreeRTOS\CORTEX_SmartFusion2_M2S050_SoftConsole\RTOSDemo_Hardware_Platform\Debug\libRTOSDemo_Hardware_Platform.a(mss_i2c.o)
 .debug_macinfo
                0x000c346e     0x44f1 C:\Users\S-SPACE\Desktop\Pratik\FreeRTOS\FreeRTOS_SC_v3.5\FSW_FreeRTOS\CORTEX_SmartFusion2_M2S050_SoftConsole\RTOSDemo_Hardware_Platform\Debug\libRTOSDemo_Hardware_Platform.a(core_i2c.o)
 .debug_macinfo
                0x000c795f     0x7939 C:\Users\S-SPACE\Desktop\Pratik\FreeRTOS\FreeRTOS_SC_v3.5\FSW_FreeRTOS\CORTEX_SmartFusion2_M2S050_SoftConsole\RTOSDemo_Hardware_Platform\Debug\libRTOSDemo_Hardware_Platform.a(i2c_interrupt.o)
 .debug_macinfo
                0x000cf298     0x72aa C:\Users\S-SPACE\Desktop\Pratik\FreeRTOS\FreeRTOS_SC_v3.5\FSW_FreeRTOS\CORTEX_SmartFusion2_M2S050_SoftConsole\RTOSDemo_Hardware_Platform\Debug\libRTOSDemo_Hardware_Platform.a(system_m2sxxx.o)

.debug_weaknames
 *(.debug_weaknames)

.debug_funcnames
 *(.debug_funcnames)

.debug_typenames
 *(.debug_typenames)

.debug_varnames
 *(.debug_varnames)

.note.gnu.arm.ident
 *(.note.gnu.arm.ident)

.ARM.attributes
                0x00000000       0x25
 *(.ARM.attributes)
 .ARM.attributes
                0x00000000       0x19 c:/program files (x86)/microsemi/softconsole v3.4/sourcery-g++/bin/../lib/gcc/arm-none-eabi/4.4.1/thumb2/crti.o
 .ARM.attributes
                0x00000019       0x29 c:/program files (x86)/microsemi/softconsole v3.4/sourcery-g++/bin/../lib/gcc/arm-none-eabi/4.4.1/thumb2/crtbegin.o
 .ARM.attributes
                0x00000042       0x31 ./RunTimeStatsTimer.o
 .ARM.attributes
                0x00000073       0x31 ./main.o
 .ARM.attributes
                0x000000a4       0x31 ./printf-stdarg.o
 .ARM.attributes
                0x000000d5       0x31 ./stream/stream.o
 .ARM.attributes
                0x00000106       0x31 ./pilot/get_data.o
 .ARM.attributes
                0x00000137       0x31 ./pilot/init.o
 .ARM.attributes
                0x00000168       0x31 ./pilot/peripherals.o
 .ARM.attributes
                0x00000199       0x31 ./pilot/pilot.o
 .ARM.attributes
                0x000001ca       0x31 ./pilot/pslv_interface.o
 .ARM.attributes
                0x000001fb       0x31 ./pilot/read.o
 .ARM.attributes
                0x0000022c       0x31 ./pilot/write.o
 .ARM.attributes
                0x0000025d       0x31 ./osal/osal.o
 .ARM.attributes
                0x0000028e       0x31 ./cmds/cmd.o
 .ARM.attributes
                0x000002bf       0x31 ./FreeRTOS-Source/list.o
 .ARM.attributes
                0x000002f0       0x31 ./FreeRTOS-Source/queue.o
 .ARM.attributes
                0x00000321       0x31 ./FreeRTOS-Source/tasks.o
 .ARM.attributes
                0x00000352       0x31 ./FreeRTOS-Source/timers.o
 .ARM.attributes
                0x00000383       0x31 ./FreeRTOS-Source/portable/MemMang/heap_4.o
 .ARM.attributes
                0x000003b4       0x31 ./FreeRTOS-Source/portable/GCC/ARM_CM3/port.o
 .ARM.attributes
                0x000003e5       0x31 ./Demo_Tasks/demo_tasks.o
 .ARM.attributes
                0x00000416       0x31 ./Blinky-Demo/main_blinky.o
 .ARM.attributes
                0x00000447       0x21 C:/Users/S-SPACE/Desktop/Pratik/FreeRTOS/FreeRTOS_SC_v3.5/FSW_FreeRTOS/CORTEX_SmartFusion2_M2S050_SoftConsole/RTOSDemo_Hardware_Platform/Debug/CMSIS/startup_gcc/startup_m2sxxx.o
 .ARM.attributes
                0x00000468       0x31 C:/Users/S-SPACE/Desktop/Pratik/FreeRTOS/FreeRTOS_SC_v3.5/FSW_FreeRTOS/CORTEX_SmartFusion2_M2S050_SoftConsole/RTOSDemo_Hardware_Platform/Debug/CMSIS/startup_gcc/newlib_stubs.o
 .ARM.attributes
                0x00000499       0x31 C:\Users\S-SPACE\Desktop\Pratik\FreeRTOS\FreeRTOS_SC_v3.5\FSW_FreeRTOS\CORTEX_SmartFusion2_M2S050_SoftConsole\RTOSDemo_Hardware_Platform\Debug\libRTOSDemo_Hardware_Platform.a(mss_uart.o)
 .ARM.attributes
                0x000004ca       0x31 C:\Users\S-SPACE\Desktop\Pratik\FreeRTOS\FreeRTOS_SC_v3.5\FSW_FreeRTOS\CORTEX_SmartFusion2_M2S050_SoftConsole\RTOSDemo_Hardware_Platform\Debug\libRTOSDemo_Hardware_Platform.a(mss_i2c.o)
 .ARM.attributes
                0x000004fb       0x31 C:\Users\S-SPACE\Desktop\Pratik\FreeRTOS\FreeRTOS_SC_v3.5\FSW_FreeRTOS\CORTEX_SmartFusion2_M2S050_SoftConsole\RTOSDemo_Hardware_Platform\Debug\libRTOSDemo_Hardware_Platform.a(core_i2c.o)
 .ARM.attributes
                0x0000052c       0x31 C:\Users\S-SPACE\Desktop\Pratik\FreeRTOS\FreeRTOS_SC_v3.5\FSW_FreeRTOS\CORTEX_SmartFusion2_M2S050_SoftConsole\RTOSDemo_Hardware_Platform\Debug\libRTOSDemo_Hardware_Platform.a(i2c_interrupt.o)
 .ARM.attributes
                0x0000055d       0x31 C:\Users\S-SPACE\Desktop\Pratik\FreeRTOS\FreeRTOS_SC_v3.5\FSW_FreeRTOS\CORTEX_SmartFusion2_M2S050_SoftConsole\RTOSDemo_Hardware_Platform\Debug\libRTOSDemo_Hardware_Platform.a(system_m2sxxx.o)
 .ARM.attributes
                0x0000058e       0x21 C:\Users\S-SPACE\Desktop\Pratik\FreeRTOS\FreeRTOS_SC_v3.5\FSW_FreeRTOS\CORTEX_SmartFusion2_M2S050_SoftConsole\RTOSDemo_Hardware_Platform\Debug\libRTOSDemo_Hardware_Platform.a(hal.o)
 .ARM.attributes
                0x000005af       0x21 C:\Users\S-SPACE\Desktop\Pratik\FreeRTOS\FreeRTOS_SC_v3.5\FSW_FreeRTOS\CORTEX_SmartFusion2_M2S050_SoftConsole\RTOSDemo_Hardware_Platform\Debug\libRTOSDemo_Hardware_Platform.a(hw_reg_access.o)
 .ARM.attributes
                0x000005d0       0x29 c:/program files (x86)/microsemi/softconsole v3.4/sourcery-g++/bin/../lib/gcc/arm-none-eabi/4.4.1/../../../../arm-none-eabi/lib/thumb2\libc.a(lib_a-errno.o)
 .ARM.attributes
                0x000005f9       0x29 c:/program files (x86)/microsemi/softconsole v3.4/sourcery-g++/bin/../lib/gcc/arm-none-eabi/4.4.1/../../../../arm-none-eabi/lib/thumb2\libc.a(lib_a-impure.o)
 .ARM.attributes
                0x00000622       0x29 c:/program files (x86)/microsemi/softconsole v3.4/sourcery-g++/bin/../lib/gcc/arm-none-eabi/4.4.1/../../../../arm-none-eabi/lib/thumb2\libc.a(lib_a-init.o)
 .ARM.attributes
                0x0000064b       0x29 c:/program files (x86)/microsemi/softconsole v3.4/sourcery-g++/bin/../lib/gcc/arm-none-eabi/4.4.1/../../../../arm-none-eabi/lib/thumb2\libc.a(lib_a-memcpy.o)
 .ARM.attributes
                0x00000674       0x29 c:/program files (x86)/microsemi/softconsole v3.4/sourcery-g++/bin/../lib/gcc/arm-none-eabi/4.4.1/../../../../arm-none-eabi/lib/thumb2\libc.a(lib_a-memset.o)
 .ARM.attributes
                0x0000069d       0x29 c:/program files (x86)/microsemi/softconsole v3.4/sourcery-g++/bin/../lib/gcc/arm-none-eabi/4.4.1/../../../../arm-none-eabi/lib/thumb2\libc.a(lib_a-strcpy.o)
 .ARM.attributes
                0x000006c6       0x29 c:/program files (x86)/microsemi/softconsole v3.4/sourcery-g++/bin/../lib/gcc/arm-none-eabi/4.4.1/../../../../arm-none-eabi/lib/thumb2\libc.a(lib_a-strlen.o)
 .ARM.attributes
                0x000006ef       0x29 c:/program files (x86)/microsemi/softconsole v3.4/sourcery-g++/bin/../lib/gcc/arm-none-eabi/4.4.1/thumb2/crtend.o
 .ARM.attributes
                0x00000718       0x19 c:/program files (x86)/microsemi/softconsole v3.4/sourcery-g++/bin/../lib/gcc/arm-none-eabi/4.4.1/thumb2/crtn.o

/DISCARD/
 *(.note.GNU-stack)
 *(.isr_vector)
OUTPUT(RTOSDemo elf32-littlearm)

.debug_ranges   0x00000000      0xca8
 .debug_ranges  0x00000000       0x20 ./RunTimeStatsTimer.o
 .debug_ranges  0x00000020       0x40 ./main.o
 .debug_ranges  0x00000060       0x50 ./printf-stdarg.o
 .debug_ranges  0x000000b0       0x20 ./stream/stream.o
 .debug_ranges  0x000000d0       0x68 ./pilot/get_data.o
 .debug_ranges  0x00000138       0x18 ./pilot/init.o
 .debug_ranges  0x00000150       0x18 ./pilot/read.o
 .debug_ranges  0x00000168       0x18 ./pilot/write.o
 .debug_ranges  0x00000180       0x20 ./osal/osal.o
 .debug_ranges  0x000001a0       0x50 ./cmds/cmd.o
 .debug_ranges  0x000001f0       0x38 ./FreeRTOS-Source/list.o
 .debug_ranges  0x00000228       0xf8 ./FreeRTOS-Source/queue.o
 .debug_ranges  0x00000320      0x200 ./FreeRTOS-Source/tasks.o
 .debug_ranges  0x00000520       0xc0 ./FreeRTOS-Source/timers.o
 .debug_ranges  0x000005e0       0x48 ./FreeRTOS-Source/portable/MemMang/heap_4.o
 .debug_ranges  0x00000628       0x70 ./FreeRTOS-Source/portable/GCC/ARM_CM3/port.o
 .debug_ranges  0x00000698       0xa8 ./Demo_Tasks/demo_tasks.o
 .debug_ranges  0x00000740       0x28 ./Blinky-Demo/main_blinky.o
 .debug_ranges  0x00000768       0xa0 C:/Users/S-SPACE/Desktop/Pratik/FreeRTOS/FreeRTOS_SC_v3.5/FSW_FreeRTOS/CORTEX_SmartFusion2_M2S050_SoftConsole/RTOSDemo_Hardware_Platform/Debug/CMSIS/startup_gcc/newlib_stubs.o
 .debug_ranges  0x00000808      0x1c8 C:\Users\S-SPACE\Desktop\Pratik\FreeRTOS\FreeRTOS_SC_v3.5\FSW_FreeRTOS\CORTEX_SmartFusion2_M2S050_SoftConsole\RTOSDemo_Hardware_Platform\Debug\libRTOSDemo_Hardware_Platform.a(mss_uart.o)
 .debug_ranges  0x000009d0      0x138 C:\Users\S-SPACE\Desktop\Pratik\FreeRTOS\FreeRTOS_SC_v3.5\FSW_FreeRTOS\CORTEX_SmartFusion2_M2S050_SoftConsole\RTOSDemo_Hardware_Platform\Debug\libRTOSDemo_Hardware_Platform.a(mss_i2c.o)
 .debug_ranges  0x00000b08      0x120 C:\Users\S-SPACE\Desktop\Pratik\FreeRTOS\FreeRTOS_SC_v3.5\FSW_FreeRTOS\CORTEX_SmartFusion2_M2S050_SoftConsole\RTOSDemo_Hardware_Platform\Debug\libRTOSDemo_Hardware_Platform.a(core_i2c.o)
 .debug_ranges  0x00000c28       0x30 C:\Users\S-SPACE\Desktop\Pratik\FreeRTOS\FreeRTOS_SC_v3.5\FSW_FreeRTOS\CORTEX_SmartFusion2_M2S050_SoftConsole\RTOSDemo_Hardware_Platform\Debug\libRTOSDemo_Hardware_Platform.a(i2c_interrupt.o)
 .debug_ranges  0x00000c58       0x50 C:\Users\S-SPACE\Desktop\Pratik\FreeRTOS\FreeRTOS_SC_v3.5\FSW_FreeRTOS\CORTEX_SmartFusion2_M2S050_SoftConsole\RTOSDemo_Hardware_Platform\Debug\libRTOSDemo_Hardware_Platform.a(system_m2sxxx.o)